[INFO] [launch]: All log files can be found below /root/.ros/log/2026-07-27-06-33-56-940030-DESKTOP-Kilogram-1119
[INFO] [launch]: Default logging verbosity is set to INFO
[INFO] [telemetry_node-1]: process started with pid [1147]
[INFO] [offboard_node-2]: process started with pid [1149]
[offboard_node-2] [INFO] [1785101638.278019859] [offboard_node]: ARM 요청
[telemetry_node-1] [INFO] [1785101640.103189803] [telemetry_node]: pos_ned=[-0.00983782  0.00048566 -0.03888826]  yaw=1.677  armed=False  vtol=3  batt=0.00V/100%
[offboard_node-2] [INFO] [1785101640.280601629] [offboard_node]: CommandTOL 이륙 요청 alt=50.0m AMSL (지면 0.0+50.0) -> CLIMBING
[telemetry_node-1] [INFO] [1785101642.049846510] [telemetry_node]: pos_ned=[ 0.03043041  0.00231418 -0.03733362]  yaw=1.682  armed=True  vtol=3  batt=16.15V/99%
[telemetry_node-1] [INFO] [1785101644.048610376] [telemetry_node]: pos_ned=[ 0.026124   -0.01074981  0.06362326]  yaw=1.681  armed=True  vtol=3  batt=16.09V/96%
[telemetry_node-1] [INFO] [1785101646.050447160] [telemetry_node]: pos_ned=[ 0.03974758 -0.03597285  2.31049442]  yaw=1.679  armed=True  vtol=3  batt=16.03V/92%
[telemetry_node-1] [INFO] [1785101648.048771202] [telemetry_node]: pos_ned=[ 0.05647224 -0.0197455   5.11223364]  yaw=1.680  armed=True  vtol=3  batt=15.97V/89%
[telemetry_node-1] [INFO] [1785101650.050921505] [telemetry_node]: pos_ned=[ 0.08368384 -0.01751935  8.00646877]  yaw=1.672  armed=True  vtol=3  batt=15.91V/86%
[telemetry_node-1] [INFO] [1785101652.051724514] [telemetry_node]: pos_ned=[ 0.06452728 -0.02884999 10.98888969]  yaw=1.672  armed=True  vtol=3  batt=15.85V/82%
[telemetry_node-1] [INFO] [1785101654.048909932] [telemetry_node]: pos_ned=[ 0.04391604 -0.01997142 16.52037239]  yaw=1.674  armed=True  vtol=3  batt=15.79V/79%
[telemetry_node-1] [INFO] [1785101656.049597388] [telemetry_node]: pos_ned=[ 0.02742115 -0.0359741  22.19260788]  yaw=1.674  armed=True  vtol=3  batt=15.73V/76%
[telemetry_node-1] [INFO] [1785101658.049109604] [telemetry_node]: pos_ned=[ 4.98792483e-03 -4.21349145e-03  2.78598499e+01]  yaw=1.674  armed=True  vtol=3  batt=15.67V/72%
[telemetry_node-1] [INFO] [1785101660.049729458] [telemetry_node]: pos_ned=[ 3.05472966e-02 -2.45838538e-02  3.35382957e+01]  yaw=1.671  armed=True  vtol=3  batt=15.61V/69%
[telemetry_node-1] [INFO] [1785101662.048391898] [telemetry_node]: pos_ned=[ 3.58950906e-02 -4.81713749e-02  3.93421021e+01]  yaw=1.669  armed=True  vtol=3  batt=15.55V/66%
[telemetry_node-1] [INFO] [1785101664.049075836] [telemetry_node]: pos_ned=[ 9.03044827e-03 -2.62173656e-02  4.48121071e+01]  yaw=1.670  armed=True  vtol=3  batt=15.49V/62%
[telemetry_node-1] [INFO] [1785101666.048023071] [telemetry_node]: pos_ned=[ 1.97376888e-02 -6.51613846e-02  4.78287506e+01]  yaw=1.662  armed=True  vtol=3  batt=15.43V/59%
[telemetry_node-1] [INFO] [1785101668.048257805] [telemetry_node]: pos_ned=[ 9.47939698e-03 -5.20086847e-02  4.90719070e+01]  yaw=1.665  armed=True  vtol=3  batt=15.37V/56%
[offboard_node-2] [INFO] [1785101669.679180164] [offboard_node]: 운용 고도 50.0m 도달 → transition_fw
[telemetry_node-1] [INFO] [1785101670.049043758] [telemetry_node]: pos_ned=[ 2.00095028e-02 -4.64658812e-02  4.95689850e+01]  yaw=1.666  armed=True  vtol=3  batt=15.31V/52%
[offboard_node-2] [INFO] [1785101671.679743360] [offboard_node]: 천이 전 MC OFFBOARD 요청 (헤딩 정렬 대기)
[telemetry_node-1] [INFO] [1785101672.387021627] [telemetry_node]: pos_ned=[ 4.16398374e-03 -1.13010881e-02  4.97330856e+01]  yaw=1.663  armed=True  vtol=3  batt=15.30V/50%
[telemetry_node-1] [INFO] [1785101674.048712167] [telemetry_node]: pos_ned=[ 3.45099438e-03 -2.82365084e-02  4.95654488e+01]  yaw=1.346  armed=True  vtol=3  batt=15.30V/50%
[telemetry_node-1] [INFO] [1785101676.048587874] [telemetry_node]: pos_ned=[-1.85630023e-02 -7.17405183e-03  4.93109093e+01]  yaw=0.648  armed=True  vtol=3  batt=15.30V/50%
[telemetry_node-1] [INFO] [1785101678.048375597] [telemetry_node]: pos_ned=[-8.83242041e-02 -1.82270643e-03  4.91121483e+01]  yaw=0.338  armed=True  vtol=3  batt=15.30V/50%
[telemetry_node-1] [INFO] [1785101680.048195677] [telemetry_node]: pos_ned=[-1.15726978e-01  1.47368424e-02  4.89369278e+01]  yaw=0.186  armed=True  vtol=3  batt=15.30V/50%
[telemetry_node-1] [INFO] [1785101682.049738891] [telemetry_node]: pos_ned=[-6.07842244e-02  7.61770317e-03  4.87694130e+01]  yaw=0.104  armed=True  vtol=3  batt=15.30V/50%
[telemetry_node-1] [INFO] [1785101684.048149133] [telemetry_node]: pos_ned=[-3.17038619e-03  1.21038342e-02  4.85743484e+01]  yaw=0.058  armed=True  vtol=3  batt=15.30V/50%
[telemetry_node-1] [INFO] [1785101686.048309790] [telemetry_node]: pos_ned=[3.54852714e-02 4.79180664e-02 4.83711662e+01]  yaw=0.042  armed=True  vtol=3  batt=15.30V/50%
[offboard_node-2] [INFO] [1785101686.578844100] [offboard_node]: 헤딩 정렬 완료 target=0.0° current=2.4° err=-2.4° (20틱 안정) → 전진 + 천이 명령
[offboard_node-2] [INFO] [1785101686.579969862] [offboard_node]: MC→FW 천이 명령 요청 (위치 setpoint 직선 천이)
[offboard_node-2] [WARN] [1785101687.079761233] [offboard_node]: 천이 중 OFFBOARD 이탈 → 재요청 (mode=AUTO.LOITER)
[offboard_node-2] [WARN] [1785101687.179512178] [offboard_node]: 천이 중 OFFBOARD 이탈 → 재요청 (mode=AUTO.LOITER)
[offboard_node-2] [WARN] [1785101687.279013246] [offboard_node]: 천이 중 OFFBOARD 이탈 → 재요청 (mode=AUTO.LOITER)
[offboard_node-2] [WARN] [1785101687.379252469] [offboard_node]: 천이 중 OFFBOARD 이탈 → 재요청 (mode=AUTO.LOITER)
[offboard_node-2] [WARN] [1785101687.479480776] [offboard_node]: 천이 중 OFFBOARD 이탈 → 재요청 (mode=AUTO.LOITER)
[offboard_node-2] [WARN] [1785101687.579430688] [offboard_node]: 천이 중 OFFBOARD 이탈 → 재요청 (mode=AUTO.LOITER)
[offboard_node-2] [WARN] [1785101687.680667713] [offboard_node]: 천이 중 OFFBOARD 이탈 → 재요청 (mode=AUTO.LOITER)
[offboard_node-2] [WARN] [1785101687.779864782] [offboard_node]: 천이 중 OFFBOARD 이탈 → 재요청 (mode=AUTO.LOITER)
[offboard_node-2] [WARN] [1785101687.880667186] [offboard_node]: 천이 중 OFFBOARD 이탈 → 재요청 (mode=AUTO.LOITER)
[offboard_node-2] [WARN] [1785101687.979718973] [offboard_node]: 천이 중 OFFBOARD 이탈 → 재요청 (mode=AUTO.LOITER)
[telemetry_node-1] [INFO] [1785101688.048220168] [telemetry_node]: pos_ned=[ 0.94098818  0.06162242 48.43945312]  yaw=0.039  armed=True  vtol=1  batt=15.30V/50%
[offboard_node-2] [WARN] [1785101688.079923053] [offboard_node]: 천이 중 OFFBOARD 이탈 → 재요청 (mode=AUTO.LOITER)
[offboard_node-2] [INFO] [1785101689.379330762] [offboard_node]: FW 전환 완료 -> STREAMING
[offboard_node-2] [INFO] [1785101689.489658140] [offboard_node]: OFFBOARD 확인 → FOLLOWING
[offboard_node-2] [INFO] [1785101689.603463267] [offboard_node]: FOLLOWING 시작 pos=[15.0,-0.6] tgt=[85.0,0.0] cte=-0.6m mode=OFFBOARD
[telemetry_node-1] [INFO] [1785101690.049034963] [telemetry_node]: pos_ned=[23.62442589 -1.00506186 47.89986038]  yaw=-0.030  armed=True  vtol=4  batt=15.30V/50%
[offboard_node-2] [INFO] [1785101691.494888564] [offboard_node]: FOLLOWING tick=20 mode=OFFBOARD cte=-1.0m pos=[46.1,-1.0] tgt=[116.1,0.0]
[telemetry_node-1] [INFO] [1785101692.049101863] [telemetry_node]: pos_ned=[54.0834198  -0.83581603 51.25651169]  yaw=-0.011  armed=True  vtol=4  batt=15.30V/50%
[offboard_node-2] [INFO] [1785101693.496037769] [offboard_node]: FOLLOWING tick=40 mode=OFFBOARD cte=-0.5m pos=[75.6,-0.5] tgt=[145.6,0.0]
[telemetry_node-1] [INFO] [1785101694.049546133] [telemetry_node]: pos_ned=[84.00189972 -0.31297868 47.86091995]  yaw=0.007  armed=True  vtol=4  batt=15.30V/50%
[offboard_node-2] [INFO] [1785101695.500915643] [offboard_node]: FOLLOWING tick=60 mode=OFFBOARD cte=-0.1m pos=[105.4,-0.1] tgt=[175.4,0.0]
[telemetry_node-1] [INFO] [1785101696.048966372] [telemetry_node]: pos_ned=[1.13784531e+02 3.43401008e-03 4.87536774e+01]  yaw=0.029  armed=True  vtol=4  batt=15.30V/50%
[offboard_node-2] [INFO] [1785101697.499084130] [offboard_node]: FOLLOWING tick=80 mode=OFFBOARD cte=0.2m pos=[133.7,0.2] tgt=[203.7,0.0]
[telemetry_node-1] [INFO] [1785101698.049745207] [telemetry_node]: pos_ned=[142.03720093   0.27766609  48.41903305]  yaw=0.023  armed=True  vtol=4  batt=15.30V/50%
[offboard_node-2] [INFO] [1785101699.504147550] [offboard_node]: FOLLOWING tick=100 mode=OFFBOARD cte=0.3m pos=[162.6,0.3] tgt=[232.6,0.0]
[telemetry_node-1] [INFO] [1785101700.049195339] [telemetry_node]: pos_ned=[170.65818787   0.34254229  48.84384918]  yaw=-0.008  armed=True  vtol=4  batt=15.30V/50%
[offboard_node-2] [INFO] [1785101701.496114207] [offboard_node]: FOLLOWING tick=120 mode=OFFBOARD cte=0.3m pos=[190.5,0.3] tgt=[260.5,0.0]
[telemetry_node-1] [INFO] [1785101702.050769621] [telemetry_node]: pos_ned=[198.84814453   0.31137928  48.99436188]  yaw=-0.032  armed=True  vtol=4  batt=15.30V/50%
[offboard_node-2] [INFO] [1785101703.493746198] [offboard_node]: FOLLOWING tick=140 mode=OFFBOARD cte=0.2m pos=[218.2,0.2] tgt=[288.2,0.0]
[telemetry_node-1] [INFO] [1785101704.049039691] [telemetry_node]: pos_ned=[2.26050766e+02 1.72817931e-01 4.91647987e+01]  yaw=-0.027  armed=True  vtol=4  batt=15.30V/50%
[offboard_node-2] [INFO] [1785101706.001529855] [offboard_node]: FOLLOWING tick=160 mode=OFFBOARD cte=0.1m pos=[245.2,0.1] tgt=[300.0,0.0]
[telemetry_node-1] [INFO] [1785101706.049825871] [telemetry_node]: pos_ned=[2.46077469e+02 6.96139261e-02 4.92269402e+01]  yaw=-0.012  armed=True  vtol=4  batt=15.30V/50%
[offboard_node-2] [INFO] [1785101708.001642654] [offboard_node]: FOLLOWING tick=180 mode=OFFBOARD cte=0.0m pos=[271.8,0.0] tgt=[300.0,0.0]
[telemetry_node-1] [INFO] [1785101708.048589500] [telemetry_node]: pos_ned=[2.72764038e+02 3.40144262e-02 4.92888145e+01]  yaw=0.006  armed=True  vtol=4  batt=15.30V/50%
[offboard_node-2] [INFO] [1785101709.402727878] [offboard_node]: 경로 추종 완료 -> transition_mc
[offboard_node-2] [INFO] [1785101709.480679250] [offboard_node]: FW->MC 역천이 명령 요청
[telemetry_node-1] [INFO] [1785101710.049188915] [telemetry_node]: pos_ned=[2.99846680e+02 5.03424518e-02 4.93324356e+01]  yaw=0.008  armed=True  vtol=2  batt=15.30V/50%
[telemetry_node-1] [INFO] [1785101712.049124894] [telemetry_node]: pos_ned=[3.21876343e+02 2.39296053e-02 4.98857079e+01]  yaw=0.005  armed=True  vtol=2  batt=15.30V/50%
[telemetry_node-1] [INFO] [1785101714.048595003] [telemetry_node]: pos_ned=[3.36488190e+02 9.44210887e-02 5.02211266e+01]  yaw=0.014  armed=True  vtol=2  batt=15.30V/50%
[offboard_node-2] [INFO] [1785101714.479546916] [offboard_node]: MC 전환 완료 -> HOLD (WP1 복귀)
[telemetry_node-1] [INFO] [1785101716.048528932] [telemetry_node]: pos_ned=[3.39405609e+02 3.27965647e-01 4.98092194e+01]  yaw=0.012  armed=True  vtol=3  batt=15.30V/50%
[offboard_node-2] [INFO] [1785101716.479420069] [offboard_node]: WP1 홀드 dist=35.8m speed=8.8m/s stable=0/10
[telemetry_node-1] [INFO] [1785101718.048539108] [telemetry_node]: pos_ned=[3.24034454e+02 2.28028700e-01 4.98046303e+01]  yaw=0.028  armed=True  vtol=3  batt=15.30V/50%
[offboard_node-2] [INFO] [1785101718.479448950] [offboard_node]: WP1 홀드 dist=20.7m speed=8.1m/s stable=0/10
[telemetry_node-1] [INFO] [1785101720.048955990] [telemetry_node]: pos_ned=[3.08318573e+02 5.45470864e-02 4.98277512e+01]  yaw=0.029  armed=True  vtol=3  batt=15.30V/50%
[offboard_node-2] [INFO] [1785101720.479979760] [offboard_node]: WP1 홀드 dist=5.4m speed=6.6m/s stable=0/10
[telemetry_node-1] [INFO] [1785101722.049295081] [telemetry_node]: pos_ned=[ 3.00699524e+02 -1.07225202e-01  5.00574951e+01]  yaw=0.020  armed=True  vtol=3  batt=15.30V/50%
[offboard_node-2] [INFO] [1785101722.479395651] [offboard_node]: WP1 홀드 dist=0.5m speed=0.1m/s stable=8/10
[offboard_node-2] [INFO] [1785101722.579474856] [offboard_node]: WP1 도달·안정 → LANDING (dist=0.5m speed=0.1m/s)
[offboard_node-2] [INFO] [1785101722.680127810] [offboard_node]: AUTO.LAND 요청
[telemetry_node-1] [INFO] [1785101724.049407444] [telemetry_node]: pos_ned=[ 3.00580597e+02 -1.85780451e-02  4.95966988e+01]  yaw=0.018  armed=True  vtol=3  batt=15.30V/50%
[telemetry_node-1] [INFO] [1785101726.048517145] [telemetry_node]: pos_ned=[ 3.00580597e+02 -1.85780451e-02  4.95966988e+01]  yaw=0.018  armed=True  vtol=3  batt=15.30V/50%
[telemetry_node-1] [INFO] [1785101728.048366521] [telemetry_node]: pos_ned=[ 3.00580597e+02 -1.85780451e-02  4.95966988e+01]  yaw=0.018  armed=True  vtol=3  batt=15.30V/50%
[telemetry_node-1] [INFO] [1785101730.048187756] [telemetry_node]: pos_ned=[ 3.00580597e+02 -1.85780451e-02  4.95966988e+01]  yaw=0.018  armed=True  vtol=3  batt=15.30V/50%
[telemetry_node-1] [INFO] [1785101732.048009986] [telemetry_node]: pos_ned=[ 3.00580597e+02 -1.85780451e-02  4.95966988e+01]  yaw=0.018  armed=True  vtol=3  batt=15.30V/50%
[offboard_node-2] [INFO] [1785101732.778947734] [offboard_node]: 착륙 완료 (disarmed) -> DONE
[telemetry_node-1] [INFO] [1785101734.048098752] [telemetry_node]: pos_ned=[ 3.00580597e+02 -1.85780451e-02  4.95966988e+01]  yaw=0.018  armed=False  vtol=3  batt=15.30V/50%
[telemetry_node-1] [INFO] [1785101736.048175984] [telemetry_node]: pos_ned=[ 3.00580597e+02 -1.85780451e-02  4.95966988e+01]  yaw=0.018  armed=False  vtol=3  batt=15.30V/50%
[telemetry_node-1] [INFO] [1785101738.581157134] [telemetry_node]: pos_ned=[ 3.00580597e+02 -1.85780451e-02  4.95966988e+01]  yaw=0.018  armed=False  vtol=3  batt=15.30V/50%
[WARNING] [launch]: user interrupted with ctrl-c (SIGINT)
[INFO] [offboard_node-2]: sending signal 'SIGINT' to process[offboard_node-2]
[INFO] [telemetry_node-1]: sending signal 'SIGINT' to process[telemetry_node-1]
[offboard_node-2] Traceback (most recent call last):
[offboard_node-2]   File "/root/drone_ws/install/fc_ros/lib/python3.10/site-packages/fc_ros/nodes/offboard_node.py", line 1204, in main
[offboard_node-2]     rclpy.spin(node)
[offboard_node-2]   File "/opt/ros/humble/local/lib/python3.10/dist-packages/rclpy/__init__.py", line 229, in spin
[offboard_node-2]     executor.spin_once()
[offboard_node-2]   File "/opt/ros/humble/local/lib/python3.10/dist-packages/rclpy/executors.py", line 808, in spin_once
[telemetry_node-1] Traceback (most recent call last):
[telemetry_node-1]   File "/root/drone_ws/install/fc_ros/lib/python3.10/site-packages/fc_ros/nodes/telemetry_node.py", line 109, in main
[telemetry_node-1]     rclpy.spin(node)
[telemetry_node-1]   File "/opt/ros/humble/local/lib/python3.10/dist-packages/rclpy/__init__.py", line 229, in spin
[telemetry_node-1]     executor.spin_once()
[telemetry_node-1]   File "/opt/ros/humble/local/lib/python3.10/dist-packages/rclpy/executors.py", line 808, in spin_once
[offboard_node-2]     self._spin_once_impl(timeout_sec)
[offboard_node-2]   File "/opt/ros/humble/local/lib/python3.10/dist-packages/rclpy/executors.py", line 797, in _spin_once_impl
[offboard_node-2]     handler, entity, node = self.wait_for_ready_callbacks(timeout_sec=timeout_sec)
[offboard_node-2]   File "/opt/ros/humble/local/lib/python3.10/dist-packages/rclpy/executors.py", line 780, in wait_for_ready_callbacks
[offboard_node-2]     return next(self._cb_iter)
[offboard_node-2]   File "/opt/ros/humble/local/lib/python3.10/dist-packages/rclpy/executors.py", line 677, in _wait_for_ready_callbacks
[offboard_node-2]     wait_set.wait(timeout_nsec)
[offboard_node-2] KeyboardInterrupt
[offboard_node-2] 
[offboard_node-2] During handling of the above exception, another exception occurred:
[offboard_node-2] 
[offboard_node-2] Traceback (most recent call last):
[offboard_node-2]   File "/root/drone_ws/install/fc_ros/lib/fc_ros/offboard_node", line 33, in <module>
[offboard_node-2]     sys.exit(load_entry_point('fc-ros==0.1.0', 'console_scripts', 'offboard_node')())
[offboard_node-2]   File "/root/drone_ws/install/fc_ros/lib/python3.10/site-packages/fc_ros/nodes/offboard_node.py", line 1206, in main
[telemetry_node-1]     self._spin_once_impl(timeout_sec)
[telemetry_node-1]   File "/opt/ros/humble/local/lib/python3.10/dist-packages/rclpy/executors.py", line 797, in _spin_once_impl
[telemetry_node-1]     handler, entity, node = self.wait_for_ready_callbacks(timeout_sec=timeout_sec)
[telemetry_node-1]   File "/opt/ros/humble/local/lib/python3.10/dist-packages/rclpy/executors.py", line 780, in wait_for_ready_callbacks
[telemetry_node-1]     return next(self._cb_iter)
[telemetry_node-1]   File "/opt/ros/humble/local/lib/python3.10/dist-packages/rclpy/executors.py", line 677, in _wait_for_ready_callbacks
[telemetry_node-1]     wait_set.wait(timeout_nsec)
[telemetry_node-1] KeyboardInterrupt
[telemetry_node-1] 
[telemetry_node-1] During handling of the above exception, another exception occurred:
[telemetry_node-1] 
[telemetry_node-1] Traceback (most recent call last):
[telemetry_node-1]   File "/root/drone_ws/install/fc_ros/lib/fc_ros/telemetry_node", line 33, in <module>
[telemetry_node-1]     sys.exit(load_entry_point('fc-ros==0.1.0', 'console_scripts', 'telemetry_node')())
[telemetry_node-1]   File "/root/drone_ws/install/fc_ros/lib/python3.10/site-packages/fc_ros/nodes/telemetry_node.py", line 111, in main
[telemetry_node-1]     node.destroy_node()
[telemetry_node-1]   File "/opt/ros/humble/local/lib/python3.10/dist-packages/rclpy/node.py", line 1691, in destroy_node
[telemetry_node-1]     self.destroy_service(self._services[0])
[telemetry_node-1]   File "/opt/ros/humble/local/lib/python3.10/dist-packages/rclpy/node.py", line 1615, in destroy_service
[offboard_node-2]     node.destroy_node()
[offboard_node-2]   File "/opt/ros/humble/local/lib/python3.10/dist-packages/rclpy/node.py", line 1687, in destroy_node
[telemetry_node-1]     service.destroy()
[telemetry_node-1]   File "/opt/ros/humble/local/lib/python3.10/dist-packages/rclpy/service.py", line 93, in destroy
[offboard_node-2]     self.destroy_subscription(self._subscriptions[0])
[offboard_node-2]   File "/opt/ros/humble/local/lib/python3.10/dist-packages/rclpy/node.py", line 1583, in destroy_subscription
[offboard_node-2]     subscription.destroy()
[offboard_node-2]   File "/opt/ros/humble/local/lib/python3.10/dist-packages/rclpy/subscription.py", line 80, in destroy
[offboard_node-2]     self.handle.destroy_when_not_in_use()
[offboard_node-2] KeyboardInterrupt
[telemetry_node-1]     self.__service.destroy_when_not_in_use()
[telemetry_node-1] KeyboardInterrupt
[ERROR] [telemetry_node-1]: process has died [pid 1147, exit code -2, cmd '/root/drone_ws/install/fc_ros/lib/fc_ros/telemetry_node --ros-args -r __node:=telemetry_node'].
[ERROR] [offboard_node-2]: process has died [pid 1149, exit code -2, cmd '/root/drone_ws/install/fc_ros/lib/fc_ros/offboard_node --ros-args -r __node:=offboard_node --params-file /root/drone_ws/install/fc_ros/share/fc_ros/params/fc_ros_params.yaml --params-file /tmp/launch_params_t6i0x0_t'].
