[INFO] [launch]: All log files can be found below /root/.ros/log/2026-07-27-06-39-38-538074-DESKTOP-Kilogram-693
[INFO] [launch]: Default logging verbosity is set to INFO
[INFO] [mavros_node-1]: process started with pid [742]
[mavros_node-1] [INFO] [1785101978.741991847] [mavros.mavros_node]: Starting mavros_node container
[mavros_node-1] [INFO] [1785101978.742825916] [mavros.mavros_node]: FCU URL: udp://:14540@localhost:14580
[mavros_node-1] [INFO] [1785101978.743212052] [mavros.mavros_node]: GCS URL: 
[mavros_node-1] [INFO] [1785101978.743470018] [mavros.mavros_node]: UAS Prefix: /uas1
[mavros_node-1] [INFO] [1785101978.743690926] [mavros.mavros_node]: Starting mavros router node
[mavros_node-1] [INFO] [1785101978.751813399] [mavros.mavros_router]: Built-in SIMD instructions: SSE, SSE2
[mavros_node-1] [INFO] [1785101978.752389716] [mavros.mavros_router]: Built-in MAVLink package version: 2026.6.6
[mavros_node-1] [INFO] [1785101978.752771873] [mavros.mavros_router]: Known MAVLink dialects: common ardupilotmega ASLUAV AVSSUAS all csAirLink cubepilot development icarous loweheiser marsh matrixpilot paparazzi standard stemstudios storm32 uAvionix ualberta
[mavros_node-1] [INFO] [1785101978.753027256] [mavros.mavros_router]: MAVROS Router started
[mavros_node-1] [INFO] [1785101978.753305990] [mavros.mavros_node]: Starting mavros uas node
[mavros_node-1] [INFO] [1785101978.790685151] [mavros.mavros_router]: Requested to add endpoint: type: 0, url: udp://:14540@localhost:14580
[mavros_node-1] [INFO] [1785101978.791844419] [mavros.mavros_router]: Endpoint link[1000] created
[mavros_node-1] [INFO] [1785101978.792957718] [mavros.mavros_router]: link[1000] opened successfully
[mavros_node-1] [INFO] [1785101978.793367782] [mavros.mavros_router]: Requested to add endpoint: type: 2, url: /uas1
[mavros_node-1] [INFO] [1785101978.793682114] [mavros.mavros_router]: Endpoint link[1001] created
[mavros_node-1] [INFO] [1785101978.796080747] [mavros.mavros_router]: link[1001] opened successfully
[mavros_node-1] [INFO] [1785101978.800757555] [mavros.mavros]: UAS Executor started, threads: 8
[mavros_node-1] [INFO] [1785101978.821475518] [mavros.mavros]: Plugin actuator_control created
[mavros_node-1] [INFO] [1785101978.821561403] [mavros.mavros]: Plugin actuator_control initialized
[mavros_node-1] [INFO] [1785101978.842628376] [mavros.mavros]: Plugin adsb created
[mavros_node-1] [INFO] [1785101978.842707722] [mavros.mavros]: Plugin adsb initialized
[mavros_node-1] [INFO] [1785101978.850919322] [mavros.mavros]: Plugin altitude created
[mavros_node-1] [INFO] [1785101978.851017655] [mavros.mavros]: Plugin altitude initialized
[mavros_node-1] [INFO] [1785101978.862618335] [mavros.mavros]: Plugin cam_imu_sync created
[mavros_node-1] [INFO] [1785101978.862727535] [mavros.mavros]: Plugin cam_imu_sync initialized
[mavros_node-1] [INFO] [1785101978.875571776] [mavros.mavros]: Plugin camera created
[mavros_node-1] [INFO] [1785101978.875712412] [mavros.mavros]: Plugin camera initialized
[mavros_node-1] [INFO] [1785101978.889815635] [mavros.mavros]: Plugin cellular_status created
[mavros_node-1] [INFO] [1785101978.889915917] [mavros.mavros]: Plugin cellular_status initialized
[mavros_node-1] [INFO] [1785101978.905857174] [mavros.mavros]: Plugin command created
[mavros_node-1] [INFO] [1785101978.905947557] [mavros.mavros]: Plugin command initialized
[mavros_node-1] [INFO] [1785101978.915020218] [mavros.mavros]: Plugin companion_process_status created
[mavros_node-1] [INFO] [1785101978.915111754] [mavros.mavros]: Plugin companion_process_status initialized
[mavros_node-1] [INFO] [1785101978.930289776] [mavros.mavros]: Plugin debug_value created
[mavros_node-1] [INFO] [1785101978.930424418] [mavros.mavros]: Plugin debug_value initialized
[mavros_node-1] [INFO] [1785101978.930445198] [mavros.mavros]: Plugin distance_sensor ignored
[mavros_node-1] [INFO] [1785101978.944424857] [mavros.mavros]: Plugin esc_status created
[mavros_node-1] [INFO] [1785101978.944530841] [mavros.mavros]: Plugin esc_status initialized
[mavros_node-1] [INFO] [1785101978.954065467] [mavros.mavros]: Plugin esc_telemetry created
[mavros_node-1] [INFO] [1785101978.954212136] [mavros.mavros]: Plugin esc_telemetry initialized
[mavros_node-1] [INFO] [1785101978.966037090] [mavros.mavros]: Plugin fake_gps created
[mavros_node-1] [INFO] [1785101978.966127067] [mavros.mavros]: Plugin fake_gps initialized
[mavros_node-1] [INFO] [1785101978.988704020] [mavros.mavros]: Plugin ftp created
[mavros_node-1] [INFO] [1785101978.988812686] [mavros.mavros]: Plugin ftp initialized
[mavros_node-1] [INFO] [1785101979.004956289] [mavros.mavros]: Plugin geofence created
[mavros_node-1] [INFO] [1785101979.005057074] [mavros.mavros]: Plugin geofence initialized
[mavros_node-1] [INFO] [1785101979.023197182] [mavros.mavros]: Plugin gimbal_control created
[mavros_node-1] [INFO] [1785101979.023319928] [mavros.mavros]: Plugin gimbal_control initialized
[mavros_node-1] [INFO] [1785101979.043470699] [mavros.mavros]: Plugin global_position created
[mavros_node-1] [INFO] [1785101979.043586127] [mavros.mavros]: Plugin global_position initialized
[mavros_node-1] [INFO] [1785101979.057906601] [mavros.mavros]: Plugin gps_input created
[mavros_node-1] [INFO] [1785101979.058004867] [mavros.mavros]: Plugin gps_input initialized
[mavros_node-1] [INFO] [1785101979.073982194] [mavros.mavros]: Plugin gps_rtk created
[mavros_node-1] [INFO] [1785101979.074055613] [mavros.mavros]: Plugin gps_rtk initialized
[mavros_node-1] [INFO] [1785101979.086694546] [mavros.mavros]: Plugin gps_status created
[mavros_node-1] [INFO] [1785101979.086788174] [mavros.mavros]: Plugin gps_status initialized
[mavros_node-1] [INFO] [1785101979.099119932] [mavros.mavros]: Plugin guided_target created
[mavros_node-1] [INFO] [1785101979.099188143] [mavros.mavros]: Plugin guided_target initialized
[mavros_node-1] [INFO] [1785101979.114684899] [mavros.mavros]: Plugin hil created
[mavros_node-1] [INFO] [1785101979.114789728] [mavros.mavros]: Plugin hil initialized
[mavros_node-1] [INFO] [1785101979.132841717] [mavros.mavros]: Plugin home_position created
[mavros_node-1] [INFO] [1785101979.132956405] [mavros.mavros]: Plugin home_position initialized
[mavros_node-1] [INFO] [1785101979.154332017] [mavros.mavros]: Plugin imu created
[mavros_node-1] [INFO] [1785101979.154428615] [mavros.mavros]: Plugin imu initialized
[mavros_node-1] [INFO] [1785101979.171475717] [mavros.mavros]: Plugin landing_target created
[mavros_node-1] [INFO] [1785101979.171553822] [mavros.mavros]: Plugin landing_target initialized
[mavros_node-1] [INFO] [1785101979.189074050] [mavros.mavros]: Plugin local_position created
[mavros_node-1] [INFO] [1785101979.189164917] [mavros.mavros]: Plugin local_position initialized
[mavros_node-1] [INFO] [1785101979.206353406] [mavros.mavros]: Plugin log_transfer created
[mavros_node-1] [INFO] [1785101979.206445708] [mavros.mavros]: Plugin log_transfer initialized
[mavros_node-1] [INFO] [1785101979.220237557] [mavros.mavros]: Plugin mag_calibration_status created
[mavros_node-1] [INFO] [1785101979.220357114] [mavros.mavros]: Plugin mag_calibration_status initialized
[mavros_node-1] [INFO] [1785101979.234725599] [mavros.mavros]: Plugin manual_control created
[mavros_node-1] [INFO] [1785101979.234806506] [mavros.mavros]: Plugin manual_control initialized
[mavros_node-1] [INFO] [1785101979.249483397] [mavros.mavros]: Plugin mocap_pose_estimate created
[mavros_node-1] [INFO] [1785101979.249572497] [mavros.mavros]: Plugin mocap_pose_estimate initialized
[mavros_node-1] [INFO] [1785101979.268375875] [mavros.mavros]: Plugin mount_control created
[mavros_node-1] [INFO] [1785101979.268471753] [mavros.mavros]: Plugin mount_control initialized
[mavros_node-1] [INFO] [1785101979.286553380] [mavros.mavros]: Plugin nav_controller_output created
[mavros_node-1] [INFO] [1785101979.286647268] [mavros.mavros]: Plugin nav_controller_output initialized
[mavros_node-1] [INFO] [1785101979.303226799] [mavros.mavros]: Plugin obstacle_distance created
[mavros_node-1] [INFO] [1785101979.303302885] [mavros.mavros]: Plugin obstacle_distance initialized
[mavros_node-1] [INFO] [1785101979.318898415] [mavros.mavros]: Plugin obstacle_distance_3d created
[mavros_node-1] [INFO] [1785101979.318988096] [mavros.mavros]: Plugin obstacle_distance_3d initialized
[mavros_node-1] [INFO] [1785101979.339037865] [mavros.mavros]: Plugin odometry created
[mavros_node-1] [INFO] [1785101979.339143265] [mavros.mavros]: Plugin odometry initialized
[mavros_node-1] [INFO] [1785101979.356336956] [mavros.mavros]: Plugin onboard_computer_status created
[mavros_node-1] [INFO] [1785101979.356389770] [mavros.mavros]: Plugin onboard_computer_status initialized
[mavros_node-1] [INFO] [1785101979.374982506] [mavros.mavros]: Plugin open_drone_id created
[mavros_node-1] [INFO] [1785101979.375046733] [mavros.mavros]: Plugin open_drone_id initialized
[mavros_node-1] [INFO] [1785101979.396677409] [mavros.mavros]: Plugin optical_flow created
[mavros_node-1] [INFO] [1785101979.396904668] [mavros.mavros]: Plugin optical_flow initialized
[mavros_node-1] [INFO] [1785101979.415696363] [mavros.mavros]: Plugin param created
[mavros_node-1] [INFO] [1785101979.415785816] [mavros.mavros]: Plugin param initialized
[mavros_node-1] [INFO] [1785101979.432860336] [mavros.mavros]: Plugin play_tune created
[mavros_node-1] [INFO] [1785101979.433042372] [mavros.mavros]: Plugin play_tune initialized
[mavros_node-1] [INFO] [1785101979.456169801] [mavros.mavros]: Plugin px4flow created
[mavros_node-1] [INFO] [1785101979.456719733] [mavros.mavros]: Plugin px4flow initialized
[mavros_node-1] [INFO] [1785101979.483008931] [mavros.mavros]: Plugin rallypoint created
[mavros_node-1] [INFO] [1785101979.483133625] [mavros.mavros]: Plugin rallypoint initialized
[mavros_node-1] [INFO] [1785101979.483152504] [mavros.mavros]: Plugin rangefinder ignored
[mavros_node-1] [INFO] [1785101979.505171537] [mavros.mavros]: Plugin rc_io created
[mavros_node-1] [INFO] [1785101979.505309895] [mavros.mavros]: Plugin rc_io initialized
[mavros_node-1] [INFO] [1785101979.529099186] [mavros.mavros]: Plugin setpoint_accel created
[mavros_node-1] [INFO] [1785101979.529183340] [mavros.mavros]: Plugin setpoint_accel initialized
[mavros_node-1] [INFO] [1785101979.557936737] [mavros.mavros]: Plugin setpoint_attitude created
[mavros_node-1] [INFO] [1785101979.558049655] [mavros.mavros]: Plugin setpoint_attitude initialized
[mavros_node-1] [INFO] [1785101979.585596410] [mavros.mavros]: Plugin setpoint_position created
[mavros_node-1] [INFO] [1785101979.585712241] [mavros.mavros]: Plugin setpoint_position initialized
[mavros_node-1] [INFO] [1785101979.617068083] [mavros.mavros]: Plugin setpoint_raw created
[mavros_node-1] [INFO] [1785101979.617167729] [mavros.mavros]: Plugin setpoint_raw initialized
[mavros_node-1] [INFO] [1785101979.651566659] [mavros.mavros]: Plugin setpoint_trajectory created
[mavros_node-1] [INFO] [1785101979.651656211] [mavros.mavros]: Plugin setpoint_trajectory initialized
[mavros_node-1] [INFO] [1785101979.676735612] [mavros.mavros]: Plugin setpoint_velocity created
[mavros_node-1] [INFO] [1785101979.676795933] [mavros.mavros]: Plugin setpoint_velocity initialized
[mavros_node-1] [INFO] [1785101979.703669858] [mavros.mavros]: Plugin sim_state created
[mavros_node-1] [INFO] [1785101979.703825481] [mavros.mavros]: Plugin sim_state initialized
[mavros_node-1] [INFO] [1785101979.745775734] [mavros.mavros]: Plugin sys_status created
[mavros_node-1] [INFO] [1785101979.745981735] [mavros.mavros]: Plugin sys_status initialized
[mavros_node-1] [INFO] [1785101979.773504798] [mavros.time]: TM: Timesync mode: MAVLINK
[mavros_node-1] [INFO] [1785101979.780961375] [mavros.mavros]: Plugin sys_time created
[mavros_node-1] [INFO] [1785101979.781114084] [mavros.mavros]: Plugin sys_time initialized
[mavros_node-1] [INFO] [1785101979.809078821] [mavros.mavros]: Plugin tdr_radio created
[mavros_node-1] [INFO] [1785101979.809159200] [mavros.mavros]: Plugin tdr_radio initialized
[mavros_node-1] [INFO] [1785101979.835858670] [mavros.mavros]: Plugin terrain created
[mavros_node-1] [INFO] [1785101979.835926160] [mavros.mavros]: Plugin terrain initialized
[mavros_node-1] [INFO] [1785101979.865158501] [mavros.mavros]: Plugin trajectory created
[mavros_node-1] [INFO] [1785101979.865237769] [mavros.mavros]: Plugin trajectory initialized
[mavros_node-1] [INFO] [1785101979.896024535] [mavros.mavros]: Plugin tunnel created
[mavros_node-1] [INFO] [1785101979.896140962] [mavros.mavros]: Plugin tunnel initialized
[mavros_node-1] [INFO] [1785101979.923458848] [mavros.mavros]: Plugin vfr_hud created
[mavros_node-1] [INFO] [1785101979.923533006] [mavros.mavros]: Plugin vfr_hud initialized
[mavros_node-1] [INFO] [1785101979.923542043] [mavros.mavros]: Plugin vibration ignored
[mavros_node-1] [INFO] [1785101979.956126016] [mavros.mavros]: Plugin vision_pose created
[mavros_node-1] [INFO] [1785101979.956202702] [mavros.mavros]: Plugin vision_pose initialized
[mavros_node-1] [INFO] [1785101979.985838196] [mavros.mavros]: Plugin vision_speed created
[mavros_node-1] [INFO] [1785101979.985916851] [mavros.mavros]: Plugin vision_speed initialized
[mavros_node-1] [INFO] [1785101980.024337804] [mavros.mavros]: Plugin waypoint created
[mavros_node-1] [INFO] [1785101980.024681655] [mavros.mavros]: Plugin waypoint initialized
[mavros_node-1] [INFO] [1785101980.024712496] [mavros.mavros]: Plugin wheel_odometry ignored
[mavros_node-1] [INFO] [1785101980.061615000] [mavros.mavros]: Plugin wind_estimation created
[mavros_node-1] [INFO] [1785101980.061770926] [mavros.mavros]: Plugin wind_estimation initialized
[mavros_node-1] [INFO] [1785101980.064434690] [mavros.mavros]: Built-in SIMD instructions: SSE, SSE2
[mavros_node-1] [INFO] [1785101980.064502519] [mavros.mavros]: Built-in MAVLink package version: 2026.6.6
[mavros_node-1] [INFO] [1785101980.064513269] [mavros.mavros]: Known MAVLink dialects: common ardupilotmega ASLUAV AVSSUAS all csAirLink cubepilot development icarous loweheiser marsh matrixpilot paparazzi standard stemstudios storm32 uAvionix ualberta
[mavros_node-1] [INFO] [1785101980.064522082] [mavros.mavros]: MAVROS UAS via /uas1 started. MY ID 1.191, TARGET ID 1.1
[mavros_node-1] [INFO] [1785101980.074683560] [mavros.mavros_router]: link[1001] detected remote address 1.191
[mavros_node-1] [WARN] [1785101981.737876729] [mavros.sys]: VER: broadcast request timeout, retries left 4
[mavros_node-1] [WARN] [1785101982.724973469] [mavros.sys]: VER: broadcast request timeout, retries left 3
[mavros_node-1] [WARN] [1785101983.709607466] [mavros.sys]: VER: unicast request timeout, retries left 2
[mavros_node-1] [INFO] [1785101984.264483551] [mavros.mavros_router]: link[1000] detected remote address 1.1
[mavros_node-1] [INFO] [1785101984.280724704] [mavros.imu]: IMU: High resolution IMU detected!
[mavros_node-1] [INFO] [1785101984.332941464] [mavros.imu]: IMU: Attitude quaternion IMU detected!
[mavros_node-1] [INFO] [1785101984.416795042] [mavros.sys]: FCU: EVENT 1203183 with args -234-7-7-26-21-39-44-0-0-0-0-0-0-0-0-0-0-0-0-0-0-0-0-0-0-0-0-0-0-0-0-0-0-0-0-0-0-0-0-0-
[mavros_node-1] [ERROR] [1785101984.484677471] [mavros.sys]: FCU: EVENT 7791755 with args -255-1-0-0-0-0-0-0-0-0-0-0-0-0-0-0-0-0-0-0-0-0-0-0-0-0-0-0-0-0-0-0-0-0-0-0-0-0-0-0-
[mavros_node-1] [WARN] [1785101984.686425972] [mavros.sys]: VER: unicast request timeout, retries left 1
[mavros_node-1] [WARN] [1785101984.700638436] [mavros.cmd]: CMD: Unexpected command 520, result 3
[mavros_node-1] [INFO] [1785101985.260819673] [mavros.mavros]: CON: Got HEARTBEAT, connected. FCU: PX4 Autopilot
[mavros_node-1] [INFO] [1785101985.261116115] [mavros.mission]: WP: detected enable_partial_push: 0
[mavros_node-1] [INFO] [1785101985.261651702] [mavros.imu]: IMU: High resolution IMU detected!
[mavros_node-1] [INFO] [1785101985.272574205] [mavros.imu]: IMU: Attitude quaternion IMU detected!
[mavros_node-1] [WARN] [1785101985.556942926] [mavros.sys]: FCU: UNK(8): EVENT 11047904 with args -0-0-0-18-1-128-0-0-0-0-58-1-128-0-58-1-128-0-0-0-0-0-0-0-0-0-0-0-0-0-0-0-0-0-0-0-0-0-0-0-
[mavros_node-1] [ERROR] [1785101985.557279633] [mavros.sys]: FCU: EVENT 11464574 with args -0-64-0-0-20-0-0-0-0-0-0-0-0-0-0-0-0-0-0-0-0-0-0-0-0-0-0-0-0-0-0-0-0-0-0-0-0-0-0-0-
[mavros_node-1] [ERROR] [1785101985.557591152] [mavros.sys]: FCU: EVENT 13835193 with args -252-0-126-0-17-0-0-0-0-0-0-0-0-0-0-0-0-0-0-0-0-0-0-0-0-0-0-0-0-0-0-0-0-0-0-0-0-0-0-0-
[mavros_node-1] [ERROR] [1785101985.557805583] [mavros.sys]: FCU: EVENT 10011251 with args -56-0-0-0-24-0-0-0-0-0-0-0-0-0-0-0-0-0-0-0-0-0-0-0-0-0-0-0-0-0-0-0-0-0-0-0-0-0-0-0-
[mavros_node-1] [INFO] [1785101985.558123108] [mavros.sys]: FCU: EVENT 377561 with args -8-0-0-0-20-0-0-0-0-0-0-0-0-0-0-0-0-0-0-0-0-0-0-0-0-0-0-0-0-0-0-0-0-0-0-0-0-0-0-0-
[mavros_node-1] [WARN] [1785101985.558429756] [mavros.sys]: FCU: EVENT 453929 with args -255-255-255-255-7-0-0-0-0-0-0-0-0-0-0-0-0-0-0-0-0-0-0-0-0-0-0-0-0-0-0-0-0-0-0-0-0-0-0-0-
[mavros_node-1] [INFO] [1785101985.558726689] [mavros.sys]: FCU: EVENT 6801787 with args -255-255-255-255-12-0-0-0-0-0-0-0-0-0-0-0-0-0-0-0-0-0-0-0-0-0-0-0-0-0-0-0-0-0-0-0-0-0-0-0-
[mavros_node-1] [WARN] [1785101985.559018919] [mavros.sys]: FCU: UNK(8): EVENT 1914663 with args -0-14-5-2-56-0-0-0-0-0-0-0-0-0-0-0-0-0-0-0-0-0-0-0-0-0-0-0-0-0-0-0-0-0-0-0-0-0-0-0-
[mavros_node-1] [WARN] [1785101987.228711301] [mavros.sys]: VER: broadcast request timeout, retries left 4
[mavros_node-1] [WARN] [1785101987.605271758] [mavros.sys]: FCU: UNK(8): EVENT 11047904 with args -0-0-0-16-0-128-0-0-0-176-58-127-128-176-58-127-128-0-0-0-0-0-0-0-0-0-0-0-0-0-0-0-0-0-0-0-0-0-0-0-
[mavros_node-1] [ERROR] [1785101987.605544297] [mavros.sys]: FCU: EVENT 11464574 with args -0-64-0-0-20-0-0-0-0-0-0-0-0-0-0-0-0-0-0-0-0-0-0-0-0-0-0-0-0-0-0-0-0-0-0-0-0-0-0-0-
[mavros_node-1] [INFO] [1785101987.605651454] [mavros.sys]: FCU: EVENT 377561 with args -8-0-0-0-20-0-0-0-0-0-0-0-0-0-0-0-0-0-0-0-0-0-0-0-0-0-0-0-0-0-0-0-0-0-0-0-0-0-0-0-
[mavros_node-1] [WARN] [1785101987.605855273] [mavros.sys]: FCU: EVENT 453929 with args -255-255-255-255-7-0-0-0-0-0-0-0-0-0-0-0-0-0-0-0-0-0-0-0-0-0-0-0-0-0-0-0-0-0-0-0-0-0-0-0-
[mavros_node-1] [INFO] [1785101987.606052753] [mavros.sys]: FCU: EVENT 6801787 with args -255-255-255-255-12-0-0-0-0-0-0-0-0-0-0-0-0-0-0-0-0-0-0-0-0-0-0-0-0-0-0-0-0-0-0-0-0-0-0-0-
[mavros_node-1] [WARN] [1785101987.606278881] [mavros.sys]: FCU: UNK(8): EVENT 1914663 with args -0-14-5-2-56-0-0-0-0-0-0-0-0-0-0-0-0-0-0-0-0-0-0-0-0-0-0-0-0-0-0-0-0-0-0-0-0-0-0-0-
[mavros_node-1] [WARN] [1785101988.207090933] [mavros.sys]: VER: broadcast request timeout, retries left 3
[mavros_node-1] [ERROR] [1785101989.229024904] [mavros.sys]: VER: command plugin service call failed!
[mavros_node-1] [WARN] [1785101989.229331017] [mavros.sys]: VER: unicast request timeout, retries left 2
[mavros_node-1] [ERROR] [1785101990.197577208] [mavros.sys]: VER: command plugin service call failed!
[mavros_node-1] [WARN] [1785101990.197817354] [mavros.sys]: VER: unicast request timeout, retries left 1
[mavros_node-1] [ERROR] [1785101991.180377679] [mavros.sys]: VER: command plugin service call failed!
[mavros_node-1] [WARN] [1785101991.180631182] [mavros.sys]: VER: unicast request timeout, retries left 0
[mavros_node-1] [ERROR] [1785101992.144947759] [mavros.sys]: VER: command plugin service call failed!
[mavros_node-1] [WARN] [1785101992.146577844] [mavros.sys]: VER: your FCU don't support AUTOPILOT_VERSION, switched to default capabilities
[mavros_node-1] [WARN] [1785101994.675147256] [mavros.param]: PR: Failed to get parameter type: CBRK_SUPPLY_CHK
[mavros_node-1] [WARN] [1785101998.369459459] [mavros.time]: TM: RTT too high for timesync: 1795.95 ms.
[mavros_node-1] [WARN] [1785101998.463050793] [mavros.time]: TM: RTT too high for timesync: 805.61 ms.
[mavros_node-1] [WARN] [1785101999.921137231] [mavros.param]: PR: request param #331 timeout, retries left 2, and 529 params still missing
[mavros_node-1] [INFO] [1785102000.600996041] [mavros.mission]: WP: mission received
[mavros_node-1] [INFO] [1785102005.526749349] [mavros.rallypoint]: RP: mission received
[mavros_node-1] [INFO] [1785102007.097074664] [mavros.sys]: FCU: EVENT 9489139 with args -4-0-0-0-0-0-0-0-0-0-0-0-0-0-0-0-0-0-0-0-0-0-0-0-0-0-0-0-0-0-0-0-0-0-0-0-0-0-0-0-
[mavros_node-1] [INFO] [1785102008.874125154] [mavros.sys]: FCU: EVENT 4277609 with args -0-0-0-0-0-0-0-0-0-0-0-0-0-0-0-0-0-0-0-0-0-0-0-0-0-0-0-0-0-0-0-0-0-0-0-0-0-0-0-0-
[mavros_node-1] [INFO] [1785102010.244604545] [mavros.geofence]: GF: mission received
[mavros_node-1] [WARN] [1785102036.396144099] [mavros.sys]: FCU: UNK(8): EVENT 11047904 with args -0-0-0-0-0-128-0-0-0-176-122-127-128-176-122-127-128-0-0-0-0-0-0-0-0-0-0-0-0-0-0-0-0-0-0-0-0-0-0-0-
[mavros_node-1] [INFO] [1785102036.397086028] [mavros.sys]: FCU: EVENT 377561 with args -8-0-0-0-20-0-0-0-0-0-0-0-0-0-0-0-0-0-0-0-0-0-0-0-0-0-0-0-0-0-0-0-0-0-0-0-0-0-0-0-
[mavros_node-1] [WARN] [1785102036.397493456] [mavros.sys]: FCU: EVENT 453929 with args -255-255-255-255-7-0-0-0-0-0-0-0-0-0-0-0-0-0-0-0-0-0-0-0-0-0-0-0-0-0-0-0-0-0-0-0-0-0-0-0-
[mavros_node-1] [INFO] [1785102036.398220460] [mavros.sys]: FCU: EVENT 6801787 with args -255-255-255-255-12-0-0-0-0-0-0-0-0-0-0-0-0-0-0-0-0-0-0-0-0-0-0-0-0-0-0-0-0-0-0-0-0-0-0-0-
[mavros_node-1] [WARN] [1785102036.398654865] [mavros.sys]: FCU: UNK(8): EVENT 1914663 with args -0-14-5-2-56-0-0-0-0-0-0-0-0-0-0-0-0-0-0-0-0-0-0-0-0-0-0-0-0-0-0-0-0-0-0-0-0-0-0-0-
[mavros_node-1] [WARN] [1785102038.290850083] [mavros.cmd]: CMD: Unexpected command 176, result 0
[mavros_node-1] [ERROR] [1785102039.717278456] [mavros.time]: TM: Time jump detected. Resetting time synchroniser.
[mavros_node-1] [WARN] [1785102083.950875230] [mavros.cmd]: CMD: Unexpected command 176, result 1
[mavros_node-1] [WARN] [1785102084.899566747] [mavros.sys]: FCU: UNK(8): EVENT 11047904 with args -0-0-0-16-0-128-0-0-0-176-58-127-128-176-58-127-128-0-0-0-0-0-0-0-0-0-0-0-0-0-0-0-0-0-0-0-0-0-0-0-
[mavros_node-1] [ERROR] [1785102084.900267649] [mavros.sys]: FCU: EVENT 11464574 with args -0-64-0-0-20-0-0-0-0-0-0-0-0-0-0-0-0-0-0-0-0-0-0-0-0-0-0-0-0-0-0-0-0-0-0-0-0-0-0-0-
[mavros_node-1] [INFO] [1785102084.900770202] [mavros.sys]: FCU: EVENT 377561 with args -8-0-0-0-20-0-0-0-0-0-0-0-0-0-0-0-0-0-0-0-0-0-0-0-0-0-0-0-0-0-0-0-0-0-0-0-0-0-0-0-
[mavros_node-1] [WARN] [1785102084.901244380] [mavros.sys]: FCU: EVENT 453929 with args -255-255-255-255-7-0-0-0-0-0-0-0-0-0-0-0-0-0-0-0-0-0-0-0-0-0-0-0-0-0-0-0-0-0-0-0-0-0-0-0-
[mavros_node-1] [INFO] [1785102084.901672135] [mavros.sys]: FCU: EVENT 6801787 with args -255-255-255-255-12-0-0-0-0-0-0-0-0-0-0-0-0-0-0-0-0-0-0-0-0-0-0-0-0-0-0-0-0-0-0-0-0-0-0-0-
[mavros_node-1] [WARN] [1785102084.902404737] [mavros.sys]: FCU: UNK(8): EVENT 1914663 with args -0-14-5-2-56-0-0-0-0-0-0-0-0-0-0-0-0-0-0-0-0-0-0-0-0-0-0-0-0-0-0-0-0-0-0-0-0-0-0-0-
[mavros_node-1] [ERROR] [1785102090.492851674] [mavros.time]: TM: Time jump detected. Resetting time synchroniser.
[WARNING] [launch]: user interrupted with ctrl-c (SIGINT)
[INFO] [mavros_node-1]: sending signal 'SIGINT' to process[mavros_node-1]
[mavros_node-1] [INFO] [1785102091.898416195] [rclcpp]: signal_handler(SIGINT/SIGTERM)
[mavros_node-1] [WARN] [1785102091.906662645] [mavros.mavros]: UAS Executor terminated
[mavros_node-1] [INFO] [1785102092.520792248] [rclcpp]: signal_handler(SIGINT/SIGTERM)
[INFO] [mavros_node-1]: process has finished cleanly [pid 742]
