[INFO] [1785267209.598268747] [fake_vision]: fake_vision 시작 mode=steady target ENU=(6.0,302.0,0.2) rate=4.4Hz watch=/root/ws_f2/src/suridoksuri/logs/2026-07-29_f2_fix/G2_vision/node.log match='VISION_SEARCH'
[WARN] [1785267321.408067817] [fake_vision]: 트리거 성립 t=105.0s
[INFO] [1785267326.180716147] [fake_vision]: t=4.8s emitted=22 veto=False hint=False
[INFO] [1785267331.180864461] [fake_vision]: t=9.8s emitted=44 veto=False hint=False
[INFO] [1785267336.180898003] [fake_vision]: t=14.8s emitted=66 veto=False hint=False
[INFO] [1785267341.181003682] [fake_vision]: t=19.8s emitted=88 veto=False hint=False
[INFO] [1785267348.227540676] [fake_vision]: t=24.6s emitted=110 veto=False hint=False
[INFO] [1785267353.226584263] [fake_vision]: t=29.6s emitted=132 veto=False hint=False
[INFO] [1785267358.226399787] [fake_vision]: t=34.6s emitted=154 veto=False hint=False
[INFO] [1785267363.226977884] [fake_vision]: t=39.6s emitted=176 veto=False hint=False
[INFO] [1785267368.226623657] [fake_vision]: t=44.6s emitted=198 veto=False hint=True
[INFO] [1785267373.227217350] [fake_vision]: t=49.6s emitted=220 veto=False hint=True
[INFO] [1785267378.227159001] [fake_vision]: t=54.6s emitted=242 veto=False hint=True
[INFO] [1785267385.272211422] [fake_vision]: t=59.4s emitted=264 veto=False hint=True
[INFO] [1785267390.271954592] [fake_vision]: t=64.4s emitted=286 veto=False hint=True
[INFO] [1785267395.272221771] [fake_vision]: t=69.4s emitted=308 veto=False hint=True
[INFO] [1785267400.271943828] [fake_vision]: t=74.4s emitted=330 veto=False hint=True
Traceback (most recent call last):
  File "/root/ws_f2/src/suridoksuri/tools/sitl/fake_vision.py", line 215, in <module>
    main()
  File "/root/ws_f2/src/suridoksuri/tools/sitl/fake_vision.py", line 203, in main
    rclpy.spin(n)
  File "/opt/ros/humble/local/lib/python3.10/dist-packages/rclpy/__init__.py", line 229, in spin
    executor.spin_once()
  File "/opt/ros/humble/local/lib/python3.10/dist-packages/rclpy/executors.py", line 808, in spin_once
    self._spin_once_impl(timeout_sec)
  File "/opt/ros/humble/local/lib/python3.10/dist-packages/rclpy/executors.py", line 797, in _spin_once_impl
    handler, entity, node = self.wait_for_ready_callbacks(timeout_sec=timeout_sec)
  File "/opt/ros/humble/local/lib/python3.10/dist-packages/rclpy/executors.py", line 780, in wait_for_ready_callbacks
    return next(self._cb_iter)
  File "/opt/ros/humble/local/lib/python3.10/dist-packages/rclpy/executors.py", line 681, in _wait_for_ready_callbacks
    raise ExternalShutdownException()
rclpy.executors.ExternalShutdownException
