[INFO] [launch]: All log files can be found below /root/.ros/log/2026-07-25-09-58-49-635025-doksuri-127
[INFO] [launch]: Default logging verbosity is set to INFO
[INFO] [telemetry_node-1]: process started with pid [129]
[INFO] [offboard_node-2]: process started with pid [131]
[offboard_node-2] [WARN] [1784973530.714157568] [offboard_node]: /mavros/cmd/arming 서비스 없음
[offboard_node-2] [WARN] [1784973530.771907135] [offboard_node]: /mavros/cmd/arming 서비스 없음
[offboard_node-2] [WARN] [1784973530.871883698] [offboard_node]: /mavros/cmd/arming 서비스 없음
[offboard_node-2] [WARN] [1784973530.971868753] [offboard_node]: /mavros/cmd/arming 서비스 없음
[offboard_node-2] [WARN] [1784973531.071945775] [offboard_node]: /mavros/cmd/arming 서비스 없음
[offboard_node-2] [WARN] [1784973531.172045556] [offboard_node]: /mavros/cmd/arming 서비스 없음
[offboard_node-2] [WARN] [1784973531.271919775] [offboard_node]: /mavros/cmd/arming 서비스 없음
[offboard_node-2] [WARN] [1784973531.371854654] [offboard_node]: /mavros/cmd/arming 서비스 없음
[offboard_node-2] [WARN] [1784973531.472024308] [offboard_node]: /mavros/cmd/arming 서비스 없음
[offboard_node-2] [WARN] [1784973531.571853126] [offboard_node]: /mavros/cmd/arming 서비스 없음
[offboard_node-2] [WARN] [1784973531.671945361] [offboard_node]: /mavros/cmd/arming 서비스 없음
[offboard_node-2] [WARN] [1784973531.771858216] [offboard_node]: /mavros/cmd/arming 서비스 없음
[offboard_node-2] [WARN] [1784973531.871828633] [offboard_node]: /mavros/cmd/arming 서비스 없음
[offboard_node-2] [WARN] [1784973531.971970052] [offboard_node]: /mavros/cmd/arming 서비스 없음
[offboard_node-2] [WARN] [1784973532.071794416] [offboard_node]: /mavros/cmd/arming 서비스 없음
[offboard_node-2] [WARN] [1784973532.172001348] [offboard_node]: /mavros/cmd/arming 서비스 없음
[offboard_node-2] [WARN] [1784973532.271988611] [offboard_node]: /mavros/cmd/arming 서비스 없음
[offboard_node-2] [WARN] [1784973532.371970146] [offboard_node]: /mavros/cmd/arming 서비스 없음
[offboard_node-2] [WARN] [1784973532.471899758] [offboard_node]: /mavros/cmd/arming 서비스 없음
[offboard_node-2] [WARN] [1784973532.571939519] [offboard_node]: /mavros/cmd/arming 서비스 없음
[telemetry_node-1] [INFO] [1784973532.602346971] [telemetry_node]: pos_ned=[-3.07032418  0.28128597 -5.86591339]  yaw=-0.539  armed=False  vtol=3  batt=16.98V/100%
[offboard_node-2] [WARN] [1784973532.671937719] [offboard_node]: /mavros/cmd/arming 서비스 없음
[offboard_node-2] [WARN] [1784973532.772045439] [offboard_node]: /mavros/cmd/arming 서비스 없음
[offboard_node-2] [WARN] [1784973532.871854835] [offboard_node]: /mavros/cmd/arming 서비스 없음
[offboard_node-2] [WARN] [1784973532.972048160] [offboard_node]: /mavros/cmd/arming 서비스 없음
[offboard_node-2] [WARN] [1784973533.072046258] [offboard_node]: /mavros/cmd/arming 서비스 없음
[offboard_node-2] [WARN] [1784973533.172005750] [offboard_node]: /mavros/cmd/arming 서비스 없음
[offboard_node-2] [WARN] [1784973533.272004095] [offboard_node]: /mavros/cmd/arming 서비스 없음
[offboard_node-2] [INFO] [1784973533.373531436] [offboard_node]: ARM 요청
[offboard_node-2] [INFO] [1784973533.672154602] [offboard_node]: 경로 원점 = 이륙지점 [N=-3.06, E=0.26, h_up=-5.85] 적용 (frame=takeoff) → WP0=[-3.06,0.26] 순항고도 h_up=-2.85
[offboard_node-2] [INFO] [1784973533.673285145] [offboard_node]: CommandTOL 이륙 요청 alt=23.7m AMSL (지면 20.7+3.0) -> CLIMBING
[telemetry_node-1] [INFO] [1784973534.564011593] [telemetry_node]: pos_ned=[-3.08101344  0.20585881 -5.84712219]  yaw=-0.540  armed=True  vtol=3  batt=16.97V/100%
[telemetry_node-1] [INFO] [1784973536.564186750] [telemetry_node]: pos_ned=[-3.12200689  0.16131029 -5.85952377]  yaw=-0.543  armed=True  vtol=3  batt=16.40V/96%
[telemetry_node-1] [INFO] [1784973538.564218799] [telemetry_node]: pos_ned=[-3.21461964  0.18046187 -5.7325325 ]  yaw=-0.693  armed=True  vtol=3  batt=14.94V/55%
[telemetry_node-1] [INFO] [1784973540.563982655] [telemetry_node]: pos_ned=[-3.11387181  0.04812587 -5.66703796]  yaw=-1.152  armed=True  vtol=3  batt=14.91V/20%
[telemetry_node-1] [INFO] [1784973542.564340239] [telemetry_node]: pos_ned=[-3.06935906  0.03482381 -5.57115936]  yaw=-1.147  armed=True  vtol=3  batt=16.70V/74%
[telemetry_node-1] [INFO] [1784973544.564198579] [telemetry_node]: pos_ned=[-3.07895374  0.07772241 -5.52041626]  yaw=-1.136  armed=True  vtol=3  batt=16.76V/95%
[telemetry_node-1] [INFO] [1784973546.564252006] [telemetry_node]: pos_ned=[-3.20055389  0.06960162 -5.52795982]  yaw=-1.130  armed=False  vtol=3  batt=16.81V/98%
[telemetry_node-1] [INFO] [1784973548.564268580] [telemetry_node]: pos_ned=[-3.2622869   0.09678582 -5.59163475]  yaw=-1.129  armed=False  vtol=3  batt=16.82V/100%
[telemetry_node-1] [INFO] [1784973550.564154595] [telemetry_node]: pos_ned=[-3.29911971  0.10259543 -5.54733658]  yaw=-1.129  armed=False  vtol=3  batt=16.86V/100%
[telemetry_node-1] [INFO] [1784973552.564351386] [telemetry_node]: pos_ned=[-3.37260365  0.19269173 -5.51909447]  yaw=-1.130  armed=False  vtol=3  batt=16.84V/100%
[telemetry_node-1] [INFO] [1784973554.564104716] [telemetry_node]: pos_ned=[-3.43952441  0.31010321 -5.51843643]  yaw=-1.130  armed=False  vtol=3  batt=16.84V/100%
[telemetry_node-1] [INFO] [1784973556.564778137] [telemetry_node]: pos_ned=[-3.50520682  0.42264804 -5.52957153]  yaw=-1.130  armed=False  vtol=3  batt=16.69V/100%
[telemetry_node-1] [INFO] [1784973558.564142323] [telemetry_node]: pos_ned=[-3.62007928  0.53187364 -5.57863617]  yaw=-1.130  armed=False  vtol=3  batt=16.85V/100%
[telemetry_node-1] [INFO] [1784973560.564322544] [telemetry_node]: pos_ned=[-3.7765975   0.65162867 -5.63028717]  yaw=-1.130  armed=False  vtol=3  batt=16.89V/100%
[telemetry_node-1] [INFO] [1784973562.565880933] [telemetry_node]: pos_ned=[-3.92715597  0.73793316 -5.64199829]  yaw=-1.128  armed=False  vtol=3  batt=16.90V/100%
[telemetry_node-1] [INFO] [1784973564.564030768] [telemetry_node]: pos_ned=[-4.04265499  0.84212017 -5.67654419]  yaw=-1.129  armed=False  vtol=3  batt=16.93V/100%
[telemetry_node-1] [INFO] [1784973566.563985344] [telemetry_node]: pos_ned=[-4.13349962  0.93310094 -5.69423294]  yaw=-1.124  armed=False  vtol=3  batt=16.91V/100%
[telemetry_node-1] [INFO] [1784973568.564555664] [telemetry_node]: pos_ned=[-4.16727877  1.00284338 -5.73281288]  yaw=-1.121  armed=False  vtol=3  batt=16.90V/100%
[telemetry_node-1] [INFO] [1784973570.564227221] [telemetry_node]: pos_ned=[-4.23332167  0.97616529 -5.76282692]  yaw=-1.126  armed=False  vtol=3  batt=16.91V/100%
[telemetry_node-1] [INFO] [1784973572.564234468] [telemetry_node]: pos_ned=[-4.26852465  1.01253211 -5.74958992]  yaw=-1.126  armed=False  vtol=3  batt=16.91V/100%
[telemetry_node-1] [INFO] [1784973574.564029856] [telemetry_node]: pos_ned=[-4.26395321  1.00994086 -5.7262001 ]  yaw=-1.125  armed=False  vtol=3  batt=16.89V/100%
[telemetry_node-1] [INFO] [1784973576.564372147] [telemetry_node]: pos_ned=[-4.24568176  0.99018228 -5.65930939]  yaw=-1.123  armed=False  vtol=3  batt=16.90V/100%
[telemetry_node-1] [INFO] [1784973578.564122840] [telemetry_node]: pos_ned=[-4.25991917  0.96295887 -5.59664726]  yaw=-1.124  armed=False  vtol=3  batt=16.92V/100%
[telemetry_node-1] [INFO] [1784973580.564149052] [telemetry_node]: pos_ned=[-4.25297356  0.96297753 -5.59387589]  yaw=-1.124  armed=False  vtol=3  batt=16.91V/100%
[telemetry_node-1] [INFO] [1784973582.564200687] [telemetry_node]: pos_ned=[-4.16199923  0.99476475 -5.61576843]  yaw=-1.124  armed=False  vtol=3  batt=16.95V/100%
[telemetry_node-1] [INFO] [1784973584.564178901] [telemetry_node]: pos_ned=[-4.11029339  1.01350272 -5.62825394]  yaw=-1.122  armed=False  vtol=3  batt=16.91V/100%
[telemetry_node-1] [INFO] [1784973586.564182660] [telemetry_node]: pos_ned=[-4.09174204  1.01582599 -5.6172905 ]  yaw=-1.122  armed=False  vtol=3  batt=16.92V/100%
[telemetry_node-1] [INFO] [1784973588.564123157] [telemetry_node]: pos_ned=[-4.04191065  0.98973817 -5.56079674]  yaw=-1.122  armed=False  vtol=3  batt=16.90V/100%
[telemetry_node-1] [INFO] [1784973590.564183262] [telemetry_node]: pos_ned=[-3.97651386  0.98564106 -5.45963287]  yaw=-1.122  armed=False  vtol=3  batt=16.93V/100%
[telemetry_node-1] [INFO] [1784973592.564163576] [telemetry_node]: pos_ned=[-3.94052482  1.00284266 -5.36896515]  yaw=-1.122  armed=False  vtol=3  batt=16.90V/100%
[telemetry_node-1] [INFO] [1784973594.564240227] [telemetry_node]: pos_ned=[-3.89525652  1.01504922 -5.27516937]  yaw=-1.120  armed=False  vtol=3  batt=16.91V/100%
[telemetry_node-1] [INFO] [1784973596.564210712] [telemetry_node]: pos_ned=[-3.84337473  1.03789234 -5.27950287]  yaw=-1.121  armed=False  vtol=3  batt=16.89V/100%
[telemetry_node-1] [INFO] [1784973598.564289599] [telemetry_node]: pos_ned=[-3.80293202  0.96820617 -5.29708099]  yaw=-1.120  armed=False  vtol=3  batt=16.88V/100%
[telemetry_node-1] [INFO] [1784973600.564280086] [telemetry_node]: pos_ned=[-3.80647802  0.93422562 -5.33541489]  yaw=-1.121  armed=False  vtol=3  batt=16.95V/100%
[telemetry_node-1] [INFO] [1784973602.564210510] [telemetry_node]: pos_ned=[-3.74975443  0.90896159 -5.33028793]  yaw=-1.120  armed=False  vtol=3  batt=16.90V/100%
[telemetry_node-1] [INFO] [1784973604.564100840] [telemetry_node]: pos_ned=[-3.71178436  0.88752162 -5.2825737 ]  yaw=-1.119  armed=False  vtol=3  batt=16.95V/100%
[telemetry_node-1] [INFO] [1784973606.564233962] [telemetry_node]: pos_ned=[-3.68271017  0.85793215 -5.21293259]  yaw=-1.120  armed=False  vtol=3  batt=16.93V/100%
[telemetry_node-1] [INFO] [1784973608.564156581] [telemetry_node]: pos_ned=[-3.64133668  0.82512563 -5.19334602]  yaw=-1.119  armed=False  vtol=3  batt=16.91V/100%
[telemetry_node-1] [INFO] [1784973610.564159211] [telemetry_node]: pos_ned=[-3.58592343  0.76466978 -5.21230698]  yaw=-1.120  armed=False  vtol=3  batt=16.91V/100%
[telemetry_node-1] [INFO] [1784973612.564143821] [telemetry_node]: pos_ned=[-3.54258156  0.70308542 -5.23906136]  yaw=-1.120  armed=False  vtol=3  batt=16.85V/100%
[telemetry_node-1] [INFO] [1784973614.564251318] [telemetry_node]: pos_ned=[-3.52253628  0.62448597 -5.18293381]  yaw=-1.120  armed=False  vtol=3  batt=16.87V/100%
[telemetry_node-1] [INFO] [1784973616.564139338] [telemetry_node]: pos_ned=[-3.51203752  0.57260597 -5.10144234]  yaw=-1.120  armed=False  vtol=3  batt=16.87V/100%
[telemetry_node-1] [INFO] [1784973618.564093907] [telemetry_node]: pos_ned=[-3.47549748  0.53784442 -5.00058174]  yaw=-1.119  armed=False  vtol=3  batt=16.91V/100%
[telemetry_node-1] [INFO] [1784973620.564185688] [telemetry_node]: pos_ned=[-3.4135232   0.5429424  -4.95191574]  yaw=-1.117  armed=False  vtol=3  batt=16.92V/100%
[telemetry_node-1] [INFO] [1784973622.564121423] [telemetry_node]: pos_ned=[-3.34802175  0.53353596 -4.92633247]  yaw=-1.118  armed=False  vtol=3  batt=16.90V/100%
[telemetry_node-1] [INFO] [1784973624.564127280] [telemetry_node]: pos_ned=[-3.32445288  0.56401283 -4.88166618]  yaw=-1.115  armed=False  vtol=3  batt=16.92V/100%
[telemetry_node-1] [INFO] [1784973626.564187377] [telemetry_node]: pos_ned=[-3.32983732  0.56750965 -4.84191513]  yaw=-1.116  armed=False  vtol=3  batt=16.92V/100%
[telemetry_node-1] [INFO] [1784973628.564031972] [telemetry_node]: pos_ned=[-3.32508087  0.53898358 -4.77222252]  yaw=-1.118  armed=False  vtol=3  batt=16.87V/100%
[telemetry_node-1] [INFO] [1784973630.564034346] [telemetry_node]: pos_ned=[-3.30449772  0.51675695 -4.71720886]  yaw=-1.116  armed=False  vtol=3  batt=16.91V/100%
[telemetry_node-1] [INFO] [1784973632.564102809] [telemetry_node]: pos_ned=[-3.29333687  0.4798086  -4.65243721]  yaw=-1.105  armed=False  vtol=3  batt=16.88V/100%
[telemetry_node-1] [INFO] [1784973634.564158041] [telemetry_node]: pos_ned=[-3.28973699  0.4579528  -4.58664131]  yaw=-1.107  armed=False  vtol=3  batt=16.89V/100%
[telemetry_node-1] [INFO] [1784973636.564101285] [telemetry_node]: pos_ned=[-3.18336487  0.41180843 -4.42089272]  yaw=-1.107  armed=False  vtol=3  batt=16.86V/100%
[telemetry_node-1] [INFO] [1784973638.564219679] [telemetry_node]: pos_ned=[-3.10106421  0.33189937 -4.36864853]  yaw=-1.107  armed=False  vtol=3  batt=16.92V/100%
[telemetry_node-1] [INFO] [1784973640.564101880] [telemetry_node]: pos_ned=[-3.09825611  0.35903808 -4.45350647]  yaw=-1.108  armed=False  vtol=3  batt=16.90V/100%
[telemetry_node-1] [INFO] [1784973642.564143278] [telemetry_node]: pos_ned=[-3.02906156  0.36886844 -4.40882874]  yaw=-1.107  armed=False  vtol=3  batt=16.93V/100%
[telemetry_node-1] [INFO] [1784973644.564134436] [telemetry_node]: pos_ned=[-3.02458644  0.35321391 -4.4283123 ]  yaw=-1.108  armed=False  vtol=3  batt=16.90V/100%
[telemetry_node-1] [INFO] [1784973646.564185192] [telemetry_node]: pos_ned=[-2.98667264  0.34931728 -4.39375114]  yaw=-1.108  armed=False  vtol=3  batt=16.91V/100%
[telemetry_node-1] [INFO] [1784973648.564201901] [telemetry_node]: pos_ned=[-2.81950092  0.30159292 -4.22676468]  yaw=-1.106  armed=False  vtol=3  batt=16.88V/100%
[telemetry_node-1] [INFO] [1784973650.564158352] [telemetry_node]: pos_ned=[-2.63901353  0.24549602 -3.98081779]  yaw=-1.104  armed=False  vtol=3  batt=16.89V/100%
[telemetry_node-1] [INFO] [1784973652.564183517] [telemetry_node]: pos_ned=[-2.49789929  0.16916199 -3.78471565]  yaw=-1.103  armed=False  vtol=3  batt=16.92V/100%
[telemetry_node-1] [INFO] [1784973654.564161629] [telemetry_node]: pos_ned=[-2.36714339  0.0400224  -3.58959007]  yaw=-1.104  armed=False  vtol=3  batt=16.75V/100%
[telemetry_node-1] [INFO] [1784973656.564301017] [telemetry_node]: pos_ned=[-2.24748826 -0.07438751 -3.47857285]  yaw=-1.104  armed=False  vtol=3  batt=16.87V/100%
[telemetry_node-1] [INFO] [1784973658.564194195] [telemetry_node]: pos_ned=[-2.1779058  -0.11247106 -3.40184402]  yaw=-1.104  armed=False  vtol=3  batt=16.90V/100%
[telemetry_node-1] [INFO] [1784973660.564190125] [telemetry_node]: pos_ned=[-2.1751616  -0.09904826 -3.3536644 ]  yaw=-1.101  armed=False  vtol=3  batt=16.93V/100%
[offboard_node-2] [INFO] [1784973660.573445681] [offboard_node]: 운용 고도 3.0m 도달 → streaming (MC, 천이 생략)
[telemetry_node-1] [INFO] [1784973662.564149147] [telemetry_node]: pos_ned=[-2.16077852  0.00436821 -3.29314995]  yaw=-1.101  armed=False  vtol=3  batt=16.90V/100%
[offboard_node-2] [WARN] [1784973662.573795663] [offboard_node]: 조종사 인계 감지 (mode=POSCTL) — 세트포인트 발행 중단, OFFBOARD 재요청 안 함. 기체는 조종사 것.
[offboard_node-2] [INFO] [1784973662.574812999] [offboard_node]: OFFBOARD 전환 요청 (폴백)
[telemetry_node-1] [INFO] [1784973664.564182504] [telemetry_node]: pos_ned=[-2.15096307  0.09550143 -3.2239933 ]  yaw=-1.106  armed=False  vtol=3  batt=16.94V/100%
[telemetry_node-1] [INFO] [1784973666.564063198] [telemetry_node]: pos_ned=[-2.1469996   0.17946687 -3.1111412 ]  yaw=-1.109  armed=False  vtol=3  batt=16.90V/100%
[telemetry_node-1] [INFO] [1784973668.564165143] [telemetry_node]: pos_ned=[-2.1491282   0.2736797  -3.02570343]  yaw=-1.109  armed=False  vtol=3  batt=16.92V/100%
[telemetry_node-1] [INFO] [1784973670.564148028] [telemetry_node]: pos_ned=[-2.12938786  0.30410373 -2.9623642 ]  yaw=-1.109  armed=False  vtol=3  batt=16.74V/100%
[telemetry_node-1] [INFO] [1784973672.564143657] [telemetry_node]: pos_ned=[-2.12020135  0.28583372 -2.89881516]  yaw=-1.109  armed=False  vtol=3  batt=16.87V/100%
[telemetry_node-1] [INFO] [1784973674.564075602] [telemetry_node]: pos_ned=[-2.04688668  0.25783211 -2.80644989]  yaw=-1.109  armed=False  vtol=3  batt=16.90V/100%
[telemetry_node-1] [INFO] [1784973676.564232934] [telemetry_node]: pos_ned=[-1.98324311  0.20618927 -2.68326378]  yaw=-1.107  armed=False  vtol=3  batt=16.91V/100%
[telemetry_node-1] [INFO] [1784973678.564199923] [telemetry_node]: pos_ned=[-2.00045586  0.194838   -2.64471436]  yaw=-1.106  armed=False  vtol=3  batt=16.90V/100%
[telemetry_node-1] [INFO] [1784973680.564197835] [telemetry_node]: pos_ned=[-2.0290339   0.2000187  -2.61581612]  yaw=-1.108  armed=False  vtol=3  batt=16.91V/100%
[telemetry_node-1] [INFO] [1784973682.564211663] [telemetry_node]: pos_ned=[-2.07117152  0.21369272 -2.6206913 ]  yaw=-1.109  armed=False  vtol=3  batt=16.92V/100%
[telemetry_node-1] [INFO] [1784973684.564176429] [telemetry_node]: pos_ned=[-2.11930919  0.20987226 -2.65203094]  yaw=-1.108  armed=False  vtol=3  batt=16.91V/100%
[telemetry_node-1] [INFO] [1784973686.564306520] [telemetry_node]: pos_ned=[-2.18333983  0.1812875  -2.71214104]  yaw=-1.107  armed=False  vtol=3  batt=16.92V/100%
[telemetry_node-1] [INFO] [1784973688.564328931] [telemetry_node]: pos_ned=[-2.18999767  0.17630364 -2.82389641]  yaw=-1.107  armed=False  vtol=3  batt=16.91V/100%
[telemetry_node-1] [INFO] [1784973690.564201475] [telemetry_node]: pos_ned=[-2.15754747  0.18831784 -2.9173336 ]  yaw=-1.107  armed=False  vtol=3  batt=16.91V/100%
[telemetry_node-1] [INFO] [1784973692.564141342] [telemetry_node]: pos_ned=[-2.14897156  0.18527357 -2.98031425]  yaw=-1.107  armed=False  vtol=3  batt=16.85V/100%
[telemetry_node-1] [INFO] [1784973694.564358547] [telemetry_node]: pos_ned=[-2.1555047   0.21532169 -3.04291916]  yaw=-1.106  armed=False  vtol=3  batt=16.90V/100%
[telemetry_node-1] [INFO] [1784973696.564225112] [telemetry_node]: pos_ned=[-2.17226362  0.28259909 -3.12382507]  yaw=-1.106  armed=False  vtol=3  batt=16.92V/100%
[telemetry_node-1] [INFO] [1784973698.564119613] [telemetry_node]: pos_ned=[-2.22755623  0.37905714 -3.26552963]  yaw=-1.106  armed=False  vtol=3  batt=16.92V/100%
[telemetry_node-1] [INFO] [1784973700.564045646] [telemetry_node]: pos_ned=[-2.24905705  0.41366762 -3.39059258]  yaw=-1.106  armed=False  vtol=3  batt=16.91V/100%
[telemetry_node-1] [INFO] [1784973702.564093442] [telemetry_node]: pos_ned=[-2.26243234  0.43367624 -3.49782181]  yaw=-1.106  armed=False  vtol=3  batt=16.89V/100%
[telemetry_node-1] [INFO] [1784973704.564122161] [telemetry_node]: pos_ned=[-2.31147623  0.45765832 -3.59707642]  yaw=-1.106  armed=False  vtol=3  batt=16.90V/100%
[telemetry_node-1] [INFO] [1784973706.564211418] [telemetry_node]: pos_ned=[-2.39021468  0.51673359 -3.71037292]  yaw=-1.106  armed=False  vtol=3  batt=16.90V/100%
[telemetry_node-1] [INFO] [1784973708.564138605] [telemetry_node]: pos_ned=[-2.45906591  0.55524498 -3.8266983 ]  yaw=-1.106  armed=False  vtol=3  batt=16.92V/100%
[telemetry_node-1] [INFO] [1784973710.564082098] [telemetry_node]: pos_ned=[-2.51661634  0.59115529 -3.97049141]  yaw=-1.106  armed=False  vtol=3  batt=16.91V/100%
[telemetry_node-1] [INFO] [1784973712.564390609] [telemetry_node]: pos_ned=[-2.58223248  0.60911679 -4.09502792]  yaw=-1.106  armed=False  vtol=3  batt=16.87V/100%
[telemetry_node-1] [INFO] [1784973714.564166319] [telemetry_node]: pos_ned=[-2.64922261  0.64279813 -4.20765877]  yaw=-1.106  armed=False  vtol=3  batt=16.88V/100%
[telemetry_node-1] [INFO] [1784973716.564128622] [telemetry_node]: pos_ned=[-2.72951841  0.68374294 -4.33315086]  yaw=-1.105  armed=False  vtol=3  batt=17.02V/100%
[telemetry_node-1] [INFO] [1784973718.564223757] [telemetry_node]: pos_ned=[-2.78606033  0.73589236 -4.42329025]  yaw=-1.106  armed=False  vtol=3  batt=16.92V/100%
[telemetry_node-1] [INFO] [1784973720.564356693] [telemetry_node]: pos_ned=[-2.86373496  0.78320503 -4.46248627]  yaw=-1.105  armed=False  vtol=3  batt=16.91V/100%
[telemetry_node-1] [INFO] [1784973722.564289164] [telemetry_node]: pos_ned=[-2.9079361   0.80808604 -4.47077179]  yaw=-1.105  armed=False  vtol=3  batt=16.89V/100%
[telemetry_node-1] [INFO] [1784973724.564257246] [telemetry_node]: pos_ned=[-2.95499349  0.8344301  -4.50272942]  yaw=-1.105  armed=False  vtol=3  batt=16.92V/100%
[telemetry_node-1] [INFO] [1784973726.564431380] [telemetry_node]: pos_ned=[-2.9596529   0.83512676 -4.53087234]  yaw=-1.104  armed=False  vtol=3  batt=16.93V/100%
[telemetry_node-1] [INFO] [1784973728.564190392] [telemetry_node]: pos_ned=[-3.03984547  0.80939096 -4.55746841]  yaw=-1.104  armed=False  vtol=3  batt=16.92V/100%
[telemetry_node-1] [INFO] [1784973730.564308188] [telemetry_node]: pos_ned=[-3.05386782  0.81391072 -4.60586357]  yaw=-1.104  armed=False  vtol=3  batt=16.90V/100%
[telemetry_node-1] [INFO] [1784973732.564082260] [telemetry_node]: pos_ned=[-3.06038857  0.78505558 -4.65485382]  yaw=-1.104  armed=False  vtol=3  batt=16.86V/100%
[telemetry_node-1] [INFO] [1784973734.564435813] [telemetry_node]: pos_ned=[-3.03046918  0.75423664 -4.72267342]  yaw=-1.103  armed=False  vtol=3  batt=16.88V/100%
[telemetry_node-1] [INFO] [1784973736.564077370] [telemetry_node]: pos_ned=[-3.04027486  0.71885592 -4.77420235]  yaw=-1.103  armed=False  vtol=3  batt=16.89V/100%
[telemetry_node-1] [INFO] [1784973738.564100499] [telemetry_node]: pos_ned=[-3.0416429   0.68380672 -4.78922462]  yaw=-1.103  armed=False  vtol=3  batt=16.91V/100%
[telemetry_node-1] [INFO] [1784973740.564258879] [telemetry_node]: pos_ned=[-3.0713954   0.67717761 -4.77087784]  yaw=-1.103  armed=False  vtol=3  batt=16.91V/100%
[telemetry_node-1] [INFO] [1784973742.564158177] [telemetry_node]: pos_ned=[-3.09944367  0.68597525 -4.73136902]  yaw=-1.103  armed=False  vtol=3  batt=16.91V/100%
[telemetry_node-1] [INFO] [1784973744.564185024] [telemetry_node]: pos_ned=[-3.10625744  0.67076457 -4.67276382]  yaw=-1.103  armed=False  vtol=3  batt=16.90V/100%
[telemetry_node-1] [INFO] [1784973746.564152389] [telemetry_node]: pos_ned=[-3.04324913  0.64666897 -4.58298302]  yaw=-1.104  armed=False  vtol=3  batt=16.93V/100%
[telemetry_node-1] [INFO] [1784973748.564299377] [telemetry_node]: pos_ned=[-2.99964118  0.5986737  -4.48765755]  yaw=-1.104  armed=False  vtol=3  batt=16.87V/100%
[telemetry_node-1] [INFO] [1784973750.564187586] [telemetry_node]: pos_ned=[-3.01236582  0.60836029 -4.4291153 ]  yaw=-1.105  armed=False  vtol=3  batt=16.89V/100%
[telemetry_node-1] [INFO] [1784973752.564106264] [telemetry_node]: pos_ned=[-3.06597853  0.60181391 -4.32330513]  yaw=-1.105  armed=False  vtol=3  batt=16.91V/100%
[telemetry_node-1] [INFO] [1784973754.564394980] [telemetry_node]: pos_ned=[-3.14487529  0.60191411 -4.19042778]  yaw=-1.103  armed=False  vtol=3  batt=16.88V/100%
[telemetry_node-1] [INFO] [1784973756.564694966] [telemetry_node]: pos_ned=[-3.18597388  0.5774743  -4.07510757]  yaw=-1.102  armed=False  vtol=3  batt=16.90V/100%
[telemetry_node-1] [INFO] [1784973758.564732247] [telemetry_node]: pos_ned=[-3.20793772  0.56769466 -3.99318504]  yaw=-1.100  armed=False  vtol=3  batt=16.91V/100%
[telemetry_node-1] [INFO] [1784973760.564347549] [telemetry_node]: pos_ned=[-3.24637318  0.53915846 -3.90412521]  yaw=-1.101  armed=False  vtol=3  batt=16.91V/100%
[telemetry_node-1] [INFO] [1784973762.564394800] [telemetry_node]: pos_ned=[-3.30139685  0.53735554 -3.82575989]  yaw=-1.100  armed=False  vtol=3  batt=16.88V/100%
[telemetry_node-1] [INFO] [1784973764.564169800] [telemetry_node]: pos_ned=[-3.3175137   0.54152775 -3.75668526]  yaw=-1.100  armed=False  vtol=3  batt=16.90V/100%
[telemetry_node-1] [INFO] [1784973766.564232441] [telemetry_node]: pos_ned=[-3.32582235  0.45426977 -3.65426064]  yaw=-1.100  armed=False  vtol=3  batt=16.73V/100%
[telemetry_node-1] [INFO] [1784973768.564106023] [telemetry_node]: pos_ned=[-3.33102107  0.42205349 -3.54221535]  yaw=-1.100  armed=False  vtol=3  batt=16.87V/100%
[telemetry_node-1] [INFO] [1784973770.563975962] [telemetry_node]: pos_ned=[-3.34202528  0.44068801 -3.45480156]  yaw=-1.100  armed=False  vtol=3  batt=16.89V/100%
[telemetry_node-1] [INFO] [1784973772.564143294] [telemetry_node]: pos_ned=[-3.30214596  0.41556561 -3.37382507]  yaw=-1.100  armed=False  vtol=3  batt=16.88V/100%
[telemetry_node-1] [INFO] [1784973774.564055496] [telemetry_node]: pos_ned=[-3.14786887  0.30911976 -3.27165985]  yaw=-1.100  armed=False  vtol=3  batt=16.88V/100%
[telemetry_node-1] [INFO] [1784973776.564016325] [telemetry_node]: pos_ned=[-3.06081462  0.20535062 -3.22200012]  yaw=-1.101  armed=False  vtol=3  batt=16.91V/100%
[telemetry_node-1] [INFO] [1784973778.564076380] [telemetry_node]: pos_ned=[-3.07032275  0.15374231 -3.24564934]  yaw=-1.102  armed=False  vtol=3  batt=16.89V/100%
[telemetry_node-1] [INFO] [1784973780.564402019] [telemetry_node]: pos_ned=[-3.15081096  0.15239534 -3.23008156]  yaw=-1.102  armed=False  vtol=3  batt=16.90V/100%
[telemetry_node-1] [INFO] [1784973782.564072702] [telemetry_node]: pos_ned=[-3.21482968  0.20186611 -3.28099823]  yaw=-1.103  armed=False  vtol=3  batt=16.88V/100%
[telemetry_node-1] [INFO] [1784973784.564030376] [telemetry_node]: pos_ned=[-3.21766019  0.20613514 -3.32970428]  yaw=-1.104  armed=False  vtol=3  batt=16.91V/100%
[telemetry_node-1] [INFO] [1784973786.564041011] [telemetry_node]: pos_ned=[-3.16795754  0.18164387 -3.35119629]  yaw=-1.103  armed=False  vtol=3  batt=16.90V/100%
[telemetry_node-1] [INFO] [1784973788.564143836] [telemetry_node]: pos_ned=[-3.15508151  0.20378187 -3.34888649]  yaw=-1.103  armed=False  vtol=3  batt=16.90V/100%
[telemetry_node-1] [INFO] [1784973790.564087506] [telemetry_node]: pos_ned=[-3.2091403   0.21118674 -3.34558868]  yaw=-1.103  armed=False  vtol=3  batt=16.91V/100%
[telemetry_node-1] [INFO] [1784973792.564144155] [telemetry_node]: pos_ned=[-3.21645522  0.20875525 -3.33283615]  yaw=-1.104  armed=False  vtol=3  batt=16.91V/100%
[telemetry_node-1] [INFO] [1784973794.564061612] [telemetry_node]: pos_ned=[-3.23919749  0.15504928 -3.29120636]  yaw=-1.103  armed=False  vtol=3  batt=16.89V/100%
[telemetry_node-1] [INFO] [1784973796.564231097] [telemetry_node]: pos_ned=[-3.27813053  0.10976258 -3.25874901]  yaw=-1.104  armed=False  vtol=3  batt=16.89V/100%
[telemetry_node-1] [INFO] [1784973798.564059117] [telemetry_node]: pos_ned=[-3.31133747  0.08467663 -3.30286026]  yaw=-1.104  armed=False  vtol=3  batt=16.89V/100%
[telemetry_node-1] [INFO] [1784973800.564170209] [telemetry_node]: pos_ned=[-3.33913255  0.09795381 -3.31449318]  yaw=-1.104  armed=False  vtol=3  batt=16.91V/100%
[telemetry_node-1] [INFO] [1784973802.564195575] [telemetry_node]: pos_ned=[-3.32098222  0.09877289 -3.35261536]  yaw=-1.104  armed=False  vtol=3  batt=16.90V/100%
[telemetry_node-1] [INFO] [1784973804.564256752] [telemetry_node]: pos_ned=[-3.31186247  0.1624791  -3.43107224]  yaw=-1.104  armed=False  vtol=3  batt=16.89V/100%
[telemetry_node-1] [INFO] [1784973806.564218201] [telemetry_node]: pos_ned=[-3.33039141  0.20935892 -3.45746231]  yaw=-1.103  armed=False  vtol=3  batt=16.89V/100%
[telemetry_node-1] [INFO] [1784973808.564141525] [telemetry_node]: pos_ned=[-3.34534669  0.30128899 -3.53679657]  yaw=-1.104  armed=False  vtol=3  batt=16.80V/100%
[telemetry_node-1] [INFO] [1784973810.564134294] [telemetry_node]: pos_ned=[-3.34307861  0.37531671 -3.65433884]  yaw=-1.104  armed=False  vtol=3  batt=16.90V/100%
[telemetry_node-1] [INFO] [1784973812.564196611] [telemetry_node]: pos_ned=[-3.33045506  0.3838104  -3.681036  ]  yaw=-1.103  armed=False  vtol=3  batt=16.92V/100%
[telemetry_node-1] [INFO] [1784973814.564209310] [telemetry_node]: pos_ned=[-3.28977895  0.4187645  -3.67298126]  yaw=-1.102  armed=False  vtol=3  batt=16.91V/100%
[telemetry_node-1] [INFO] [1784973816.564310024] [telemetry_node]: pos_ned=[-3.29179645  0.40775806 -3.62251472]  yaw=-1.104  armed=False  vtol=3  batt=16.91V/100%
[telemetry_node-1] [INFO] [1784973818.564217985] [telemetry_node]: pos_ned=[-3.23484659  0.43271899 -3.57038498]  yaw=-1.104  armed=False  vtol=3  batt=16.92V/100%
[telemetry_node-1] [INFO] [1784973820.564234361] [telemetry_node]: pos_ned=[-3.1936059   0.46013406 -3.56967163]  yaw=-1.103  armed=False  vtol=3  batt=16.90V/100%
[telemetry_node-1] [INFO] [1784973822.564149352] [telemetry_node]: pos_ned=[-3.16994882  0.44851351 -3.56402588]  yaw=-1.104  armed=False  vtol=3  batt=16.90V/100%
[telemetry_node-1] [INFO] [1784973824.564079782] [telemetry_node]: pos_ned=[-3.19182754  0.43387908 -3.59704399]  yaw=-1.104  armed=False  vtol=3  batt=16.89V/100%
[telemetry_node-1] [INFO] [1784973826.564149423] [telemetry_node]: pos_ned=[-3.17488599  0.42421338 -3.65119934]  yaw=-1.105  armed=False  vtol=3  batt=16.91V/100%
[telemetry_node-1] [INFO] [1784973828.564125531] [telemetry_node]: pos_ned=[-3.14076233  0.41377839 -3.70085716]  yaw=-1.106  armed=False  vtol=3  batt=16.91V/100%
[telemetry_node-1] [INFO] [1784973830.564083394] [telemetry_node]: pos_ned=[-3.14086246  0.43747666 -3.78419304]  yaw=-1.108  armed=False  vtol=3  batt=16.92V/100%
[telemetry_node-1] [INFO] [1784973832.564291628] [telemetry_node]: pos_ned=[-3.12764716  0.44602469 -3.82035637]  yaw=-1.110  armed=False  vtol=3  batt=16.89V/100%
[telemetry_node-1] [INFO] [1784973834.564096621] [telemetry_node]: pos_ned=[-3.12537861  0.49863806 -3.87601662]  yaw=-1.111  armed=False  vtol=3  batt=16.88V/100%
[telemetry_node-1] [INFO] [1784973836.564184504] [telemetry_node]: pos_ned=[-3.16670346  0.5605824  -3.93695259]  yaw=-1.110  armed=False  vtol=3  batt=16.91V/100%
[telemetry_node-1] [INFO] [1784973838.564240008] [telemetry_node]: pos_ned=[-3.17055011  0.57539964 -3.99655533]  yaw=-1.109  armed=False  vtol=3  batt=16.90V/100%
[telemetry_node-1] [INFO] [1784973840.564117415] [telemetry_node]: pos_ned=[-3.19601846  0.58502239 -4.03911781]  yaw=-1.109  armed=False  vtol=3  batt=16.92V/100%
[telemetry_node-1] [INFO] [1784973842.564061911] [telemetry_node]: pos_ned=[-3.12837958  0.63361156 -4.071064  ]  yaw=-1.113  armed=False  vtol=3  batt=16.87V/100%
[telemetry_node-1] [INFO] [1784973844.564238799] [telemetry_node]: pos_ned=[-3.05577493  0.65392959 -4.07369804]  yaw=-1.110  armed=False  vtol=3  batt=16.91V/100%
[telemetry_node-1] [INFO] [1784973846.564110451] [telemetry_node]: pos_ned=[-2.99838138  0.60122806 -4.03786659]  yaw=-1.114  armed=False  vtol=3  batt=16.85V/100%
[telemetry_node-1] [INFO] [1784973848.564472850] [telemetry_node]: pos_ned=[-2.92899227  0.52975172 -3.96952248]  yaw=-1.116  armed=False  vtol=3  batt=16.91V/100%
[telemetry_node-1] [INFO] [1784973850.564133282] [telemetry_node]: pos_ned=[-2.88285661  0.49296212 -3.90163994]  yaw=-1.120  armed=False  vtol=3  batt=16.85V/100%
[telemetry_node-1] [INFO] [1784973852.565298056] [telemetry_node]: pos_ned=[-2.84552002  0.47556898 -3.89263535]  yaw=-1.121  armed=False  vtol=3  batt=16.86V/100%
[telemetry_node-1] [INFO] [1784973854.564130808] [telemetry_node]: pos_ned=[-2.87071109  0.39485195 -3.80822563]  yaw=-1.121  armed=False  vtol=3  batt=16.91V/100%
[telemetry_node-1] [INFO] [1784973856.564074361] [telemetry_node]: pos_ned=[-2.90276837  0.38402206 -3.73269081]  yaw=-1.122  armed=False  vtol=3  batt=16.77V/100%
[telemetry_node-1] [INFO] [1784973858.564235929] [telemetry_node]: pos_ned=[-2.93798113  0.42639825 -3.67874718]  yaw=-1.124  armed=False  vtol=3  batt=16.89V/100%
[telemetry_node-1] [INFO] [1784973860.564053625] [telemetry_node]: pos_ned=[-2.95707893  0.44136333 -3.66427612]  yaw=-1.123  armed=False  vtol=3  batt=16.91V/100%
[telemetry_node-1] [INFO] [1784973862.564199566] [telemetry_node]: pos_ned=[-2.97762179  0.43374988 -3.68836021]  yaw=-1.124  armed=False  vtol=3  batt=16.88V/100%
[telemetry_node-1] [INFO] [1784973864.564040936] [telemetry_node]: pos_ned=[-2.98333168  0.44148299 -3.69613266]  yaw=-1.124  armed=False  vtol=3  batt=16.86V/100%
[telemetry_node-1] [INFO] [1784973866.564084268] [telemetry_node]: pos_ned=[-2.9607327   0.42523515 -3.68444443]  yaw=-1.125  armed=False  vtol=3  batt=16.91V/100%
[telemetry_node-1] [INFO] [1784973868.564262286] [telemetry_node]: pos_ned=[-2.97682881  0.40788832 -3.58987999]  yaw=-1.126  armed=False  vtol=3  batt=16.84V/100%
[telemetry_node-1] [INFO] [1784973870.564044332] [telemetry_node]: pos_ned=[-3.01006794  0.38786411 -3.45627403]  yaw=-1.126  armed=False  vtol=3  batt=16.90V/100%
[telemetry_node-1] [INFO] [1784973872.564025772] [telemetry_node]: pos_ned=[-3.00753903  0.36065072 -3.38248825]  yaw=-1.126  armed=False  vtol=3  batt=16.71V/100%
[telemetry_node-1] [INFO] [1784973874.563982770] [telemetry_node]: pos_ned=[-3.04494953  0.36457428 -3.42741203]  yaw=-1.125  armed=False  vtol=3  batt=16.89V/100%
[telemetry_node-1] [INFO] [1784973876.564112106] [telemetry_node]: pos_ned=[-3.04193497  0.39320463 -3.50612831]  yaw=-1.126  armed=False  vtol=3  batt=16.88V/100%
[telemetry_node-1] [INFO] [1784973878.564098813] [telemetry_node]: pos_ned=[-3.02677727  0.39626661 -3.54097176]  yaw=-1.126  armed=False  vtol=3  batt=16.89V/100%
[telemetry_node-1] [INFO] [1784973880.564069924] [telemetry_node]: pos_ned=[-3.05998516  0.36465529 -3.53591537]  yaw=-1.125  armed=False  vtol=3  batt=16.88V/100%
[telemetry_node-1] [INFO] [1784973882.564074812] [telemetry_node]: pos_ned=[-3.10557652  0.35794216 -3.55678368]  yaw=-1.124  armed=False  vtol=3  batt=16.92V/100%
[telemetry_node-1] [INFO] [1784973884.563919020] [telemetry_node]: pos_ned=[-3.20592713  0.3863802  -3.6469326 ]  yaw=-1.124  armed=False  vtol=3  batt=16.86V/100%
[telemetry_node-1] [INFO] [1784973886.564053686] [telemetry_node]: pos_ned=[-3.29986501  0.41629982 -3.73605919]  yaw=-1.124  armed=False  vtol=3  batt=16.85V/100%
[telemetry_node-1] [INFO] [1784973888.564046635] [telemetry_node]: pos_ned=[-3.33122277  0.44050482 -3.86027908]  yaw=-1.124  armed=False  vtol=3  batt=16.89V/100%
[telemetry_node-1] [INFO] [1784973890.564092569] [telemetry_node]: pos_ned=[-3.27287936  0.47601375 -4.01590919]  yaw=-1.124  armed=False  vtol=3  batt=16.85V/100%
[telemetry_node-1] [INFO] [1784973892.564037153] [telemetry_node]: pos_ned=[-3.22519708  0.51938784 -4.12757683]  yaw=-1.124  armed=False  vtol=3  batt=16.90V/100%
[telemetry_node-1] [INFO] [1784973894.563983239] [telemetry_node]: pos_ned=[-3.17717361  0.49257979 -4.18621635]  yaw=-1.124  armed=False  vtol=3  batt=16.89V/100%
[telemetry_node-1] [INFO] [1784973896.564027962] [telemetry_node]: pos_ned=[-3.14040351  0.47372743 -4.22162056]  yaw=-1.124  armed=False  vtol=3  batt=16.92V/100%
[telemetry_node-1] [INFO] [1784973898.563989649] [telemetry_node]: pos_ned=[-3.09685826  0.46074066 -4.24321556]  yaw=-1.125  armed=False  vtol=3  batt=16.91V/100%
[telemetry_node-1] [INFO] [1784973900.564038749] [telemetry_node]: pos_ned=[-3.04976392  0.3835707  -4.28397751]  yaw=-1.125  armed=False  vtol=3  batt=16.90V/100%
[telemetry_node-1] [INFO] [1784973902.564069154] [telemetry_node]: pos_ned=[-3.03984737  0.32666269 -4.2922287 ]  yaw=-1.125  armed=False  vtol=3  batt=16.90V/100%
[telemetry_node-1] [INFO] [1784973904.564031218] [telemetry_node]: pos_ned=[-3.02108645  0.31068459 -4.31158447]  yaw=-1.124  armed=False  vtol=3  batt=16.90V/100%
[telemetry_node-1] [INFO] [1784973906.564041335] [telemetry_node]: pos_ned=[-2.98011279  0.27725622 -4.30028915]  yaw=-1.125  armed=False  vtol=3  batt=16.89V/100%
[telemetry_node-1] [INFO] [1784973908.564058168] [telemetry_node]: pos_ned=[-2.94566035  0.2277617  -4.24722672]  yaw=-1.125  armed=False  vtol=3  batt=16.86V/100%
[telemetry_node-1] [INFO] [1784973910.564022997] [telemetry_node]: pos_ned=[-2.9567976  0.2129389 -4.1907177]  yaw=-1.125  armed=False  vtol=3  batt=16.88V/100%
[telemetry_node-1] [INFO] [1784973912.563990159] [telemetry_node]: pos_ned=[-2.93721533  0.16603254 -4.12140656]  yaw=-1.125  armed=False  vtol=3  batt=16.89V/100%
[telemetry_node-1] [INFO] [1784973914.563959562] [telemetry_node]: pos_ned=[-2.86373734  0.13243523 -4.02687263]  yaw=-1.125  armed=False  vtol=3  batt=16.90V/100%
[telemetry_node-1] [INFO] [1784973916.564442684] [telemetry_node]: pos_ned=[-2.81277657  0.10364253 -3.95137978]  yaw=-1.125  armed=False  vtol=3  batt=16.91V/100%
[telemetry_node-1] [INFO] [1784973918.563979059] [telemetry_node]: pos_ned=[-2.80729508  0.07991207 -3.89857864]  yaw=-1.125  armed=False  vtol=3  batt=16.89V/100%
[telemetry_node-1] [INFO] [1784973920.563958503] [telemetry_node]: pos_ned=[-2.81819701  0.08191556 -3.85865402]  yaw=-1.125  armed=False  vtol=3  batt=16.90V/100%
[telemetry_node-1] [INFO] [1784973922.564146339] [telemetry_node]: pos_ned=[-2.82091451  0.05204873 -3.78459167]  yaw=-1.124  armed=False  vtol=3  batt=16.87V/100%
[telemetry_node-1] [INFO] [1784973924.564099483] [telemetry_node]: pos_ned=[-2.80513144  0.0316321  -3.70323753]  yaw=-1.124  armed=False  vtol=3  batt=16.90V/100%
[telemetry_node-1] [INFO] [1784973926.564059776] [telemetry_node]: pos_ned=[-2.84310627  0.03880633 -3.60550499]  yaw=-1.119  armed=False  vtol=3  batt=16.83V/100%
[telemetry_node-1] [INFO] [1784973928.563972997] [telemetry_node]: pos_ned=[-2.83392239  0.04452897 -3.5201664 ]  yaw=-1.118  armed=False  vtol=3  batt=16.90V/100%
[telemetry_node-1] [INFO] [1784973930.564161057] [telemetry_node]: pos_ned=[-2.860044    0.03452761 -3.40729523]  yaw=-1.117  armed=False  vtol=3  batt=16.85V/100%
[telemetry_node-1] [INFO] [1784973932.564160599] [telemetry_node]: pos_ned=[-2.78252149  0.03775672 -3.32144547]  yaw=-1.119  armed=False  vtol=3  batt=16.88V/100%
[telemetry_node-1] [INFO] [1784973934.564118488] [telemetry_node]: pos_ned=[-2.71572924  0.03312596 -3.26951027]  yaw=-1.115  armed=False  vtol=3  batt=16.88V/100%
[telemetry_node-1] [INFO] [1784973936.564163783] [telemetry_node]: pos_ned=[-2.72749424  0.05904562 -3.25718307]  yaw=-1.113  armed=False  vtol=3  batt=16.74V/100%
[telemetry_node-1] [INFO] [1784973938.564192297] [telemetry_node]: pos_ned=[-2.72460055  0.10710004 -3.33399582]  yaw=-1.110  armed=False  vtol=3  batt=16.82V/100%
[telemetry_node-1] [INFO] [1784973940.564158571] [telemetry_node]: pos_ned=[-2.71858168  0.13025944 -3.42225647]  yaw=-1.113  armed=False  vtol=3  batt=16.89V/100%
[telemetry_node-1] [INFO] [1784973942.564199234] [telemetry_node]: pos_ned=[-2.67634702  0.14999188 -3.53535271]  yaw=-1.112  armed=False  vtol=3  batt=15.41V/100%
[telemetry_node-1] [INFO] [1784973944.564110786] [telemetry_node]: pos_ned=[-2.64801955  0.1797467  -3.57668495]  yaw=-1.113  armed=False  vtol=3  batt=0.00V/-1%
[telemetry_node-1] [INFO] [1784973946.564153486] [telemetry_node]: pos_ned=[-2.63054109  0.19661085 -3.57997322]  yaw=-1.117  armed=False  vtol=3  batt=0.00V/-1%
[telemetry_node-1] [INFO] [1784973948.564011406] [telemetry_node]: pos_ned=[-2.62727785  0.16465776 -3.58495712]  yaw=-1.121  armed=False  vtol=3  batt=0.00V/-1%
[telemetry_node-1] [INFO] [1784973950.564110705] [telemetry_node]: pos_ned=[-2.62002373  0.11185776 -3.57821846]  yaw=-1.122  armed=False  vtol=3  batt=0.00V/-1%
[telemetry_node-1] [INFO] [1784973952.564152213] [telemetry_node]: pos_ned=[-2.62311006  0.10248971 -3.58228302]  yaw=-1.124  armed=False  vtol=3  batt=0.00V/-1%
[telemetry_node-1] [INFO] [1784973954.564078727] [telemetry_node]: pos_ned=[-2.62992024  0.10322107 -3.60390663]  yaw=-1.124  armed=False  vtol=3  batt=0.00V/-1%
[telemetry_node-1] [INFO] [1784973956.564179179] [telemetry_node]: pos_ned=[-2.6581831   0.09524859 -3.59087753]  yaw=-1.124  armed=False  vtol=3  batt=0.00V/-1%
[telemetry_node-1] [INFO] [1784973958.564037930] [telemetry_node]: pos_ned=[-2.68937492  0.11991773 -3.57503128]  yaw=-1.125  armed=False  vtol=3  batt=0.00V/-1%
[telemetry_node-1] [INFO] [1784973960.564202936] [telemetry_node]: pos_ned=[-2.72589135  0.12785679 -3.55416298]  yaw=-1.124  armed=False  vtol=3  batt=0.00V/-1%
[telemetry_node-1] [INFO] [1784973962.564033067] [telemetry_node]: pos_ned=[-2.7390604   0.14619002 -3.57606506]  yaw=-1.124  armed=False  vtol=3  batt=0.00V/-1%
[telemetry_node-1] [INFO] [1784973964.564081848] [telemetry_node]: pos_ned=[-2.74345899  0.14855678 -3.59838104]  yaw=-1.124  armed=False  vtol=3  batt=0.00V/-1%
[telemetry_node-1] [INFO] [1784973966.564161098] [telemetry_node]: pos_ned=[-2.77154875  0.17999275 -3.61825371]  yaw=-1.124  armed=False  vtol=3  batt=0.00V/-1%
[telemetry_node-1] [INFO] [1784973968.564188441] [telemetry_node]: pos_ned=[-2.81858039  0.22018841 -3.64325714]  yaw=-1.124  armed=False  vtol=3  batt=0.00V/-1%
[telemetry_node-1] [INFO] [1784973970.564105484] [telemetry_node]: pos_ned=[-2.88249111  0.22079618 -3.67634773]  yaw=-1.121  armed=False  vtol=3  batt=0.00V/-1%
[telemetry_node-1] [INFO] [1784973972.564039466] [telemetry_node]: pos_ned=[-2.82470465  0.29574659 -3.67534447]  yaw=-1.123  armed=False  vtol=3  batt=0.00V/-1%
[telemetry_node-1] [INFO] [1784973974.564182542] [telemetry_node]: pos_ned=[-2.78319168  0.35135868 -3.67086792]  yaw=-1.123  armed=False  vtol=3  batt=0.00V/-1%
[telemetry_node-1] [INFO] [1784973976.564139787] [telemetry_node]: pos_ned=[-2.77257204  0.3743698  -3.68167114]  yaw=-1.123  armed=False  vtol=3  batt=0.00V/-1%
[telemetry_node-1] [INFO] [1784973978.564081013] [telemetry_node]: pos_ned=[-2.75830841  0.3808744  -3.67362785]  yaw=-1.124  armed=False  vtol=3  batt=0.00V/-1%
[telemetry_node-1] [INFO] [1784973980.564137287] [telemetry_node]: pos_ned=[-2.73669386  0.35296959 -3.56399918]  yaw=-1.124  armed=False  vtol=3  batt=0.00V/-1%
[telemetry_node-1] [INFO] [1784973982.564168401] [telemetry_node]: pos_ned=[-2.75149822  0.37439808 -3.44856834]  yaw=-1.125  armed=False  vtol=3  batt=0.00V/-1%
[telemetry_node-1] [INFO] [1784973984.564144041] [telemetry_node]: pos_ned=[-2.74146652  0.39079484 -3.3680954 ]  yaw=-1.125  armed=False  vtol=3  batt=0.00V/-1%
[telemetry_node-1] [INFO] [1784973986.563986856] [telemetry_node]: pos_ned=[-2.7317524   0.39723051 -3.35057259]  yaw=-1.125  armed=False  vtol=3  batt=0.00V/-1%
[telemetry_node-1] [INFO] [1784973988.564189937] [telemetry_node]: pos_ned=[-2.76237655  0.40517244 -3.37673569]  yaw=-1.125  armed=False  vtol=3  batt=0.00V/-1%
[telemetry_node-1] [INFO] [1784973990.564138409] [telemetry_node]: pos_ned=[-2.80316019  0.43545434 -3.45103455]  yaw=-1.125  armed=False  vtol=3  batt=0.00V/-1%
[telemetry_node-1] [INFO] [1784973992.564154162] [telemetry_node]: pos_ned=[-2.83889914  0.47163361 -3.47749329]  yaw=-1.125  armed=False  vtol=3  batt=0.00V/-1%
[telemetry_node-1] [INFO] [1784973994.564058111] [telemetry_node]: pos_ned=[-2.82967997  0.48700503 -3.47294998]  yaw=-1.125  armed=False  vtol=3  batt=0.00V/-1%
[telemetry_node-1] [INFO] [1784973996.564185540] [telemetry_node]: pos_ned=[-2.82836556  0.47209126 -3.46034813]  yaw=-1.123  armed=False  vtol=3  batt=0.00V/-1%
[telemetry_node-1] [INFO] [1784973998.564053884] [telemetry_node]: pos_ned=[-2.84321046  0.45117003 -3.41933823]  yaw=-1.128  armed=False  vtol=3  batt=0.00V/-1%
[telemetry_node-1] [INFO] [1784974000.564053190] [telemetry_node]: pos_ned=[-2.85970259  0.44230592 -3.34513474]  yaw=-1.127  armed=False  vtol=3  batt=0.00V/-1%
[telemetry_node-1] [INFO] [1784974002.563996533] [telemetry_node]: pos_ned=[-2.89374065  0.45437145 -3.31083298]  yaw=-1.127  armed=False  vtol=3  batt=0.00V/-1%
[telemetry_node-1] [INFO] [1784974004.564157448] [telemetry_node]: pos_ned=[-2.86685467  0.47833911 -3.29624367]  yaw=-1.128  armed=False  vtol=3  batt=0.00V/-1%
[telemetry_node-1] [INFO] [1784974006.564155246] [telemetry_node]: pos_ned=[-2.85107207  0.47936526 -3.25906563]  yaw=-1.128  armed=False  vtol=3  batt=0.00V/-1%
[telemetry_node-1] [INFO] [1784974008.564003973] [telemetry_node]: pos_ned=[-2.8494308   0.48981372 -3.26801682]  yaw=-1.129  armed=False  vtol=3  batt=0.00V/-1%
[telemetry_node-1] [INFO] [1784974010.563979374] [telemetry_node]: pos_ned=[-2.85447812  0.48874763 -3.28446579]  yaw=-1.129  armed=False  vtol=3  batt=0.00V/-1%
[telemetry_node-1] [INFO] [1784974012.564079078] [telemetry_node]: pos_ned=[-2.8342886   0.48891908 -3.30570221]  yaw=-1.128  armed=False  vtol=3  batt=0.00V/-1%
[telemetry_node-1] [INFO] [1784974014.563956566] [telemetry_node]: pos_ned=[-2.76581025  0.49520484 -3.28622246]  yaw=-1.129  armed=False  vtol=3  batt=0.00V/-1%
[telemetry_node-1] [INFO] [1784974016.563996412] [telemetry_node]: pos_ned=[-2.7093339   0.51544964 -3.30188751]  yaw=-1.126  armed=False  vtol=3  batt=0.00V/-1%
[telemetry_node-1] [INFO] [1784974018.564110241] [telemetry_node]: pos_ned=[-2.69070888  0.54760396 -3.35562325]  yaw=-1.124  armed=False  vtol=3  batt=0.00V/-1%
[telemetry_node-1] [INFO] [1784974020.563981934] [telemetry_node]: pos_ned=[-2.68144321  0.54286212 -3.38579369]  yaw=-1.123  armed=False  vtol=3  batt=0.00V/-1%
[telemetry_node-1] [INFO] [1784974022.564095163] [telemetry_node]: pos_ned=[-2.71368885  0.55996132 -3.42492294]  yaw=-1.129  armed=False  vtol=3  batt=0.00V/-1%
[telemetry_node-1] [INFO] [1784974024.564061900] [telemetry_node]: pos_ned=[-2.70118117  0.57753533 -3.50507927]  yaw=-1.134  armed=False  vtol=3  batt=0.00V/-1%
[telemetry_node-1] [INFO] [1784974026.564014402] [telemetry_node]: pos_ned=[-2.70233274  0.58340192 -3.51716614]  yaw=-1.132  armed=False  vtol=3  batt=0.00V/-1%
[telemetry_node-1] [INFO] [1784974028.564046272] [telemetry_node]: pos_ned=[-2.75640559  0.59783381 -3.48546982]  yaw=-1.132  armed=False  vtol=3  batt=0.00V/-1%
[telemetry_node-1] [INFO] [1784974030.564045665] [telemetry_node]: pos_ned=[-2.8266027   0.64569908 -3.46079636]  yaw=-1.134  armed=False  vtol=3  batt=0.00V/-1%
[telemetry_node-1] [INFO] [1784974032.564121414] [telemetry_node]: pos_ned=[-2.82277203  0.67435122 -3.41520119]  yaw=-1.133  armed=False  vtol=3  batt=0.00V/-1%
[telemetry_node-1] [INFO] [1784974034.563993148] [telemetry_node]: pos_ned=[-2.80555701  0.72235429 -3.35864449]  yaw=-1.134  armed=False  vtol=3  batt=0.00V/-1%
[telemetry_node-1] [INFO] [1784974036.563974266] [telemetry_node]: pos_ned=[-2.8492825   0.79672641 -3.31067276]  yaw=-1.133  armed=False  vtol=3  batt=0.00V/-1%
[telemetry_node-1] [INFO] [1784974038.564137178] [telemetry_node]: pos_ned=[-2.86874819  0.82872468 -3.24555779]  yaw=-1.133  armed=False  vtol=3  batt=0.00V/-1%
[telemetry_node-1] [INFO] [1784974040.564106940] [telemetry_node]: pos_ned=[-2.85675931  0.84136152 -3.15323639]  yaw=-1.132  armed=False  vtol=3  batt=0.00V/-1%
[telemetry_node-1] [INFO] [1784974042.563965406] [telemetry_node]: pos_ned=[-2.83853388  0.87084419 -3.04668045]  yaw=-1.132  armed=False  vtol=3  batt=0.00V/-1%
[telemetry_node-1] [INFO] [1784974044.564113542] [telemetry_node]: pos_ned=[-2.81441474  0.8993634  -2.98053741]  yaw=-1.132  armed=False  vtol=3  batt=0.00V/-1%
[telemetry_node-1] [INFO] [1784974046.563979712] [telemetry_node]: pos_ned=[-2.82461762  0.91061145 -2.9556179 ]  yaw=-1.132  armed=False  vtol=3  batt=0.00V/-1%
[telemetry_node-1] [INFO] [1784974048.564016459] [telemetry_node]: pos_ned=[-2.88303256  0.89561582 -2.97815323]  yaw=-1.132  armed=False  vtol=3  batt=0.00V/-1%
[telemetry_node-1] [INFO] [1784974050.563993647] [telemetry_node]: pos_ned=[-2.95235705  0.96821147 -3.0491848 ]  yaw=-1.140  armed=False  vtol=3  batt=0.00V/-1%
[telemetry_node-1] [INFO] [1784974052.564049678] [telemetry_node]: pos_ned=[-2.85465956  1.03208101 -3.11460686]  yaw=-1.152  armed=False  vtol=3  batt=0.00V/-1%
[telemetry_node-1] [INFO] [1784974054.564020456] [telemetry_node]: pos_ned=[-2.82211661  1.02549577 -3.18651199]  yaw=-1.152  armed=False  vtol=3  batt=0.00V/-1%
[telemetry_node-1] [INFO] [1784974056.563940379] [telemetry_node]: pos_ned=[-2.88987565  1.03487825 -3.31495476]  yaw=-1.151  armed=False  vtol=3  batt=0.00V/-1%
[telemetry_node-1] [INFO] [1784974058.564141881] [telemetry_node]: pos_ned=[-2.94522429  1.0405345  -3.40616798]  yaw=-1.150  armed=False  vtol=3  batt=0.00V/-1%
[telemetry_node-1] [INFO] [1784974060.563983253] [telemetry_node]: pos_ned=[-2.96128607  1.04664242 -3.47901917]  yaw=-1.150  armed=False  vtol=3  batt=0.00V/-1%
[telemetry_node-1] [INFO] [1784974062.564012570] [telemetry_node]: pos_ned=[-2.9832046   1.0340749  -3.54449272]  yaw=-1.149  armed=False  vtol=3  batt=0.00V/-1%
[telemetry_node-1] [INFO] [1784974064.564176896] [telemetry_node]: pos_ned=[-3.02015948  1.06777012 -3.65182877]  yaw=-1.150  armed=False  vtol=3  batt=0.00V/-1%
[telemetry_node-1] [INFO] [1784974066.563978457] [telemetry_node]: pos_ned=[-3.05087948  1.07976174 -3.76884842]  yaw=-1.149  armed=False  vtol=3  batt=0.00V/-1%
[telemetry_node-1] [INFO] [1784974068.564006926] [telemetry_node]: pos_ned=[-3.15245867  1.07047057 -3.81239891]  yaw=-1.151  armed=False  vtol=3  batt=0.00V/-1%
[telemetry_node-1] [INFO] [1784974070.563942596] [telemetry_node]: pos_ned=[-3.24089241  1.07361484 -3.82214165]  yaw=-1.153  armed=False  vtol=3  batt=0.00V/-1%
[telemetry_node-1] [INFO] [1784974072.564131610] [telemetry_node]: pos_ned=[-3.30030942  1.04524231 -3.82725525]  yaw=-1.155  armed=False  vtol=3  batt=0.00V/-1%
[telemetry_node-1] [INFO] [1784974074.564000972] [telemetry_node]: pos_ned=[-3.32088089  1.00804043 -3.88064575]  yaw=-1.155  armed=False  vtol=3  batt=0.00V/-1%
[telemetry_node-1] [INFO] [1784974076.564012518] [telemetry_node]: pos_ned=[-3.27874088  0.96751511 -3.92933273]  yaw=-1.155  armed=False  vtol=3  batt=0.00V/-1%
[telemetry_node-1] [INFO] [1784974078.564073017] [telemetry_node]: pos_ned=[-3.28937244  0.93813628 -3.91280556]  yaw=-1.153  armed=False  vtol=3  batt=0.00V/-1%
[telemetry_node-1] [INFO] [1784974080.564012645] [telemetry_node]: pos_ned=[-3.37630081  0.94809562 -3.92870522]  yaw=-1.148  armed=False  vtol=3  batt=0.00V/-1%
[telemetry_node-1] [INFO] [1784974082.563889143] [telemetry_node]: pos_ned=[-3.39860129  0.95881075 -3.92650032]  yaw=-1.149  armed=False  vtol=3  batt=0.00V/-1%
[telemetry_node-1] [INFO] [1784974084.564245078] [telemetry_node]: pos_ned=[-3.42577696  1.01316297 -4.02726173]  yaw=-1.149  armed=False  vtol=3  batt=0.00V/-1%
[telemetry_node-1] [INFO] [1784974086.564082784] [telemetry_node]: pos_ned=[-3.45344257  1.03577411 -4.11800385]  yaw=-1.147  armed=False  vtol=3  batt=0.00V/-1%
[telemetry_node-1] [INFO] [1784974088.564016389] [telemetry_node]: pos_ned=[-3.42598176  1.03261089 -4.15531921]  yaw=-1.150  armed=False  vtol=3  batt=0.00V/-1%
[telemetry_node-1] [INFO] [1784974090.564035466] [telemetry_node]: pos_ned=[-3.38274312  1.02416766 -4.16749763]  yaw=-1.150  armed=False  vtol=3  batt=0.00V/-1%
[telemetry_node-1] [INFO] [1784974092.564014900] [telemetry_node]: pos_ned=[-3.35340071  0.99367249 -4.13704681]  yaw=-1.150  armed=False  vtol=3  batt=0.00V/-1%
[telemetry_node-1] [INFO] [1784974094.563924488] [telemetry_node]: pos_ned=[-3.35015154  0.9786343  -4.08973503]  yaw=-1.149  armed=False  vtol=3  batt=0.00V/-1%
[telemetry_node-1] [INFO] [1784974096.563979021] [telemetry_node]: pos_ned=[-3.36285567  0.9478541  -4.04297638]  yaw=-1.149  armed=False  vtol=3  batt=0.00V/-1%
[telemetry_node-1] [INFO] [1784974098.564066942] [telemetry_node]: pos_ned=[-3.3755765   0.92158973 -4.0324688 ]  yaw=-1.148  armed=False  vtol=3  batt=0.00V/-1%
[telemetry_node-1] [INFO] [1784974100.564051967] [telemetry_node]: pos_ned=[-3.39389086  0.84763938 -4.02491188]  yaw=-1.148  armed=False  vtol=3  batt=0.00V/-1%
[telemetry_node-1] [INFO] [1784974102.564023515] [telemetry_node]: pos_ned=[-3.45226502  0.7750448  -4.02527237]  yaw=-1.147  armed=False  vtol=3  batt=0.00V/-1%
[telemetry_node-1] [INFO] [1784974104.563973182] [telemetry_node]: pos_ned=[-3.48556018  0.72212476 -4.07200432]  yaw=-1.150  armed=False  vtol=3  batt=0.00V/-1%
[telemetry_node-1] [INFO] [1784974106.564175785] [telemetry_node]: pos_ned=[-3.51441216  0.6393441  -4.12047958]  yaw=-1.149  armed=False  vtol=3  batt=0.00V/-1%
[telemetry_node-1] [INFO] [1784974108.564082261] [telemetry_node]: pos_ned=[-3.5210669   0.60600072 -4.16244125]  yaw=-1.151  armed=False  vtol=3  batt=0.00V/-1%
[telemetry_node-1] [INFO] [1784974110.564136363] [telemetry_node]: pos_ned=[-3.63509488  0.59950352 -4.27010345]  yaw=-1.159  armed=False  vtol=3  batt=0.00V/-1%
[telemetry_node-1] [INFO] [1784974112.564054360] [telemetry_node]: pos_ned=[-3.73734283  0.5891344  -4.34585571]  yaw=-1.163  armed=False  vtol=3  batt=0.00V/-1%
[telemetry_node-1] [INFO] [1784974114.564176628] [telemetry_node]: pos_ned=[-3.68743801  0.56607664 -4.33691025]  yaw=-1.164  armed=False  vtol=3  batt=0.00V/-1%
[telemetry_node-1] [INFO] [1784974116.564098873] [telemetry_node]: pos_ned=[-3.60182214  0.54422331 -4.29166222]  yaw=-1.161  armed=False  vtol=3  batt=0.00V/-1%
[telemetry_node-1] [INFO] [1784974118.564111542] [telemetry_node]: pos_ned=[-3.58320475  0.47850898 -4.26176834]  yaw=-1.160  armed=False  vtol=3  batt=0.00V/-1%
[telemetry_node-1] [INFO] [1784974120.564378512] [telemetry_node]: pos_ned=[-3.54468894  0.41839021 -4.25165176]  yaw=-1.162  armed=False  vtol=3  batt=0.00V/-1%
[telemetry_node-1] [INFO] [1784974122.564109494] [telemetry_node]: pos_ned=[-3.53441358  0.38148865 -4.2719574 ]  yaw=-1.164  armed=False  vtol=3  batt=0.00V/-1%
[telemetry_node-1] [INFO] [1784974124.564095129] [telemetry_node]: pos_ned=[-3.52885795  0.36924565 -4.28574371]  yaw=-1.165  armed=False  vtol=3  batt=0.00V/-1%
[telemetry_node-1] [INFO] [1784974126.564125712] [telemetry_node]: pos_ned=[-3.50502157  0.33713973 -4.27913666]  yaw=-1.163  armed=False  vtol=3  batt=0.00V/-1%
[telemetry_node-1] [INFO] [1784974128.564171966] [telemetry_node]: pos_ned=[-3.5059998  0.3089838 -4.249506 ]  yaw=-1.164  armed=False  vtol=3  batt=0.00V/-1%
[telemetry_node-1] [INFO] [1784974130.564113088] [telemetry_node]: pos_ned=[-3.49937248  0.27942884 -4.21655655]  yaw=-1.165  armed=False  vtol=3  batt=0.00V/-1%
[telemetry_node-1] [INFO] [1784974132.564231097] [telemetry_node]: pos_ned=[-3.47271037  0.27466893 -4.2307682 ]  yaw=-1.164  armed=False  vtol=3  batt=0.00V/-1%
[telemetry_node-1] [INFO] [1784974134.564241169] [telemetry_node]: pos_ned=[-3.47838569  0.27433148 -4.23638153]  yaw=-1.164  armed=False  vtol=3  batt=0.00V/-1%
[telemetry_node-1] [INFO] [1784974136.564437416] [telemetry_node]: pos_ned=[-3.52528214  0.27749088 -4.19724083]  yaw=-1.163  armed=False  vtol=3  batt=0.00V/-1%
[telemetry_node-1] [INFO] [1784974138.564335323] [telemetry_node]: pos_ned=[-3.54111648  0.30252606 -4.22809029]  yaw=-1.163  armed=False  vtol=3  batt=0.00V/-1%
[telemetry_node-1] [INFO] [1784974140.564276693] [telemetry_node]: pos_ned=[-3.49295282  0.29250398 -4.26157379]  yaw=-1.164  armed=False  vtol=3  batt=0.00V/-1%
[telemetry_node-1] [INFO] [1784974142.564122922] [telemetry_node]: pos_ned=[-3.45086551  0.2896218  -4.27671623]  yaw=-1.163  armed=False  vtol=3  batt=0.00V/-1%
[telemetry_node-1] [INFO] [1784974144.564260149] [telemetry_node]: pos_ned=[-3.38727427  0.25540328 -4.26656532]  yaw=-1.163  armed=False  vtol=3  batt=0.00V/-1%
[telemetry_node-1] [INFO] [1784974146.564155556] [telemetry_node]: pos_ned=[-3.32603049  0.22906168 -4.20357513]  yaw=-1.164  armed=False  vtol=3  batt=0.00V/-1%
[telemetry_node-1] [INFO] [1784974148.564057545] [telemetry_node]: pos_ned=[-3.25603366  0.24598311 -4.14076424]  yaw=-1.162  armed=False  vtol=3  batt=0.00V/-1%
[telemetry_node-1] [INFO] [1784974150.564311156] [telemetry_node]: pos_ned=[-3.25923944  0.25253317 -4.14327049]  yaw=-1.162  armed=False  vtol=3  batt=0.00V/-1%
[telemetry_node-1] [INFO] [1784974152.564712425] [telemetry_node]: pos_ned=[-3.27873254  0.21229954 -4.12687302]  yaw=-1.163  armed=False  vtol=3  batt=0.00V/-1%
[telemetry_node-1] [INFO] [1784974154.564164564] [telemetry_node]: pos_ned=[-3.32434964  0.19763927 -4.09950829]  yaw=-1.159  armed=False  vtol=3  batt=0.00V/-1%
[telemetry_node-1] [INFO] [1784974156.563962088] [telemetry_node]: pos_ned=[-3.37101531  0.24462508 -4.18100548]  yaw=-1.160  armed=False  vtol=3  batt=0.00V/-1%
[telemetry_node-1] [INFO] [1784974158.564108849] [telemetry_node]: pos_ned=[-3.3966856   0.18174413 -4.17583847]  yaw=-1.159  armed=False  vtol=3  batt=0.00V/-1%
[telemetry_node-1] [INFO] [1784974160.564314392] [telemetry_node]: pos_ned=[-3.40697312  0.17497501 -4.13696861]  yaw=-1.156  armed=False  vtol=3  batt=0.00V/-1%
[telemetry_node-1] [INFO] [1784974162.564340245] [telemetry_node]: pos_ned=[-3.4324038   0.20135991 -4.13624573]  yaw=-1.160  armed=False  vtol=3  batt=0.00V/-1%
[telemetry_node-1] [INFO] [1784974164.563947104] [telemetry_node]: pos_ned=[-3.42090344  0.18420778 -4.16331863]  yaw=-1.160  armed=False  vtol=3  batt=0.00V/-1%
[telemetry_node-1] [INFO] [1784974166.564412608] [telemetry_node]: pos_ned=[-3.40950823  0.16045029 -4.19527435]  yaw=-1.161  armed=False  vtol=3  batt=0.00V/-1%
[telemetry_node-1] [INFO] [1784974168.564267263] [telemetry_node]: pos_ned=[-3.36820221  0.13367498 -4.21175194]  yaw=-1.162  armed=False  vtol=3  batt=0.00V/-1%
[telemetry_node-1] [INFO] [1784974170.564179606] [telemetry_node]: pos_ned=[-3.34696746  0.13575377 -4.23284721]  yaw=-1.163  armed=False  vtol=3  batt=0.00V/-1%
[telemetry_node-1] [INFO] [1784974172.564039418] [telemetry_node]: pos_ned=[-3.26075959  0.10846852 -4.28511238]  yaw=-1.163  armed=False  vtol=3  batt=0.00V/-1%
[telemetry_node-1] [INFO] [1784974174.564636263] [telemetry_node]: pos_ned=[-3.21176648  0.09717344 -4.31674385]  yaw=-1.162  armed=False  vtol=3  batt=0.00V/-1%
[telemetry_node-1] [INFO] [1784974176.564096961] [telemetry_node]: pos_ned=[-3.23826361  0.04830763 -4.34727669]  yaw=-1.165  armed=False  vtol=3  batt=0.00V/-1%
[telemetry_node-1] [INFO] [1784974178.564239515] [telemetry_node]: pos_ned=[-3.27216172  0.03545108 -4.35448074]  yaw=-1.170  armed=False  vtol=3  batt=0.00V/-1%
[telemetry_node-1] [INFO] [1784974180.564100248] [telemetry_node]: pos_ned=[-3.16175294  0.02012173 -4.36565399]  yaw=-1.170  armed=False  vtol=3  batt=0.00V/-1%
[telemetry_node-1] [INFO] [1784974182.564290610] [telemetry_node]: pos_ned=[-3.15509892  0.05570662 -4.40505219]  yaw=-1.164  armed=False  vtol=3  batt=0.00V/-1%
[telemetry_node-1] [INFO] [1784974184.564126417] [telemetry_node]: pos_ned=[-3.24345684  0.05495735 -4.46418571]  yaw=-1.165  armed=False  vtol=3  batt=0.00V/-1%
[telemetry_node-1] [INFO] [1784974186.563941942] [telemetry_node]: pos_ned=[-3.20732975  0.08465608 -4.52876282]  yaw=-1.175  armed=False  vtol=3  batt=0.00V/-1%
[telemetry_node-1] [INFO] [1784974188.564325037] [telemetry_node]: pos_ned=[-3.20522857  0.10842324 -4.58190727]  yaw=-1.175  armed=False  vtol=3  batt=0.00V/-1%
[telemetry_node-1] [INFO] [1784974190.563960139] [telemetry_node]: pos_ned=[-3.24217057  0.12835369 -4.6230526 ]  yaw=-1.175  armed=False  vtol=3  batt=0.00V/-1%
[telemetry_node-1] [INFO] [1784974192.564289592] [telemetry_node]: pos_ned=[-3.30903506  0.17506975 -4.70095634]  yaw=-1.170  armed=False  vtol=3  batt=0.00V/-1%
[telemetry_node-1] [INFO] [1784974194.564161630] [telemetry_node]: pos_ned=[-3.33538747  0.1998482  -4.7299633 ]  yaw=-1.169  armed=False  vtol=3  batt=0.00V/-1%
[telemetry_node-1] [INFO] [1784974196.564046835] [telemetry_node]: pos_ned=[-3.31504869  0.17384399 -4.75518417]  yaw=-1.167  armed=False  vtol=3  batt=0.00V/-1%
[telemetry_node-1] [INFO] [1784974198.563965312] [telemetry_node]: pos_ned=[-3.3318162   0.20339046 -4.8316803 ]  yaw=-1.173  armed=False  vtol=3  batt=0.00V/-1%
[telemetry_node-1] [INFO] [1784974200.563970619] [telemetry_node]: pos_ned=[-3.31530237  0.28014013 -4.91206932]  yaw=-1.178  armed=False  vtol=3  batt=0.00V/-1%
[telemetry_node-1] [INFO] [1784974202.563980040] [telemetry_node]: pos_ned=[-3.37205338  0.36181238 -5.01333237]  yaw=-1.180  armed=False  vtol=3  batt=0.00V/-1%
[telemetry_node-1] [INFO] [1784974204.564409127] [telemetry_node]: pos_ned=[-3.47552657  0.4676823  -5.15904045]  yaw=-1.192  armed=False  vtol=3  batt=0.00V/-1%
[telemetry_node-1] [INFO] [1784974206.564400719] [telemetry_node]: pos_ned=[-3.61736822  0.60052192 -5.33199883]  yaw=-1.182  armed=False  vtol=3  batt=16.91V/100%
[telemetry_node-1] [INFO] [1784974208.564430950] [telemetry_node]: pos_ned=[-3.72563577  0.70872027 -5.48551369]  yaw=-1.169  armed=False  vtol=3  batt=0.00V/-1%
[telemetry_node-1] [INFO] [1784974210.564211137] [telemetry_node]: pos_ned=[-3.77045155  0.81229293 -5.6048584 ]  yaw=-1.173  armed=False  vtol=3  batt=0.00V/-1%
[telemetry_node-1] [INFO] [1784974212.564493606] [telemetry_node]: pos_ned=[-3.79588079  0.85596251 -5.6824646 ]  yaw=-1.173  armed=False  vtol=3  batt=0.00V/-1%
[telemetry_node-1] [INFO] [1784974214.564482793] [telemetry_node]: pos_ned=[-3.78090668  0.87030977 -5.7290287 ]  yaw=-1.174  armed=False  vtol=3  batt=0.00V/-1%
