[INFO] [launch]: All log files can be found below /root/.ros/log/2026-07-27-23-08-11-612962-DESKTOP-Kilogram-1131
[INFO] [launch]: Default logging verbosity is set to INFO
[INFO] [telemetry_node-1]: process started with pid [1146]
[INFO] [offboard_node-2]: process started with pid [1148]
[offboard_node-2] [INFO] [1785161292.610514254] [offboard_node]: 경로 계획 시작 — planner=eta3 WP 3개 v_cruise=20.0 → 예상 약 75s 블로킹. 이 동안 노드는 응답하지 않는다 — 죽은 것이 아니니 재기동 금지 (재기동하면 중복 인스턴스가 된다).
[telemetry_node-1] [INFO] [1785161294.515816209] [telemetry_node]: pos_ned=[-0.02558701 -0.01952428 -0.0414186 ]  yaw=1.636  armed=False  vtol=3  batt=16.20V/100%
[telemetry_node-1] [INFO] [1785161298.450777368] [telemetry_node]: pos_ned=[-0.02208277 -0.01588813 -0.04290871]  yaw=1.635  armed=False  vtol=3  batt=16.20V/100%
[telemetry_node-1] [INFO] [1785161298.470729186] [telemetry_node]: pos_ned=[-0.02192479 -0.01511236 -0.04278868]  yaw=1.635  armed=False  vtol=3  batt=16.20V/100%
[telemetry_node-1] [INFO] [1785161300.471287425] [telemetry_node]: pos_ned=[-0.02214037  0.01838017 -0.0393553 ]  yaw=1.635  armed=False  vtol=3  batt=16.20V/100%
[telemetry_node-1] [INFO] [1785161302.470488254] [telemetry_node]: pos_ned=[-0.02080911  0.00238586 -0.00744415]  yaw=1.633  armed=False  vtol=3  batt=16.20V/100%
[telemetry_node-1] [INFO] [1785161304.469773920] [telemetry_node]: pos_ned=[-0.0337676   0.01337059  0.01338401]  yaw=1.633  armed=False  vtol=3  batt=16.20V/100%
[telemetry_node-1] [INFO] [1785161306.471523529] [telemetry_node]: pos_ned=[-0.01568447  0.00595674 -0.01327392]  yaw=1.630  armed=False  vtol=3  batt=16.20V/100%
[telemetry_node-1] [INFO] [1785161308.471835998] [telemetry_node]: pos_ned=[-0.04224506 -0.00501432 -0.03246858]  yaw=1.630  armed=False  vtol=3  batt=16.20V/100%
[telemetry_node-1] [INFO] [1785161310.469980487] [telemetry_node]: pos_ned=[-0.02036588 -0.00526415 -0.03459806]  yaw=1.631  armed=False  vtol=3  batt=16.20V/100%
[telemetry_node-1] [INFO] [1785161312.473471145] [telemetry_node]: pos_ned=[-0.00734375  0.01501022 -0.00968254]  yaw=1.630  armed=False  vtol=3  batt=16.20V/100%
[telemetry_node-1] [INFO] [1785161314.470119207] [telemetry_node]: pos_ned=[-0.00769824 -0.00855787  0.01055519]  yaw=1.630  armed=False  vtol=3  batt=16.20V/100%
[telemetry_node-1] [INFO] [1785161316.470194371] [telemetry_node]: pos_ned=[-0.01490916  0.00577318  0.00146578]  yaw=1.630  armed=False  vtol=3  batt=16.20V/100%
[telemetry_node-1] [INFO] [1785161318.470488404] [telemetry_node]: pos_ned=[-0.01767898 -0.00929808 -0.01852915]  yaw=1.629  armed=False  vtol=3  batt=16.20V/100%
[telemetry_node-1] [INFO] [1785161320.470748680] [telemetry_node]: pos_ned=[-0.01882942 -0.00085808 -0.01897611]  yaw=1.628  armed=False  vtol=3  batt=16.20V/100%
[telemetry_node-1] [INFO] [1785161322.470067088] [telemetry_node]: pos_ned=[-0.02730492 -0.0122056  -0.01170468]  yaw=1.629  armed=False  vtol=3  batt=16.20V/100%
[telemetry_node-1] [INFO] [1785161324.470742703] [telemetry_node]: pos_ned=[-0.01765775 -0.01286387 -0.00497746]  yaw=1.630  armed=False  vtol=3  batt=16.20V/100%
[telemetry_node-1] [INFO] [1785161326.471368492] [telemetry_node]: pos_ned=[-0.00946036  0.00551237  0.01413032]  yaw=1.632  armed=False  vtol=3  batt=16.20V/100%
[telemetry_node-1] [INFO] [1785161328.472373389] [telemetry_node]: pos_ned=[-0.03114233  0.01129486  0.00642248]  yaw=1.631  armed=False  vtol=3  batt=16.20V/100%
[telemetry_node-1] [INFO] [1785161330.471392782] [telemetry_node]: pos_ned=[-0.01371614 -0.01921005  0.11452117]  yaw=1.630  armed=False  vtol=3  batt=16.20V/100%
[telemetry_node-1] [INFO] [1785161334.491907126] [telemetry_node]: pos_ned=[-0.01980036 -0.01225478  0.12868652]  yaw=1.630  armed=False  vtol=3  batt=16.20V/100%
[telemetry_node-1] [INFO] [1785161336.470047274] [telemetry_node]: pos_ned=[-0.01717127 -0.01994462  0.12148889]  yaw=1.630  armed=False  vtol=3  batt=16.20V/100%
[telemetry_node-1] [INFO] [1785161338.470126910] [telemetry_node]: pos_ned=[-0.02363656  0.00935125  0.11088466]  yaw=1.629  armed=False  vtol=3  batt=16.20V/100%
[telemetry_node-1] [INFO] [1785161340.471393259] [telemetry_node]: pos_ned=[-0.01972111  0.02007923  0.11957691]  yaw=1.628  armed=False  vtol=3  batt=16.20V/100%
[telemetry_node-1] [INFO] [1785161342.470764487] [telemetry_node]: pos_ned=[-0.03267352  0.02282576  0.11361303]  yaw=1.627  armed=False  vtol=3  batt=16.20V/100%
[telemetry_node-1] [INFO] [1785161344.470542960] [telemetry_node]: pos_ned=[-0.01801372  0.00380098  0.07870614]  yaw=1.626  armed=False  vtol=3  batt=16.20V/100%
[telemetry_node-1] [INFO] [1785161346.470510101] [telemetry_node]: pos_ned=[-0.01800747 -0.00711781  0.08460262]  yaw=1.627  armed=False  vtol=3  batt=16.20V/100%
[telemetry_node-1] [INFO] [1785161348.470229089] [telemetry_node]: pos_ned=[-0.00553115 -0.00987003  0.08253387]  yaw=1.625  armed=False  vtol=3  batt=16.20V/100%
[telemetry_node-1] [INFO] [1785161350.469891636] [telemetry_node]: pos_ned=[-0.01537116 -0.00565949  0.12934864]  yaw=1.622  armed=False  vtol=3  batt=16.20V/100%
[telemetry_node-1] [INFO] [1785161352.470996710] [telemetry_node]: pos_ned=[-0.0313945  -0.01069084  0.15980417]  yaw=1.619  armed=False  vtol=3  batt=16.20V/100%
[telemetry_node-1] [INFO] [1785161354.469560148] [telemetry_node]: pos_ned=[-0.04903153  0.00392462  0.17162377]  yaw=1.618  armed=False  vtol=3  batt=16.20V/100%
[offboard_node-2] [Eta3ClothoidPlannerV3] WARNING: NR pos residual 5.057m is large. affine correction guarantees WP passage but curve may be deformed.
[offboard_node-2] [INFO] [1785161355.700334754] [offboard_node]: 경로 계획 완료 — 소요 55.9s (예상 75s), 경로점 415개, 전장 400.0m
[offboard_node-2] [INFO] [1785161355.825057163] [offboard_node]: ARM 요청
[telemetry_node-1] [INFO] [1785161356.470038256] [telemetry_node]: pos_ned=[-0.04241581 -0.04373671  0.19430414]  yaw=1.613  armed=False  vtol=3  batt=16.20V/100%
[offboard_node-2] [INFO] [1785161356.825495100] [offboard_node]: 경로 원점 = 이륙지점 [N=-0.04, E=-0.04, h_up=0.20] 적용 (frame=takeoff) → WP0=[-0.04,-0.04] 순항고도 h_up=50.20
[offboard_node-2] [INFO] [1785161356.826287547] [offboard_node]: 거리 상한 감시 활성 1500m (이륙지점 기준 수평, 경로 최원점 283m)
[offboard_node-2] [INFO] [1785161356.828108265] [offboard_node]: CommandTOL 이륙 요청 alt=50.3m AMSL (지면 0.3+50.0) -> CLIMBING
[telemetry_node-1] [INFO] [1785161358.469625243] [telemetry_node]: pos_ned=[ 0.00748003 -0.02174654  0.18823814]  yaw=1.611  armed=True  vtol=3  batt=16.17V/99%
[telemetry_node-1] [INFO] [1785161360.469466165] [telemetry_node]: pos_ned=[ 0.02412778 -0.00769707  0.35545138]  yaw=1.608  armed=True  vtol=3  batt=16.11V/97%
[telemetry_node-1] [INFO] [1785161362.469696717] [telemetry_node]: pos_ned=[ 0.01158799 -0.02941048  2.48718572]  yaw=1.596  armed=True  vtol=3  batt=16.05V/93%
[telemetry_node-1] [INFO] [1785161364.469534785] [telemetry_node]: pos_ned=[ 0.04855049 -0.00805548  5.0893321 ]  yaw=1.589  armed=True  vtol=3  batt=15.99V/90%
[telemetry_node-1] [INFO] [1785161366.469941513] [telemetry_node]: pos_ned=[ 0.04605342 -0.01573969  7.8329978 ]  yaw=1.587  armed=True  vtol=3  batt=15.93V/87%
[telemetry_node-1] [INFO] [1785161370.273961938] [telemetry_node]: pos_ned=[ 4.59139571e-02 -6.22594450e-03  8.16826057e+00]  yaw=1.587  armed=True  vtol=3  batt=15.93V/87%
[telemetry_node-1] [INFO] [1785161370.469697870] [telemetry_node]: pos_ned=[4.35490720e-02 6.99259574e-03 8.45729065e+00]  yaw=1.586  armed=True  vtol=3  batt=15.87V/83%
[telemetry_node-1] [INFO] [1785161372.469945102] [telemetry_node]: pos_ned=[6.84344536e-03 2.97944658e-02 1.18323812e+01]  yaw=1.583  armed=True  vtol=3  batt=15.81V/80%
[telemetry_node-1] [INFO] [1785161374.469878707] [telemetry_node]: pos_ned=[ 1.47525491e-02 -1.00367749e-02  1.75887642e+01]  yaw=1.585  armed=True  vtol=3  batt=15.75V/77%
[telemetry_node-1] [INFO] [1785161376.469583102] [telemetry_node]: pos_ned=[ 0.03043734 -0.03555488 23.40678024]  yaw=1.587  armed=True  vtol=3  batt=15.69V/73%
[telemetry_node-1] [INFO] [1785161378.469801274] [telemetry_node]: pos_ned=[ 4.38957512e-02 -2.64839064e-02  2.92018261e+01]  yaw=1.583  armed=True  vtol=3  batt=15.63V/70%
[telemetry_node-1] [INFO] [1785161380.469996579] [telemetry_node]: pos_ned=[ 2.76294127e-02 -2.37639025e-02  3.49880829e+01]  yaw=1.584  armed=True  vtol=3  batt=15.57V/67%
[telemetry_node-1] [INFO] [1785161382.469574065] [telemetry_node]: pos_ned=[ 2.83018760e-02 -1.98779497e-02  4.08345871e+01]  yaw=1.584  armed=True  vtol=3  batt=15.51V/63%
[telemetry_node-1] [INFO] [1785161384.469786094] [telemetry_node]: pos_ned=[ 1.30576231e-02 -3.20534110e-02  4.59954338e+01]  yaw=1.585  armed=True  vtol=3  batt=15.45V/60%
[telemetry_node-1] [INFO] [1785161386.469361586] [telemetry_node]: pos_ned=[ 3.39765064e-02 -3.03849429e-02  4.85407562e+01]  yaw=1.585  armed=True  vtol=3  batt=15.39V/57%
[telemetry_node-1] [INFO] [1785161388.469673935] [telemetry_node]: pos_ned=[ 2.24701557e-02 -3.42196785e-02  4.95848351e+01]  yaw=1.587  armed=True  vtol=3  batt=15.33V/53%
[offboard_node-2] [INFO] [1785161388.924207097] [offboard_node]: 운용 고도 50.0m 도달 → transition_fw
[telemetry_node-1] [INFO] [1785161390.469622694] [telemetry_node]: pos_ned=[-2.75823812e-04  1.12803606e-02  4.99861526e+01]  yaw=1.587  armed=True  vtol=3  batt=15.30V/51%
[offboard_node-2] [INFO] [1785161390.924826401] [offboard_node]: 천이 전 MC OFFBOARD 요청 (헤딩 정렬 대기)
[offboard_node-2] [WARN] [1785161391.024766176] [offboard_node]: 정렬 구간 OFFBOARD 이탈 → 재요청 (mode=AUTO.LOITER)
[telemetry_node-1] [INFO] [1785161392.469826309] [telemetry_node]: pos_ned=[4.11469713e-02 6.50607720e-02 5.00667305e+01]  yaw=1.303  armed=True  vtol=3  batt=15.30V/50%
[telemetry_node-1] [INFO] [1785161394.469778726] [telemetry_node]: pos_ned=[3.63925621e-02 4.00217958e-02 5.00972633e+01]  yaw=0.624  armed=True  vtol=3  batt=15.30V/50%
[telemetry_node-1] [INFO] [1785161396.469922607] [telemetry_node]: pos_ned=[ 5.49434833e-02 -3.02978642e-02  5.01041222e+01]  yaw=0.322  armed=True  vtol=3  batt=15.30V/50%
[telemetry_node-1] [INFO] [1785161398.469727990] [telemetry_node]: pos_ned=[ 6.66072071e-02 -3.72847840e-02  5.00813103e+01]  yaw=0.178  armed=True  vtol=3  batt=15.30V/50%
[telemetry_node-1] [INFO] [1785161400.469641027] [telemetry_node]: pos_ned=[ 1.09757008e-02 -9.19654816e-02  5.00272102e+01]  yaw=0.098  armed=True  vtol=3  batt=15.30V/50%
[telemetry_node-1] [INFO] [1785161402.469639204] [telemetry_node]: pos_ned=[-2.97818109e-02 -8.00443068e-02  4.99826889e+01]  yaw=0.054  armed=True  vtol=3  batt=15.30V/50%
[telemetry_node-1] [INFO] [1785161406.079242156] [telemetry_node]: pos_ned=[-3.03469989e-02 -8.02622959e-02  4.99810753e+01]  yaw=0.053  armed=True  vtol=3  batt=15.30V/50%
[telemetry_node-1] [INFO] [1785161406.469980614] [telemetry_node]: pos_ned=[-3.55164483e-02 -8.42277557e-02  4.99630737e+01]  yaw=0.047  armed=True  vtol=3  batt=15.30V/50%
[offboard_node-2] [INFO] [1785161408.224285224] [offboard_node]: 헤딩 정렬 완료 target=0.0° current=2.2° err=-2.2° (20틱 안정) → 전진 + 천이 명령
[offboard_node-2] [INFO] [1785161408.225288787] [offboard_node]: MC→FW 천이 명령 요청 (위치 setpoint 직선 천이)
[telemetry_node-1] [INFO] [1785161408.469541793] [telemetry_node]: pos_ned=[-0.13503148 -0.09536532 49.8563652 ]  yaw=0.037  armed=True  vtol=1  batt=15.30V/50%
[telemetry_node-1] [INFO] [1785161410.469571468] [telemetry_node]: pos_ned=[4.94450951e+00 5.97064709e-03 5.00170250e+01]  yaw=0.010  armed=True  vtol=1  batt=15.30V/50%
[offboard_node-2] [INFO] [1785161410.824440559] [offboard_node]: FW 전환 완료 -> STREAMING
[offboard_node-2] [INFO] [1785161410.933897763] [offboard_node]: OFFBOARD 확인 → FOLLOWING
[offboard_node-2] [INFO] [1785161411.028580050] [offboard_node]: FOLLOWING 시작 pos=[12.0,0.1] tgt=[82.0,-0.0] cte=0.1m mode=OFFBOARD seg=12/414
[telemetry_node-1] [INFO] [1785161412.469577931] [telemetry_node]: pos_ned=[37.21111679  0.18052356 50.83551407]  yaw=-0.005  armed=True  vtol=4  batt=15.30V/50%
[offboard_node-2] [INFO] [1785161412.926256860] [offboard_node]: FOLLOWING tick=20 mode=OFFBOARD cte=0.2m pos=[44.2,0.1] tgt=[114.2,-0.0] seg=45/414
[telemetry_node-1] [INFO] [1785161414.469464278] [telemetry_node]: pos_ned=[66.72129822  0.13038395 50.10113907]  yaw=-0.008  armed=True  vtol=4  batt=15.30V/50%
[offboard_node-2] [INFO] [1785161414.927807633] [offboard_node]: FOLLOWING tick=40 mode=OFFBOARD cte=0.2m pos=[73.9,0.1] tgt=[143.9,-0.1] seg=76/414
[telemetry_node-1] [INFO] [1785161416.469695852] [telemetry_node]: pos_ned=[98.01058197  0.13386151 48.67243195]  yaw=-0.018  armed=True  vtol=4  batt=15.30V/50%
[offboard_node-2] [INFO] [1785161416.926238716] [offboard_node]: FOLLOWING tick=60 mode=OFFBOARD cte=0.2m pos=[105.0,0.1] tgt=[175.0,-0.0] seg=109/414
[telemetry_node-1] [INFO] [1785161418.469586016] [telemetry_node]: pos_ned=[1.27764648e+02 1.27087370e-01 4.88992691e+01]  yaw=-0.016  armed=True  vtol=4  batt=15.30V/50%
[offboard_node-2] [INFO] [1785161418.926730269] [offboard_node]: FOLLOWING tick=80 mode=OFFBOARD cte=0.2m pos=[134.2,0.1] tgt=[200.0,4.1] seg=139/414
[telemetry_node-1] [INFO] [1785161420.469963269] [telemetry_node]: pos_ned=[157.06520081   1.19351459  48.84013748]  yaw=0.051  armed=True  vtol=4  batt=15.30V/50%
[offboard_node-2] [INFO] [1785161420.926762289] [offboard_node]: FOLLOWING tick=100 mode=OFFBOARD cte=2.6m pos=[163.2,2.6] tgt=[200.0,34.9] seg=169/414
[telemetry_node-1] [INFO] [1785161422.470191511] [telemetry_node]: pos_ned=[183.25624084  13.72140503  46.89344025]  yaw=0.447  armed=True  vtol=4  batt=15.30V/50%
[offboard_node-2] [WARN] [1785161422.627628483] [offboard_node]: 세그먼트 인덱스 급변 191→221 (Δ+30, 전체 414) pos=[185.2,15.6] — 경로상 전진이 아니라 다른 레그 선택일 수 있다
[offboard_node-2] [INFO] [1785161422.926901776] [offboard_node]: FOLLOWING tick=120 mode=OFFBOARD cte=11.7m pos=[188.4,19.4] tgt=[200.0,89.4] seg=226/414
[telemetry_node-1] [INFO] [1785161424.469471595] [telemetry_node]: pos_ned=[197.03581238  42.98313522  45.65205383]  yaw=1.279  armed=True  vtol=4  batt=15.30V/50%
[offboard_node-2] [INFO] [1785161424.925787540] [offboard_node]: FOLLOWING tick=140 mode=OFFBOARD cte=2.2m pos=[197.8,50.2] tgt=[200.0,120.2] seg=258/414
[telemetry_node-1] [INFO] [1785161426.469378446] [telemetry_node]: pos_ned=[199.57142639  70.98418427  49.84542465]  yaw=1.860  armed=True  vtol=4  batt=15.30V/50%
[offboard_node-2] [INFO] [1785161426.927946612] [offboard_node]: FOLLOWING tick=160 mode=OFFBOARD cte=0.2m pos=[199.8,77.4] tgt=[200.0,147.4] seg=286/414
[telemetry_node-1] [INFO] [1785161428.469778809] [telemetry_node]: pos_ned=[199.41752625  99.3874054   48.73028183]  yaw=1.936  armed=True  vtol=4  batt=15.30V/50%
[offboard_node-2] [INFO] [1785161428.928392759] [offboard_node]: FOLLOWING tick=180 mode=OFFBOARD cte=0.6m pos=[199.4,106.3] tgt=[200.0,176.3] seg=316/414
[telemetry_node-1] [INFO] [1785161430.469481513] [telemetry_node]: pos_ned=[199.40936279 127.5438385   50.26214981]  yaw=1.591  armed=True  vtol=4  batt=15.30V/50%
[offboard_node-2] [INFO] [1785161430.926234052] [offboard_node]: FOLLOWING tick=200 mode=OFFBOARD cte=0.6m pos=[199.4,133.8] tgt=[200.0,200.0] seg=345/414
[telemetry_node-1] [INFO] [1785161432.469891107] [telemetry_node]: pos_ned=[199.30580139 154.5043335   50.05150223]  yaw=1.348  armed=True  vtol=4  batt=15.30V/50%
[offboard_node-2] [INFO] [1785161432.926410007] [offboard_node]: FOLLOWING tick=220 mode=OFFBOARD cte=0.6m pos=[199.4,161.0] tgt=[200.0,200.0] seg=373/414
[telemetry_node-1] [INFO] [1785161434.469500810] [telemetry_node]: pos_ned=[199.56970215 182.18022156  50.06832123]  yaw=1.444  armed=True  vtol=4  batt=15.30V/50%
[offboard_node-2] [INFO] [1785161434.925014665] [offboard_node]: FOLLOWING tick=240 mode=OFFBOARD cte=0.4m pos=[199.6,188.6] tgt=[200.0,200.0] seg=402/414
[offboard_node-2] [INFO] [1785161435.124960134] [offboard_node]: 경로 추종 완료 -> transition_mc
[offboard_node-2] [INFO] [1785161435.224498934] [offboard_node]: FW->MC 역천이 명령 요청
[telemetry_node-1] [INFO] [1785161436.469740963] [telemetry_node]: pos_ned=[199.78683472 208.33874512  50.2229805 ]  yaw=1.676  armed=True  vtol=2  batt=15.30V/50%
[telemetry_node-1] [INFO] [1785161441.645880112] [telemetry_node]: pos_ned=[199.88960266 227.59893799  51.14178467]  yaw=1.690  armed=True  vtol=2  batt=15.30V/50%
[telemetry_node-1] [INFO] [1785161442.469588532] [telemetry_node]: pos_ned=[199.86604309 233.46864319  51.31812668]  yaw=1.648  armed=True  vtol=2  batt=15.30V/50%
[offboard_node-2] [INFO] [1785161443.424339406] [offboard_node]: MC 전환 완료 -> HOLD (WP1 복귀)
[telemetry_node-1] [INFO] [1785161444.470013656] [telemetry_node]: pos_ned=[199.68499756 242.35223389  51.17274475]  yaw=1.572  armed=True  vtol=3  batt=15.30V/50%
[offboard_node-2] [INFO] [1785161445.424296794] [offboard_node]: WP1 홀드 dist=37.2m speed=7.7m/s stable=0/10
[telemetry_node-1] [INFO] [1785161446.469904509] [telemetry_node]: pos_ned=[199.75398254 231.11270142  50.87720871]  yaw=1.575  armed=True  vtol=3  batt=15.30V/50%
[offboard_node-2] [INFO] [1785161447.424294855] [offboard_node]: WP1 홀드 dist=27.3m speed=5.0m/s stable=0/10
[telemetry_node-1] [INFO] [1785161448.469784140] [telemetry_node]: pos_ned=[199.87973022 220.98452759  50.50447845]  yaw=1.568  armed=True  vtol=3  batt=15.30V/50%
[offboard_node-2] [INFO] [1785161449.424586011] [offboard_node]: WP1 홀드 dist=16.5m speed=4.5m/s stable=0/10
[telemetry_node-1] [INFO] [1785161450.469849790] [telemetry_node]: pos_ned=[199.96003723 211.0160675   50.28227997]  yaw=1.566  armed=True  vtol=3  batt=15.30V/50%
[offboard_node-2] [INFO] [1785161451.424307203] [offboard_node]: WP1 홀드 dist=6.1m speed=4.7m/s stable=0/10
[telemetry_node-1] [INFO] [1785161452.469856710] [telemetry_node]: pos_ned=[199.98860168 201.95159912  50.21340942]  yaw=1.566  armed=True  vtol=3  batt=15.30V/50%
[offboard_node-2] [INFO] [1785161453.424218512] [offboard_node]: WP1 홀드 dist=0.7m speed=0.5m/s stable=5/10
[offboard_node-2] [INFO] [1785161453.824229608] [offboard_node]: WP1 도달·안정 → LANDING (dist=0.6m speed=0.0m/s)
[offboard_node-2] [INFO] [1785161453.924290485] [offboard_node]: AUTO.LAND 요청
[telemetry_node-1] [INFO] [1785161454.469940318] [telemetry_node]: pos_ned=[200.00367737 200.62678528  49.95137024]  yaw=1.565  armed=True  vtol=3  batt=15.30V/50%
[telemetry_node-1] [INFO] [1785161456.470104391] [telemetry_node]: pos_ned=[199.99951172 200.57307434  47.18454742]  yaw=1.565  armed=True  vtol=3  batt=15.30V/50%
[telemetry_node-1] [INFO] [1785161458.469680804] [telemetry_node]: pos_ned=[199.94885254 200.54318237  44.23884964]  yaw=1.564  armed=True  vtol=3  batt=15.30V/50%
[telemetry_node-1] [INFO] [1785161460.469916978] [telemetry_node]: pos_ned=[199.94720459 200.68591309  41.21631622]  yaw=1.564  armed=True  vtol=3  batt=15.30V/50%
[telemetry_node-1] [INFO] [1785161462.469669651] [telemetry_node]: pos_ned=[199.98867798 200.55633545  38.22580338]  yaw=1.564  armed=True  vtol=3  batt=15.30V/50%
[telemetry_node-1] [INFO] [1785161464.469506276] [telemetry_node]: pos_ned=[199.98564148 200.69093323  35.20493317]  yaw=1.564  armed=True  vtol=3  batt=15.30V/50%
[telemetry_node-1] [INFO] [1785161466.469818425] [telemetry_node]: pos_ned=[199.98040771 200.55505371  32.20178223]  yaw=1.564  armed=True  vtol=3  batt=15.30V/50%
[telemetry_node-1] [INFO] [1785161468.469437475] [telemetry_node]: pos_ned=[199.97839355 200.55288696  29.25880241]  yaw=1.565  armed=True  vtol=3  batt=15.30V/50%
[telemetry_node-1] [INFO] [1785161470.469735024] [telemetry_node]: pos_ned=[199.96917725 200.64620972  26.25484467]  yaw=1.566  armed=True  vtol=3  batt=15.30V/50%
[telemetry_node-1] [INFO] [1785161472.469628157] [telemetry_node]: pos_ned=[199.96815491 200.52629089  23.2628231 ]  yaw=1.565  armed=True  vtol=3  batt=15.30V/50%
[telemetry_node-1] [INFO] [1785161477.139453988] [telemetry_node]: pos_ned=[199.97195435 200.52772522  21.05782127]  yaw=1.566  armed=True  vtol=3  batt=15.30V/50%
[telemetry_node-1] [INFO] [1785161478.469529416] [telemetry_node]: pos_ned=[199.97389221 200.6468811   19.06797791]  yaw=1.566  armed=True  vtol=3  batt=15.30V/50%
[telemetry_node-1] [INFO] [1785161480.469839526] [telemetry_node]: pos_ned=[199.98077393 200.57713318  16.04669762]  yaw=1.567  armed=True  vtol=3  batt=15.30V/50%
[telemetry_node-1] [INFO] [1785161482.470183638] [telemetry_node]: pos_ned=[199.98428345 200.50376892  13.07628345]  yaw=1.567  armed=True  vtol=3  batt=15.30V/50%
[telemetry_node-1] [INFO] [1785161484.469732703] [telemetry_node]: pos_ned=[199.98788452 200.65162659  10.07395458]  yaw=1.568  armed=True  vtol=3  batt=15.30V/50%
[telemetry_node-1] [INFO] [1785161486.469762692] [telemetry_node]: pos_ned=[199.97537231 200.51272583   7.53232765]  yaw=1.569  armed=True  vtol=3  batt=15.30V/50%
[telemetry_node-1] [INFO] [1785161488.469523792] [telemetry_node]: pos_ned=[199.98048401 200.62071228   5.68330765]  yaw=1.570  armed=True  vtol=3  batt=15.30V/50%
[telemetry_node-1] [INFO] [1785161490.470011163] [telemetry_node]: pos_ned=[199.98738098 200.60629272   4.23806238]  yaw=1.571  armed=True  vtol=3  batt=15.30V/50%
[telemetry_node-1] [INFO] [1785161492.475315032] [telemetry_node]: pos_ned=[199.95518494 200.6126709    2.98801422]  yaw=1.572  armed=True  vtol=3  batt=15.30V/50%
[telemetry_node-1] [INFO] [1785161494.469875723] [telemetry_node]: pos_ned=[199.97212219 200.6459198    1.57838547]  yaw=1.573  armed=True  vtol=3  batt=15.30V/50%
[telemetry_node-1] [INFO] [1785161496.469742675] [telemetry_node]: pos_ned=[1.99961044e+02 2.00593506e+02 1.85139120e-01]  yaw=1.574  armed=True  vtol=3  batt=15.30V/50%
[telemetry_node-1] [INFO] [1785161498.469642165] [telemetry_node]: pos_ned=[1.99961151e+02 2.00595627e+02 9.65807810e-02]  yaw=1.574  armed=True  vtol=3  batt=15.30V/50%
[telemetry_node-1] [INFO] [1785161500.469529621] [telemetry_node]: pos_ned=[1.99957840e+02 2.00589706e+02 7.61701688e-02]  yaw=1.575  armed=True  vtol=3  batt=15.30V/50%
[offboard_node-2] [INFO] [1785161500.723903771] [offboard_node]: 착륙 완료 (disarmed) -> DONE
[telemetry_node-1] [INFO] [1785161502.469628843] [telemetry_node]: pos_ned=[1.99947571e+02 2.00589798e+02 5.01063094e-02]  yaw=1.576  armed=False  vtol=3  batt=16.20V/80%
[telemetry_node-1] [INFO] [1785161504.469364637] [telemetry_node]: pos_ned=[ 1.99956299e+02  2.00562286e+02 -2.42159516e-03]  yaw=1.577  armed=False  vtol=3  batt=16.20V/97%
[telemetry_node-1] [INFO] [1785161506.469445279] [telemetry_node]: pos_ned=[ 1.99979950e+02  2.00596085e+02 -3.02631706e-02]  yaw=1.579  armed=False  vtol=3  batt=16.20V/100%
[WARNING] [launch]: user interrupted with ctrl-c (SIGINT)
[INFO] [offboard_node-2]: sending signal 'SIGINT' to process[offboard_node-2]
[INFO] [telemetry_node-1]: sending signal 'SIGINT' to process[telemetry_node-1]
[offboard_node-2] Traceback (most recent call last):
[offboard_node-2]   File "/root/drone_ws/install/fc_ros/lib/python3.10/site-packages/fc_ros/nodes/offboard_node.py", line 1511, in main
[telemetry_node-1] Traceback (most recent call last):
[telemetry_node-1]   File "/root/drone_ws/install/fc_ros/lib/python3.10/site-packages/fc_ros/nodes/telemetry_node.py", line 109, in main
[offboard_node-2]     rclpy.spin(node)
[offboard_node-2]   File "/opt/ros/humble/local/lib/python3.10/dist-packages/rclpy/__init__.py", line 229, in spin
[telemetry_node-1]     rclpy.spin(node)
[telemetry_node-1]   File "/opt/ros/humble/local/lib/python3.10/dist-packages/rclpy/__init__.py", line 229, in spin
[telemetry_node-1]     executor.spin_once()
[telemetry_node-1]   File "/opt/ros/humble/local/lib/python3.10/dist-packages/rclpy/executors.py", line 808, in spin_once
[offboard_node-2]     executor.spin_once()
[offboard_node-2]   File "/opt/ros/humble/local/lib/python3.10/dist-packages/rclpy/executors.py", line 808, in spin_once
[telemetry_node-1]     self._spin_once_impl(timeout_sec)
[telemetry_node-1]   File "/opt/ros/humble/local/lib/python3.10/dist-packages/rclpy/executors.py", line 797, in _spin_once_impl
[telemetry_node-1]     handler, entity, node = self.wait_for_ready_callbacks(timeout_sec=timeout_sec)
[telemetry_node-1]   File "/opt/ros/humble/local/lib/python3.10/dist-packages/rclpy/executors.py", line 780, in wait_for_ready_callbacks
[telemetry_node-1]     return next(self._cb_iter)
[telemetry_node-1]   File "/opt/ros/humble/local/lib/python3.10/dist-packages/rclpy/executors.py", line 677, in _wait_for_ready_callbacks
[telemetry_node-1]     wait_set.wait(timeout_nsec)
[telemetry_node-1] KeyboardInterrupt
[telemetry_node-1] 
[telemetry_node-1] During handling of the above exception, another exception occurred:
[telemetry_node-1] 
[telemetry_node-1] Traceback (most recent call last):
[telemetry_node-1]   File "/root/drone_ws/install/fc_ros/lib/fc_ros/telemetry_node", line 33, in <module>
[telemetry_node-1]     sys.exit(load_entry_point('fc-ros==0.1.0', 'console_scripts', 'telemetry_node')())
[telemetry_node-1]   File "/root/drone_ws/install/fc_ros/lib/python3.10/site-packages/fc_ros/nodes/telemetry_node.py", line 111, in main
[telemetry_node-1]     node.destroy_node()
[telemetry_node-1]   File "/opt/ros/humble/local/lib/python3.10/dist-packages/rclpy/node.py", line 1691, in destroy_node
[offboard_node-2]     self._spin_once_impl(timeout_sec)
[offboard_node-2]   File "/opt/ros/humble/local/lib/python3.10/dist-packages/rclpy/executors.py", line 797, in _spin_once_impl
[offboard_node-2]     handler, entity, node = self.wait_for_ready_callbacks(timeout_sec=timeout_sec)
[offboard_node-2]   File "/opt/ros/humble/local/lib/python3.10/dist-packages/rclpy/executors.py", line 780, in wait_for_ready_callbacks
[offboard_node-2]     return next(self._cb_iter)
[offboard_node-2]   File "/opt/ros/humble/local/lib/python3.10/dist-packages/rclpy/executors.py", line 677, in _wait_for_ready_callbacks
[offboard_node-2]     wait_set.wait(timeout_nsec)
[offboard_node-2] KeyboardInterrupt
[offboard_node-2] 
[offboard_node-2] During handling of the above exception, another exception occurred:
[offboard_node-2] 
[offboard_node-2] Traceback (most recent call last):
[offboard_node-2]   File "/root/drone_ws/install/fc_ros/lib/fc_ros/offboard_node", line 33, in <module>
[offboard_node-2]     sys.exit(load_entry_point('fc-ros==0.1.0', 'console_scripts', 'offboard_node')())
[offboard_node-2]   File "/root/drone_ws/install/fc_ros/lib/python3.10/site-packages/fc_ros/nodes/offboard_node.py", line 1513, in main
[offboard_node-2]     node.destroy_node()
[offboard_node-2]   File "/opt/ros/humble/local/lib/python3.10/dist-packages/rclpy/node.py", line 1687, in destroy_node
[offboard_node-2]     self.destroy_subscription(self._subscriptions[0])
[offboard_node-2]   File "/opt/ros/humble/local/lib/python3.10/dist-packages/rclpy/node.py", line 1583, in destroy_subscription
[telemetry_node-1]     self.destroy_service(self._services[0])
[telemetry_node-1]   File "/opt/ros/humble/local/lib/python3.10/dist-packages/rclpy/node.py", line 1615, in destroy_service
[offboard_node-2]     subscription.destroy()
[offboard_node-2]   File "/opt/ros/humble/local/lib/python3.10/dist-packages/rclpy/subscription.py", line 80, in destroy
[telemetry_node-1]     service.destroy()
[telemetry_node-1]   File "/opt/ros/humble/local/lib/python3.10/dist-packages/rclpy/service.py", line 93, in destroy
[offboard_node-2]     self.handle.destroy_when_not_in_use()
[offboard_node-2] KeyboardInterrupt
[telemetry_node-1]     self.__service.destroy_when_not_in_use()
[telemetry_node-1] KeyboardInterrupt
[ERROR] [telemetry_node-1]: process has died [pid 1146, exit code -2, cmd '/root/drone_ws/install/fc_ros/lib/fc_ros/telemetry_node --ros-args -r __node:=telemetry_node'].
[ERROR] [offboard_node-2]: process has died [pid 1148, exit code -2, cmd '/root/drone_ws/install/fc_ros/lib/fc_ros/offboard_node --ros-args -r __node:=offboard_node --params-file /root/drone_ws/install/fc_ros/share/fc_ros/params/fc_ros_params.yaml --params-file /tmp/launch_params_omhjiy3a'].
