[INFO] [launch]: All log files can be found below /root/.ros/log/2026-07-29-11-22-51-627509-DESKTOP-Kilogram-5779
[INFO] [launch]: Default logging verbosity is set to INFO
[INFO] [telemetry_node-1]: process started with pid [5800]
[INFO] [offboard_node-2]: process started with pid [5802]
[offboard_node-2] [INFO] [1785291772.287712512] [offboard_node]: 경로 계획 시작 — planner=eta3 WP 2개 v_cruise=18.0 → 예상 약 0s 블로킹. 이 동안 노드는 응답하지 않는다 — 죽은 것이 아니니 재기동 금지 (재기동하면 중복 인스턴스가 된다).
[offboard_node-2] [INFO] [1785291772.298570379] [offboard_node]: 경로 계획 완료 — 소요 0.0s (예상 0s), 경로점 301개, 전장 300.0m
[offboard_node-2] [INFO] [1785291772.426506681] [offboard_node]: ARM 요청
[offboard_node-2] [WARN] [1785291773.426080955] [offboard_node]: home_position AMSL 미수렴(최근 2개: ['-0.0', '-0.0'], tol=0.5) — 이륙 보류, 수렴 대기
[offboard_node-2] [INFO] [1785291773.526256937] [offboard_node]: 거리 상한 감시 활성 1200m (이륙지점 기준 수평, 경로 최원점 300m)
[offboard_node-2] [INFO] [1785291773.526990694] [offboard_node]: CommandTOL 이륙 요청 alt=120.0m AMSL (지면 -0.0+120.0) -> CLIMBING
[telemetry_node-1] [INFO] [1785291774.229029891] [telemetry_node]: pos_ned=[-0.02886667 -0.00737092 -0.05873884]  yaw=1.711  armed=True  vtol=3  batt=16.20V/100%
[telemetry_node-1] [INFO] [1785291776.203067028] [telemetry_node]: pos_ned=[-0.02546742  0.02606217 -0.04737737]  yaw=1.712  armed=True  vtol=3  batt=16.14V/98%
[telemetry_node-1] [INFO] [1785291778.202710914] [telemetry_node]: pos_ned=[-0.13970268  0.02966173  0.62264335]  yaw=1.711  armed=True  vtol=3  batt=16.08V/95%
[telemetry_node-1] [INFO] [1785291780.203099710] [telemetry_node]: pos_ned=[-0.14122787  0.03317443  3.19184852]  yaw=1.667  armed=True  vtol=3  batt=16.02V/91%
[telemetry_node-1] [INFO] [1785291782.203027026] [telemetry_node]: pos_ned=[-0.0436173   0.06417305  6.01364517]  yaw=1.641  armed=True  vtol=3  batt=15.96V/88%
[telemetry_node-1] [INFO] [1785291784.202839560] [telemetry_node]: pos_ned=[-0.02838597  0.04602351  8.91419411]  yaw=1.641  armed=True  vtol=3  batt=15.90V/85%
[telemetry_node-1] [INFO] [1785291786.202988668] [telemetry_node]: pos_ned=[-0.03807501  0.05881596 12.92634392]  yaw=1.640  armed=True  vtol=3  batt=15.84V/82%
[telemetry_node-1] [INFO] [1785291788.203940119] [telemetry_node]: pos_ned=[-0.03072265  0.05918565 18.61595726]  yaw=1.643  armed=True  vtol=3  batt=15.78V/78%
[telemetry_node-1] [INFO] [1785291790.203371777] [telemetry_node]: pos_ned=[-0.03668415  0.06790618 24.37597084]  yaw=1.642  armed=True  vtol=3  batt=15.72V/75%
[telemetry_node-1] [INFO] [1785291792.376666144] [telemetry_node]: pos_ned=[-0.04803349  0.06106702 27.41824341]  yaw=1.642  armed=True  vtol=3  batt=15.72V/75%
[telemetry_node-1] [INFO] [1785291794.202880892] [telemetry_node]: pos_ned=[-2.28603184e-02  4.94758859e-02  3.27428284e+01]  yaw=1.638  armed=True  vtol=3  batt=15.66V/71%
[telemetry_node-1] [INFO] [1785291796.202765852] [telemetry_node]: pos_ned=[1.05163129e-02 2.59799752e-02 3.86556969e+01]  yaw=1.637  armed=True  vtol=3  batt=15.60V/68%
[telemetry_node-1] [INFO] [1785291798.202976137] [telemetry_node]: pos_ned=[-1.84906907e-02  2.54342090e-02  4.45668182e+01]  yaw=1.637  armed=True  vtol=3  batt=15.54V/65%
[telemetry_node-1] [INFO] [1785291800.202863544] [telemetry_node]: pos_ned=[-2.45109107e-02  4.52679489e-03  5.05413666e+01]  yaw=1.634  armed=True  vtol=3  batt=15.48V/61%
[telemetry_node-1] [INFO] [1785291802.202891425] [telemetry_node]: pos_ned=[-2.92978939e-02  1.38797313e-02  5.65743027e+01]  yaw=1.638  armed=True  vtol=3  batt=15.42V/58%
[telemetry_node-1] [INFO] [1785291804.202739931] [telemetry_node]: pos_ned=[-5.67209609e-02  3.54002528e-02  6.25042915e+01]  yaw=1.637  armed=True  vtol=3  batt=15.36V/55%
[telemetry_node-1] [INFO] [1785291806.202878549] [telemetry_node]: pos_ned=[-5.08689694e-02  4.54358459e-02  6.85346756e+01]  yaw=1.636  armed=True  vtol=3  batt=15.30V/52%
[telemetry_node-1] [INFO] [1785291808.203433076] [telemetry_node]: pos_ned=[-4.17207032e-02  2.15350538e-02  7.45757370e+01]  yaw=1.634  armed=True  vtol=3  batt=15.30V/50%
[telemetry_node-1] [INFO] [1785291810.202933972] [telemetry_node]: pos_ned=[-4.16592695e-02  2.55424511e-02  8.05519562e+01]  yaw=1.635  armed=True  vtol=3  batt=15.30V/50%
[telemetry_node-1] [INFO] [1785291812.204060446] [telemetry_node]: pos_ned=[-2.88914982e-02  3.22135203e-02  8.65164413e+01]  yaw=1.634  armed=True  vtol=3  batt=15.30V/50%
[telemetry_node-1] [INFO] [1785291814.203508029] [telemetry_node]: pos_ned=[-5.53601459e-02  4.25013341e-02  9.19536362e+01]  yaw=1.636  armed=True  vtol=3  batt=15.30V/50%
[telemetry_node-1] [INFO] [1785291816.203153549] [telemetry_node]: pos_ned=[-4.31892909e-02  6.52967542e-02  9.80120621e+01]  yaw=1.636  armed=True  vtol=3  batt=15.30V/50%
[telemetry_node-1] [INFO] [1785291818.204684166] [telemetry_node]: pos_ned=[-4.80797291e-02  8.93367082e-02  1.03988106e+02]  yaw=1.634  armed=True  vtol=3  batt=15.30V/50%
[telemetry_node-1] [INFO] [1785291820.202707147] [telemetry_node]: pos_ned=[-3.02561689e-02  5.33148162e-02  1.09998459e+02]  yaw=1.630  armed=True  vtol=3  batt=15.30V/50%
[telemetry_node-1] [INFO] [1785291822.203440530] [telemetry_node]: pos_ned=[-2.51494031e-02  5.53183369e-02  1.15455238e+02]  yaw=1.630  armed=True  vtol=3  batt=15.30V/50%
[telemetry_node-1] [INFO] [1785291824.203123418] [telemetry_node]: pos_ned=[-3.31483223e-02  2.73817759e-02  1.18230904e+02]  yaw=1.627  armed=True  vtol=3  batt=15.30V/50%
[telemetry_node-1] [INFO] [1785291826.202852273] [telemetry_node]: pos_ned=[-9.02722217e-03  2.75388118e-02  1.18890350e+02]  yaw=1.623  armed=True  vtol=3  batt=15.30V/50%
[offboard_node-2] [INFO] [1785291827.626587321] [offboard_node]: 운용 고도 120.0m 도달 → transition_fw
[telemetry_node-1] [INFO] [1785291828.202704166] [telemetry_node]: pos_ned=[-1.40149323e-02 -3.72178592e-02  1.19596008e+02]  yaw=1.621  armed=True  vtol=3  batt=15.30V/50%
[offboard_node-2] [INFO] [1785291829.626728966] [offboard_node]: 천이 전 MC OFFBOARD 요청 (헤딩 정렬 대기)
[offboard_node-2] [WARN] [1785291829.727194239] [offboard_node]: 정렬 구간 OFFBOARD 이탈 → 재요청 (mode=AUTO.LOITER)
[telemetry_node-1] [INFO] [1785291830.202794620] [telemetry_node]: pos_ned=[-3.31859812e-02 -1.87181886e-02  1.19786362e+02]  yaw=1.586  armed=True  vtol=3  batt=15.30V/50%
[telemetry_node-1] [INFO] [1785291832.203086004] [telemetry_node]: pos_ned=[-7.72690997e-02 -4.68743704e-02  1.19754585e+02]  yaw=0.758  armed=True  vtol=3  batt=15.30V/50%
[telemetry_node-1] [INFO] [1785291834.202949057] [telemetry_node]: pos_ned=[-1.15590513e-01 -2.02926680e-01  1.19772499e+02]  yaw=0.381  armed=True  vtol=3  batt=15.30V/50%
[telemetry_node-1] [INFO] [1785291836.202886996] [telemetry_node]: pos_ned=[ -0.12076008  -0.2597298  119.82692719]  yaw=0.227  armed=True  vtol=3  batt=15.30V/50%
[offboard_node-2] [INFO] [1785291837.327035930] [offboard_node]: 헤딩 정렬 완료 target=0.0° current=12.4° err=-12.4° (20틱 안정) → 전진 + 천이 명령
[offboard_node-2] [INFO] [1785291837.327795321] [offboard_node]: FW 고도 램프 시작 119.8 → 50.0m (계단 -69.8m, 3.0m/s, 23.3s 소요)
[offboard_node-2] [WARN] [1785291837.328619678] [offboard_node]: ⚠️ 천이고도와 경로고도가 69.8m 어긋난다 (transition_alt=120.0m vs 경로 순항고도, 현재 119.8m → 50.0m). 램프가 계단은 막지만 기체는 이 고도차를 순항 중에 메워야 한다 — 의도한 값인지 확인할 것
[offboard_node-2] [INFO] [1785291837.329963906] [offboard_node]: MC→FW 천이 명령 요청 (위치 setpoint 직선 천이)
[telemetry_node-1] [INFO] [1785291838.203103679] [telemetry_node]: pos_ned=[ 6.52108248e-03 -2.88625777e-01  1.19881264e+02]  yaw=0.215  armed=True  vtol=1  batt=15.30V/50%
[offboard_node-2] [INFO] [1785291840.026183310] [offboard_node]: FW 전환 완료 -> STREAMING
[offboard_node-2] [INFO] [1785291840.129485903] [offboard_node]: OFFBOARD 확인 → FOLLOWING
[telemetry_node-1] [INFO] [1785291840.202851286] [telemetry_node]: pos_ned=[ 13.16625309   2.05537701 119.65252686]  yaw=0.181  armed=True  vtol=4  batt=15.30V/50%
[offboard_node-2] [INFO] [1785291840.228806265] [offboard_node]: FOLLOWING 시작 pos=[13.2,2.1] tgt=[83.2,0.0] cte=2.1m mode=OFFBOARD seg=13/300
[offboard_node-2] [INFO] [1785291842.130424272] [offboard_node]: FOLLOWING tick=20 mode=OFFBOARD cte=3.3m pos=[44.1,3.3] tgt=[114.1,0.0] seg=44/300
[telemetry_node-1] [INFO] [1785291842.203011635] [telemetry_node]: pos_ned=[ 45.08657837   3.30201602 118.54790497]  yaw=0.077  armed=True  vtol=4  batt=15.30V/50%
[offboard_node-2] [INFO] [1785291844.128793571] [offboard_node]: FOLLOWING tick=40 mode=OFFBOARD cte=2.4m pos=[73.6,2.4] tgt=[143.6,0.0] seg=73/300
[telemetry_node-1] [INFO] [1785291844.203297980] [telemetry_node]: pos_ned=[ 74.59042358   2.32415795 114.24537659]  yaw=0.065  armed=True  vtol=4  batt=15.30V/50%
[offboard_node-2] [INFO] [1785291846.128448793] [offboard_node]: FOLLOWING tick=60 mode=OFFBOARD cte=1.5m pos=[104.0,1.5] tgt=[174.0,0.0] seg=104/300
[telemetry_node-1] [INFO] [1785291846.202904201] [telemetry_node]: pos_ned=[105.00178528   1.43160105 110.64993286]  yaw=-0.008  armed=True  vtol=4  batt=15.30V/50%
[offboard_node-2] [INFO] [1785291848.128532813] [offboard_node]: FOLLOWING tick=80 mode=OFFBOARD cte=0.8m pos=[133.5,0.8] tgt=[203.5,0.0] seg=133/300
[telemetry_node-1] [INFO] [1785291848.202884549] [telemetry_node]: pos_ned=[134.42062378   0.75109905 107.17500305]  yaw=-0.096  armed=True  vtol=4  batt=15.30V/50%
[offboard_node-2] [INFO] [1785291850.128867693] [offboard_node]: FOLLOWING tick=100 mode=OFFBOARD cte=0.5m pos=[162.5,0.5] tgt=[232.5,0.0] seg=162/300
[telemetry_node-1] [INFO] [1785291850.203121677] [telemetry_node]: pos_ned=[163.58451843   0.48991114 103.55221558]  yaw=-0.153  armed=True  vtol=4  batt=15.30V/50%
[offboard_node-2] [INFO] [1785291852.128762192] [offboard_node]: FOLLOWING tick=120 mode=OFFBOARD cte=0.5m pos=[191.5,0.5] tgt=[261.5,0.0] seg=191/300
[telemetry_node-1] [INFO] [1785291852.202747703] [telemetry_node]: pos_ned=[192.50131226   0.49292228  99.90190887]  yaw=-0.150  armed=True  vtol=4  batt=15.30V/50%
[offboard_node-2] [INFO] [1785291854.128561533] [offboard_node]: FOLLOWING tick=140 mode=OFFBOARD cte=0.7m pos=[220.1,0.7] tgt=[290.1,0.0] seg=220/300
[telemetry_node-1] [INFO] [1785291854.202957353] [telemetry_node]: pos_ned=[221.12944031   0.66532558  96.31504059]  yaw=-0.100  armed=True  vtol=4  batt=15.30V/50%
[offboard_node-2] [INFO] [1785291856.130229475] [offboard_node]: FOLLOWING tick=160 mode=OFFBOARD cte=0.8m pos=[248.0,0.8] tgt=[300.0,0.0] seg=248/300
[telemetry_node-1] [INFO] [1785291856.203293030] [telemetry_node]: pos_ned=[249.49334717   0.76815039  92.64598846]  yaw=-0.036  armed=True  vtol=4  batt=15.30V/50%
[telemetry_node-1] [INFO] [1785291859.029222011] [telemetry_node]: pos_ned=[273.40887451   0.63403064  89.36732483]  yaw=-0.021  armed=True  vtol=4  batt=15.30V/50%
[offboard_node-2] [INFO] [1785291859.227358203] [offboard_node]: FOLLOWING tick=180 mode=OFFBOARD cte=0.4m pos=[276.2,0.4] tgt=[300.0,0.0] seg=276/300
[telemetry_node-1] [INFO] [1785291860.202855686] [telemetry_node]: pos_ned=[289.39160156  -5.48692465  84.53749084]  yaw=-0.492  armed=True  vtol=4  batt=15.30V/50%
[offboard_node-2] [INFO] [1785291861.227818182] [offboard_node]: FOLLOWING tick=200 mode=OFFBOARD cte=-19.9m pos=[298.1,-19.9] tgt=[300.0,0.0] seg=298/300
[offboard_node-2] [INFO] [1785291861.627254215] [offboard_node]: 종점 결승선 통과 (거리 26.6m > d_end_thresh 10.0m 이지만 마지막 세그먼트를 다 탔다) — 경로 완료로 판정
[offboard_node-2] [INFO] [1785291861.627795022] [offboard_node]: 경로 추종 완료 -> transition_mc
[offboard_node-2] [INFO] [1785291861.726888992] [offboard_node]: FW->MC 역천이 명령 요청
[telemetry_node-1] [INFO] [1785291862.203370864] [telemetry_node]: pos_ned=[304.40951538 -34.78298569  80.49947357]  yaw=-1.079  armed=True  vtol=2  batt=15.30V/50%
[telemetry_node-1] [INFO] [1785291864.203324893] [telemetry_node]: pos_ned=[327.63192749 -49.80118561  80.15301514]  yaw=-1.045  armed=True  vtol=2  batt=15.30V/50%
[telemetry_node-1] [INFO] [1785291866.203073037] [telemetry_node]: pos_ned=[346.35339355 -57.04645157  82.13941956]  yaw=-0.801  armed=True  vtol=2  batt=15.30V/50%
[offboard_node-2] [INFO] [1785291867.526562890] [offboard_node]: MC 전환 완료 -> HOLD (WP1 복귀)
[telemetry_node-1] [INFO] [1785291868.203265271] [telemetry_node]: pos_ned=[358.20672607 -61.06924438  82.02302551]  yaw=-0.736  armed=True  vtol=3  batt=15.30V/50%
[offboard_node-2] [INFO] [1785291869.533466305] [offboard_node]: WP1 홀드 dist=80.7m speed=7.5m/s stable=0/10
[telemetry_node-1] [INFO] [1785291870.202759370] [telemetry_node]: pos_ned=[351.97491455 -55.57714462  79.05194092]  yaw=-0.777  armed=True  vtol=3  batt=15.30V/50%
[offboard_node-2] [INFO] [1785291871.526592637] [offboard_node]: WP1 홀드 dist=70.3m speed=4.3m/s stable=0/10
[telemetry_node-1] [INFO] [1785291872.202837449] [telemetry_node]: pos_ned=[345.46014404 -49.13619995  75.73695374]  yaw=-0.777  armed=True  vtol=3  batt=15.30V/50%
[offboard_node-2] [INFO] [1785291873.526346107] [offboard_node]: WP1 홀드 dist=60.1m speed=4.5m/s stable=0/10
[telemetry_node-1] [INFO] [1785291874.203449352] [telemetry_node]: pos_ned=[338.78155518 -42.18167114  72.48012543]  yaw=-0.775  armed=True  vtol=3  batt=15.30V/50%
[offboard_node-2] [INFO] [1785291875.526438925] [offboard_node]: WP1 홀드 dist=50.6m speed=4.7m/s stable=0/10
[telemetry_node-1] [INFO] [1785291876.202858033] [telemetry_node]: pos_ned=[332.18591309 -35.11844254  69.34793091]  yaw=-0.776  armed=True  vtol=3  batt=15.30V/50%
[offboard_node-2] [INFO] [1785291877.526353173] [offboard_node]: WP1 홀드 dist=41.3m speed=4.7m/s stable=0/10
[telemetry_node-1] [INFO] [1785291878.202899322] [telemetry_node]: pos_ned=[325.85388184 -28.21084976  66.28766632]  yaw=-0.774  armed=True  vtol=3  batt=15.30V/50%
[offboard_node-2] [INFO] [1785291879.526562718] [offboard_node]: WP1 홀드 dist=32.0m speed=4.7m/s stable=0/10
[telemetry_node-1] [INFO] [1785291880.203024025] [telemetry_node]: pos_ned=[319.57876587 -21.35617447  63.29175186]  yaw=-0.772  armed=True  vtol=3  batt=15.30V/50%
[offboard_node-2] [INFO] [1785291881.526336406] [offboard_node]: WP1 홀드 dist=22.7m speed=4.7m/s stable=0/10
[telemetry_node-1] [INFO] [1785291882.203863260] [telemetry_node]: pos_ned=[313.31152344 -14.51604176  60.3260994 ]  yaw=-0.771  armed=True  vtol=3  batt=15.30V/50%
[offboard_node-2] [INFO] [1785291883.526426324] [offboard_node]: WP1 홀드 dist=13.5m speed=4.7m/s stable=0/10
[telemetry_node-1] [INFO] [1785291884.203334470] [telemetry_node]: pos_ned=[307.02990723  -7.64876556  57.38802719]  yaw=-0.769  armed=True  vtol=3  batt=15.30V/50%
[offboard_node-2] [INFO] [1785291885.526535000] [offboard_node]: WP1 홀드 dist=4.2m speed=4.6m/s stable=0/10
[telemetry_node-1] [INFO] [1785291886.203100302] [telemetry_node]: pos_ned=[301.22341919  -1.33900011  54.65337372]  yaw=-0.768  armed=True  vtol=3  batt=15.30V/50%
[offboard_node-2] [INFO] [1785291887.526578605] [offboard_node]: WP1 홀드 dist=0.6m speed=0.1m/s stable=9/10
[offboard_node-2] [INFO] [1785291887.527086519] [offboard_node]: WP1 도달·안정 (dist=0.6m speed=0.1m/s) → LANDING
[offboard_node-2] [INFO] [1785291887.626666714] [offboard_node]: AUTO.LAND 요청
[telemetry_node-1] [INFO] [1785291888.203501104] [telemetry_node]: pos_ned=[300.49279785  -0.54430526  51.75294876]  yaw=-0.774  armed=True  vtol=3  batt=15.30V/50%
[telemetry_node-1] [INFO] [1785291890.203067069] [telemetry_node]: pos_ned=[300.41445923  -0.41342103  48.71320724]  yaw=-0.777  armed=True  vtol=3  batt=15.30V/50%
[telemetry_node-1] [INFO] [1785291892.418288299] [telemetry_node]: pos_ned=[300.32977295  -0.33864614  47.13157272]  yaw=-0.778  armed=True  vtol=3  batt=15.30V/50%
[telemetry_node-1] [INFO] [1785291894.202920904] [telemetry_node]: pos_ned=[300.52374268  -0.56169468  44.52906036]  yaw=-0.778  armed=True  vtol=3  batt=15.30V/50%
[telemetry_node-1] [INFO] [1785291896.203517797] [telemetry_node]: pos_ned=[300.44015503  -0.49807021  41.52386475]  yaw=-0.777  armed=True  vtol=3  batt=15.30V/50%
[telemetry_node-1] [INFO] [1785291898.202897854] [telemetry_node]: pos_ned=[300.48342896  -0.51515943  38.54998016]  yaw=-0.778  armed=True  vtol=3  batt=15.30V/50%
[telemetry_node-1] [INFO] [1785291900.203021588] [telemetry_node]: pos_ned=[300.49371338  -0.55017155  35.52441788]  yaw=-0.778  armed=True  vtol=3  batt=15.30V/50%
[telemetry_node-1] [INFO] [1785291902.202926945] [telemetry_node]: pos_ned=[300.44198608  -0.48412403  32.52639008]  yaw=-0.780  armed=True  vtol=3  batt=15.30V/50%
[telemetry_node-1] [INFO] [1785291904.202967571] [telemetry_node]: pos_ned=[300.46524048  -0.48997727  29.54979515]  yaw=-0.781  armed=True  vtol=3  batt=15.30V/50%
[telemetry_node-1] [INFO] [1785291906.202853994] [telemetry_node]: pos_ned=[300.44970703  -0.46725225  26.52509499]  yaw=-0.782  armed=True  vtol=3  batt=15.30V/50%
[telemetry_node-1] [INFO] [1785291908.313959808] [telemetry_node]: pos_ned=[300.41107178  -0.43889132  24.32762337]  yaw=-0.784  armed=True  vtol=3  batt=15.30V/50%
[telemetry_node-1] [INFO] [1785291910.203126502] [telemetry_node]: pos_ned=[300.50872803  -0.54615682  21.48150063]  yaw=-0.786  armed=True  vtol=3  batt=15.30V/50%
[telemetry_node-1] [INFO] [1785291912.203245369] [telemetry_node]: pos_ned=[300.41748047  -0.478524    18.49968529]  yaw=-0.786  armed=True  vtol=3  batt=15.30V/50%
[telemetry_node-1] [INFO] [1785291914.202983990] [telemetry_node]: pos_ned=[300.44293213  -0.47906944  15.56751251]  yaw=-0.788  armed=True  vtol=3  batt=15.30V/50%
[telemetry_node-1] [INFO] [1785291916.202754716] [telemetry_node]: pos_ned=[300.4979248   -0.53809845  12.56296062]  yaw=-0.790  armed=True  vtol=3  batt=15.30V/50%
[telemetry_node-1] [INFO] [1785291918.202984446] [telemetry_node]: pos_ned=[300.42675781  -0.45842028   9.55975437]  yaw=-0.791  armed=True  vtol=3  batt=15.30V/50%
[telemetry_node-1] [INFO] [1785291920.203329430] [telemetry_node]: pos_ned=[300.47857666  -0.49697146   7.11488771]  yaw=-0.793  armed=True  vtol=3  batt=15.30V/50%
[telemetry_node-1] [INFO] [1785291922.202670435] [telemetry_node]: pos_ned=[300.53860474  -0.54304522   5.29307127]  yaw=-0.795  armed=True  vtol=3  batt=15.30V/50%
[telemetry_node-1] [INFO] [1785291924.204452697] [telemetry_node]: pos_ned=[300.43579102  -0.47358716   3.8728652 ]  yaw=-0.796  armed=True  vtol=3  batt=15.30V/50%
[telemetry_node-1] [INFO] [1785291926.202747484] [telemetry_node]: pos_ned=[300.44198608  -0.45780081   2.47940588]  yaw=-0.798  armed=True  vtol=3  batt=15.30V/50%
[telemetry_node-1] [INFO] [1785291928.202830232] [telemetry_node]: pos_ned=[300.49551392  -0.53072518   1.07688427]  yaw=-0.799  armed=True  vtol=3  batt=15.30V/50%
[telemetry_node-1] [INFO] [1785291930.202856293] [telemetry_node]: pos_ned=[ 3.00470795e+02 -4.94461149e-01  1.44803971e-01]  yaw=-0.799  armed=True  vtol=3  batt=15.30V/50%
[telemetry_node-1] [INFO] [1785291932.203374223] [telemetry_node]: pos_ned=[ 3.00480377e+02 -4.98191029e-01  1.50532514e-01]  yaw=-0.800  armed=True  vtol=3  batt=15.30V/50%
[offboard_node-2] [INFO] [1785291932.926808894] [offboard_node]: 착륙 완료 (disarmed) -> DONE
[telemetry_node-1] [INFO] [1785291934.203659095] [telemetry_node]: pos_ned=[ 3.00474396e+02 -4.70570982e-01  1.14621997e-01]  yaw=-0.801  armed=False  vtol=3  batt=16.20V/59%
[telemetry_node-1] [INFO] [1785291936.203199881] [telemetry_node]: pos_ned=[ 3.00462921e+02 -4.98621374e-01  1.05224133e-01]  yaw=-0.802  armed=False  vtol=3  batt=16.20V/94%
[telemetry_node-1] [INFO] [1785291938.202976131] [telemetry_node]: pos_ned=[ 3.00461548e+02 -5.28776169e-01  8.77063274e-02]  yaw=-0.803  armed=False  vtol=3  batt=16.20V/99%
[WARNING] [launch]: user interrupted with ctrl-c (SIGINT)
[INFO] [offboard_node-2]: sending signal 'SIGINT' to process[offboard_node-2]
[INFO] [telemetry_node-1]: sending signal 'SIGINT' to process[telemetry_node-1]
[offboard_node-2] Traceback (most recent call last):
[offboard_node-2]   File "/root/ws_c1b/install/fc_ros/lib/python3.10/site-packages/fc_ros/nodes/offboard_node.py", line 2314, in main
[offboard_node-2]     rclpy.spin(node)
[offboard_node-2]   File "/opt/ros/humble/local/lib/python3.10/dist-packages/rclpy/__init__.py", line 229, in spin
[offboard_node-2]     executor.spin_once()
[offboard_node-2]   File "/opt/ros/humble/local/lib/python3.10/dist-packages/rclpy/executors.py", line 808, in spin_once
[offboard_node-2]     self._spin_once_impl(timeout_sec)
[offboard_node-2]   File "/opt/ros/humble/local/lib/python3.10/dist-packages/rclpy/executors.py", line 797, in _spin_once_impl
[offboard_node-2]     handler, entity, node = self.wait_for_ready_callbacks(timeout_sec=timeout_sec)
[offboard_node-2]   File "/opt/ros/humble/local/lib/python3.10/dist-packages/rclpy/executors.py", line 780, in wait_for_ready_callbacks
[offboard_node-2]     return next(self._cb_iter)
[offboard_node-2]   File "/opt/ros/humble/local/lib/python3.10/dist-packages/rclpy/executors.py", line 677, in _wait_for_ready_callbacks
[offboard_node-2]     wait_set.wait(timeout_nsec)
[offboard_node-2] KeyboardInterrupt
[offboard_node-2] 
[offboard_node-2] During handling of the above exception, another exception occurred:
[offboard_node-2] 
[offboard_node-2] Traceback (most recent call last):
[offboard_node-2]   File "/root/ws_c1b/install/fc_ros/lib/fc_ros/offboard_node", line 33, in <module>
[offboard_node-2]     sys.exit(load_entry_point('fc-ros==0.1.0', 'console_scripts', 'offboard_node')())
[offboard_node-2]   File "/root/ws_c1b/install/fc_ros/lib/python3.10/site-packages/fc_ros/nodes/offboard_node.py", line 2316, in main
[offboard_node-2]     node.destroy_node()
[offboard_node-2]   File "/opt/ros/humble/local/lib/python3.10/dist-packages/rclpy/node.py", line 1689, in destroy_node
[offboard_node-2]     self.destroy_client(self._clients[0])
[offboard_node-2]   File "/opt/ros/humble/local/lib/python3.10/dist-packages/rclpy/node.py", line 1599, in destroy_client
[offboard_node-2]     client.destroy()
[offboard_node-2]   File "/opt/ros/humble/local/lib/python3.10/dist-packages/rclpy/client.py", line 187, in destroy
[offboard_node-2]     self.__client.destroy_when_not_in_use()
[offboard_node-2] KeyboardInterrupt
[telemetry_node-1] Traceback (most recent call last):
[telemetry_node-1]   File "/root/ws_c1b/install/fc_ros/lib/python3.10/site-packages/fc_ros/nodes/telemetry_node.py", line 109, in main
[telemetry_node-1]     rclpy.spin(node)
[telemetry_node-1]   File "/opt/ros/humble/local/lib/python3.10/dist-packages/rclpy/__init__.py", line 229, in spin
[telemetry_node-1]     executor.spin_once()
[telemetry_node-1]   File "/opt/ros/humble/local/lib/python3.10/dist-packages/rclpy/executors.py", line 808, in spin_once
[telemetry_node-1]     self._spin_once_impl(timeout_sec)
[telemetry_node-1]   File "/opt/ros/humble/local/lib/python3.10/dist-packages/rclpy/executors.py", line 797, in _spin_once_impl
[telemetry_node-1]     handler, entity, node = self.wait_for_ready_callbacks(timeout_sec=timeout_sec)
[telemetry_node-1]   File "/opt/ros/humble/local/lib/python3.10/dist-packages/rclpy/executors.py", line 780, in wait_for_ready_callbacks
[telemetry_node-1]     return next(self._cb_iter)
[telemetry_node-1]   File "/opt/ros/humble/local/lib/python3.10/dist-packages/rclpy/executors.py", line 677, in _wait_for_ready_callbacks
[telemetry_node-1]     wait_set.wait(timeout_nsec)
[telemetry_node-1] KeyboardInterrupt
[telemetry_node-1] 
[telemetry_node-1] During handling of the above exception, another exception occurred:
[telemetry_node-1] 
[telemetry_node-1] Traceback (most recent call last):
[telemetry_node-1]   File "/root/ws_c1b/install/fc_ros/lib/fc_ros/telemetry_node", line 33, in <module>
[telemetry_node-1]     sys.exit(load_entry_point('fc-ros==0.1.0', 'console_scripts', 'telemetry_node')())
[telemetry_node-1]   File "/root/ws_c1b/install/fc_ros/lib/python3.10/site-packages/fc_ros/nodes/telemetry_node.py", line 111, in main
[telemetry_node-1]     node.destroy_node()
[telemetry_node-1]   File "/opt/ros/humble/local/lib/python3.10/dist-packages/rclpy/node.py", line 1696, in destroy_node
[telemetry_node-1]     self.__node.destroy_when_not_in_use()
[telemetry_node-1] KeyboardInterrupt
[ERROR] [telemetry_node-1]: process has died [pid 5800, exit code -2, cmd '/root/ws_c1b/install/fc_ros/lib/fc_ros/telemetry_node --ros-args -r __node:=telemetry_node'].
[ERROR] [offboard_node-2]: process has died [pid 5802, exit code -2, cmd '/root/ws_c1b/install/fc_ros/lib/fc_ros/offboard_node --ros-args -r __node:=offboard_node --params-file /root/ws_c1b/install/fc_ros/share/fc_ros/params/fc_ros_params.yaml --params-file /tmp/launch_params_bkdg0qvm'].
