[INFO] [launch]: All log files can be found below /root/.ros/log/2026-07-27-07-00-17-782661-DESKTOP-Kilogram-1132
[INFO] [launch]: Default logging verbosity is set to INFO
[INFO] [telemetry_node-1]: process started with pid [1161]
[INFO] [offboard_node-2]: process started with pid [1165]
[offboard_node-2] [INFO] [1785103219.463023879] [offboard_node]: ARM 요청
[telemetry_node-1] [INFO] [1785103221.118550674] [telemetry_node]: pos_ned=[-0.00217997 -0.02211313  0.04324251]  yaw=1.673  armed=False  vtol=3  batt=0.00V/100%
[offboard_node-2] [INFO] [1785103221.271920339] [offboard_node]: CommandTOL 이륙 요청 alt=50.1m AMSL (지면 0.1+50.0) -> CLIMBING
[telemetry_node-1] [INFO] [1785103223.059706978] [telemetry_node]: pos_ned=[0.04382995 0.00270893 0.03412344]  yaw=1.677  armed=True  vtol=3  batt=16.17V/99%
[telemetry_node-1] [INFO] [1785103225.059672263] [telemetry_node]: pos_ned=[0.07577188 0.03491028 0.35009325]  yaw=1.682  armed=True  vtol=3  batt=16.11V/97%
[telemetry_node-1] [INFO] [1785103227.059478485] [telemetry_node]: pos_ned=[0.12229244 0.07859798 2.6701045 ]  yaw=1.691  armed=True  vtol=3  batt=16.05V/93%
[telemetry_node-1] [INFO] [1785103229.059270465] [telemetry_node]: pos_ned=[0.08263955 0.03660369 5.42510223]  yaw=1.720  armed=True  vtol=3  batt=15.99V/90%
[telemetry_node-1] [INFO] [1785103231.059740531] [telemetry_node]: pos_ned=[ 0.05297804 -0.01829806  8.36143684]  yaw=1.731  armed=True  vtol=3  batt=15.93V/87%
[telemetry_node-1] [INFO] [1785103233.060102086] [telemetry_node]: pos_ned=[ 0.05703294 -0.0226299  11.87168503]  yaw=1.734  armed=True  vtol=3  batt=15.87V/83%
[telemetry_node-1] [INFO] [1785103235.059931082] [telemetry_node]: pos_ned=[4.33281176e-02 8.14984739e-03 1.76311607e+01]  yaw=1.732  armed=True  vtol=3  batt=15.81V/80%
[telemetry_node-1] [INFO] [1785103237.059726747] [telemetry_node]: pos_ned=[2.08523795e-02 3.76203954e-02 2.35505085e+01]  yaw=1.727  armed=True  vtol=3  batt=15.75V/77%
[telemetry_node-1] [INFO] [1785103239.059421380] [telemetry_node]: pos_ned=[4.50826213e-02 1.47452177e-02 2.94575233e+01]  yaw=1.729  armed=True  vtol=3  batt=15.69V/73%
[telemetry_node-1] [INFO] [1785103241.059303245] [telemetry_node]: pos_ned=[5.02353385e-02 2.60492507e-02 3.54433556e+01]  yaw=1.728  armed=True  vtol=3  batt=15.63V/70%
[telemetry_node-1] [INFO] [1785103243.060266122] [telemetry_node]: pos_ned=[3.75273228e-02 1.29136769e-02 4.13632011e+01]  yaw=1.728  armed=True  vtol=3  batt=15.57V/67%
[telemetry_node-1] [INFO] [1785103245.059814067] [telemetry_node]: pos_ned=[2.00965852e-02 2.95516439e-02 4.63743286e+01]  yaw=1.727  armed=True  vtol=3  batt=15.51V/63%
[telemetry_node-1] [INFO] [1785103247.204790943] [telemetry_node]: pos_ned=[1.06972447e-02 3.82981114e-02 4.81019707e+01]  yaw=1.726  armed=True  vtol=3  batt=15.45V/60%
[telemetry_node-1] [INFO] [1785103249.060821555] [telemetry_node]: pos_ned=[2.80306656e-02 5.29473834e-02 4.92917557e+01]  yaw=1.722  armed=True  vtol=3  batt=15.39V/57%
[offboard_node-2] [INFO] [1785103249.870926508] [offboard_node]: 운용 고도 50.0m 도달 → transition_fw
[telemetry_node-1] [INFO] [1785103251.059726716] [telemetry_node]: pos_ned=[2.86262296e-02 2.56518945e-02 4.97560234e+01]  yaw=1.727  armed=True  vtol=3  batt=15.33V/53%
[offboard_node-2] [INFO] [1785103251.870304759] [offboard_node]: 천이 전 MC OFFBOARD 요청 (헤딩 정렬 대기)
[telemetry_node-1] [INFO] [1785103253.059268683] [telemetry_node]: pos_ned=[6.64448142e-02 1.33941742e-02 4.98318825e+01]  yaw=1.469  armed=True  vtol=3  batt=15.30V/51%
[telemetry_node-1] [INFO] [1785103255.060553355] [telemetry_node]: pos_ned=[4.63607311e-02 2.10997034e-02 4.97201424e+01]  yaw=0.682  armed=True  vtol=3  batt=15.30V/50%
[telemetry_node-1] [INFO] [1785103257.060640105] [telemetry_node]: pos_ned=[-5.34714200e-03  2.42485374e-01  4.96573029e+01]  yaw=0.362  armed=True  vtol=3  batt=15.30V/50%
[telemetry_node-1] [INFO] [1785103259.059635879] [telemetry_node]: pos_ned=[-2.72005852e-02  3.78006756e-01  4.96592827e+01]  yaw=0.199  armed=True  vtol=3  batt=15.30V/50%
[telemetry_node-1] [INFO] [1785103261.060222659] [telemetry_node]: pos_ned=[-0.06117107  0.45358029 49.71498489]  yaw=0.114  armed=True  vtol=3  batt=15.30V/50%
[telemetry_node-1] [INFO] [1785103263.059630976] [telemetry_node]: pos_ned=[-0.06000588  0.41337681 49.78126526]  yaw=0.068  armed=True  vtol=3  batt=15.30V/50%
[telemetry_node-1] [INFO] [1785103265.060058166] [telemetry_node]: pos_ned=[-4.09557708e-02  3.63737971e-01  4.98489342e+01]  yaw=0.042  armed=True  vtol=3  batt=15.30V/50%
[offboard_node-2] [INFO] [1785103266.077732220] [offboard_node]: 헤딩 정렬 완료 target=0.0° current=2.5° err=-2.5° (20틱 안정) → 전진 + 천이 명령
[offboard_node-2] [INFO] [1785103266.081567126] [offboard_node]: MC→FW 천이 명령 요청 (위치 setpoint 직선 천이)
[telemetry_node-1] [INFO] [1785103267.060095628] [telemetry_node]: pos_ned=[ 0.08914963  0.30554461 49.89368057]  yaw=0.044  armed=True  vtol=1  batt=15.30V/50%
[offboard_node-2] [WARN] [1785103267.271436258] [offboard_node]: 천이 중 OFFBOARD 이탈 → 재요청 (mode=AUTO.LOITER)
[offboard_node-2] [WARN] [1785103267.370216226] [offboard_node]: 천이 중 OFFBOARD 이탈 → 재요청 (mode=AUTO.LOITER)
[offboard_node-2] [WARN] [1785103267.470151164] [offboard_node]: 천이 중 OFFBOARD 이탈 → 재요청 (mode=AUTO.LOITER)
[offboard_node-2] [WARN] [1785103267.570380965] [offboard_node]: 천이 중 OFFBOARD 이탈 → 재요청 (mode=AUTO.LOITER)
[offboard_node-2] [WARN] [1785103267.669931607] [offboard_node]: 천이 중 OFFBOARD 이탈 → 재요청 (mode=AUTO.LOITER)
[offboard_node-2] [WARN] [1785103267.769846465] [offboard_node]: 천이 중 OFFBOARD 이탈 → 재요청 (mode=AUTO.LOITER)
[offboard_node-2] [WARN] [1785103267.870580438] [offboard_node]: 천이 중 OFFBOARD 이탈 → 재요청 (mode=AUTO.LOITER)
[offboard_node-2] [WARN] [1785103267.970107297] [offboard_node]: 천이 중 OFFBOARD 이탈 → 재요청 (mode=AUTO.LOITER)
[offboard_node-2] [WARN] [1785103268.070374708] [offboard_node]: 천이 중 OFFBOARD 이탈 → 재요청 (mode=AUTO.LOITER)
[offboard_node-2] [WARN] [1785103268.170040904] [offboard_node]: 천이 중 OFFBOARD 이탈 → 재요청 (mode=AUTO.LOITER)
[offboard_node-2] [INFO] [1785103268.869169388] [offboard_node]: FW 전환 완료 -> STREAMING
[offboard_node-2] [INFO] [1785103268.980920207] [offboard_node]: OFFBOARD 확인 → FOLLOWING
[telemetry_node-1] [INFO] [1785103269.060270400] [telemetry_node]: pos_ned=[15.12073994 -0.48283795 49.36816406]  yaw=-0.030  armed=True  vtol=4  batt=15.30V/50%
[offboard_node-2] [INFO] [1785103269.087012632] [offboard_node]: FOLLOWING 시작 pos=[15.1,-0.5] tgt=[85.1,0.0] cte=-0.5m mode=OFFBOARD
[offboard_node-2] [INFO] [1785103270.987888445] [offboard_node]: FOLLOWING tick=20 mode=OFFBOARD cte=-0.8m pos=[47.1,-0.8] tgt=[117.1,0.0]
[telemetry_node-1] [INFO] [1785103271.059687691] [telemetry_node]: pos_ned=[48.60022354 -0.75858247 51.97626877]  yaw=0.027  armed=True  vtol=4  batt=15.30V/50%
[offboard_node-2] [INFO] [1785103272.988207182] [offboard_node]: FOLLOWING tick=40 mode=OFFBOARD cte=-0.6m pos=[76.6,-0.6] tgt=[146.6,0.0]
[telemetry_node-1] [INFO] [1785103273.060765160] [telemetry_node]: pos_ned=[77.57152557 -0.57013893 49.01551437]  yaw=0.033  armed=True  vtol=4  batt=15.30V/50%
[offboard_node-2] [INFO] [1785103274.989274515] [offboard_node]: FOLLOWING tick=60 mode=OFFBOARD cte=-0.3m pos=[107.4,-0.3] tgt=[177.4,0.0]
[telemetry_node-1] [INFO] [1785103275.060058861] [telemetry_node]: pos_ned=[108.34399414  -0.25289735  48.94730377]  yaw=0.007  armed=True  vtol=4  batt=15.30V/50%
[offboard_node-2] [INFO] [1785103277.008449462] [offboard_node]: FOLLOWING tick=80 mode=OFFBOARD cte=-0.1m pos=[135.8,-0.1] tgt=[205.8,0.0]
[telemetry_node-1] [INFO] [1785103277.060852384] [telemetry_node]: pos_ned=[ 1.36724442e+02 -8.01730454e-02  4.87340508e+01]  yaw=-0.013  armed=True  vtol=4  batt=15.30V/50%
[offboard_node-2] [INFO] [1785103278.994250969] [offboard_node]: FOLLOWING tick=100 mode=OFFBOARD cte=-0.0m pos=[163.7,-0.0] tgt=[233.7,0.0]
[telemetry_node-1] [INFO] [1785103279.060207100] [telemetry_node]: pos_ned=[ 1.65195847e+02 -1.69988479e-02  4.89596443e+01]  yaw=-0.014  armed=True  vtol=4  batt=15.30V/50%
[telemetry_node-1] [INFO] [1785103281.059801166] [telemetry_node]: pos_ned=[ 1.82165161e+02 -3.32807787e-02  4.90333328e+01]  yaw=-0.007  armed=True  vtol=4  batt=15.30V/50%
[offboard_node-2] [INFO] [1785103281.688422276] [offboard_node]: FOLLOWING tick=120 mode=OFFBOARD cte=-0.0m pos=[190.6,-0.0] tgt=[260.6,0.0]
[telemetry_node-1] [INFO] [1785103283.060400661] [telemetry_node]: pos_ned=[ 2.09998077e+02 -5.52212484e-02  4.90916214e+01]  yaw=0.005  armed=True  vtol=4  batt=15.30V/50%
[offboard_node-2] [INFO] [1785103283.696271560] [offboard_node]: FOLLOWING tick=140 mode=OFFBOARD cte=-0.1m pos=[217.9,-0.1] tgt=[287.9,0.0]
[telemetry_node-1] [INFO] [1785103285.060585853] [telemetry_node]: pos_ned=[ 2.36695099e+02 -1.01561785e-01  4.91512718e+01]  yaw=0.008  armed=True  vtol=4  batt=15.30V/50%
[offboard_node-2] [INFO] [1785103285.692310307] [offboard_node]: FOLLOWING tick=160 mode=OFFBOARD cte=-0.1m pos=[244.9,-0.1] tgt=[300.0,0.0]
[telemetry_node-1] [INFO] [1785103287.059921829] [telemetry_node]: pos_ned=[ 2.63689331e+02 -2.78501250e-02  4.93485985e+01]  yaw=0.006  armed=True  vtol=4  batt=15.30V/50%
[offboard_node-2] [INFO] [1785103287.691406708] [offboard_node]: FOLLOWING tick=180 mode=OFFBOARD cte=0.0m pos=[272.0,0.0] tgt=[300.0,0.0]
[telemetry_node-1] [INFO] [1785103289.060855349] [telemetry_node]: pos_ned=[2.90697479e+02 6.23122379e-02 4.93410110e+01]  yaw=0.005  armed=True  vtol=4  batt=15.30V/50%
[offboard_node-2] [INFO] [1785103289.086758057] [offboard_node]: 경로 추종 완료 -> transition_mc
[offboard_node-2] [INFO] [1785103289.171391678] [offboard_node]: FW->MC 역천이 명령 요청
[telemetry_node-1] [INFO] [1785103291.060021197] [telemetry_node]: pos_ned=[ 3.15086945e+02 -4.92924191e-02  4.90999069e+01]  yaw=0.004  armed=True  vtol=2  batt=15.30V/50%
[telemetry_node-1] [INFO] [1785103293.059841506] [telemetry_node]: pos_ned=[ 3.31818085e+02 -3.66223045e-02  5.00461845e+01]  yaw=0.009  armed=True  vtol=2  batt=15.30V/50%
[offboard_node-2] [INFO] [1785103294.570740180] [offboard_node]: MC 전환 완료 -> HOLD (WP1 복귀)
[telemetry_node-1] [INFO] [1785103295.060247137] [telemetry_node]: pos_ned=[3.43570465e+02 1.29890308e-01 5.02756271e+01]  yaw=0.004  armed=True  vtol=3  batt=15.30V/50%
[offboard_node-2] [INFO] [1785103296.569365024] [offboard_node]: WP1 홀드 dist=40.0m speed=8.3m/s stable=0/10
[telemetry_node-1] [INFO] [1785103297.059494871] [telemetry_node]: pos_ned=[3.36074463e+02 3.34867001e-01 4.97830315e+01]  yaw=0.014  armed=True  vtol=3  batt=15.30V/50%
[offboard_node-2] [INFO] [1785103298.571743499] [offboard_node]: WP1 홀드 dist=24.8m speed=8.1m/s stable=0/10
[telemetry_node-1] [INFO] [1785103299.060278937] [telemetry_node]: pos_ned=[3.21164856e+02 1.00703999e-01 4.98816185e+01]  yaw=0.012  armed=True  vtol=3  batt=15.30V/50%
[offboard_node-2] [INFO] [1785103300.570750006] [offboard_node]: WP1 홀드 dist=9.6m speed=8.0m/s stable=0/10
[telemetry_node-1] [INFO] [1785103301.059470212] [telemetry_node]: pos_ned=[ 3.05779114e+02 -4.27984484e-02  5.00034447e+01]  yaw=0.008  armed=True  vtol=3  batt=15.30V/50%
[offboard_node-2] [INFO] [1785103302.571133945] [offboard_node]: WP1 홀드 dist=0.8m speed=0.8m/s stable=2/10
[telemetry_node-1] [INFO] [1785103303.060032289] [telemetry_node]: pos_ned=[ 3.00480988e+02 -7.79630467e-02  5.00452042e+01]  yaw=-0.003  armed=True  vtol=3  batt=15.30V/50%
[offboard_node-2] [INFO] [1785103303.269930437] [offboard_node]: WP1 도달·안정 → LANDING (dist=0.4m speed=0.2m/s)
[offboard_node-2] [INFO] [1785103303.370406330] [offboard_node]: AUTO.LAND 요청
[telemetry_node-1] [INFO] [1785103305.060293273] [telemetry_node]: pos_ned=[ 3.00673828e+02 -3.27870511e-02  4.82045059e+01]  yaw=-0.006  armed=True  vtol=3  batt=15.30V/50%
[telemetry_node-1] [INFO] [1785103307.059708188] [telemetry_node]: pos_ned=[ 3.00384003e+02 -1.95672195e-02  4.54737396e+01]  yaw=-0.006  armed=True  vtol=3  batt=15.30V/50%
[telemetry_node-1] [INFO] [1785103309.059825543] [telemetry_node]: pos_ned=[ 3.00679016e+02 -1.38700269e-02  4.25210533e+01]  yaw=-0.009  armed=True  vtol=3  batt=15.30V/50%
[telemetry_node-1] [INFO] [1785103311.061220137] [telemetry_node]: pos_ned=[3.00544037e+02 1.01482812e-02 3.95324593e+01]  yaw=-0.009  armed=True  vtol=3  batt=15.30V/50%
[telemetry_node-1] [INFO] [1785103313.776114443] [telemetry_node]: pos_ned=[ 3.00666260e+02 -1.12213276e-03  3.67489243e+01]  yaw=-0.011  armed=True  vtol=3  batt=15.30V/50%
[telemetry_node-1] [INFO] [1785103315.060388648] [telemetry_node]: pos_ned=[ 3.00698181e+02 -4.79732603e-02  3.48009491e+01]  yaw=-0.012  armed=True  vtol=3  batt=15.30V/50%
[telemetry_node-1] [INFO] [1785103317.069283066] [telemetry_node]: pos_ned=[ 3.00529114e+02 -3.49233523e-02  3.19446449e+01]  yaw=-0.013  armed=True  vtol=3  batt=15.30V/50%
[telemetry_node-1] [INFO] [1785103319.062588878] [telemetry_node]: pos_ned=[ 3.00664124e+02 -2.51899771e-02  2.90446110e+01]  yaw=-0.015  armed=True  vtol=3  batt=15.30V/50%
[telemetry_node-1] [INFO] [1785103321.060109166] [telemetry_node]: pos_ned=[ 3.00528687e+02 -2.81954017e-02  2.60869274e+01]  yaw=-0.015  armed=True  vtol=3  batt=15.30V/50%
[telemetry_node-1] [INFO] [1785103323.060170578] [telemetry_node]: pos_ned=[ 3.00595062e+02 -2.10816562e-02  2.31332283e+01]  yaw=-0.017  armed=True  vtol=3  batt=15.30V/50%
[telemetry_node-1] [INFO] [1785103325.060088616] [telemetry_node]: pos_ned=[ 3.00633240e+02 -5.70151545e-02  2.02443180e+01]  yaw=-0.018  armed=True  vtol=3  batt=15.30V/50%
[telemetry_node-1] [INFO] [1785103327.060048415] [telemetry_node]: pos_ned=[ 3.00469604e+02 -2.37536747e-02  1.72909126e+01]  yaw=-0.019  armed=True  vtol=3  batt=15.30V/50%
[telemetry_node-1] [INFO] [1785103329.061860236] [telemetry_node]: pos_ned=[ 3.00612976e+02 -4.76340428e-02  1.43867807e+01]  yaw=-0.021  armed=True  vtol=3  batt=15.30V/50%
[telemetry_node-1] [INFO] [1785103331.059985130] [telemetry_node]: pos_ned=[ 3.00600067e+02 -4.55456562e-02  1.15605288e+01]  yaw=-0.020  armed=True  vtol=3  batt=15.30V/50%
[telemetry_node-1] [INFO] [1785103333.059544955] [telemetry_node]: pos_ned=[ 3.00479797e+02 -4.73600402e-02  8.77121449e+00]  yaw=-0.021  armed=True  vtol=3  batt=15.30V/50%
[telemetry_node-1] [INFO] [1785103335.059604940] [telemetry_node]: pos_ned=[ 3.00641296e+02 -3.83540429e-02  6.58037663e+00]  yaw=-0.022  armed=True  vtol=3  batt=15.30V/50%
[telemetry_node-1] [INFO] [1785103337.060413217] [telemetry_node]: pos_ned=[ 3.00576874e+02 -3.45509797e-02  5.05177116e+00]  yaw=-0.021  armed=True  vtol=3  batt=15.30V/50%
[telemetry_node-1] [INFO] [1785103339.060181193] [telemetry_node]: pos_ned=[ 3.00486084e+02 -3.81400660e-02  3.73317909e+00]  yaw=-0.021  armed=True  vtol=3  batt=15.30V/50%
[telemetry_node-1] [INFO] [1785103341.060799899] [telemetry_node]: pos_ned=[ 3.00618835e+02 -5.03019653e-02  2.39996052e+00]  yaw=-0.022  armed=True  vtol=3  batt=15.30V/50%
[telemetry_node-1] [INFO] [1785103343.059930018] [telemetry_node]: pos_ned=[ 3.00570038e+02 -3.47952619e-02  1.08229911e+00]  yaw=-0.021  armed=True  vtol=3  batt=15.30V/50%
[telemetry_node-1] [INFO] [1785103345.060077569] [telemetry_node]: pos_ned=[ 3.00489014e+02 -1.70148220e-02 -2.03097597e-01]  yaw=-0.021  armed=True  vtol=3  batt=15.30V/50%
[telemetry_node-1] [INFO] [1785103347.090913935] [telemetry_node]: pos_ned=[ 3.00481934e+02 -4.01853444e-03 -1.24745898e-01]  yaw=-0.022  armed=True  vtol=3  batt=15.30V/50%
[telemetry_node-1] [INFO] [1785103349.060266967] [telemetry_node]: pos_ned=[ 3.00472443e+02  1.06867161e-02 -8.76826420e-02]  yaw=-0.023  armed=True  vtol=3  batt=15.30V/50%
[offboard_node-2] [INFO] [1785103349.769322706] [offboard_node]: 착륙 완료 (disarmed) -> DONE
[telemetry_node-1] [INFO] [1785103351.059860812] [telemetry_node]: pos_ned=[ 3.00465881e+02  7.62323244e-03 -2.98079476e-02]  yaw=-0.024  armed=False  vtol=3  batt=16.20V/78%
[telemetry_node-1] [INFO] [1785103353.059390780] [telemetry_node]: pos_ned=[ 3.00479065e+02 -1.17712077e-02 -4.37865891e-02]  yaw=-0.025  armed=False  vtol=3  batt=16.20V/97%
[telemetry_node-1] [INFO] [1785103355.059331669] [telemetry_node]: pos_ned=[ 3.00471130e+02 -1.29791507e-02 -1.62405521e-02]  yaw=-0.025  armed=False  vtol=3  batt=16.20V/100%
[WARNING] [launch]: user interrupted with ctrl-c (SIGINT)
[INFO] [offboard_node-2]: sending signal 'SIGINT' to process[offboard_node-2]
[INFO] [telemetry_node-1]: sending signal 'SIGINT' to process[telemetry_node-1]
[offboard_node-2] Traceback (most recent call last):
[offboard_node-2]   File "/root/drone_ws/install/fc_ros/lib/python3.10/site-packages/fc_ros/nodes/offboard_node.py", line 1204, in main
[telemetry_node-1] Traceback (most recent call last):
[telemetry_node-1]   File "/root/drone_ws/install/fc_ros/lib/python3.10/site-packages/fc_ros/nodes/telemetry_node.py", line 109, in main
[offboard_node-2]     rclpy.spin(node)
[offboard_node-2]   File "/opt/ros/humble/local/lib/python3.10/dist-packages/rclpy/__init__.py", line 229, in spin
[telemetry_node-1]     rclpy.spin(node)
[telemetry_node-1]   File "/opt/ros/humble/local/lib/python3.10/dist-packages/rclpy/__init__.py", line 229, in spin
[telemetry_node-1]     executor.spin_once()
[telemetry_node-1]   File "/opt/ros/humble/local/lib/python3.10/dist-packages/rclpy/executors.py", line 808, in spin_once
[offboard_node-2]     executor.spin_once()
[offboard_node-2]   File "/opt/ros/humble/local/lib/python3.10/dist-packages/rclpy/executors.py", line 808, in spin_once
[telemetry_node-1]     self._spin_once_impl(timeout_sec)
[telemetry_node-1]   File "/opt/ros/humble/local/lib/python3.10/dist-packages/rclpy/executors.py", line 797, in _spin_once_impl
[telemetry_node-1]     handler, entity, node = self.wait_for_ready_callbacks(timeout_sec=timeout_sec)
[telemetry_node-1]   File "/opt/ros/humble/local/lib/python3.10/dist-packages/rclpy/executors.py", line 780, in wait_for_ready_callbacks
[telemetry_node-1]     return next(self._cb_iter)
[telemetry_node-1]   File "/opt/ros/humble/local/lib/python3.10/dist-packages/rclpy/executors.py", line 677, in _wait_for_ready_callbacks
[telemetry_node-1]     wait_set.wait(timeout_nsec)
[telemetry_node-1] KeyboardInterrupt
[telemetry_node-1] 
[telemetry_node-1] During handling of the above exception, another exception occurred:
[telemetry_node-1] 
[telemetry_node-1] Traceback (most recent call last):
[telemetry_node-1]   File "/root/drone_ws/install/fc_ros/lib/fc_ros/telemetry_node", line 33, in <module>
[telemetry_node-1]     sys.exit(load_entry_point('fc-ros==0.1.0', 'console_scripts', 'telemetry_node')())
[telemetry_node-1]   File "/root/drone_ws/install/fc_ros/lib/python3.10/site-packages/fc_ros/nodes/telemetry_node.py", line 111, in main
[telemetry_node-1]     node.destroy_node()
[telemetry_node-1]   File "/opt/ros/humble/local/lib/python3.10/dist-packages/rclpy/node.py", line 1691, in destroy_node
[offboard_node-2]     self._spin_once_impl(timeout_sec)
[offboard_node-2]   File "/opt/ros/humble/local/lib/python3.10/dist-packages/rclpy/executors.py", line 797, in _spin_once_impl
[offboard_node-2]     handler, entity, node = self.wait_for_ready_callbacks(timeout_sec=timeout_sec)
[offboard_node-2]   File "/opt/ros/humble/local/lib/python3.10/dist-packages/rclpy/executors.py", line 780, in wait_for_ready_callbacks
[offboard_node-2]     return next(self._cb_iter)
[offboard_node-2]   File "/opt/ros/humble/local/lib/python3.10/dist-packages/rclpy/executors.py", line 677, in _wait_for_ready_callbacks
[offboard_node-2]     wait_set.wait(timeout_nsec)
[offboard_node-2] KeyboardInterrupt
[offboard_node-2] 
[offboard_node-2] During handling of the above exception, another exception occurred:
[offboard_node-2] 
[offboard_node-2] Traceback (most recent call last):
[offboard_node-2]   File "/root/drone_ws/install/fc_ros/lib/fc_ros/offboard_node", line 33, in <module>
[offboard_node-2]     sys.exit(load_entry_point('fc-ros==0.1.0', 'console_scripts', 'offboard_node')())
[offboard_node-2]   File "/root/drone_ws/install/fc_ros/lib/python3.10/site-packages/fc_ros/nodes/offboard_node.py", line 1206, in main
[telemetry_node-1]     self.destroy_service(self._services[0])
[telemetry_node-1]   File "/opt/ros/humble/local/lib/python3.10/dist-packages/rclpy/node.py", line 1615, in destroy_service
[offboard_node-2]     node.destroy_node()
[offboard_node-2]   File "/opt/ros/humble/local/lib/python3.10/dist-packages/rclpy/node.py", line 1687, in destroy_node
[telemetry_node-1]     service.destroy()
[telemetry_node-1]   File "/opt/ros/humble/local/lib/python3.10/dist-packages/rclpy/service.py", line 93, in destroy
[offboard_node-2]     self.destroy_subscription(self._subscriptions[0])
[offboard_node-2]   File "/opt/ros/humble/local/lib/python3.10/dist-packages/rclpy/node.py", line 1583, in destroy_subscription
[telemetry_node-1]     self.__service.destroy_when_not_in_use()
[telemetry_node-1] KeyboardInterrupt
[offboard_node-2]     subscription.destroy()
[offboard_node-2]   File "/opt/ros/humble/local/lib/python3.10/dist-packages/rclpy/subscription.py", line 80, in destroy
[offboard_node-2]     self.handle.destroy_when_not_in_use()
[offboard_node-2] KeyboardInterrupt
[ERROR] [telemetry_node-1]: process has died [pid 1161, exit code -2, cmd '/root/drone_ws/install/fc_ros/lib/fc_ros/telemetry_node --ros-args -r __node:=telemetry_node'].
[ERROR] [offboard_node-2]: process has died [pid 1165, exit code -2, cmd '/root/drone_ws/install/fc_ros/lib/fc_ros/offboard_node --ros-args -r __node:=offboard_node --params-file /root/drone_ws/install/fc_ros/share/fc_ros/params/fc_ros_params.yaml --params-file /tmp/launch_params_cxosd_5l'].
