[INFO] [launch]: All log files can be found below /root/.ros/log/2026-07-25-11-21-20-444509-doksuri-414
[INFO] [launch]: Default logging verbosity is set to INFO
[INFO] [telemetry_node-1]: process started with pid [416]
[INFO] [offboard_node-2]: process started with pid [418]
[offboard_node-2] [INFO] [1784978481.263002455] [offboard_node]: ARM 요청
[offboard_node-2] [INFO] [1784978482.306695891] [offboard_node]: 경로 원점 = 이륙지점 [N=-0.00, E=1.12, h_up=-2.27] 적용 (frame=takeoff) → WP0=[-0.00,1.12] 순항고도 h_up=17.73
[offboard_node-2] [INFO] [1784978482.307729583] [offboard_node]: CommandTOL 이륙 요청 alt=39.7m AMSL (지면 19.7+20.0) -> CLIMBING
[telemetry_node-1] [INFO] [1784978483.042672053] [telemetry_node]: pos_ned=[-0.01351936  1.13785386 -2.26775932]  yaw=-2.612  armed=True  vtol=3  batt=0.00V/100%
[telemetry_node-1] [INFO] [1784978485.005594939] [telemetry_node]: pos_ned=[ 4.26298269e-04  1.19011772e+00 -2.21697998e+00]  yaw=-2.615  armed=True  vtol=3  batt=15.94V/70%
[telemetry_node-1] [INFO] [1784978487.005461480] [telemetry_node]: pos_ned=[ 0.07410839  1.54748714 -1.92106819]  yaw=-2.504  armed=True  vtol=3  batt=15.29V/70%
[telemetry_node-1] [INFO] [1784978489.005564164] [telemetry_node]: pos_ned=[ 0.26669204  1.69066679 -0.38251686]  yaw=-2.247  armed=True  vtol=3  batt=13.71V/88%
[telemetry_node-1] [INFO] [1784978491.005548198] [telemetry_node]: pos_ned=[0.2117672  1.86837327 1.84750557]  yaw=-2.165  armed=True  vtol=3  batt=13.80V/95%
[telemetry_node-1] [INFO] [1784978493.005662227] [telemetry_node]: pos_ned=[0.01638726 1.59315538 4.50979233]  yaw=-2.105  armed=True  vtol=3  batt=13.64V/95%
[telemetry_node-1] [INFO] [1784978495.005472161] [telemetry_node]: pos_ned=[-0.12593269  1.39275992  7.43925476]  yaw=-2.033  armed=True  vtol=3  batt=13.74V/90%
[telemetry_node-1] [INFO] [1784978497.005425977] [telemetry_node]: pos_ned=[-0.1253529   1.44670951 12.49647141]  yaw=-1.859  armed=True  vtol=3  batt=12.65V/95%
[telemetry_node-1] [INFO] [1784978499.005487637] [telemetry_node]: pos_ned=[-0.0521281   1.27539361 15.96679306]  yaw=-1.715  armed=True  vtol=3  batt=13.46V/90%
[telemetry_node-1] [INFO] [1784978501.005539141] [telemetry_node]: pos_ned=[-0.10253918  1.30291951 17.30833054]  yaw=-1.703  armed=True  vtol=3  batt=13.82V/78%
[offboard_node-2] [INFO] [1784978501.306543467] [offboard_node]: 운용 고도 20.0m 도달 → transition_fw
[telemetry_node-1] [INFO] [1784978503.005576044] [telemetry_node]: pos_ned=[-0.22637384  1.16137981 17.72953796]  yaw=-1.553  armed=True  vtol=3  batt=13.79V/73%
[offboard_node-2] [INFO] [1784978503.307516470] [offboard_node]: 천이 전 MC OFFBOARD 요청 (헤딩 정렬 대기)
[telemetry_node-1] [INFO] [1784978505.005458235] [telemetry_node]: pos_ned=[-0.50590718  1.03982723 17.89797211]  yaw=-1.630  armed=True  vtol=3  batt=14.12V/69%
[telemetry_node-1] [INFO] [1784978507.005455192] [telemetry_node]: pos_ned=[-0.79274893  1.17998147 17.83993912]  yaw=-2.212  armed=True  vtol=3  batt=13.74V/69%
[telemetry_node-1] [INFO] [1784978509.005557600] [telemetry_node]: pos_ned=[-0.96381271  1.52172053 17.64071274]  yaw=-2.350  armed=True  vtol=3  batt=13.68V/70%
[telemetry_node-1] [INFO] [1784978511.005447516] [telemetry_node]: pos_ned=[-0.69664037  1.83707488 17.31322861]  yaw=-2.407  armed=True  vtol=3  batt=13.91V/70%
[telemetry_node-1] [INFO] [1784978513.005405456] [telemetry_node]: pos_ned=[-0.56048918  2.06627417 17.12406158]  yaw=-2.450  armed=True  vtol=3  batt=13.50V/72%
[telemetry_node-1] [INFO] [1784978515.005519028] [telemetry_node]: pos_ned=[-0.45582756  2.4523685  17.13325882]  yaw=-2.433  armed=True  vtol=3  batt=13.65V/69%
[telemetry_node-1] [INFO] [1784978517.005392273] [telemetry_node]: pos_ned=[-0.5196256   2.72589469 16.8764801 ]  yaw=-2.483  armed=True  vtol=3  batt=13.53V/69%
[telemetry_node-1] [INFO] [1784978519.005526073] [telemetry_node]: pos_ned=[-0.80709338  2.90516496 16.66514587]  yaw=-2.427  armed=True  vtol=3  batt=13.54V/69%
[telemetry_node-1] [INFO] [1784978521.005555710] [telemetry_node]: pos_ned=[-0.70256394  3.08803821 16.52278519]  yaw=-2.454  armed=True  vtol=3  batt=13.76V/67%
[offboard_node-2] [INFO] [1784978521.507149646] [offboard_node]: 헤딩 정렬 완료 target=-143.1° current=-141.1° err=-2.0° (20틱 안정) → 전진 + 천이 명령
[offboard_node-2] [INFO] [1784978521.509409755] [offboard_node]: MC→FW 천이 명령 요청 (위치 setpoint 직선 천이)
[telemetry_node-1] [INFO] [1784978523.005583829] [telemetry_node]: pos_ned=[-1.52966464  3.8624146  16.45905685]  yaw=-2.475  armed=True  vtol=1  batt=13.73V/67%
[telemetry_node-1] [INFO] [1784978525.005551616] [telemetry_node]: pos_ned=[-10.59707832   8.52007103  16.17843628]  yaw=3.110  armed=True  vtol=3  batt=13.48V/96%
[offboard_node-2] [WARN] [1784978525.306669332] [offboard_node]: 조종사 인계 감지 (mode=POSCTL) — 세트포인트 발행 중단, OFFBOARD 재요청 안 함. 기체는 조종사 것.
[telemetry_node-1] [INFO] [1784978527.005543734] [telemetry_node]: pos_ned=[-15.92965508  13.57845402  15.39853287]  yaw=-2.973  armed=True  vtol=3  batt=13.24V/82%
[telemetry_node-1] [INFO] [1784978529.005545926] [telemetry_node]: pos_ned=[-14.46405029  14.17370987  14.96411133]  yaw=2.945  armed=True  vtol=3  batt=13.27V/66%
[telemetry_node-1] [INFO] [1784978531.005603373] [telemetry_node]: pos_ned=[-13.32712841  13.53614712  14.68195343]  yaw=3.126  armed=True  vtol=3  batt=13.45V/59%
[telemetry_node-1] [INFO] [1784978533.005546577] [telemetry_node]: pos_ned=[-11.74611473  12.01440716  13.38993073]  yaw=-3.051  armed=True  vtol=3  batt=14.01V/58%
[telemetry_node-1] [INFO] [1784978535.005549925] [telemetry_node]: pos_ned=[-9.37718487 10.64540482 11.67284775]  yaw=-2.909  armed=True  vtol=3  batt=14.01V/55%
