[INFO] [launch]: All log files can be found below /root/.ros/log/2026-07-28-00-24-54-389581-DESKTOP-Kilogram-1100
[INFO] [launch]: Default logging verbosity is set to INFO
[INFO] [telemetry_node-1]: process started with pid [1111]
[INFO] [offboard_node-2]: process started with pid [1113]
[offboard_node-2] [INFO] [1785165894.944838099] [offboard_node]: 경로 계획 시작 — planner=eta3 WP 2개 v_cruise=18.0 → 예상 약 0s 블로킹. 이 동안 노드는 응답하지 않는다 — 죽은 것이 아니니 재기동 금지 (재기동하면 중복 인스턴스가 된다).
[offboard_node-2] [INFO] [1785165894.955498931] [offboard_node]: 경로 계획 완료 — 소요 0.0s (예상 0s), 경로점 301개, 전장 300.0m
[offboard_node-2] [WARN] [1785165895.075208511] [offboard_node]: /mavros/cmd/arming 서비스 없음
[offboard_node-2] [WARN] [1785165895.175078845] [offboard_node]: /mavros/cmd/arming 서비스 없음
[offboard_node-2] [WARN] [1785165895.275030057] [offboard_node]: /mavros/cmd/arming 서비스 없음
[offboard_node-2] [WARN] [1785165895.374965717] [offboard_node]: /mavros/cmd/arming 서비스 없음
[offboard_node-2] [WARN] [1785165895.475003322] [offboard_node]: /mavros/cmd/arming 서비스 없음
[offboard_node-2] [WARN] [1785165895.575079219] [offboard_node]: /mavros/cmd/arming 서비스 없음
[offboard_node-2] [WARN] [1785165895.675038793] [offboard_node]: /mavros/cmd/arming 서비스 없음
[offboard_node-2] [WARN] [1785165895.775041331] [offboard_node]: /mavros/cmd/arming 서비스 없음
[offboard_node-2] [WARN] [1785165895.875072505] [offboard_node]: /mavros/cmd/arming 서비스 없음
[offboard_node-2] [WARN] [1785165895.974993699] [offboard_node]: /mavros/cmd/arming 서비스 없음
[offboard_node-2] [WARN] [1785165896.075031572] [offboard_node]: /mavros/cmd/arming 서비스 없음
[offboard_node-2] [WARN] [1785165896.174964700] [offboard_node]: /mavros/cmd/arming 서비스 없음
[offboard_node-2] [WARN] [1785165896.275071570] [offboard_node]: /mavros/cmd/arming 서비스 없음
[offboard_node-2] [WARN] [1785165896.375043382] [offboard_node]: /mavros/cmd/arming 서비스 없음
[offboard_node-2] [WARN] [1785165896.475032705] [offboard_node]: /mavros/cmd/arming 서비스 없음
[offboard_node-2] [WARN] [1785165896.575077108] [offboard_node]: /mavros/cmd/arming 서비스 없음
[offboard_node-2] [WARN] [1785165896.675010639] [offboard_node]: /mavros/cmd/arming 서비스 없음
[offboard_node-2] [WARN] [1785165896.775004793] [offboard_node]: /mavros/cmd/arming 서비스 없음
[offboard_node-2] [WARN] [1785165896.875016384] [offboard_node]: /mavros/cmd/arming 서비스 없음
[telemetry_node-1] [INFO] [1785165896.950085931] [telemetry_node]: pos_ned=[ 0.01874825 -0.02847088  0.01793912]  yaw=1.632  armed=False  vtol=3  batt=16.20V/100%
[offboard_node-2] [WARN] [1785165896.975112856] [offboard_node]: /mavros/cmd/arming 서비스 없음
[offboard_node-2] [WARN] [1785165897.075277016] [offboard_node]: /mavros/cmd/arming 서비스 없음
[offboard_node-2] [WARN] [1785165897.175017998] [offboard_node]: /mavros/cmd/arming 서비스 없음
[offboard_node-2] [WARN] [1785165897.275342605] [offboard_node]: /mavros/cmd/arming 서비스 없음
[offboard_node-2] [INFO] [1785165897.375515668] [offboard_node]: ARM 요청
[offboard_node-2] [INFO] [1785165897.575234673] [offboard_node]: 거리 상한 감시 활성 1500m (이륙지점 기준 수평, 경로 최원점 300m)
[offboard_node-2] [INFO] [1785165897.576821828] [offboard_node]: CommandTOL 이륙 요청 alt=50.1m AMSL (지면 0.1+50.0) -> CLIMBING
[telemetry_node-1] [INFO] [1785165898.930423376] [telemetry_node]: pos_ned=[0.0256121  0.00228336 0.02256918]  yaw=1.634  armed=True  vtol=3  batt=16.17V/99%
[telemetry_node-1] [INFO] [1785165900.930523662] [telemetry_node]: pos_ned=[-0.00594954  0.00040051  0.03878376]  yaw=1.637  armed=True  vtol=3  batt=16.17V/99%
[telemetry_node-1] [INFO] [1785165902.930736736] [telemetry_node]: pos_ned=[-0.09764727 -0.00687648  0.63221329]  yaw=1.638  armed=True  vtol=3  batt=16.11V/96%
[telemetry_node-1] [INFO] [1785165904.930924291] [telemetry_node]: pos_ned=[-0.10496391  0.01188262  3.06520462]  yaw=1.603  armed=True  vtol=3  batt=16.05V/93%
[telemetry_node-1] [INFO] [1785165906.931168626] [telemetry_node]: pos_ned=[-0.0476659   0.00885187  5.7799015 ]  yaw=1.573  armed=True  vtol=3  batt=15.99V/90%
[telemetry_node-1] [INFO] [1785165908.931031364] [telemetry_node]: pos_ned=[-0.0376117  -0.02672839  8.60603714]  yaw=1.564  armed=True  vtol=3  batt=15.93V/86%
[telemetry_node-1] [INFO] [1785165910.930640031] [telemetry_node]: pos_ned=[-0.04621522 -0.03524572 12.19422913]  yaw=1.557  armed=True  vtol=3  batt=15.87V/83%
[telemetry_node-1] [INFO] [1785165912.930742408] [telemetry_node]: pos_ned=[-0.02343195 -0.02212205 17.75832748]  yaw=1.553  armed=True  vtol=3  batt=15.81V/80%
[telemetry_node-1] [INFO] [1785165914.930689508] [telemetry_node]: pos_ned=[-3.52409133e-03 -6.85537746e-03  2.33797150e+01]  yaw=1.554  armed=True  vtol=3  batt=15.75V/76%
[telemetry_node-1] [INFO] [1785165916.930395175] [telemetry_node]: pos_ned=[-2.11808458e-02 -2.64014844e-02  2.90139809e+01]  yaw=1.555  armed=True  vtol=3  batt=15.69V/73%
[telemetry_node-1] [INFO] [1785165918.930377088] [telemetry_node]: pos_ned=[ 1.74326065e-03 -3.65825929e-03  3.46138611e+01]  yaw=1.559  armed=True  vtol=3  batt=15.63V/70%
[telemetry_node-1] [INFO] [1785165920.930765240] [telemetry_node]: pos_ned=[-1.62575077e-02 -1.75123215e-02  4.01357803e+01]  yaw=1.553  armed=True  vtol=3  batt=15.57V/66%
[telemetry_node-1] [INFO] [1785165922.930610958] [telemetry_node]: pos_ned=[-4.48201895e-02 -5.70374122e-03  4.53268127e+01]  yaw=1.552  armed=True  vtol=3  batt=15.51V/63%
[telemetry_node-1] [INFO] [1785165924.930613275] [telemetry_node]: pos_ned=[-5.45809381e-02 -1.27760610e-02  4.80328102e+01]  yaw=1.553  armed=True  vtol=3  batt=15.45V/60%
[telemetry_node-1] [INFO] [1785165926.930584246] [telemetry_node]: pos_ned=[-5.82488328e-02  1.39998570e-02  4.91687012e+01]  yaw=1.556  armed=True  vtol=3  batt=15.39V/56%
[offboard_node-2] [INFO] [1785165928.775340881] [offboard_node]: 운용 고도 50.0m 도달 → transition_fw
[telemetry_node-1] [INFO] [1785165928.930711623] [telemetry_node]: pos_ned=[-2.07516234e-02 -5.75045915e-03  4.96043091e+01]  yaw=1.550  armed=True  vtol=3  batt=15.33V/53%
[offboard_node-2] [INFO] [1785165930.775725400] [offboard_node]: 천이 전 MC OFFBOARD 요청 (헤딩 정렬 대기)
[offboard_node-2] [WARN] [1785165930.875825384] [offboard_node]: 정렬 구간 OFFBOARD 이탈 → 재요청 (mode=AUTO.LOITER)
[telemetry_node-1] [INFO] [1785165930.930565903] [telemetry_node]: pos_ned=[1.98758841e-02 8.26951768e-03 4.97720604e+01]  yaw=1.550  armed=True  vtol=3  batt=15.30V/51%
[telemetry_node-1] [INFO] [1785165932.930546943] [telemetry_node]: pos_ned=[-2.39856020e-02  1.18345339e-02  4.95141830e+01]  yaw=0.909  armed=True  vtol=3  batt=15.30V/50%
[telemetry_node-1] [INFO] [1785165934.930384743] [telemetry_node]: pos_ned=[-2.97208540e-02 -1.80770662e-02  4.92946777e+01]  yaw=0.513  armed=True  vtol=3  batt=15.30V/50%
[telemetry_node-1] [INFO] [1785165936.930408330] [telemetry_node]: pos_ned=[-0.08911894 -0.05697803 49.0583992 ]  yaw=0.270  armed=True  vtol=3  batt=15.30V/50%
[telemetry_node-1] [INFO] [1785165938.930349409] [telemetry_node]: pos_ned=[-0.08252389 -0.13016045 48.83228302]  yaw=0.149  armed=True  vtol=3  batt=15.30V/50%
[telemetry_node-1] [INFO] [1785165940.930402174] [telemetry_node]: pos_ned=[-0.06730366 -0.22273527 48.6554718 ]  yaw=0.086  armed=True  vtol=3  batt=15.30V/50%
[telemetry_node-1] [INFO] [1785165942.930443992] [telemetry_node]: pos_ned=[-0.06617974 -0.24162216 48.4834137 ]  yaw=0.049  armed=True  vtol=3  batt=15.30V/50%
[offboard_node-2] [INFO] [1785165944.775306480] [offboard_node]: 헤딩 정렬 완료 target=0.0° current=2.5° err=-2.5° (20틱 안정) → 전진 + 천이 명령
[offboard_node-2] [INFO] [1785165944.776543943] [offboard_node]: MC→FW 천이 명령 요청 (위치 setpoint 직선 천이)
[telemetry_node-1] [INFO] [1785165944.930406297] [telemetry_node]: pos_ned=[-4.39302288e-02 -2.27856457e-01  4.83500824e+01]  yaw=0.043  armed=True  vtol=1  batt=15.30V/50%
[telemetry_node-1] [INFO] [1785165946.930243365] [telemetry_node]: pos_ned=[ 4.55676365 -0.1473233  48.20983124]  yaw=-0.010  armed=True  vtol=1  batt=15.30V/50%
[offboard_node-2] [INFO] [1785165947.275051018] [offboard_node]: FW 전환 완료 -> STREAMING
[offboard_node-2] [INFO] [1785165947.378144406] [offboard_node]: OFFBOARD 확인 → FOLLOWING
[offboard_node-2] [INFO] [1785165947.476949993] [offboard_node]: FOLLOWING 시작 pos=[10.6,-0.1] tgt=[80.6,0.0] cte=-0.1m mode=OFFBOARD seg=10/300
[telemetry_node-1] [INFO] [1785165948.930586992] [telemetry_node]: pos_ned=[35.5786171   0.09559017 49.77879715]  yaw=0.001  armed=True  vtol=4  batt=15.30V/50%
[offboard_node-2] [INFO] [1785165949.379286195] [offboard_node]: FOLLOWING tick=20 mode=OFFBOARD cte=0.1m pos=[41.7,0.1] tgt=[111.7,0.0] seg=41/300
[telemetry_node-1] [INFO] [1785165950.930401265] [telemetry_node]: pos_ned=[6.38813362e+01 5.98936602e-02 4.93839531e+01]  yaw=0.004  armed=True  vtol=4  batt=15.30V/50%
[offboard_node-2] [INFO] [1785165951.376778635] [offboard_node]: FOLLOWING tick=40 mode=OFFBOARD cte=0.1m pos=[70.5,0.1] tgt=[140.5,0.0] seg=70/300
[telemetry_node-1] [INFO] [1785165952.930276643] [telemetry_node]: pos_ned=[94.88424683  0.15468657 48.22945404]  yaw=-0.011  armed=True  vtol=4  batt=15.30V/50%
[offboard_node-2] [INFO] [1785165953.376913915] [offboard_node]: FOLLOWING tick=60 mode=OFFBOARD cte=0.2m pos=[101.3,0.2] tgt=[171.3,0.0] seg=101/300
[telemetry_node-1] [INFO] [1785165954.930320102] [telemetry_node]: pos_ned=[124.39205933   0.29905671  48.42127991]  yaw=-0.016  armed=True  vtol=4  batt=15.30V/50%
[offboard_node-2] [INFO] [1785165955.377110250] [offboard_node]: FOLLOWING tick=80 mode=OFFBOARD cte=0.3m pos=[130.8,0.3] tgt=[200.8,0.0] seg=130/300
[telemetry_node-1] [INFO] [1785165956.930305436] [telemetry_node]: pos_ned=[153.5776062    0.35268712  48.57902527]  yaw=-0.009  armed=True  vtol=4  batt=15.30V/50%
[offboard_node-2] [INFO] [1785165957.376735908] [offboard_node]: FOLLOWING tick=100 mode=OFFBOARD cte=0.4m pos=[159.8,0.4] tgt=[229.8,0.0] seg=159/300
[telemetry_node-1] [INFO] [1785165958.930386711] [telemetry_node]: pos_ned=[182.02694702   0.39196828  48.78409958]  yaw=0.001  armed=True  vtol=4  batt=15.30V/50%
[offboard_node-2] [INFO] [1785165959.377565877] [offboard_node]: FOLLOWING tick=120 mode=OFFBOARD cte=0.4m pos=[188.1,0.4] tgt=[258.1,0.0] seg=188/300
[telemetry_node-1] [INFO] [1785165960.930381683] [telemetry_node]: pos_ned=[210.02714539   0.45864296  48.98947525]  yaw=0.003  armed=True  vtol=4  batt=15.30V/50%
[offboard_node-2] [INFO] [1785165961.376955614] [offboard_node]: FOLLOWING tick=140 mode=OFFBOARD cte=0.5m pos=[216.0,0.5] tgt=[286.0,0.0] seg=216/300
[telemetry_node-1] [INFO] [1785165962.930347144] [telemetry_node]: pos_ned=[237.67797852   0.47082657  49.13730621]  yaw=-0.002  armed=True  vtol=4  batt=15.30V/50%
[offboard_node-2] [INFO] [1785165963.377120788] [offboard_node]: FOLLOWING tick=160 mode=OFFBOARD cte=0.5m pos=[243.6,0.5] tgt=[300.0,0.0] seg=243/300
[telemetry_node-1] [INFO] [1785165964.930724248] [telemetry_node]: pos_ned=[264.77520752   0.43875685  49.26448441]  yaw=-0.004  armed=True  vtol=4  batt=15.30V/50%
[offboard_node-2] [INFO] [1785165965.375920062] [offboard_node]: FOLLOWING tick=180 mode=OFFBOARD cte=0.4m pos=[271.1,0.4] tgt=[300.0,0.0] seg=271/300
[telemetry_node-1] [INFO] [1785165966.930413673] [telemetry_node]: pos_ned=[286.71069336   0.29270852  49.33147049]  yaw=-0.003  armed=True  vtol=4  batt=15.30V/50%
[offboard_node-2] [INFO] [1785165967.276470540] [offboard_node]: 경로 추종 완료 -> transition_mc
[offboard_node-2] [INFO] [1785165967.376083587] [offboard_node]: FW->MC 역천이 명령 요청
[telemetry_node-1] [INFO] [1785165968.930504637] [telemetry_node]: pos_ned=[ 3.12130188e+02 -1.30498543e-01  4.90712051e+01]  yaw=-0.011  armed=True  vtol=2  batt=15.30V/50%
[telemetry_node-1] [INFO] [1785165970.930718255] [telemetry_node]: pos_ned=[331.25210571  -0.4214921   50.06688309]  yaw=-0.020  armed=True  vtol=2  batt=15.30V/50%
[offboard_node-2] [INFO] [1785165972.776962678] [offboard_node]: MC 전환 완료 -> HOLD (WP1 복귀)
[telemetry_node-1] [INFO] [1785165972.931556999] [telemetry_node]: pos_ned=[343.34072876  -0.36903584  50.18313599]  yaw=-0.014  armed=True  vtol=3  batt=15.30V/50%
[offboard_node-2] [INFO] [1785165974.776665609] [offboard_node]: WP1 홀드 dist=41.6m speed=8.1m/s stable=0/10
[telemetry_node-1] [INFO] [1785165974.931582190] [telemetry_node]: pos_ned=[ 3.40522522e+02 -1.42992005e-01  4.98344154e+01]  yaw=0.010  armed=True  vtol=3  batt=15.30V/50%
[offboard_node-2] [INFO] [1785165976.776126356] [offboard_node]: WP1 홀드 dist=31.0m speed=4.8m/s stable=0/10
[telemetry_node-1] [INFO] [1785165976.931578535] [telemetry_node]: pos_ned=[ 3.30162964e+02 -2.73298323e-01  4.99127655e+01]  yaw=-0.001  armed=True  vtol=3  batt=15.30V/50%
[offboard_node-2] [INFO] [1785165978.775997733] [offboard_node]: WP1 홀드 dist=20.0m speed=4.7m/s stable=0/10
[telemetry_node-1] [INFO] [1785165978.931402287] [telemetry_node]: pos_ned=[ 3.19257172e+02 -2.35774592e-01  4.98758812e+01]  yaw=-0.008  armed=True  vtol=3  batt=15.30V/50%
[offboard_node-2] [INFO] [1785165980.775788048] [offboard_node]: WP1 홀드 dist=9.7m speed=4.8m/s stable=0/10
[telemetry_node-1] [INFO] [1785165980.931007840] [telemetry_node]: pos_ned=[ 3.08946228e+02 -1.24593571e-01  4.98949051e+01]  yaw=-0.010  armed=True  vtol=3  batt=15.30V/50%
[offboard_node-2] [INFO] [1785165982.776033316] [offboard_node]: WP1 홀드 dist=1.3m speed=2.0m/s stable=0/10
[telemetry_node-1] [INFO] [1785165982.930889058] [telemetry_node]: pos_ned=[ 3.00998230e+02 -3.53055000e-02  5.01229858e+01]  yaw=-0.015  armed=True  vtol=3  batt=15.30V/50%
[offboard_node-2] [INFO] [1785165983.875868373] [offboard_node]: WP1 도달·안정 → LANDING (dist=0.5m speed=0.1m/s)
[offboard_node-2] [INFO] [1785165983.975777441] [offboard_node]: AUTO.LAND 요청
[telemetry_node-1] [INFO] [1785165984.931172034] [telemetry_node]: pos_ned=[ 3.00914917e+02 -5.74631803e-02  4.92844849e+01]  yaw=-0.023  armed=True  vtol=3  batt=15.30V/50%
[telemetry_node-1] [INFO] [1785165986.930921576] [telemetry_node]: pos_ned=[ 3.00597626e+02 -5.34624718e-02  4.64285049e+01]  yaw=-0.022  armed=True  vtol=3  batt=15.30V/50%
[telemetry_node-1] [INFO] [1785165988.931028123] [telemetry_node]: pos_ned=[ 3.00820251e+02 -7.82891288e-02  4.34506683e+01]  yaw=-0.023  armed=True  vtol=3  batt=15.30V/50%
[telemetry_node-1] [INFO] [1785165990.931316575] [telemetry_node]: pos_ned=[ 3.00704620e+02 -7.02623278e-02  4.04277992e+01]  yaw=-0.023  armed=True  vtol=3  batt=15.30V/50%
[telemetry_node-1] [INFO] [1785165992.930781375] [telemetry_node]: pos_ned=[ 3.00748322e+02 -6.95601553e-02  3.74546204e+01]  yaw=-0.025  armed=True  vtol=3  batt=15.30V/50%
[telemetry_node-1] [INFO] [1785165994.930448609] [telemetry_node]: pos_ned=[ 3.0078006e+02 -4.5374766e-02  3.4404129e+01]  yaw=-0.026  armed=True  vtol=3  batt=15.30V/50%
[telemetry_node-1] [INFO] [1785165996.930726876] [telemetry_node]: pos_ned=[ 3.00627228e+02 -4.02036309e-02  3.14220428e+01]  yaw=-0.028  armed=True  vtol=3  batt=15.30V/50%
[telemetry_node-1] [INFO] [1785165998.930925180] [telemetry_node]: pos_ned=[ 3.00789307e+02 -5.39809503e-02  2.85009785e+01]  yaw=-0.030  armed=True  vtol=3  batt=15.30V/50%
[telemetry_node-1] [INFO] [1785166000.930648314] [telemetry_node]: pos_ned=[ 3.00686829e+02 -5.22215515e-02  2.61127148e+01]  yaw=-0.031  armed=True  vtol=3  batt=15.30V/50%
[telemetry_node-1] [INFO] [1785166002.930961948] [telemetry_node]: pos_ned=[ 3.00633240e+02 -3.78325358e-02  2.31281033e+01]  yaw=-0.033  armed=True  vtol=3  batt=15.30V/50%
[telemetry_node-1] [INFO] [1785166004.930677163] [telemetry_node]: pos_ned=[ 3.00752167e+02 -4.69507091e-02  2.01152763e+01]  yaw=-0.035  armed=True  vtol=3  batt=15.30V/50%
[telemetry_node-1] [INFO] [1785166006.930618068] [telemetry_node]: pos_ned=[ 3.00685150e+02 -3.15979086e-02  1.70900993e+01]  yaw=-0.035  armed=True  vtol=3  batt=15.30V/50%
[telemetry_node-1] [INFO] [1785166008.930985651] [telemetry_node]: pos_ned=[ 3.00693268e+02 -3.37012894e-02  1.41131439e+01]  yaw=-0.036  armed=True  vtol=3  batt=15.30V/50%
[telemetry_node-1] [INFO] [1785166010.930582033] [telemetry_node]: pos_ned=[ 3.00849579e+02 -3.37643698e-02  1.11043339e+01]  yaw=-0.037  armed=True  vtol=3  batt=15.30V/50%
[telemetry_node-1] [INFO] [1785166012.930640121] [telemetry_node]: pos_ned=[ 3.00642151e+02 -3.30188945e-02  8.30282307e+00]  yaw=-0.036  armed=True  vtol=3  batt=15.30V/50%
[telemetry_node-1] [INFO] [1785166014.930634130] [telemetry_node]: pos_ned=[ 3.00753052e+02 -2.54006684e-02  6.19440746e+00]  yaw=-0.037  armed=True  vtol=3  batt=15.30V/50%
[telemetry_node-1] [INFO] [1785166016.930817629] [telemetry_node]: pos_ned=[ 3.00748260e+02 -2.35550888e-02  4.64284372e+00]  yaw=-0.035  armed=True  vtol=3  batt=15.30V/50%
[telemetry_node-1] [INFO] [1785166018.930960522] [telemetry_node]: pos_ned=[ 3.00647308e+02 -5.29083498e-02  3.26063871e+00]  yaw=-0.035  armed=True  vtol=3  batt=15.30V/50%
[telemetry_node-1] [INFO] [1785166020.930711465] [telemetry_node]: pos_ned=[ 3.00729675e+02 -5.62955886e-02  1.87497604e+00]  yaw=-0.035  armed=True  vtol=3  batt=15.30V/50%
[telemetry_node-1] [INFO] [1785166022.931976968] [telemetry_node]: pos_ned=[ 3.00729584e+02 -3.76799665e-02  4.93762791e-01]  yaw=-0.034  armed=True  vtol=3  batt=15.30V/50%
[telemetry_node-1] [INFO] [1785166024.932300212] [telemetry_node]: pos_ned=[ 3.00708344e+02 -3.38870846e-02  1.66175321e-01]  yaw=-0.035  armed=True  vtol=3  batt=15.30V/50%
[telemetry_node-1] [INFO] [1785166026.933122629] [telemetry_node]: pos_ned=[ 3.00704041e+02 -2.55795736e-02  2.36090228e-01]  yaw=-0.035  armed=True  vtol=3  batt=15.30V/50%
[offboard_node-2] [INFO] [1785166028.376337345] [offboard_node]: 착륙 완료 (disarmed) -> DONE
[telemetry_node-1] [INFO] [1785166028.932630558] [telemetry_node]: pos_ned=[ 3.00687317e+02 -2.34327260e-02  1.70245096e-01]  yaw=-0.035  armed=False  vtol=3  batt=15.30V/50%
[telemetry_node-1] [INFO] [1785166030.931102330] [telemetry_node]: pos_ned=[ 3.00716766e+02 -2.72728410e-02  5.73438555e-02]  yaw=-0.035  armed=False  vtol=3  batt=16.20V/92%
[telemetry_node-1] [INFO] [1785166032.932419686] [telemetry_node]: pos_ned=[ 3.00736389e+02 -1.13056703e-02 -3.09282541e-03]  yaw=-0.035  armed=False  vtol=3  batt=16.20V/99%
[WARNING] [launch]: user interrupted with ctrl-c (SIGINT)
[INFO] [offboard_node-2]: sending signal 'SIGINT' to process[offboard_node-2]
[INFO] [telemetry_node-1]: sending signal 'SIGINT' to process[telemetry_node-1]
[telemetry_node-1] Traceback (most recent call last):
[telemetry_node-1]   File "/root/drone_ws/install/fc_ros/lib/python3.10/site-packages/fc_ros/nodes/telemetry_node.py", line 109, in main
[telemetry_node-1]     rclpy.spin(node)
[telemetry_node-1]   File "/opt/ros/humble/local/lib/python3.10/dist-packages/rclpy/__init__.py", line 229, in spin
[telemetry_node-1]     executor.spin_once()
[telemetry_node-1]   File "/opt/ros/humble/local/lib/python3.10/dist-packages/rclpy/executors.py", line 808, in spin_once
[telemetry_node-1]     self._spin_once_impl(timeout_sec)
[telemetry_node-1]   File "/opt/ros/humble/local/lib/python3.10/dist-packages/rclpy/executors.py", line 797, in _spin_once_impl
[telemetry_node-1]     handler, entity, node = self.wait_for_ready_callbacks(timeout_sec=timeout_sec)
[telemetry_node-1]   File "/opt/ros/humble/local/lib/python3.10/dist-packages/rclpy/executors.py", line 780, in wait_for_ready_callbacks
[telemetry_node-1]     return next(self._cb_iter)
[telemetry_node-1]   File "/opt/ros/humble/local/lib/python3.10/dist-packages/rclpy/executors.py", line 677, in _wait_for_ready_callbacks
[telemetry_node-1]     wait_set.wait(timeout_nsec)
[telemetry_node-1] KeyboardInterrupt
[telemetry_node-1] 
[telemetry_node-1] During handling of the above exception, another exception occurred:
[telemetry_node-1] 
[telemetry_node-1] Traceback (most recent call last):
[telemetry_node-1]   File "/root/drone_ws/install/fc_ros/lib/fc_ros/telemetry_node", line 33, in <module>
[telemetry_node-1]     sys.exit(load_entry_point('fc-ros==0.1.0', 'console_scripts', 'telemetry_node')())
[telemetry_node-1]   File "/root/drone_ws/install/fc_ros/lib/python3.10/site-packages/fc_ros/nodes/telemetry_node.py", line 112, in main
[telemetry_node-1]     rclpy.shutdown()
[telemetry_node-1]   File "/opt/ros/humble/local/lib/python3.10/dist-packages/rclpy/__init__.py", line 130, in shutdown
[telemetry_node-1]     _shutdown(context=context)
[telemetry_node-1]   File "/opt/ros/humble/local/lib/python3.10/dist-packages/rclpy/utilities.py", line 58, in shutdown
[telemetry_node-1]     return context.shutdown()
[telemetry_node-1]   File "/opt/ros/humble/local/lib/python3.10/dist-packages/rclpy/context.py", line 102, in shutdown
[telemetry_node-1]     self.__context.shutdown()
[telemetry_node-1] rclpy._rclpy_pybind11.RCLError: failed to shutdown: rcl_shutdown already called on the given context, at ./src/rcl/init.c:241
[telemetry_node-1] Error in sys.excepthook:
[telemetry_node-1] Traceback (most recent call last):
[telemetry_node-1]   File "/usr/lib/python3/dist-packages/apport_python_hook.py", line 55, in apport_excepthook
[telemetry_node-1]     import apt_pkg
[telemetry_node-1]   File "<frozen importlib._bootstrap>", line 1027, in _find_and_load
[offboard_node-2] Traceback (most recent call last):
[offboard_node-2]   File "/root/drone_ws/install/fc_ros/lib/python3.10/site-packages/fc_ros/nodes/offboard_node.py", line 1511, in main
[telemetry_node-1]   File "<frozen importlib._bootstrap>", line 1002, in _find_and_load_unlocked
[telemetry_node-1]   File "<frozen importlib._bootstrap>", line 945, in _find_spec
[offboard_node-2]     rclpy.spin(node)
[offboard_node-2]   File "/opt/ros/humble/local/lib/python3.10/dist-packages/rclpy/__init__.py", line 229, in spin
[offboard_node-2]     executor.spin_once()
[offboard_node-2]   File "/opt/ros/humble/local/lib/python3.10/dist-packages/rclpy/executors.py", line 808, in spin_once
[offboard_node-2]     self._spin_once_impl(timeout_sec)
[offboard_node-2]   File "/opt/ros/humble/local/lib/python3.10/dist-packages/rclpy/executors.py", line 797, in _spin_once_impl
[telemetry_node-1]   File "<frozen importlib._bootstrap_external>", line 1439, in find_spec
[offboard_node-2]     handler, entity, node = self.wait_for_ready_callbacks(timeout_sec=timeout_sec)
[offboard_node-2]   File "/opt/ros/humble/local/lib/python3.10/dist-packages/rclpy/executors.py", line 780, in wait_for_ready_callbacks
[offboard_node-2]     return next(self._cb_iter)
[offboard_node-2]   File "/opt/ros/humble/local/lib/python3.10/dist-packages/rclpy/executors.py", line 677, in _wait_for_ready_callbacks
[telemetry_node-1]   File "<frozen importlib._bootstrap_external>", line 1411, in _get_spec
[offboard_node-2]     wait_set.wait(timeout_nsec)
[offboard_node-2] KeyboardInterrupt
[offboard_node-2] 
[offboard_node-2] During handling of the above exception, another exception occurred:
[offboard_node-2] 
[offboard_node-2] Traceback (most recent call last):
[offboard_node-2]   File "/root/drone_ws/install/fc_ros/lib/fc_ros/offboard_node", line 33, in <module>
[offboard_node-2]     sys.exit(load_entry_point('fc-ros==0.1.0', 'console_scripts', 'offboard_node')())
[offboard_node-2]   File "/root/drone_ws/install/fc_ros/lib/python3.10/site-packages/fc_ros/nodes/offboard_node.py", line 1513, in main
[telemetry_node-1]   File "<frozen importlib._bootstrap_external>", line 1544, in find_spec
[offboard_node-2]     node.destroy_node()
[offboard_node-2]   File "/opt/ros/humble/local/lib/python3.10/dist-packages/rclpy/node.py", line 1696, in destroy_node
[telemetry_node-1]   File "<frozen importlib._bootstrap_external>", line 147, in _path_stat
[telemetry_node-1] KeyboardInterrupt
[telemetry_node-1] 
[telemetry_node-1] Original exception was:
[telemetry_node-1] Traceback (most recent call last):
[telemetry_node-1]   File "/root/drone_ws/install/fc_ros/lib/python3.10/site-packages/fc_ros/nodes/telemetry_node.py", line 109, in main
[telemetry_node-1]     rclpy.spin(node)
[telemetry_node-1]   File "/opt/ros/humble/local/lib/python3.10/dist-packages/rclpy/__init__.py", line 229, in spin
[telemetry_node-1]     executor.spin_once()
[telemetry_node-1]   File "/opt/ros/humble/local/lib/python3.10/dist-packages/rclpy/executors.py", line 808, in spin_once
[telemetry_node-1]     self._spin_once_impl(timeout_sec)
[telemetry_node-1]   File "/opt/ros/humble/local/lib/python3.10/dist-packages/rclpy/executors.py", line 797, in _spin_once_impl
[telemetry_node-1]     handler, entity, node = self.wait_for_ready_callbacks(timeout_sec=timeout_sec)
[telemetry_node-1]   File "/opt/ros/humble/local/lib/python3.10/dist-packages/rclpy/executors.py", line 780, in wait_for_ready_callbacks
[telemetry_node-1]     return next(self._cb_iter)
[telemetry_node-1]   File "/opt/ros/humble/local/lib/python3.10/dist-packages/rclpy/executors.py", line 677, in _wait_for_ready_callbacks
[telemetry_node-1]     wait_set.wait(timeout_nsec)
[telemetry_node-1] KeyboardInterrupt
[telemetry_node-1] 
[telemetry_node-1] During handling of the above exception, another exception occurred:
[telemetry_node-1] 
[telemetry_node-1] Traceback (most recent call last):
[telemetry_node-1]   File "/root/drone_ws/install/fc_ros/lib/fc_ros/telemetry_node", line 33, in <module>
[offboard_node-2]     self.__node.destroy_when_not_in_use()
[offboard_node-2] KeyboardInterrupt
[telemetry_node-1]     sys.exit(load_entry_point('fc-ros==0.1.0', 'console_scripts', 'telemetry_node')())
[telemetry_node-1]   File "/root/drone_ws/install/fc_ros/lib/python3.10/site-packages/fc_ros/nodes/telemetry_node.py", line 112, in main
[telemetry_node-1]     rclpy.shutdown()
[telemetry_node-1]   File "/opt/ros/humble/local/lib/python3.10/dist-packages/rclpy/__init__.py", line 130, in shutdown
[telemetry_node-1]     _shutdown(context=context)
[telemetry_node-1]   File "/opt/ros/humble/local/lib/python3.10/dist-packages/rclpy/utilities.py", line 58, in shutdown
[telemetry_node-1]     return context.shutdown()
[telemetry_node-1]   File "/opt/ros/humble/local/lib/python3.10/dist-packages/rclpy/context.py", line 102, in shutdown
[telemetry_node-1]     self.__context.shutdown()
[telemetry_node-1] rclpy._rclpy_pybind11.RCLError: failed to shutdown: rcl_shutdown already called on the given context, at ./src/rcl/init.c:241
[ERROR] [offboard_node-2]: process has died [pid 1113, exit code -2, cmd '/root/drone_ws/install/fc_ros/lib/fc_ros/offboard_node --ros-args -r __node:=offboard_node --params-file /root/drone_ws/install/fc_ros/share/fc_ros/params/fc_ros_params.yaml --params-file /tmp/launch_params_d4cq54g2'].
[ERROR] [telemetry_node-1]: process has died [pid 1111, exit code 1, cmd '/root/drone_ws/install/fc_ros/lib/fc_ros/telemetry_node --ros-args -r __node:=telemetry_node'].
