[INFO] [launch]: All log files can be found below /root/.ros/log/2026-07-27-23-12-29-840859-DESKTOP-Kilogram-1125
[INFO] [launch]: Default logging verbosity is set to INFO
[INFO] [telemetry_node-1]: process started with pid [1136]
[INFO] [offboard_node-2]: process started with pid [1138]
[offboard_node-2] [INFO] [1785161551.081419073] [offboard_node]: 경로 계획 시작 — planner=eta3 WP 3개 v_cruise=20.0 → 예상 약 75s 블로킹. 이 동안 노드는 응답하지 않는다 — 죽은 것이 아니니 재기동 금지 (재기동하면 중복 인스턴스가 된다).
[telemetry_node-1] [INFO] [1785161552.882665226] [telemetry_node]: pos_ned=[0.0461861  0.00723368 0.00435835]  yaw=1.659  armed=False  vtol=3  batt=0.00V/100%
[telemetry_node-1] [INFO] [1785161554.809952429] [telemetry_node]: pos_ned=[ 0.02981239 -0.02120606  0.0473545 ]  yaw=1.660  armed=False  vtol=3  batt=16.20V/100%
[telemetry_node-1] [INFO] [1785161556.811135006] [telemetry_node]: pos_ned=[ 0.03181995 -0.0076995   0.03522575]  yaw=1.663  armed=False  vtol=3  batt=16.20V/100%
[telemetry_node-1] [INFO] [1785161560.579285548] [telemetry_node]: pos_ned=[ 0.03373218 -0.01184516  0.03275649]  yaw=1.663  armed=False  vtol=3  batt=16.20V/100%
[telemetry_node-1] [INFO] [1785161560.810104690] [telemetry_node]: pos_ned=[ 0.0346621  -0.01377149  0.02995192]  yaw=1.664  armed=False  vtol=3  batt=16.20V/100%
[telemetry_node-1] [INFO] [1785161562.809356613] [telemetry_node]: pos_ned=[ 0.01842344  0.00047335 -0.00728222]  yaw=1.664  armed=False  vtol=3  batt=16.20V/100%
[telemetry_node-1] [INFO] [1785161564.812408558] [telemetry_node]: pos_ned=[-0.00437604 -0.03582174 -0.0144681 ]  yaw=1.662  armed=False  vtol=3  batt=16.20V/100%
[telemetry_node-1] [INFO] [1785161566.809408292] [telemetry_node]: pos_ned=[ 0.02600728 -0.02022748 -0.01618609]  yaw=1.663  armed=False  vtol=3  batt=16.20V/100%
[telemetry_node-1] [INFO] [1785161568.809603673] [telemetry_node]: pos_ned=[ 0.02707974 -0.02393171 -0.00839187]  yaw=1.660  armed=False  vtol=3  batt=16.20V/100%
[telemetry_node-1] [INFO] [1785161570.809462179] [telemetry_node]: pos_ned=[ 0.03276243 -0.03158497 -0.00054098]  yaw=1.659  armed=False  vtol=3  batt=16.20V/100%
[telemetry_node-1] [INFO] [1785161572.809002697] [telemetry_node]: pos_ned=[ 0.01977178 -0.02578987  0.00201596]  yaw=1.661  armed=False  vtol=3  batt=16.20V/100%
[telemetry_node-1] [INFO] [1785161574.809749146] [telemetry_node]: pos_ned=[ 0.02879699 -0.03302496  0.03292169]  yaw=1.660  armed=False  vtol=3  batt=16.20V/100%
[telemetry_node-1] [INFO] [1785161576.809776576] [telemetry_node]: pos_ned=[ 0.05038572 -0.02629992  0.07347253]  yaw=1.657  armed=False  vtol=3  batt=16.20V/100%
[telemetry_node-1] [INFO] [1785161578.808818531] [telemetry_node]: pos_ned=[ 0.04927706 -0.00747539  0.07674386]  yaw=1.654  armed=False  vtol=3  batt=16.20V/100%
[telemetry_node-1] [INFO] [1785161580.810643085] [telemetry_node]: pos_ned=[ 0.02609158 -0.03018448  0.05342439]  yaw=1.650  armed=False  vtol=3  batt=16.20V/100%
[telemetry_node-1] [INFO] [1785161582.809745910] [telemetry_node]: pos_ned=[ 0.01881346 -0.04028924  0.04462247]  yaw=1.647  armed=False  vtol=3  batt=16.20V/100%
[telemetry_node-1] [INFO] [1785161584.809838038] [telemetry_node]: pos_ned=[-0.01313487 -0.05743862  0.01542253]  yaw=1.645  armed=False  vtol=3  batt=16.20V/100%
[telemetry_node-1] [INFO] [1785161586.809241154] [telemetry_node]: pos_ned=[-0.01626049 -0.02666615  0.02256977]  yaw=1.639  armed=False  vtol=3  batt=16.20V/100%
[telemetry_node-1] [INFO] [1785161588.810353024] [telemetry_node]: pos_ned=[ 0.00536086 -0.04079033  0.01809611]  yaw=1.637  armed=False  vtol=3  batt=16.20V/100%
[telemetry_node-1] [INFO] [1785161590.809780400] [telemetry_node]: pos_ned=[ 0.03168657 -0.01818359  0.03974541]  yaw=1.637  armed=False  vtol=3  batt=16.20V/100%
[telemetry_node-1] [INFO] [1785161592.809001990] [telemetry_node]: pos_ned=[0.00368495 0.01156725 0.07703584]  yaw=1.638  armed=False  vtol=3  batt=16.20V/100%
[telemetry_node-1] [INFO] [1785161596.489092920] [telemetry_node]: pos_ned=[0.00852519 0.01836872 0.08213228]  yaw=1.639  armed=False  vtol=3  batt=16.20V/100%
[telemetry_node-1] [INFO] [1785161596.810680577] [telemetry_node]: pos_ned=[0.01224995 0.02336361 0.08892155]  yaw=1.639  armed=False  vtol=3  batt=16.20V/100%
[telemetry_node-1] [INFO] [1785161598.809736315] [telemetry_node]: pos_ned=[ 0.03704987 -0.01463099  0.10639091]  yaw=1.640  armed=False  vtol=3  batt=16.20V/100%
[telemetry_node-1] [INFO] [1785161600.809875363] [telemetry_node]: pos_ned=[ 0.03657522 -0.02896566  0.13889432]  yaw=1.640  armed=False  vtol=3  batt=16.20V/100%
[telemetry_node-1] [INFO] [1785161602.809026775] [telemetry_node]: pos_ned=[ 0.03167887 -0.03840345  0.14084785]  yaw=1.639  armed=False  vtol=3  batt=16.20V/100%
[telemetry_node-1] [INFO] [1785161604.809224191] [telemetry_node]: pos_ned=[ 0.00136168 -0.03041064  0.14957267]  yaw=1.639  armed=False  vtol=3  batt=16.20V/100%
[telemetry_node-1] [INFO] [1785161606.809328735] [telemetry_node]: pos_ned=[ 0.03947031 -0.06418587  0.1577221 ]  yaw=1.637  armed=False  vtol=3  batt=16.20V/100%
[telemetry_node-1] [INFO] [1785161608.809376902] [telemetry_node]: pos_ned=[ 0.03515513 -0.02786957  0.1555208 ]  yaw=1.637  armed=False  vtol=3  batt=16.20V/100%
[telemetry_node-1] [INFO] [1785161610.809251132] [telemetry_node]: pos_ned=[ 0.01999994 -0.02618929  0.1366287 ]  yaw=1.636  armed=False  vtol=3  batt=16.20V/100%
[telemetry_node-1] [INFO] [1785161612.809531058] [telemetry_node]: pos_ned=[-0.00202742 -0.01048687  0.1294743 ]  yaw=1.636  armed=False  vtol=3  batt=16.20V/100%
[offboard_node-2] [Eta3ClothoidPlannerV3] WARNING: NR pos residual 6.283m is large. affine correction guarantees WP passage but curve may be deformed.
[offboard_node-2] [INFO] [1785161613.163364850] [offboard_node]: 경로 계획 완료 — 소요 55.1s (예상 75s), 경로점 511개, 전장 500.0m
[offboard_node-2] [INFO] [1785161613.291960267] [offboard_node]: ARM 요청
[offboard_node-2] [WARN] [1785161613.391417743] [offboard_node]: home_position AMSL 미수렴(최근 2개: ['0.2', '0.2'], tol=0.5) — 이륙 보류, 수렴 대기
[offboard_node-2] [INFO] [1785161613.492442982] [offboard_node]: 경로 원점 = 이륙지점 [N=0.01, E=-0.02, h_up=0.12] 적용 (frame=takeoff) → WP0=[0.01,-0.02] 순항고도 h_up=50.12
[offboard_node-2] [INFO] [1785161613.493340925] [offboard_node]: 거리 상한 감시 활성 1500m (이륙지점 기준 수평, 경로 최원점 354m)
[offboard_node-2] [INFO] [1785161613.495439749] [offboard_node]: CommandTOL 이륙 요청 alt=50.2m AMSL (지면 0.2+50.0) -> CLIMBING
[telemetry_node-1] [INFO] [1785161614.808878478] [telemetry_node]: pos_ned=[ 0.04550889 -0.02293495  0.11342831]  yaw=1.636  armed=True  vtol=3  batt=16.17V/99%
[telemetry_node-1] [INFO] [1785161616.808756301] [telemetry_node]: pos_ned=[ 0.0415299  -0.00448178  0.11256468]  yaw=1.635  armed=True  vtol=3  batt=16.11V/97%
[telemetry_node-1] [INFO] [1785161618.808724914] [telemetry_node]: pos_ned=[ 0.07345849 -0.14120772  1.11867011]  yaw=1.636  armed=True  vtol=3  batt=16.05V/93%
[telemetry_node-1] [INFO] [1785161620.808740321] [telemetry_node]: pos_ned=[ 0.0529317  -0.06455928  3.6173048 ]  yaw=1.628  armed=True  vtol=3  batt=15.99V/90%
[telemetry_node-1] [INFO] [1785161622.808984164] [telemetry_node]: pos_ned=[ 0.02165589 -0.01883681  6.32214022]  yaw=1.630  armed=True  vtol=3  batt=15.93V/87%
[telemetry_node-1] [INFO] [1785161624.808710549] [telemetry_node]: pos_ned=[-1.53850121e-02  2.71661580e-03  9.13746452e+00]  yaw=1.628  armed=True  vtol=3  batt=15.87V/83%
[telemetry_node-1] [INFO] [1785161626.809190851] [telemetry_node]: pos_ned=[ 4.97782324e-03 -1.19322632e-02  1.32653685e+01]  yaw=1.629  armed=True  vtol=3  batt=15.81V/80%
[telemetry_node-1] [INFO] [1785161628.808724127] [telemetry_node]: pos_ned=[ 0.02894952 -0.02336052 19.06295776]  yaw=1.632  armed=True  vtol=3  batt=15.75V/77%
[telemetry_node-1] [INFO] [1785161632.497937224] [telemetry_node]: pos_ned=[ 0.03509734 -0.0240896  19.66493416]  yaw=1.632  armed=True  vtol=3  batt=15.75V/77%
[telemetry_node-1] [INFO] [1785161632.808654873] [telemetry_node]: pos_ned=[ 5.15899546e-02 -1.96615644e-02  2.06753407e+01]  yaw=1.632  armed=True  vtol=3  batt=15.75V/77%
[telemetry_node-1] [INFO] [1785161634.808605045] [telemetry_node]: pos_ned=[ 0.06825136 -0.04875448 26.66717529]  yaw=1.634  armed=True  vtol=3  batt=15.69V/73%
[telemetry_node-1] [INFO] [1785161636.808605547] [telemetry_node]: pos_ned=[ 0.05046202 -0.04211187 32.67665863]  yaw=1.637  armed=True  vtol=3  batt=15.63V/70%
[telemetry_node-1] [INFO] [1785161638.808609757] [telemetry_node]: pos_ned=[ 3.00954357e-02 -5.42267167e-04  3.87553253e+01]  yaw=1.640  armed=True  vtol=3  batt=15.57V/67%
[telemetry_node-1] [INFO] [1785161640.808708414] [telemetry_node]: pos_ned=[5.28757907e-02 4.42251191e-03 4.45833168e+01]  yaw=1.640  armed=True  vtol=3  batt=15.51V/63%
[telemetry_node-1] [INFO] [1785161642.808555999] [telemetry_node]: pos_ned=[2.53129397e-02 1.34991016e-02 4.79867172e+01]  yaw=1.638  armed=True  vtol=3  batt=15.45V/60%
[telemetry_node-1] [INFO] [1785161644.808764470] [telemetry_node]: pos_ned=[3.50009203e-02 4.30579577e-03 4.93705597e+01]  yaw=1.638  armed=True  vtol=3  batt=15.39V/57%
[offboard_node-2] [INFO] [1785161645.691041688] [offboard_node]: 운용 고도 50.0m 도달 → transition_fw
[telemetry_node-1] [INFO] [1785161646.808868972] [telemetry_node]: pos_ned=[ 3.47391143e-02 -1.53456330e-02  4.98614845e+01]  yaw=1.636  armed=True  vtol=3  batt=15.33V/53%
[offboard_node-2] [INFO] [1785161647.691526836] [offboard_node]: 천이 전 MC OFFBOARD 요청 (헤딩 정렬 대기)
[offboard_node-2] [WARN] [1785161647.791635142] [offboard_node]: 정렬 구간 OFFBOARD 이탈 → 재요청 (mode=AUTO.LOITER)
[telemetry_node-1] [INFO] [1785161648.808849977] [telemetry_node]: pos_ned=[ 2.96888240e-02 -3.81756835e-02  4.99788094e+01]  yaw=1.356  armed=True  vtol=3  batt=15.30V/51%
[telemetry_node-1] [INFO] [1785161650.808644726] [telemetry_node]: pos_ned=[5.55193461e-02 3.83571396e-03 4.98765297e+01]  yaw=0.637  armed=True  vtol=3  batt=15.30V/50%
[telemetry_node-1] [INFO] [1785161652.808611203] [telemetry_node]: pos_ned=[ 2.14893162e-01 -1.72186624e-02  4.97276001e+01]  yaw=0.334  armed=True  vtol=3  batt=15.30V/50%
[telemetry_node-1] [INFO] [1785161654.808684585] [telemetry_node]: pos_ned=[ 0.28884688 -0.07794494 49.60588837]  yaw=0.183  armed=True  vtol=3  batt=15.30V/50%
[telemetry_node-1] [INFO] [1785161656.808552738] [telemetry_node]: pos_ned=[ 0.36516115 -0.11096623 49.50857162]  yaw=0.100  armed=True  vtol=3  batt=15.30V/50%
[telemetry_node-1] [INFO] [1785161658.808687510] [telemetry_node]: pos_ned=[ 0.4015516  -0.13422495 49.42404175]  yaw=0.056  armed=True  vtol=3  batt=15.30V/50%
[telemetry_node-1] [INFO] [1785161660.808958680] [telemetry_node]: pos_ned=[ 0.37493998 -0.12919009 49.33661652]  yaw=0.043  armed=True  vtol=3  batt=15.30V/50%
[offboard_node-2] [INFO] [1785161661.091334614] [offboard_node]: 헤딩 정렬 완료 target=-0.0° current=2.4° err=-2.4° (20틱 안정) → 전진 + 천이 명령
[offboard_node-2] [INFO] [1785161661.092475929] [offboard_node]: MC→FW 천이 명령 요청 (위치 setpoint 직선 천이)
[telemetry_node-1] [INFO] [1785161662.808671588] [telemetry_node]: pos_ned=[ 2.16625118 -0.15173724 49.47071075]  yaw=-0.013  armed=True  vtol=1  batt=15.30V/50%
[offboard_node-2] [INFO] [1785161663.891349536] [offboard_node]: FW 전환 완료 -> STREAMING
[offboard_node-2] [INFO] [1785161663.997983244] [offboard_node]: OFFBOARD 확인 → FOLLOWING
[offboard_node-2] [INFO] [1785161664.096750836] [offboard_node]: FOLLOWING 시작 pos=[15.9,-0.5] tgt=[85.9,-0.0] cte=-0.5m mode=OFFBOARD seg=16/510
[telemetry_node-1] [INFO] [1785161664.809100818] [telemetry_node]: pos_ned=[29.63220787  0.75294411 49.67368317]  yaw=0.118  armed=True  vtol=4  batt=15.30V/50%
[telemetry_node-1] [INFO] [1785161668.453173826] [telemetry_node]: pos_ned=[31.96875191  1.16833925 50.11293793]  yaw=0.116  armed=True  vtol=4  batt=15.30V/50%
[telemetry_node-1] [INFO] [1785161668.808655570] [telemetry_node]: pos_ned=[37.8109169   1.97620678 51.28354645]  yaw=0.086  armed=True  vtol=4  batt=15.30V/50%
[offboard_node-2] [INFO] [1785161669.393564371] [offboard_node]: FOLLOWING tick=20 mode=OFFBOARD cte=2.3m pos=[47.0,2.3] tgt=[117.0,-0.0] seg=48/510
[telemetry_node-1] [INFO] [1785161670.808717627] [telemetry_node]: pos_ned=[67.64369202  1.65490699 50.78176498]  yaw=0.005  armed=True  vtol=4  batt=15.30V/50%
[offboard_node-2] [INFO] [1785161671.393480694] [offboard_node]: FOLLOWING tick=40 mode=OFFBOARD cte=2.1m pos=[76.9,2.1] tgt=[146.9,-0.0] seg=78/510
[telemetry_node-1] [INFO] [1785161672.808669790] [telemetry_node]: pos_ned=[98.94007874  2.10076547 48.90407181]  yaw=-0.020  armed=True  vtol=4  batt=15.30V/50%
[offboard_node-2] [INFO] [1785161673.393669774] [offboard_node]: FOLLOWING tick=60 mode=OFFBOARD cte=1.9m pos=[108.0,1.8] tgt=[178.0,-0.0] seg=110/510
[telemetry_node-1] [INFO] [1785161674.808882778] [telemetry_node]: pos_ned=[128.59977722   1.86697316  49.09724426]  yaw=0.013  armed=True  vtol=4  batt=15.30V/50%
[offboard_node-2] [INFO] [1785161675.394104763] [offboard_node]: FOLLOWING tick=80 mode=OFFBOARD cte=1.8m pos=[137.4,1.8] tgt=[207.4,0.0] seg=140/510
[telemetry_node-1] [INFO] [1785161676.808734716] [telemetry_node]: pos_ned=[157.80516052   1.33276868  49.03580475]  yaw=0.016  armed=True  vtol=4  batt=15.30V/50%
[offboard_node-2] [INFO] [1785161677.395126637] [offboard_node]: FOLLOWING tick=100 mode=OFFBOARD cte=1.3m pos=[166.4,1.2] tgt=[236.4,-0.1] seg=170/510
[telemetry_node-1] [INFO] [1785161678.808624352] [telemetry_node]: pos_ned=[186.12283325   0.88905787  49.24713135]  yaw=-0.008  armed=True  vtol=4  batt=15.30V/50%
[offboard_node-2] [INFO] [1785161679.396182191] [offboard_node]: FOLLOWING tick=120 mode=OFFBOARD cte=0.6m pos=[194.5,0.8] tgt=[250.1,14.5] seg=199/510
[telemetry_node-1] [INFO] [1785161680.808605439] [telemetry_node]: pos_ned=[213.88793945   3.17313075  48.92712021]  yaw=0.082  armed=True  vtol=4  batt=15.30V/50%
[offboard_node-2] [INFO] [1785161681.393343590] [offboard_node]: FOLLOWING tick=140 mode=OFFBOARD cte=6.4m pos=[222.0,6.3] tgt=[250.0,47.7] seg=227/510
[offboard_node-2] [WARN] [1785161682.493644588] [offboard_node]: 세그먼트 인덱스 급변 239→269 (Δ+30, 전체 510) pos=[235.6,16.0] — 경로상 전진이 아니라 다른 레그 선택일 수 있다
[telemetry_node-1] [INFO] [1785161682.808578667] [telemetry_node]: pos_ned=[238.82788086  19.84617233  45.78194427]  yaw=0.623  armed=True  vtol=4  batt=15.30V/50%
[offboard_node-2] [INFO] [1785161683.393078794] [offboard_node]: FOLLOWING tick=160 mode=OFFBOARD cte=6.4m pos=[243.7,28.6] tgt=[250.0,98.8] seg=283/510
[telemetry_node-1] [INFO] [1785161684.808919871] [telemetry_node]: pos_ned=[247.5019989   50.60568237  47.24822998]  yaw=1.527  armed=True  vtol=4  batt=15.30V/50%
[offboard_node-2] [INFO] [1785161685.393687316] [offboard_node]: FOLLOWING tick=180 mode=OFFBOARD cte=1.9m pos=[248.1,58.7] tgt=[250.0,128.7] seg=314/510
[telemetry_node-1] [INFO] [1785161686.808686157] [telemetry_node]: pos_ned=[248.9823761   77.14687347  49.71523666]  yaw=2.014  armed=True  vtol=4  batt=15.30V/50%
[offboard_node-2] [INFO] [1785161687.393285778] [offboard_node]: FOLLOWING tick=200 mode=OFFBOARD cte=1.3m pos=[248.7,85.6] tgt=[250.0,155.6] seg=341/510
[telemetry_node-1] [INFO] [1785161688.809057185] [telemetry_node]: pos_ned=[248.421875   106.38562012  49.00359344]  yaw=1.880  armed=True  vtol=4  batt=15.30V/50%
[offboard_node-2] [INFO] [1785161689.393436728] [offboard_node]: FOLLOWING tick=220 mode=OFFBOARD cte=1.4m pos=[248.6,114.9] tgt=[250.0,184.9] seg=371/510
[telemetry_node-1] [INFO] [1785161690.809286216] [telemetry_node]: pos_ned=[248.92160034 133.77536011  50.85678101]  yaw=1.452  armed=True  vtol=4  batt=15.30V/50%
[offboard_node-2] [INFO] [1785161691.393785843] [offboard_node]: FOLLOWING tick=240 mode=OFFBOARD cte=1.0m pos=[249.0,141.8] tgt=[250.0,211.8] seg=399/510
[telemetry_node-1] [INFO] [1785161692.809090752] [telemetry_node]: pos_ned=[249.39382935 161.045578    50.08522034]  yaw=1.294  armed=True  vtol=4  batt=15.30V/50%
[offboard_node-2] [INFO] [1785161693.393381364] [offboard_node]: FOLLOWING tick=260 mode=OFFBOARD cte=0.4m pos=[249.6,169.5] tgt=[250.0,239.5] seg=427/510
[telemetry_node-1] [INFO] [1785161694.808582532] [telemetry_node]: pos_ned=[249.74357605 188.86338806  50.59933472]  yaw=1.519  armed=True  vtol=4  batt=15.30V/50%
[offboard_node-2] [INFO] [1785161695.396194495] [offboard_node]: FOLLOWING tick=280 mode=OFFBOARD cte=0.3m pos=[249.7,197.0] tgt=[250.0,250.0] seg=455/510
[telemetry_node-1] [INFO] [1785161696.808814566] [telemetry_node]: pos_ned=[249.64022827 215.71469116  50.9083519 ]  yaw=1.790  armed=True  vtol=4  batt=15.30V/50%
[offboard_node-2] [INFO] [1785161697.393615665] [offboard_node]: FOLLOWING tick=300 mode=OFFBOARD cte=0.4m pos=[249.6,223.5] tgt=[250.0,250.0] seg=482/510
[offboard_node-2] [INFO] [1785161698.592196344] [offboard_node]: 경로 추종 완료 -> transition_mc
[offboard_node-2] [INFO] [1785161698.691697835] [offboard_node]: FW->MC 역천이 명령 요청
[telemetry_node-1] [INFO] [1785161698.808653743] [telemetry_node]: pos_ned=[249.67825317 243.35031128  50.59022903]  yaw=1.785  armed=True  vtol=2  batt=15.30V/50%
[telemetry_node-1] [INFO] [1785161700.808887977] [telemetry_node]: pos_ned=[250.35302734 267.93832397  50.80982208]  yaw=1.699  armed=True  vtol=2  batt=15.30V/50%
[telemetry_node-1] [INFO] [1785161704.518469215] [telemetry_node]: pos_ned=[250.37220764 269.3270874   50.89904022]  yaw=1.701  armed=True  vtol=2  batt=15.30V/50%
[telemetry_node-1] [INFO] [1785161704.809273905] [telemetry_node]: pos_ned=[250.40830994 271.92028809  51.05037308]  yaw=1.707  armed=True  vtol=2  batt=15.30V/50%
[telemetry_node-1] [INFO] [1785161706.809031603] [telemetry_node]: pos_ned=[250.6809082  287.32583618  51.64983749]  yaw=1.805  armed=True  vtol=2  batt=15.30V/50%
[offboard_node-2] [INFO] [1785161707.391288744] [offboard_node]: MC 전환 완료 -> HOLD (WP1 복귀)
[telemetry_node-1] [INFO] [1785161708.809079349] [telemetry_node]: pos_ned=[250.65553284 292.94354248  51.54821777]  yaw=1.843  armed=True  vtol=3  batt=15.30V/50%
[offboard_node-2] [INFO] [1785161709.391358516] [offboard_node]: WP1 홀드 dist=39.0m speed=7.8m/s stable=0/10
[telemetry_node-1] [INFO] [1785161710.811023342] [telemetry_node]: pos_ned=[250.67001343 281.16775513  51.22820282]  yaw=1.844  armed=True  vtol=3  batt=15.30V/50%
[offboard_node-2] [INFO] [1785161711.391385323] [offboard_node]: WP1 홀드 dist=28.7m speed=5.0m/s stable=0/10
[telemetry_node-1] [INFO] [1785161712.808556062] [telemetry_node]: pos_ned=[250.55937195 270.63494873  50.83633423]  yaw=1.839  armed=True  vtol=3  batt=15.30V/50%
[offboard_node-2] [INFO] [1785161713.391225088] [offboard_node]: WP1 홀드 dist=17.9m speed=4.6m/s stable=0/10
[telemetry_node-1] [INFO] [1785161714.808677286] [telemetry_node]: pos_ned=[250.31098938 260.50131226  50.52253723]  yaw=1.827  armed=True  vtol=3  batt=15.30V/50%
[offboard_node-2] [INFO] [1785161715.391293741] [offboard_node]: WP1 홀드 dist=7.7m speed=4.7m/s stable=0/10
[telemetry_node-1] [INFO] [1785161716.809575120] [telemetry_node]: pos_ned=[250.17689514 251.78353882  50.42612839]  yaw=1.837  armed=True  vtol=3  batt=15.30V/50%
[offboard_node-2] [INFO] [1785161717.391354462] [offboard_node]: WP1 홀드 dist=0.9m speed=0.9m/s stable=2/10
[offboard_node-2] [INFO] [1785161718.091279486] [offboard_node]: WP1 도달·안정 → LANDING (dist=0.6m speed=0.3m/s)
[offboard_node-2] [INFO] [1785161718.191366952] [offboard_node]: AUTO.LAND 요청
[telemetry_node-1] [INFO] [1785161718.809018944] [telemetry_node]: pos_ned=[249.9977417  250.64027405  50.03905106]  yaw=1.832  armed=True  vtol=3  batt=15.30V/50%
[telemetry_node-1] [INFO] [1785161720.808832843] [telemetry_node]: pos_ned=[249.94078064 250.56251526  47.24328995]  yaw=1.821  armed=True  vtol=3  batt=15.30V/50%
[telemetry_node-1] [INFO] [1785161722.808930599] [telemetry_node]: pos_ned=[249.98136902 250.55400085  44.39369202]  yaw=1.819  armed=True  vtol=3  batt=15.30V/50%
[telemetry_node-1] [INFO] [1785161724.808759046] [telemetry_node]: pos_ned=[249.94413757 250.76634216  41.51228333]  yaw=1.820  armed=True  vtol=3  batt=15.30V/50%
[telemetry_node-1] [INFO] [1785161726.809245292] [telemetry_node]: pos_ned=[249.97402954 250.52931213  38.63786697]  yaw=1.820  armed=True  vtol=3  batt=15.30V/50%
[telemetry_node-1] [INFO] [1785161728.808865460] [telemetry_node]: pos_ned=[249.97648621 250.63261414  35.82089615]  yaw=1.822  armed=True  vtol=3  batt=15.30V/50%
[telemetry_node-1] [INFO] [1785161730.809228637] [telemetry_node]: pos_ned=[249.96017456 250.62521362  32.99729919]  yaw=1.823  armed=True  vtol=3  batt=15.30V/50%
[telemetry_node-1] [INFO] [1785161732.808554695] [telemetry_node]: pos_ned=[250.03192139 250.48881531  30.24803162]  yaw=1.824  armed=True  vtol=3  batt=15.30V/50%
[telemetry_node-1] [INFO] [1785161734.808667570] [telemetry_node]: pos_ned=[249.95013428 250.66403198  27.50609779]  yaw=1.825  armed=True  vtol=3  batt=15.30V/50%
[telemetry_node-1] [INFO] [1785161736.809044729] [telemetry_node]: pos_ned=[249.9803009  250.62696838  24.72421837]  yaw=1.826  armed=True  vtol=3  batt=15.30V/50%
[telemetry_node-1] [INFO] [1785161740.597477560] [telemetry_node]: pos_ned=[249.99734497 250.61253357  24.45073128]  yaw=1.827  armed=True  vtol=3  batt=15.30V/50%
[telemetry_node-1] [INFO] [1785161740.808772933] [telemetry_node]: pos_ned=[250.01499939 250.59753418  24.13070488]  yaw=1.827  armed=True  vtol=3  batt=15.30V/50%
[telemetry_node-1] [INFO] [1785161742.809306755] [telemetry_node]: pos_ned=[250.00712585 250.5930481   21.37173843]  yaw=1.828  armed=True  vtol=3  batt=15.30V/50%
[telemetry_node-1] [INFO] [1785161744.808886731] [telemetry_node]: pos_ned=[249.98500061 250.62284851  18.6009922 ]  yaw=1.829  armed=True  vtol=3  batt=15.30V/50%
[telemetry_node-1] [INFO] [1785161746.809379880] [telemetry_node]: pos_ned=[249.99099731 250.59129333  15.79715252]  yaw=1.831  armed=True  vtol=3  batt=15.30V/50%
[telemetry_node-1] [INFO] [1785161748.809037847] [telemetry_node]: pos_ned=[249.97145081 250.60519409  12.96457577]  yaw=1.832  armed=True  vtol=3  batt=15.30V/50%
[telemetry_node-1] [INFO] [1785161750.809026605] [telemetry_node]: pos_ned=[249.98979187 250.56495667  10.14704227]  yaw=1.833  armed=True  vtol=3  batt=15.30V/50%
[telemetry_node-1] [INFO] [1785161752.809047951] [telemetry_node]: pos_ned=[249.99911499 250.598526     7.73884344]  yaw=1.834  armed=True  vtol=3  batt=15.30V/50%
[telemetry_node-1] [INFO] [1785161754.808622539] [telemetry_node]: pos_ned=[249.98426819 250.63027954   5.9045186 ]  yaw=1.835  armed=True  vtol=3  batt=15.30V/50%
[telemetry_node-1] [INFO] [1785161756.808761625] [telemetry_node]: pos_ned=[249.99810791 250.5826416    4.52506304]  yaw=1.836  armed=True  vtol=3  batt=15.30V/50%
[telemetry_node-1] [INFO] [1785161758.809418612] [telemetry_node]: pos_ned=[250.0020752  250.57818604   3.21750784]  yaw=1.837  armed=True  vtol=3  batt=15.30V/50%
[telemetry_node-1] [INFO] [1785161760.808759110] [telemetry_node]: pos_ned=[249.96903992 250.60035706   1.90173972]  yaw=1.839  armed=True  vtol=3  batt=15.30V/50%
[telemetry_node-1] [INFO] [1785161762.808773414] [telemetry_node]: pos_ned=[249.96640015 250.59124756   0.56951016]  yaw=1.840  armed=True  vtol=3  batt=15.30V/50%
[telemetry_node-1] [INFO] [1785161764.809041693] [telemetry_node]: pos_ned=[ 2.49914795e+02  2.50618622e+02 -2.16540709e-01]  yaw=1.840  armed=True  vtol=3  batt=15.30V/50%
[telemetry_node-1] [INFO] [1785161766.808690388] [telemetry_node]: pos_ned=[ 2.49925049e+02  2.50607925e+02 -1.92134857e-01]  yaw=1.842  armed=True  vtol=3  batt=15.30V/50%
[offboard_node-2] [INFO] [1785161767.591428385] [offboard_node]: 착륙 완료 (disarmed) -> DONE
[telemetry_node-1] [INFO] [1785161768.808615771] [telemetry_node]: pos_ned=[ 2.49934433e+02  2.50604706e+02 -1.14657588e-01]  yaw=1.844  armed=False  vtol=3  batt=16.20V/88%
[telemetry_node-1] [INFO] [1785161770.808726729] [telemetry_node]: pos_ned=[ 2.49918549e+02  2.50640793e+02 -3.64358500e-02]  yaw=1.846  armed=False  vtol=3  batt=16.20V/98%
[telemetry_node-1] [INFO] [1785161772.808790520] [telemetry_node]: pos_ned=[ 2.49936005e+02  2.50614883e+02 -9.98074561e-03]  yaw=1.848  armed=False  vtol=3  batt=16.20V/100%
[telemetry_node-1] [INFO] [1785161776.679729731] [telemetry_node]: pos_ned=[2.49928619e+02 2.50614243e+02 5.12995571e-03]  yaw=1.848  armed=False  vtol=3  batt=16.20V/100%
[telemetry_node-1] [INFO] [1785161776.809003824] [telemetry_node]: pos_ned=[2.49924576e+02 2.50613754e+02 1.19983181e-02]  yaw=1.848  armed=False  vtol=3  batt=16.20V/100%
[WARNING] [launch]: user interrupted with ctrl-c (SIGINT)
[INFO] [offboard_node-2]: sending signal 'SIGINT' to process[offboard_node-2]
[INFO] [telemetry_node-1]: sending signal 'SIGINT' to process[telemetry_node-1]
[telemetry_node-1] Traceback (most recent call last):
[telemetry_node-1]   File "/root/drone_ws/install/fc_ros/lib/python3.10/site-packages/fc_ros/nodes/telemetry_node.py", line 109, in main
[offboard_node-2] Traceback (most recent call last):
[offboard_node-2]   File "/root/drone_ws/install/fc_ros/lib/python3.10/site-packages/fc_ros/nodes/offboard_node.py", line 1511, in main
[telemetry_node-1]     rclpy.spin(node)
[telemetry_node-1]   File "/opt/ros/humble/local/lib/python3.10/dist-packages/rclpy/__init__.py", line 229, in spin
[offboard_node-2]     rclpy.spin(node)
[offboard_node-2]   File "/opt/ros/humble/local/lib/python3.10/dist-packages/rclpy/__init__.py", line 229, in spin
[telemetry_node-1]     executor.spin_once()
[telemetry_node-1]   File "/opt/ros/humble/local/lib/python3.10/dist-packages/rclpy/executors.py", line 808, in spin_once
[offboard_node-2]     executor.spin_once()
[offboard_node-2]   File "/opt/ros/humble/local/lib/python3.10/dist-packages/rclpy/executors.py", line 808, in spin_once
[offboard_node-2]     self._spin_once_impl(timeout_sec)
[offboard_node-2]   File "/opt/ros/humble/local/lib/python3.10/dist-packages/rclpy/executors.py", line 797, in _spin_once_impl
[telemetry_node-1]     self._spin_once_impl(timeout_sec)
[telemetry_node-1]   File "/opt/ros/humble/local/lib/python3.10/dist-packages/rclpy/executors.py", line 797, in _spin_once_impl
[offboard_node-2]     handler, entity, node = self.wait_for_ready_callbacks(timeout_sec=timeout_sec)
[offboard_node-2]   File "/opt/ros/humble/local/lib/python3.10/dist-packages/rclpy/executors.py", line 780, in wait_for_ready_callbacks
[offboard_node-2]     return next(self._cb_iter)
[offboard_node-2]   File "/opt/ros/humble/local/lib/python3.10/dist-packages/rclpy/executors.py", line 677, in _wait_for_ready_callbacks
[telemetry_node-1]     handler, entity, node = self.wait_for_ready_callbacks(timeout_sec=timeout_sec)
[telemetry_node-1]   File "/opt/ros/humble/local/lib/python3.10/dist-packages/rclpy/executors.py", line 780, in wait_for_ready_callbacks
[telemetry_node-1]     return next(self._cb_iter)
[telemetry_node-1]   File "/opt/ros/humble/local/lib/python3.10/dist-packages/rclpy/executors.py", line 677, in _wait_for_ready_callbacks
[telemetry_node-1]     wait_set.wait(timeout_nsec)
[telemetry_node-1] KeyboardInterrupt
[telemetry_node-1] 
[telemetry_node-1] During handling of the above exception, another exception occurred:
[telemetry_node-1] 
[telemetry_node-1] Traceback (most recent call last):
[telemetry_node-1]   File "/root/drone_ws/install/fc_ros/lib/fc_ros/telemetry_node", line 33, in <module>
[telemetry_node-1]     sys.exit(load_entry_point('fc-ros==0.1.0', 'console_scripts', 'telemetry_node')())
[telemetry_node-1]   File "/root/drone_ws/install/fc_ros/lib/python3.10/site-packages/fc_ros/nodes/telemetry_node.py", line 111, in main
[telemetry_node-1]     node.destroy_node()
[telemetry_node-1]   File "/opt/ros/humble/local/lib/python3.10/dist-packages/rclpy/node.py", line 1691, in destroy_node
[offboard_node-2]     wait_set.wait(timeout_nsec)
[offboard_node-2] KeyboardInterrupt
[offboard_node-2] 
[offboard_node-2] During handling of the above exception, another exception occurred:
[offboard_node-2] 
[offboard_node-2] Traceback (most recent call last):
[offboard_node-2]   File "/root/drone_ws/install/fc_ros/lib/fc_ros/offboard_node", line 33, in <module>
[offboard_node-2]     sys.exit(load_entry_point('fc-ros==0.1.0', 'console_scripts', 'offboard_node')())
[offboard_node-2]   File "/root/drone_ws/install/fc_ros/lib/python3.10/site-packages/fc_ros/nodes/offboard_node.py", line 1513, in main
[offboard_node-2]     node.destroy_node()
[offboard_node-2]   File "/opt/ros/humble/local/lib/python3.10/dist-packages/rclpy/node.py", line 1685, in destroy_node
[offboard_node-2]     self.destroy_publisher(self._publishers[0])
[offboard_node-2]   File "/opt/ros/humble/local/lib/python3.10/dist-packages/rclpy/node.py", line 1565, in destroy_publisher
[offboard_node-2]     publisher.destroy()
[offboard_node-2]   File "/opt/ros/humble/local/lib/python3.10/dist-packages/rclpy/publisher.py", line 99, in destroy
[offboard_node-2]     self.__publisher.destroy_when_not_in_use()
[offboard_node-2] KeyboardInterrupt
[telemetry_node-1]     self.destroy_service(self._services[0])
[telemetry_node-1]   File "/opt/ros/humble/local/lib/python3.10/dist-packages/rclpy/node.py", line 1615, in destroy_service
[telemetry_node-1]     service.destroy()
[telemetry_node-1]   File "/opt/ros/humble/local/lib/python3.10/dist-packages/rclpy/service.py", line 93, in destroy
[telemetry_node-1]     self.__service.destroy_when_not_in_use()
[telemetry_node-1] KeyboardInterrupt
[ERROR] [telemetry_node-1]: process has died [pid 1136, exit code -2, cmd '/root/drone_ws/install/fc_ros/lib/fc_ros/telemetry_node --ros-args -r __node:=telemetry_node'].
[ERROR] [offboard_node-2]: process has died [pid 1138, exit code -2, cmd '/root/drone_ws/install/fc_ros/lib/fc_ros/offboard_node --ros-args -r __node:=offboard_node --params-file /root/drone_ws/install/fc_ros/share/fc_ros/params/fc_ros_params.yaml --params-file /tmp/launch_params_uk0j36e4'].
