[INFO] [launch]: All log files can be found below /root/.ros/log/2026-07-27-05-03-56-520885-DESKTOP-Kilogram-700
[INFO] [launch]: Default logging verbosity is set to INFO
[INFO] [mavros_node-1]: process started with pid [728]
[mavros_node-1] [INFO] [1785096236.737074281] [mavros.mavros_node]: Starting mavros_node container
[mavros_node-1] [INFO] [1785096236.737173649] [mavros.mavros_node]: FCU URL: udp://:14540@localhost:14580
[mavros_node-1] [INFO] [1785096236.737184083] [mavros.mavros_node]: GCS URL: 
[mavros_node-1] [INFO] [1785096236.737190480] [mavros.mavros_node]: UAS Prefix: /uas1
[mavros_node-1] [INFO] [1785096236.737196800] [mavros.mavros_node]: Starting mavros router node
[mavros_node-1] [INFO] [1785096236.745425396] [mavros.mavros_router]: Built-in SIMD instructions: SSE, SSE2
[mavros_node-1] [INFO] [1785096236.745515755] [mavros.mavros_router]: Built-in MAVLink package version: 2026.6.6
[mavros_node-1] [INFO] [1785096236.745533507] [mavros.mavros_router]: Known MAVLink dialects: common ardupilotmega ASLUAV AVSSUAS all csAirLink cubepilot development icarous loweheiser marsh matrixpilot paparazzi standard stemstudios storm32 uAvionix ualberta
[mavros_node-1] [INFO] [1785096236.745541026] [mavros.mavros_router]: MAVROS Router started
[mavros_node-1] [INFO] [1785096236.745594144] [mavros.mavros_node]: Starting mavros uas node
[mavros_node-1] [INFO] [1785096236.774771598] [mavros.mavros_router]: Requested to add endpoint: type: 0, url: udp://:14540@localhost:14580
[mavros_node-1] [INFO] [1785096236.774842468] [mavros.mavros_router]: Endpoint link[1000] created
[mavros_node-1] [INFO] [1785096236.775233766] [mavros.mavros_router]: link[1000] opened successfully
[mavros_node-1] [INFO] [1785096236.775259781] [mavros.mavros_router]: Requested to add endpoint: type: 2, url: /uas1
[mavros_node-1] [INFO] [1785096236.775275789] [mavros.mavros_router]: Endpoint link[1001] created
[mavros_node-1] [INFO] [1785096236.776827863] [mavros.mavros_router]: link[1001] opened successfully
[mavros_node-1] [INFO] [1785096236.783803932] [mavros.mavros]: UAS Executor started, threads: 8
[mavros_node-1] [INFO] [1785096236.798107328] [mavros.mavros]: Plugin actuator_control created
[mavros_node-1] [INFO] [1785096236.798179534] [mavros.mavros]: Plugin actuator_control initialized
[mavros_node-1] [INFO] [1785096236.814688813] [mavros.mavros]: Plugin adsb created
[mavros_node-1] [INFO] [1785096236.814752921] [mavros.mavros]: Plugin adsb initialized
[mavros_node-1] [INFO] [1785096236.820006007] [mavros.mavros]: Plugin altitude created
[mavros_node-1] [INFO] [1785096236.820062372] [mavros.mavros]: Plugin altitude initialized
[mavros_node-1] [INFO] [1785096236.825007871] [mavros.mavros]: Plugin cam_imu_sync created
[mavros_node-1] [INFO] [1785096236.825060462] [mavros.mavros]: Plugin cam_imu_sync initialized
[mavros_node-1] [INFO] [1785096236.830236190] [mavros.mavros]: Plugin camera created
[mavros_node-1] [INFO] [1785096236.830291063] [mavros.mavros]: Plugin camera initialized
[mavros_node-1] [INFO] [1785096236.835745132] [mavros.mavros]: Plugin cellular_status created
[mavros_node-1] [INFO] [1785096236.835793952] [mavros.mavros]: Plugin cellular_status initialized
[mavros_node-1] [INFO] [1785096236.845360090] [mavros.mavros]: Plugin command created
[mavros_node-1] [INFO] [1785096236.845425761] [mavros.mavros]: Plugin command initialized
[mavros_node-1] [INFO] [1785096236.851328644] [mavros.mavros]: Plugin companion_process_status created
[mavros_node-1] [INFO] [1785096236.851383005] [mavros.mavros]: Plugin companion_process_status initialized
[mavros_node-1] [INFO] [1785096236.860908351] [mavros.mavros]: Plugin debug_value created
[mavros_node-1] [INFO] [1785096236.860984491] [mavros.mavros]: Plugin debug_value initialized
[mavros_node-1] [INFO] [1785096236.860996647] [mavros.mavros]: Plugin distance_sensor ignored
[mavros_node-1] [INFO] [1785096236.868039596] [mavros.mavros]: Plugin esc_status created
[mavros_node-1] [INFO] [1785096236.868100544] [mavros.mavros]: Plugin esc_status initialized
[mavros_node-1] [INFO] [1785096236.875911893] [mavros.mavros]: Plugin esc_telemetry created
[mavros_node-1] [INFO] [1785096236.875980339] [mavros.mavros]: Plugin esc_telemetry initialized
[mavros_node-1] [INFO] [1785096236.883793990] [mavros.mavros]: Plugin fake_gps created
[mavros_node-1] [INFO] [1785096236.883850291] [mavros.mavros]: Plugin fake_gps initialized
[mavros_node-1] [INFO] [1785096236.903484761] [mavros.mavros]: Plugin ftp created
[mavros_node-1] [INFO] [1785096236.903586232] [mavros.mavros]: Plugin ftp initialized
[mavros_node-1] [INFO] [1785096236.917667178] [mavros.mavros]: Plugin geofence created
[mavros_node-1] [INFO] [1785096236.917764174] [mavros.mavros]: Plugin geofence initialized
[mavros_node-1] [INFO] [1785096236.935626194] [mavros.mavros]: Plugin gimbal_control created
[mavros_node-1] [INFO] [1785096236.935728275] [mavros.mavros]: Plugin gimbal_control initialized
[mavros_node-1] [INFO] [1785096236.952451443] [mavros.mavros]: Plugin global_position created
[mavros_node-1] [INFO] [1785096236.952556877] [mavros.mavros]: Plugin global_position initialized
[mavros_node-1] [INFO] [1785096236.962362406] [mavros.mavros]: Plugin gps_input created
[mavros_node-1] [INFO] [1785096236.962421478] [mavros.mavros]: Plugin gps_input initialized
[mavros_node-1] [INFO] [1785096236.974287612] [mavros.mavros]: Plugin gps_rtk created
[mavros_node-1] [INFO] [1785096236.974404468] [mavros.mavros]: Plugin gps_rtk initialized
[mavros_node-1] [INFO] [1785096236.986487895] [mavros.mavros]: Plugin gps_status created
[mavros_node-1] [INFO] [1785096236.986574042] [mavros.mavros]: Plugin gps_status initialized
[mavros_node-1] [INFO] [1785096236.997118442] [mavros.mavros]: Plugin guided_target created
[mavros_node-1] [INFO] [1785096236.997193885] [mavros.mavros]: Plugin guided_target initialized
[mavros_node-1] [INFO] [1785096237.010931041] [mavros.mavros]: Plugin hil created
[mavros_node-1] [INFO] [1785096237.011016540] [mavros.mavros]: Plugin hil initialized
[mavros_node-1] [INFO] [1785096237.021711010] [mavros.mavros]: Plugin home_position created
[mavros_node-1] [INFO] [1785096237.021776690] [mavros.mavros]: Plugin home_position initialized
[mavros_node-1] [INFO] [1785096237.034615317] [mavros.mavros]: Plugin imu created
[mavros_node-1] [INFO] [1785096237.034715501] [mavros.mavros]: Plugin imu initialized
[mavros_node-1] [INFO] [1785096237.047506757] [mavros.mavros]: Plugin landing_target created
[mavros_node-1] [INFO] [1785096237.047567158] [mavros.mavros]: Plugin landing_target initialized
[mavros_node-1] [INFO] [1785096237.063382615] [mavros.mavros]: Plugin local_position created
[mavros_node-1] [INFO] [1785096237.063456130] [mavros.mavros]: Plugin local_position initialized
[mavros_node-1] [INFO] [1785096237.079253719] [mavros.mavros]: Plugin log_transfer created
[mavros_node-1] [INFO] [1785096237.079335856] [mavros.mavros]: Plugin log_transfer initialized
[mavros_node-1] [INFO] [1785096237.091379258] [mavros.mavros]: Plugin mag_calibration_status created
[mavros_node-1] [INFO] [1785096237.091465015] [mavros.mavros]: Plugin mag_calibration_status initialized
[mavros_node-1] [INFO] [1785096237.103213964] [mavros.mavros]: Plugin manual_control created
[mavros_node-1] [INFO] [1785096237.103267950] [mavros.mavros]: Plugin manual_control initialized
[mavros_node-1] [INFO] [1785096237.115798565] [mavros.mavros]: Plugin mocap_pose_estimate created
[mavros_node-1] [INFO] [1785096237.115865726] [mavros.mavros]: Plugin mocap_pose_estimate initialized
[mavros_node-1] [INFO] [1785096237.132155247] [mavros.mavros]: Plugin mount_control created
[mavros_node-1] [INFO] [1785096237.132225505] [mavros.mavros]: Plugin mount_control initialized
[mavros_node-1] [INFO] [1785096237.145585221] [mavros.mavros]: Plugin nav_controller_output created
[mavros_node-1] [INFO] [1785096237.145649557] [mavros.mavros]: Plugin nav_controller_output initialized
[mavros_node-1] [INFO] [1785096237.160018071] [mavros.mavros]: Plugin obstacle_distance created
[mavros_node-1] [INFO] [1785096237.160076659] [mavros.mavros]: Plugin obstacle_distance initialized
[mavros_node-1] [INFO] [1785096237.173084148] [mavros.mavros]: Plugin obstacle_distance_3d created
[mavros_node-1] [INFO] [1785096237.173145382] [mavros.mavros]: Plugin obstacle_distance_3d initialized
[mavros_node-1] [INFO] [1785096237.186102740] [mavros.mavros]: Plugin odometry created
[mavros_node-1] [INFO] [1785096237.186162346] [mavros.mavros]: Plugin odometry initialized
[mavros_node-1] [INFO] [1785096237.198966589] [mavros.mavros]: Plugin onboard_computer_status created
[mavros_node-1] [INFO] [1785096237.199077211] [mavros.mavros]: Plugin onboard_computer_status initialized
[mavros_node-1] [INFO] [1785096237.216355224] [mavros.mavros]: Plugin open_drone_id created
[mavros_node-1] [INFO] [1785096237.216415348] [mavros.mavros]: Plugin open_drone_id initialized
[mavros_node-1] [INFO] [1785096237.233150232] [mavros.mavros]: Plugin optical_flow created
[mavros_node-1] [INFO] [1785096237.233213422] [mavros.mavros]: Plugin optical_flow initialized
[mavros_node-1] [INFO] [1785096237.250114676] [mavros.mavros]: Plugin param created
[mavros_node-1] [INFO] [1785096237.250198113] [mavros.mavros]: Plugin param initialized
[mavros_node-1] [INFO] [1785096237.264596097] [mavros.mavros]: Plugin play_tune created
[mavros_node-1] [INFO] [1785096237.264664091] [mavros.mavros]: Plugin play_tune initialized
[mavros_node-1] [INFO] [1785096237.281256281] [mavros.mavros]: Plugin px4flow created
[mavros_node-1] [INFO] [1785096237.281328169] [mavros.mavros]: Plugin px4flow initialized
[mavros_node-1] [INFO] [1785096237.299207634] [mavros.mavros]: Plugin rallypoint created
[mavros_node-1] [INFO] [1785096237.299282011] [mavros.mavros]: Plugin rallypoint initialized
[mavros_node-1] [INFO] [1785096237.299290808] [mavros.mavros]: Plugin rangefinder ignored
[mavros_node-1] [INFO] [1785096237.317595198] [mavros.mavros]: Plugin rc_io created
[mavros_node-1] [INFO] [1785096237.317666025] [mavros.mavros]: Plugin rc_io initialized
[mavros_node-1] [INFO] [1785096237.334649052] [mavros.mavros]: Plugin setpoint_accel created
[mavros_node-1] [INFO] [1785096237.334716431] [mavros.mavros]: Plugin setpoint_accel initialized
[mavros_node-1] [INFO] [1785096237.353036246] [mavros.mavros]: Plugin setpoint_attitude created
[mavros_node-1] [INFO] [1785096237.353106895] [mavros.mavros]: Plugin setpoint_attitude initialized
[mavros_node-1] [INFO] [1785096237.367993913] [mavros.mavros]: Plugin setpoint_position created
[mavros_node-1] [INFO] [1785096237.368095340] [mavros.mavros]: Plugin setpoint_position initialized
[mavros_node-1] [INFO] [1785096237.390084429] [mavros.mavros]: Plugin setpoint_raw created
[mavros_node-1] [INFO] [1785096237.390170405] [mavros.mavros]: Plugin setpoint_raw initialized
[mavros_node-1] [INFO] [1785096237.411293969] [mavros.mavros]: Plugin setpoint_trajectory created
[mavros_node-1] [INFO] [1785096237.411353925] [mavros.mavros]: Plugin setpoint_trajectory initialized
[mavros_node-1] [INFO] [1785096237.432199859] [mavros.mavros]: Plugin setpoint_velocity created
[mavros_node-1] [INFO] [1785096237.432290863] [mavros.mavros]: Plugin setpoint_velocity initialized
[mavros_node-1] [INFO] [1785096237.453096206] [mavros.mavros]: Plugin sim_state created
[mavros_node-1] [INFO] [1785096237.453176120] [mavros.mavros]: Plugin sim_state initialized
[mavros_node-1] [INFO] [1785096237.489626565] [mavros.mavros]: Plugin sys_status created
[mavros_node-1] [INFO] [1785096237.489753171] [mavros.mavros]: Plugin sys_status initialized
[mavros_node-1] [INFO] [1785096237.509239939] [mavros.time]: TM: Timesync mode: MAVLINK
[mavros_node-1] [INFO] [1785096237.514637284] [mavros.mavros]: Plugin sys_time created
[mavros_node-1] [INFO] [1785096237.514715856] [mavros.mavros]: Plugin sys_time initialized
[mavros_node-1] [INFO] [1785096237.537829492] [mavros.mavros]: Plugin tdr_radio created
[mavros_node-1] [INFO] [1785096237.537914690] [mavros.mavros]: Plugin tdr_radio initialized
[mavros_node-1] [INFO] [1785096237.557895465] [mavros.mavros]: Plugin terrain created
[mavros_node-1] [INFO] [1785096237.557993625] [mavros.mavros]: Plugin terrain initialized
[mavros_node-1] [INFO] [1785096237.579803672] [mavros.mavros]: Plugin trajectory created
[mavros_node-1] [INFO] [1785096237.580000244] [mavros.mavros]: Plugin trajectory initialized
[mavros_node-1] [INFO] [1785096237.601118233] [mavros.mavros]: Plugin tunnel created
[mavros_node-1] [INFO] [1785096237.601179037] [mavros.mavros]: Plugin tunnel initialized
[mavros_node-1] [INFO] [1785096237.620841638] [mavros.mavros]: Plugin vfr_hud created
[mavros_node-1] [INFO] [1785096237.621016516] [mavros.mavros]: Plugin vfr_hud initialized
[mavros_node-1] [INFO] [1785096237.621030121] [mavros.mavros]: Plugin vibration ignored
[mavros_node-1] [INFO] [1785096237.646531542] [mavros.mavros]: Plugin vision_pose created
[mavros_node-1] [INFO] [1785096237.646642409] [mavros.mavros]: Plugin vision_pose initialized
[mavros_node-1] [INFO] [1785096237.671399105] [mavros.mavros]: Plugin vision_speed created
[mavros_node-1] [INFO] [1785096237.671466784] [mavros.mavros]: Plugin vision_speed initialized
[mavros_node-1] [INFO] [1785096237.702561675] [mavros.mavros]: Plugin waypoint created
[mavros_node-1] [INFO] [1785096237.702744533] [mavros.mavros]: Plugin waypoint initialized
[mavros_node-1] [INFO] [1785096237.702774429] [mavros.mavros]: Plugin wheel_odometry ignored
[mavros_node-1] [INFO] [1785096237.727905823] [mavros.mavros]: Plugin wind_estimation created
[mavros_node-1] [INFO] [1785096237.728032572] [mavros.mavros]: Plugin wind_estimation initialized
[mavros_node-1] [INFO] [1785096237.730022138] [mavros.mavros]: Built-in SIMD instructions: SSE, SSE2
[mavros_node-1] [INFO] [1785096237.730067381] [mavros.mavros]: Built-in MAVLink package version: 2026.6.6
[mavros_node-1] [INFO] [1785096237.730075573] [mavros.mavros]: Known MAVLink dialects: common ardupilotmega ASLUAV AVSSUAS all csAirLink cubepilot development icarous loweheiser marsh matrixpilot paparazzi standard stemstudios storm32 uAvionix ualberta
[mavros_node-1] [INFO] [1785096237.730082154] [mavros.mavros]: MAVROS UAS via /uas1 started. MY ID 1.191, TARGET ID 1.1
[mavros_node-1] [INFO] [1785096237.781407221] [mavros.mavros_router]: link[1001] detected remote address 1.191
[mavros_node-1] [WARN] [1785096239.295075136] [mavros.sys]: VER: broadcast request timeout, retries left 4
[mavros_node-1] [WARN] [1785096240.196381941] [mavros.sys]: VER: broadcast request timeout, retries left 3
[mavros_node-1] [WARN] [1785096241.101418310] [mavros.sys]: VER: unicast request timeout, retries left 2
[mavros_node-1] [INFO] [1785096241.733027303] [mavros.mavros_router]: link[1000] detected remote address 1.1
[mavros_node-1] [INFO] [1785096241.749220079] [mavros.imu]: IMU: High resolution IMU detected!
[mavros_node-1] [INFO] [1785096241.857506968] [mavros.sys]: FCU: EVENT 1203183 with args -234-7-7-26-20-4-1-0-0-0-0-0-0-0-0-0-0-0-0-0-0-0-0-0-0-0-0-0-0-0-0-0-0-0-0-0-0-0-0-0-
[mavros_node-1] [WARN] [1785096241.996258280] [mavros.sys]: VER: unicast request timeout, retries left 1
[mavros_node-1] [WARN] [1785096242.009170953] [mavros.cmd]: CMD: Unexpected command 520, result 3
[mavros_node-1] [INFO] [1785096242.017387293] [mavros.imu]: IMU: Attitude quaternion IMU detected!
[mavros_node-1] [ERROR] [1785096242.098137453] [mavros.sys]: FCU: EVENT 7791755 with args -255-1-0-0-0-0-0-0-0-0-0-0-0-0-0-0-0-0-0-0-0-0-0-0-0-0-0-0-0-0-0-0-0-0-0-0-0-0-0-0-
[mavros_node-1] [INFO] [1785096242.729383161] [mavros.mavros]: CON: Got HEARTBEAT, connected. FCU: PX4 Autopilot
[mavros_node-1] [INFO] [1785096242.729513430] [mavros.mission]: WP: detected enable_partial_push: 0
[mavros_node-1] [INFO] [1785096242.729836751] [mavros.imu]: IMU: High resolution IMU detected!
[mavros_node-1] [INFO] [1785096242.737498918] [mavros.imu]: IMU: Attitude quaternion IMU detected!
[mavros_node-1] [WARN] [1785096243.250000517] [mavros.sys]: FCU: UNK(8): EVENT 11047904 with args -0-0-0-18-1-128-0-0-0-0-58-1-128-0-58-1-128-0-0-0-0-0-0-0-0-0-0-0-0-0-0-0-0-0-0-0-0-0-0-0-
[mavros_node-1] [ERROR] [1785096243.250258405] [mavros.sys]: FCU: EVENT 11464574 with args -0-64-0-0-20-0-0-0-0-0-0-0-0-0-0-0-0-0-0-0-0-0-0-0-0-0-0-0-0-0-0-0-0-0-0-0-0-0-0-0-
[mavros_node-1] [ERROR] [1785096243.250638587] [mavros.sys]: FCU: EVENT 13835193 with args -252-0-126-0-17-0-0-0-0-0-0-0-0-0-0-0-0-0-0-0-0-0-0-0-0-0-0-0-0-0-0-0-0-0-0-0-0-0-0-0-
[mavros_node-1] [ERROR] [1785096243.250819625] [mavros.sys]: FCU: EVENT 10011251 with args -56-0-0-0-24-0-0-0-0-0-0-0-0-0-0-0-0-0-0-0-0-0-0-0-0-0-0-0-0-0-0-0-0-0-0-0-0-0-0-0-
[mavros_node-1] [INFO] [1785096243.250901350] [mavros.sys]: FCU: EVENT 377561 with args -8-0-0-0-20-0-0-0-0-0-0-0-0-0-0-0-0-0-0-0-0-0-0-0-0-0-0-0-0-0-0-0-0-0-0-0-0-0-0-0-
[mavros_node-1] [WARN] [1785096243.250936632] [mavros.sys]: FCU: EVENT 453929 with args -255-255-255-255-7-0-0-0-0-0-0-0-0-0-0-0-0-0-0-0-0-0-0-0-0-0-0-0-0-0-0-0-0-0-0-0-0-0-0-0-
[mavros_node-1] [INFO] [1785096243.250961329] [mavros.sys]: FCU: EVENT 6801787 with args -255-255-255-255-12-0-0-0-0-0-0-0-0-0-0-0-0-0-0-0-0-0-0-0-0-0-0-0-0-0-0-0-0-0-0-0-0-0-0-0-
[mavros_node-1] [WARN] [1785096243.251128197] [mavros.sys]: FCU: UNK(8): EVENT 1914663 with args -0-14-5-2-56-0-0-0-0-0-0-0-0-0-0-0-0-0-0-0-0-0-0-0-0-0-0-0-0-0-0-0-0-0-0-0-0-0-0-0-
[mavros_node-1] [WARN] [1785096244.547694065] [mavros.sys]: VER: broadcast request timeout, retries left 4
[mavros_node-1] [WARN] [1785096245.297745025] [mavros.sys]: FCU: UNK(8): EVENT 11047904 with args -0-0-0-16-0-128-0-0-0-176-58-127-128-176-58-127-128-0-0-0-0-0-0-0-0-0-0-0-0-0-0-0-0-0-0-0-0-0-0-0-
[mavros_node-1] [ERROR] [1785096245.297832503] [mavros.sys]: FCU: EVENT 11464574 with args -0-64-0-0-20-0-0-0-0-0-0-0-0-0-0-0-0-0-0-0-0-0-0-0-0-0-0-0-0-0-0-0-0-0-0-0-0-0-0-0-
[mavros_node-1] [INFO] [1785096245.297872882] [mavros.sys]: FCU: EVENT 377561 with args -8-0-0-0-20-0-0-0-0-0-0-0-0-0-0-0-0-0-0-0-0-0-0-0-0-0-0-0-0-0-0-0-0-0-0-0-0-0-0-0-
[mavros_node-1] [WARN] [1785096245.297897580] [mavros.sys]: FCU: EVENT 453929 with args -255-255-255-255-7-0-0-0-0-0-0-0-0-0-0-0-0-0-0-0-0-0-0-0-0-0-0-0-0-0-0-0-0-0-0-0-0-0-0-0-
[mavros_node-1] [INFO] [1785096245.297921054] [mavros.sys]: FCU: EVENT 6801787 with args -255-255-255-255-12-0-0-0-0-0-0-0-0-0-0-0-0-0-0-0-0-0-0-0-0-0-0-0-0-0-0-0-0-0-0-0-0-0-0-0-
[mavros_node-1] [WARN] [1785096245.297944526] [mavros.sys]: FCU: UNK(8): EVENT 1914663 with args -0-14-5-2-56-0-0-0-0-0-0-0-0-0-0-0-0-0-0-0-0-0-0-0-0-0-0-0-0-0-0-0-0-0-0-0-0-0-0-0-
[mavros_node-1] [WARN] [1785096245.436741971] [mavros.sys]: VER: broadcast request timeout, retries left 3
[mavros_node-1] [ERROR] [1785096246.344889535] [mavros.sys]: VER: command plugin service call failed!
[mavros_node-1] [WARN] [1785096246.344974709] [mavros.sys]: VER: unicast request timeout, retries left 2
[mavros_node-1] [ERROR] [1785096247.245606777] [mavros.sys]: VER: command plugin service call failed!
[mavros_node-1] [WARN] [1785096247.245722597] [mavros.sys]: VER: unicast request timeout, retries left 1
[mavros_node-1] [ERROR] [1785096248.167812171] [mavros.sys]: VER: command plugin service call failed!
[mavros_node-1] [WARN] [1785096248.167975958] [mavros.sys]: VER: unicast request timeout, retries left 0
[mavros_node-1] [WARN] [1785096248.640707571] [mavros.param]: PR: Failed to get parameter type: CBRK_SUPPLY_CHK
[mavros_node-1] [ERROR] [1785096249.082241089] [mavros.sys]: VER: command plugin service call failed!
[mavros_node-1] [WARN] [1785096249.082464067] [mavros.sys]: VER: your FCU don't support AUTOPILOT_VERSION, switched to default capabilities
[mavros_node-1] [WARN] [1785096255.042719575] [mavros.time]: TM: RTT too high for timesync: 1685.82 ms.
[mavros_node-1] [WARN] [1785096255.119590822] [mavros.time]: TM: RTT too high for timesync: 769.07 ms.
[mavros_node-1] [WARN] [1785096255.675531094] [mavros.param]: PR: Failed to get parameter type: CBRK_SUPPLY_CHK
[mavros_node-1] [WARN] [1785096255.882129101] [mavros.param]: PR: request param #297 timeout, retries left 2, and 503 params still missing
[mavros_node-1] [INFO] [1785096256.236984866] [mavros.mission]: WP: mission received
[mavros_node-1] [INFO] [1785096264.340185325] [mavros.rallypoint]: RP: mission received
[mavros_node-1] [INFO] [1785096268.928243188] [mavros.geofence]: GF: mission received
[mavros_node-1] [ERROR] [1785096298.254500514] [mavros.time]: TM: Time jump detected. Resetting time synchroniser.
[mavros_node-1] [INFO] [1785096345.766943853] [mavros.sys]: FCU: EVENT 9489139 with args -4-0-0-0-0-0-0-0-0-0-0-0-0-0-0-0-0-0-0-0-0-0-0-0-0-0-0-0-0-0-0-0-0-0-0-0-0-0-0-0-
[mavros_node-1] [INFO] [1785096347.666578239] [mavros.sys]: FCU: EVENT 4277609 with args -0-0-0-0-0-0-0-0-0-0-0-0-0-0-0-0-0-0-0-0-0-0-0-0-0-0-0-0-0-0-0-0-0-0-0-0-0-0-0-0-
[mavros_node-1] [ERROR] [1785096348.243019383] [mavros.time]: TM: Time jump detected. Resetting time synchroniser.
[mavros_node-1] [WARN] [1785096379.162272578] [mavros.sys]: FCU: UNK(8): EVENT 11047904 with args -0-0-0-0-0-128-0-0-0-176-122-127-128-176-122-127-128-0-0-0-0-0-0-0-0-0-0-0-0-0-0-0-0-0-0-0-0-0-0-0-
[mavros_node-1] [INFO] [1785096379.163451801] [mavros.sys]: FCU: EVENT 377561 with args -8-0-0-0-20-0-0-0-0-0-0-0-0-0-0-0-0-0-0-0-0-0-0-0-0-0-0-0-0-0-0-0-0-0-0-0-0-0-0-0-
[mavros_node-1] [WARN] [1785096379.163733062] [mavros.sys]: FCU: EVENT 453929 with args -255-255-255-255-7-0-0-0-0-0-0-0-0-0-0-0-0-0-0-0-0-0-0-0-0-0-0-0-0-0-0-0-0-0-0-0-0-0-0-0-
[mavros_node-1] [INFO] [1785096379.163831320] [mavros.sys]: FCU: EVENT 6801787 with args -255-255-255-255-12-0-0-0-0-0-0-0-0-0-0-0-0-0-0-0-0-0-0-0-0-0-0-0-0-0-0-0-0-0-0-0-0-0-0-0-
[mavros_node-1] [WARN] [1785096379.163881209] [mavros.sys]: FCU: UNK(8): EVENT 1914663 with args -0-14-5-2-56-0-0-0-0-0-0-0-0-0-0-0-0-0-0-0-0-0-0-0-0-0-0-0-0-0-0-0-0-0-0-0-0-0-0-0-
[mavros_node-1] [WARN] [1785096381.070072710] [mavros.cmd]: CMD: Unexpected command 176, result 0
[mavros_node-1] [ERROR] [1785096397.945580082] [mavros.time]: TM: Time jump detected. Resetting time synchroniser.
[mavros_node-1] [WARN] [1785096443.260556380] [mavros.cmd]: CMD: Unexpected command 176, result 0
[mavros_node-1] [WARN] [1785096444.244968300] [mavros.sys]: FCU: UNK(8): EVENT 11047904 with args -0-0-0-16-0-128-0-0-0-176-58-127-128-176-58-127-128-0-0-0-0-0-0-0-0-0-0-0-0-0-0-0-0-0-0-0-0-0-0-0-
[mavros_node-1] [ERROR] [1785096444.245431086] [mavros.sys]: FCU: EVENT 11464574 with args -0-64-0-0-20-0-0-0-0-0-0-0-0-0-0-0-0-0-0-0-0-0-0-0-0-0-0-0-0-0-0-0-0-0-0-0-0-0-0-0-
[mavros_node-1] [INFO] [1785096444.245697578] [mavros.sys]: FCU: EVENT 377561 with args -8-0-0-0-20-0-0-0-0-0-0-0-0-0-0-0-0-0-0-0-0-0-0-0-0-0-0-0-0-0-0-0-0-0-0-0-0-0-0-0-
[mavros_node-1] [WARN] [1785096444.245835438] [mavros.sys]: FCU: EVENT 453929 with args -255-255-255-255-7-0-0-0-0-0-0-0-0-0-0-0-0-0-0-0-0-0-0-0-0-0-0-0-0-0-0-0-0-0-0-0-0-0-0-0-
[mavros_node-1] [INFO] [1785096444.245969912] [mavros.sys]: FCU: EVENT 6801787 with args -255-255-255-255-12-0-0-0-0-0-0-0-0-0-0-0-0-0-0-0-0-0-0-0-0-0-0-0-0-0-0-0-0-0-0-0-0-0-0-0-
[mavros_node-1] [WARN] [1785096444.246125356] [mavros.sys]: FCU: UNK(8): EVENT 1914663 with args -0-14-5-2-56-0-0-0-0-0-0-0-0-0-0-0-0-0-0-0-0-0-0-0-0-0-0-0-0-0-0-0-0-0-0-0-0-0-0-0-
[mavros_node-1] [ERROR] [1785096450.827303589] [mavros.time]: TM: Time jump detected. Resetting time synchroniser.
[mavros_node-1] [INFO] [1785096486.919319097] [mavros.sys]: FCU: EVENT 9844908 with args -0-0-0-0-0-0-0-0-0-0-0-0-0-0-0-0-0-0-0-0-0-0-0-0-0-0-0-0-0-0-0-0-0-0-0-0-0-0-0-0-
[mavros_node-1] [INFO] [1785096488.919095030] [mavros.sys]: FCU: EVENT 16017271 with args -6-0-0-0-0-0-0-0-0-0-0-0-0-0-0-0-0-0-0-0-0-0-0-0-0-0-0-0-0-0-0-0-0-0-0-0-0-0-0-0-
[mavros_node-1] [WARN] [1785096488.919385151] [mavros.sys]: FCU: EVENT 13277401 with args -0-0-6-0-0-0-0-0-0-0-0-0-0-0-0-0-0-0-0-0-0-0-0-0-0-0-0-0-0-0-0-0-0-0-0-0-0-0-0-0-
[mavros_node-1] [WARN] [1785096489.150798013] [mavros.sys]: FCU: UNK(8): EVENT 11047904 with args -0-0-0-18-0-128-0-0-0-0-58-1-128-176-58-127-128-0-0-0-0-0-0-0-0-0-0-0-0-0-0-0-0-0-0-0-0-0-0-0-
[mavros_node-1] [ERROR] [1785096489.151245300] [mavros.sys]: FCU: EVENT 13426421 with args -252-0-126-0-17-0-0-0-0-0-0-0-0-0-0-0-0-0-0-0-0-0-0-0-0-0-0-0-0-0-0-0-0-0-0-0-0-0-0-0-
[mavros_node-1] [ERROR] [1785096489.151502714] [mavros.sys]: FCU: EVENT 11464574 with args -0-64-0-0-20-0-0-0-0-0-0-0-0-0-0-0-0-0-0-0-0-0-0-0-0-0-0-0-0-0-0-0-0-0-0-0-0-0-0-0-
[mavros_node-1] [INFO] [1785096489.151851183] [mavros.sys]: FCU: EVENT 377561 with args -8-0-0-0-20-0-0-0-0-0-0-0-0-0-0-0-0-0-0-0-0-0-0-0-0-0-0-0-0-0-0-0-0-0-0-0-0-0-0-0-
[mavros_node-1] [WARN] [1785096489.152190304] [mavros.sys]: FCU: EVENT 453929 with args -255-255-255-255-7-0-0-0-0-0-0-0-0-0-0-0-0-0-0-0-0-0-0-0-0-0-0-0-0-0-0-0-0-0-0-0-0-0-0-0-
[mavros_node-1] [INFO] [1785096489.152325689] [mavros.sys]: FCU: EVENT 6801787 with args -255-255-255-255-12-0-0-0-0-0-0-0-0-0-0-0-0-0-0-0-0-0-0-0-0-0-0-0-0-0-0-0-0-0-0-0-0-0-0-0-
[mavros_node-1] [WARN] [1785096489.152458617] [mavros.sys]: FCU: UNK(8): EVENT 1914663 with args -0-14-5-2-56-0-0-0-0-0-0-0-0-0-0-0-0-0-0-0-0-0-0-0-0-0-0-0-0-0-0-0-0-0-0-0-0-0-0-0-
[mavros_node-1] [WARN] [1785096491.207173460] [mavros.sys]: FCU: UNK(8): EVENT 11047904 with args -0-0-0-16-0-128-0-0-0-176-58-127-128-176-58-127-128-0-0-0-0-0-0-0-0-0-0-0-0-0-0-0-0-0-0-0-0-0-0-0-
[mavros_node-1] [ERROR] [1785096491.207479529] [mavros.sys]: FCU: EVENT 11464574 with args -0-64-0-0-20-0-0-0-0-0-0-0-0-0-0-0-0-0-0-0-0-0-0-0-0-0-0-0-0-0-0-0-0-0-0-0-0-0-0-0-
[mavros_node-1] [INFO] [1785096491.207780634] [mavros.sys]: FCU: EVENT 377561 with args -8-0-0-0-20-0-0-0-0-0-0-0-0-0-0-0-0-0-0-0-0-0-0-0-0-0-0-0-0-0-0-0-0-0-0-0-0-0-0-0-
[mavros_node-1] [WARN] [1785096491.208029071] [mavros.sys]: FCU: EVENT 453929 with args -255-255-255-255-7-0-0-0-0-0-0-0-0-0-0-0-0-0-0-0-0-0-0-0-0-0-0-0-0-0-0-0-0-0-0-0-0-0-0-0-
[mavros_node-1] [INFO] [1785096491.208253731] [mavros.sys]: FCU: EVENT 6801787 with args -255-255-255-255-12-0-0-0-0-0-0-0-0-0-0-0-0-0-0-0-0-0-0-0-0-0-0-0-0-0-0-0-0-0-0-0-0-0-0-0-
[mavros_node-1] [WARN] [1785096491.208319739] [mavros.sys]: FCU: UNK(8): EVENT 1914663 with args -0-14-5-2-56-0-0-0-0-0-0-0-0-0-0-0-0-0-0-0-0-0-0-0-0-0-0-0-0-0-0-0-0-0-0-0-0-0-0-0-
[mavros_node-1] [WARN] [1785096493.259874927] [mavros.sys]: FCU: UNK(8): EVENT 11047904 with args -0-0-0-16-0-128-0-0-0-176-58-127-128-176-58-127-128-0-0-0-0-0-0-0-0-0-0-0-0-0-0-0-0-0-0-0-0-0-0-0-
[mavros_node-1] [ERROR] [1785096493.260244085] [mavros.sys]: FCU: EVENT 11464574 with args -0-64-0-0-20-0-0-0-0-0-0-0-0-0-0-0-0-0-0-0-0-0-0-0-0-0-0-0-0-0-0-0-0-0-0-0-0-0-0-0-
[mavros_node-1] [INFO] [1785096493.260534843] [mavros.sys]: FCU: EVENT 377561 with args -8-0-0-0-20-0-0-0-0-0-0-0-0-0-0-0-0-0-0-0-0-0-0-0-0-0-0-0-0-0-0-0-0-0-0-0-0-0-0-0-
[mavros_node-1] [WARN] [1785096493.260855481] [mavros.sys]: FCU: EVENT 453929 with args -255-255-255-255-7-0-0-0-0-0-0-0-0-0-0-0-0-0-0-0-0-0-0-0-0-0-0-0-0-0-0-0-0-0-0-0-0-0-0-0-
[mavros_node-1] [INFO] [1785096493.261113145] [mavros.sys]: FCU: EVENT 6801787 with args -255-255-255-255-12-0-0-0-0-0-0-0-0-0-0-0-0-0-0-0-0-0-0-0-0-0-0-0-0-0-0-0-0-0-0-0-0-0-0-0-
[mavros_node-1] [WARN] [1785096493.261371156] [mavros.sys]: FCU: UNK(8): EVENT 1914663 with args -0-14-1-2-56-0-0-0-0-0-0-0-0-0-0-0-0-0-0-0-0-0-0-0-0-0-0-0-0-0-0-0-0-0-0-0-0-0-0-0-
[WARNING] [launch]: user interrupted with ctrl-c (SIGINT)
[INFO] [mavros_node-1]: sending signal 'SIGINT' to process[mavros_node-1]
[mavros_node-1] [INFO] [1785096496.138787953] [rclcpp]: signal_handler(SIGINT/SIGTERM)
[mavros_node-1] [WARN] [1785096496.140307762] [mavros.mavros]: UAS Executor terminated
[mavros_node-1] [INFO] [1785096496.321857760] [rclcpp]: signal_handler(SIGINT/SIGTERM)
[INFO] [mavros_node-1]: process has finished cleanly [pid 728]
