[INFO] [launch]: All log files can be found below /root/.ros/log/2026-07-27-05-04-27-561758-DESKTOP-Kilogram-1142
[INFO] [launch]: Default logging verbosity is set to INFO
[INFO] [telemetry_node-1]: process started with pid [1144]
[INFO] [offboard_node-2]: process started with pid [1146]
[telemetry_node-1] [INFO] [1785096270.710185154] [telemetry_node]: pos_ned=[ 0.03021173  0.02034602 -0.04136784]  yaw=1.683  armed=False  vtol=3  batt=16.20V/100%
[telemetry_node-1] [INFO] [1785096272.637563891] [telemetry_node]: pos_ned=[ 0.02797569  0.0272725  -0.02920512]  yaw=1.683  armed=False  vtol=3  batt=16.20V/100%
[telemetry_node-1] [INFO] [1785096274.637595421] [telemetry_node]: pos_ned=[ 0.02588067  0.01810861 -0.023405  ]  yaw=1.683  armed=False  vtol=3  batt=16.20V/100%
[telemetry_node-1] [INFO] [1785096276.636924795] [telemetry_node]: pos_ned=[-0.0166247  -0.01234512 -0.04305053]  yaw=1.682  armed=False  vtol=3  batt=16.20V/100%
[telemetry_node-1] [INFO] [1785096278.636918056] [telemetry_node]: pos_ned=[-0.00035162 -0.00016018 -0.04130504]  yaw=1.683  armed=False  vtol=3  batt=16.20V/100%
[telemetry_node-1] [INFO] [1785096280.636755570] [telemetry_node]: pos_ned=[-0.01042043 -0.01140411 -0.01260811]  yaw=1.683  armed=False  vtol=3  batt=16.20V/100%
[telemetry_node-1] [INFO] [1785096282.636822353] [telemetry_node]: pos_ned=[ 0.00758657 -0.01310982  0.00651333]  yaw=1.682  armed=False  vtol=3  batt=16.20V/100%
[telemetry_node-1] [INFO] [1785096284.638812741] [telemetry_node]: pos_ned=[ 0.00133604 -0.04016908  0.01138452]  yaw=1.681  armed=False  vtol=3  batt=16.20V/100%
[telemetry_node-1] [INFO] [1785096286.638401046] [telemetry_node]: pos_ned=[ 0.0072864  -0.00854142 -0.00925899]  yaw=1.678  armed=False  vtol=3  batt=16.20V/100%
[telemetry_node-1] [INFO] [1785096288.640292294] [telemetry_node]: pos_ned=[ 0.04358437  0.00912242 -0.0142576 ]  yaw=1.673  armed=False  vtol=3  batt=16.20V/100%
[telemetry_node-1] [INFO] [1785096290.636699463] [telemetry_node]: pos_ned=[ 0.03141808  0.01234844 -0.00101173]  yaw=1.673  armed=False  vtol=3  batt=16.20V/100%
[telemetry_node-1] [INFO] [1785096292.636563779] [telemetry_node]: pos_ned=[0.03208836 0.04101986 0.01802363]  yaw=1.672  armed=False  vtol=3  batt=16.20V/100%
[telemetry_node-1] [INFO] [1785096296.669721387] [telemetry_node]: pos_ned=[0.01577904 0.02902208 0.008948  ]  yaw=1.672  armed=False  vtol=3  batt=16.20V/100%
[telemetry_node-1] [INFO] [1785096298.636553465] [telemetry_node]: pos_ned=[-0.00264955  0.01986806 -0.00155053]  yaw=1.675  armed=False  vtol=3  batt=16.20V/100%
[telemetry_node-1] [INFO] [1785096300.636963037] [telemetry_node]: pos_ned=[ 0.02231241 -0.0027641   0.00401137]  yaw=1.678  armed=False  vtol=3  batt=16.20V/100%
[telemetry_node-1] [INFO] [1785096302.637496406] [telemetry_node]: pos_ned=[ 0.00871476 -0.01455508  0.02336754]  yaw=1.681  armed=False  vtol=3  batt=16.20V/100%
[telemetry_node-1] [INFO] [1785096304.636520565] [telemetry_node]: pos_ned=[0.0085007  0.01261363 0.0539473 ]  yaw=1.682  armed=False  vtol=3  batt=16.20V/100%
[telemetry_node-1] [INFO] [1785096306.636602758] [telemetry_node]: pos_ned=[-0.02447129  0.00456856  0.09675747]  yaw=1.681  armed=False  vtol=3  batt=16.20V/100%
[telemetry_node-1] [INFO] [1785096308.637032202] [telemetry_node]: pos_ned=[-0.00944656 -0.00472169  0.13996197]  yaw=1.679  armed=False  vtol=3  batt=16.20V/100%
[telemetry_node-1] [INFO] [1785096310.637018137] [telemetry_node]: pos_ned=[0.02189551 0.03607538 0.16264243]  yaw=1.679  armed=False  vtol=3  batt=16.20V/100%
[telemetry_node-1] [INFO] [1785096312.636409497] [telemetry_node]: pos_ned=[0.01468584 0.03707457 0.21041887]  yaw=1.679  armed=False  vtol=3  batt=16.20V/100%
[telemetry_node-1] [INFO] [1785096314.636756700] [telemetry_node]: pos_ned=[0.0338702  0.01118893 0.20694493]  yaw=1.678  armed=False  vtol=3  batt=16.20V/100%
[telemetry_node-1] [INFO] [1785096316.637130888] [telemetry_node]: pos_ned=[ 0.02711671 -0.00119214  0.20358162]  yaw=1.678  armed=False  vtol=3  batt=16.20V/100%
[telemetry_node-1] [INFO] [1785096318.637138826] [telemetry_node]: pos_ned=[0.00944664 0.00860489 0.2349277 ]  yaw=1.678  armed=False  vtol=3  batt=16.20V/100%
[telemetry_node-1] [INFO] [1785096320.637336132] [telemetry_node]: pos_ned=[-0.00221997  0.00662468  0.22113954]  yaw=1.679  armed=False  vtol=3  batt=16.20V/100%
[telemetry_node-1] [INFO] [1785096322.636691354] [telemetry_node]: pos_ned=[0.02855977 0.01763664 0.22631888]  yaw=1.680  armed=False  vtol=3  batt=16.20V/100%
[telemetry_node-1] [INFO] [1785096324.636756751] [telemetry_node]: pos_ned=[-0.00687921  0.04265722  0.23794065]  yaw=1.685  armed=False  vtol=3  batt=16.20V/100%
[telemetry_node-1] [INFO] [1785096326.637350764] [telemetry_node]: pos_ned=[-0.02942815  0.02029636  0.22382759]  yaw=1.692  armed=False  vtol=3  batt=16.20V/100%
[telemetry_node-1] [INFO] [1785096328.636856060] [telemetry_node]: pos_ned=[-0.02298293  0.01372469  0.25456727]  yaw=1.698  armed=False  vtol=3  batt=16.20V/100%
[telemetry_node-1] [INFO] [1785096332.237977922] [telemetry_node]: pos_ned=[-0.01556373  0.01260113  0.26172596]  yaw=1.699  armed=False  vtol=3  batt=16.20V/100%
[telemetry_node-1] [INFO] [1785096332.636203810] [telemetry_node]: pos_ned=[-0.00741168  0.01076408  0.27243966]  yaw=1.700  armed=False  vtol=3  batt=16.20V/100%
[telemetry_node-1] [INFO] [1785096334.636684419] [telemetry_node]: pos_ned=[-0.00029718  0.02102549  0.28686017]  yaw=1.700  armed=False  vtol=3  batt=16.20V/100%
[telemetry_node-1] [INFO] [1785096336.636237026] [telemetry_node]: pos_ned=[-0.00954747  0.02749914  0.31708878]  yaw=1.699  armed=False  vtol=3  batt=16.20V/100%
[telemetry_node-1] [INFO] [1785096338.636427027] [telemetry_node]: pos_ned=[0.02818672 0.02816264 0.35065854]  yaw=1.700  armed=False  vtol=3  batt=16.20V/100%
[telemetry_node-1] [INFO] [1785096340.636944614] [telemetry_node]: pos_ned=[0.01586094 0.03931001 0.36680877]  yaw=1.701  armed=False  vtol=3  batt=16.20V/100%
[telemetry_node-1] [INFO] [1785096342.636982953] [telemetry_node]: pos_ned=[-0.00570044  0.04765245  0.39543748]  yaw=1.703  armed=False  vtol=3  batt=16.20V/100%
[telemetry_node-1] [INFO] [1785096344.636993788] [telemetry_node]: pos_ned=[-0.00575427  0.01501909  0.38533455]  yaw=1.705  armed=False  vtol=3  batt=16.20V/100%
[offboard_node-2] [Eta3ClothoidPlannerV3] WARNING: NR pos residual 9.776m is large. affine correction guarantees WP passage but curve may be deformed.
[offboard_node-2] [INFO] [1785096345.807170507] [offboard_node]: ARM 요청
[offboard_node-2] [INFO] [1785096346.455969380] [offboard_node]: 경로 원점 = 이륙지점 [N=0.01, E=0.03, h_up=0.38] 적용 (frame=takeoff) → WP0=[0.01,0.03] 순항고도 h_up=50.38
[offboard_node-2] [INFO] [1785096346.465168834] [offboard_node]: CommandTOL 이륙 요청 alt=50.5m AMSL (지면 0.5+50.0) -> CLIMBING
[telemetry_node-1] [INFO] [1785096346.636864471] [telemetry_node]: pos_ned=[0.01404767 0.0258558  0.38021868]  yaw=1.705  armed=True  vtol=3  batt=16.18V/100%
[telemetry_node-1] [INFO] [1785096348.636360738] [telemetry_node]: pos_ned=[-0.00337691  0.01475152  0.35166311]  yaw=1.706  armed=True  vtol=3  batt=16.12V/97%
[telemetry_node-1] [INFO] [1785096350.635706633] [telemetry_node]: pos_ned=[ 0.04154651 -0.00549862  0.58680087]  yaw=1.710  armed=True  vtol=3  batt=16.06V/94%
[telemetry_node-1] [INFO] [1785096352.636049829] [telemetry_node]: pos_ned=[0.05126056 0.01726285 2.61123681]  yaw=1.705  armed=True  vtol=3  batt=16.00V/91%
[telemetry_node-1] [INFO] [1785096354.635489181] [telemetry_node]: pos_ned=[0.03416993 0.01732689 5.0863409 ]  yaw=1.700  armed=True  vtol=3  batt=15.94V/87%
[telemetry_node-1] [INFO] [1785096356.635716492] [telemetry_node]: pos_ned=[0.03635934 0.04362082 7.70520163]  yaw=1.702  armed=True  vtol=3  batt=15.88V/84%
[telemetry_node-1] [INFO] [1785096358.635782442] [telemetry_node]: pos_ned=[ 0.02263112  0.02136976 10.39979076]  yaw=1.705  armed=True  vtol=3  batt=15.82V/81%
[telemetry_node-1] [INFO] [1785096360.635937768] [telemetry_node]: pos_ned=[ 0.02026084  0.01687846 15.31195641]  yaw=1.705  armed=True  vtol=3  batt=15.76V/77%
[telemetry_node-1] [INFO] [1785096362.636339339] [telemetry_node]: pos_ned=[8.73148255e-03 3.31021510e-02 2.08173809e+01]  yaw=1.709  armed=True  vtol=3  batt=15.70V/74%
[telemetry_node-1] [INFO] [1785096367.486349277] [telemetry_node]: pos_ned=[ 0.02949942  0.04280326 26.14225197]  yaw=1.713  armed=True  vtol=3  batt=15.64V/71%
[telemetry_node-1] [INFO] [1785096368.635601913] [telemetry_node]: pos_ned=[-2.70630233e-03  4.11218144e-02  2.94343338e+01]  yaw=1.712  armed=True  vtol=3  batt=15.64V/71%
[telemetry_node-1] [INFO] [1785096370.635875234] [telemetry_node]: pos_ned=[1.46627510e-02 2.36384962e-02 3.50912933e+01]  yaw=1.714  armed=True  vtol=3  batt=15.58V/67%
[telemetry_node-1] [INFO] [1785096372.635584979] [telemetry_node]: pos_ned=[5.40036592e-04 3.79359573e-02 4.07967758e+01]  yaw=1.712  armed=True  vtol=3  batt=15.52V/64%
[telemetry_node-1] [INFO] [1785096374.635689411] [telemetry_node]: pos_ned=[ 1.62646528e-02 -1.52807578e-03  4.60813980e+01]  yaw=1.716  armed=True  vtol=3  batt=15.46V/61%
[telemetry_node-1] [INFO] [1785096376.635613000] [telemetry_node]: pos_ned=[ 2.28567403e-02 -1.30904000e-02  4.86765938e+01]  yaw=1.718  armed=True  vtol=3  batt=15.40V/57%
[telemetry_node-1] [INFO] [1785096378.635735823] [telemetry_node]: pos_ned=[1.25220353e-02 1.29241636e-02 4.97643509e+01]  yaw=1.717  armed=True  vtol=3  batt=15.34V/54%
[offboard_node-2] [INFO] [1785096379.053729064] [offboard_node]: 운용 고도 50.0m 도달 → transition_fw
[telemetry_node-1] [INFO] [1785096380.635859620] [telemetry_node]: pos_ned=[1.74054466e-02 2.35679112e-02 5.01757889e+01]  yaw=1.721  armed=True  vtol=3  batt=15.30V/51%
[offboard_node-2] [INFO] [1785096381.054453214] [offboard_node]: 천이 전 MC OFFBOARD 요청 (헤딩 정렬 대기)
[telemetry_node-1] [INFO] [1785096382.636044409] [telemetry_node]: pos_ned=[ 0.08357359  0.05386487 50.28769684]  yaw=1.298  armed=True  vtol=3  batt=15.30V/50%
[telemetry_node-1] [INFO] [1785096384.635773100] [telemetry_node]: pos_ned=[ 0.1224822   0.10513806 50.32302856]  yaw=0.602  armed=True  vtol=3  batt=15.30V/50%
[telemetry_node-1] [INFO] [1785096386.636164010] [telemetry_node]: pos_ned=[ 0.17644411  0.07633945 50.34195709]  yaw=0.299  armed=True  vtol=3  batt=15.30V/50%
[telemetry_node-1] [INFO] [1785096388.635717111] [telemetry_node]: pos_ned=[ 0.21604341  0.07183301 50.34692383]  yaw=0.164  armed=True  vtol=3  batt=15.30V/50%
[telemetry_node-1] [INFO] [1785096390.635381139] [telemetry_node]: pos_ned=[2.14540854e-01 4.65243720e-02 5.03146667e+01]  yaw=0.091  armed=True  vtol=3  batt=15.30V/50%
[telemetry_node-1] [INFO] [1785096392.635485882] [telemetry_node]: pos_ned=[ 0.21681398  0.05270296 50.27719879]  yaw=0.051  armed=True  vtol=3  batt=15.30V/50%
[telemetry_node-1] [INFO] [1785096394.635717810] [telemetry_node]: pos_ned=[ 0.21339524  0.0754865  50.150383  ]  yaw=0.042  armed=True  vtol=3  batt=15.30V/50%
[offboard_node-2] [INFO] [1785096394.654423758] [offboard_node]: 헤딩 정렬 완료 target=0.0° current=2.4° err=-2.4° (20틱 안정) → 전진 + 천이 명령
[offboard_node-2] [INFO] [1785096394.655772365] [offboard_node]: MC→FW 천이 명령 요청 (위치 setpoint 직선 천이)
[telemetry_node-1] [INFO] [1785096396.635851230] [telemetry_node]: pos_ned=[3.43991709e+00 2.90184002e-02 5.03226089e+01]  yaw=0.026  armed=True  vtol=1  batt=15.30V/50%
[offboard_node-2] [INFO] [1785096397.254452853] [offboard_node]: FW 전환 완료 -> STREAMING
[offboard_node-2] [INFO] [1785096397.372200233] [offboard_node]: OFFBOARD 확인 → FOLLOWING
[offboard_node-2] [INFO] [1785096397.476885443] [offboard_node]: FOLLOWING 시작 pos=[12.3,-0.4] tgt=[82.3,0.0] cte=-0.4m mode=OFFBOARD
[telemetry_node-1] [INFO] [1785096398.636068608] [telemetry_node]: pos_ned=[33.35003662 -0.55380875 50.35675049]  yaw=0.009  armed=True  vtol=4  batt=15.30V/50%
[offboard_node-2] [INFO] [1785096399.396459875] [offboard_node]: FOLLOWING tick=20 mode=OFFBOARD cte=-0.6m pos=[44.0,-0.6] tgt=[114.0,0.0]
[telemetry_node-1] [INFO] [1785096402.886128449] [telemetry_node]: pos_ned=[51.74172974 -0.63204294 51.84538651]  yaw=0.019  armed=True  vtol=4  batt=15.30V/50%
[offboard_node-2] [INFO] [1785096404.280930327] [offboard_node]: FOLLOWING tick=40 mode=OFFBOARD cte=-0.1m pos=[72.0,-0.0] tgt=[142.0,0.0]
[telemetry_node-1] [INFO] [1785096404.637015342] [telemetry_node]: pos_ned=[78.25115204  0.11503138 49.19864655]  yaw=0.036  armed=True  vtol=4  batt=15.30V/50%
[offboard_node-2] [INFO] [1785096406.286735300] [offboard_node]: FOLLOWING tick=60 mode=OFFBOARD cte=0.4m pos=[103.1,0.4] tgt=[173.1,0.0]
[telemetry_node-1] [INFO] [1785096406.636329228] [telemetry_node]: pos_ned=[109.07865143   0.48257148  49.36075211]  yaw=0.040  armed=True  vtol=4  batt=15.30V/50%
[offboard_node-2] [INFO] [1785096408.285024003] [offboard_node]: FOLLOWING tick=80 mode=OFFBOARD cte=0.7m pos=[132.5,0.7] tgt=[202.5,0.0]
[telemetry_node-1] [INFO] [1785096408.636919349] [telemetry_node]: pos_ned=[137.94396973   0.70841873  49.17695236]  yaw=0.016  armed=True  vtol=4  batt=15.30V/50%
[offboard_node-2] [INFO] [1785096410.284243801] [offboard_node]: FOLLOWING tick=100 mode=OFFBOARD cte=0.7m pos=[161.9,0.7] tgt=[231.9,-0.1]
[telemetry_node-1] [INFO] [1785096410.636057457] [telemetry_node]: pos_ned=[167.25643921   0.70372534  49.45944977]  yaw=-0.016  armed=True  vtol=4  batt=15.30V/50%
[offboard_node-2] [INFO] [1785096412.285878209] [offboard_node]: FOLLOWING tick=120 mode=OFFBOARD cte=0.6m pos=[190.3,0.6] tgt=[213.6,36.5]
[telemetry_node-1] [INFO] [1785096412.636961122] [telemetry_node]: pos_ned=[195.45681763   0.95014554  49.50946808]  yaw=0.027  armed=True  vtol=4  batt=15.30V/50%
[offboard_node-2] [INFO] [1785096414.281267245] [offboard_node]: FOLLOWING tick=140 mode=OFFBOARD cte=13.9m pos=[215.5,15.0] tgt=[175.7,74.4]
[telemetry_node-1] [INFO] [1785096414.636831332] [telemetry_node]: pos_ned=[217.83042908  21.06817245  44.55400848]  yaw=1.050  armed=True  vtol=4  batt=15.30V/50%
[offboard_node-2] [INFO] [1785096416.277499375] [offboard_node]: FOLLOWING tick=160 mode=OFFBOARD cte=-4.7m pos=[208.9,47.8] tgt=[156.1,94.0]
[telemetry_node-1] [INFO] [1785096416.636100811] [telemetry_node]: pos_ned=[204.11775208  51.62570953  45.08010101]  yaw=2.437  armed=True  vtol=4  batt=15.30V/50%
[offboard_node-2] [INFO] [1785096418.278445831] [offboard_node]: FOLLOWING tick=180 mode=OFFBOARD cte=-3.0m pos=[187.7,66.5] tgt=[136.2,113.9]
[telemetry_node-1] [INFO] [1785096418.636830966] [telemetry_node]: pos_ned=[183.65351868  70.1583786   50.37282181]  yaw=2.947  armed=True  vtol=4  batt=15.30V/50%
[offboard_node-2] [INFO] [1785096420.275083106] [offboard_node]: FOLLOWING tick=200 mode=OFFBOARD cte=-0.0m pos=[164.6,85.5] tgt=[115.1,135.0]
[telemetry_node-1] [INFO] [1785096420.635826251] [telemetry_node]: pos_ned=[160.27536011  89.4054718   48.822052  ]  yaw=2.744  armed=True  vtol=4  batt=15.30V/50%
[offboard_node-2] [INFO] [1785096422.281545279] [offboard_node]: FOLLOWING tick=220 mode=OFFBOARD cte=0.8m pos=[143.2,105.7] tgt=[100.0,150.0]
[telemetry_node-1] [INFO] [1785096422.635961436] [telemetry_node]: pos_ned=[139.58992004 109.18222809  51.48094177]  yaw=2.265  armed=True  vtol=4  batt=15.30V/50%
[offboard_node-2] [INFO] [1785096424.274029630] [offboard_node]: FOLLOWING tick=240 mode=OFFBOARD cte=0.9m pos=[123.5,125.3] tgt=[100.0,150.0]
[telemetry_node-1] [INFO] [1785096424.635622802] [telemetry_node]: pos_ned=[119.85803223 129.1960144   50.59275436]  yaw=2.102  armed=True  vtol=4  batt=15.30V/50%
[offboard_node-2] [INFO] [1785096425.974052629] [offboard_node]: 경로 추종 완료 -> transition_mc
[offboard_node-2] [INFO] [1785096426.055523808] [offboard_node]: FW->MC 역천이 명령 요청
[telemetry_node-1] [INFO] [1785096426.636043438] [telemetry_node]: pos_ned=[100.43746185 149.61590576  51.15299225]  yaw=2.331  armed=True  vtol=2  batt=15.30V/50%
[telemetry_node-1] [INFO] [1785096428.635740074] [telemetry_node]: pos_ned=[ 84.37167358 166.06816101  51.61628342]  yaw=2.448  armed=True  vtol=2  batt=15.30V/50%
[telemetry_node-1] [INFO] [1785096430.635606206] [telemetry_node]: pos_ned=[ 73.63368988 177.06199646  52.3421402 ]  yaw=2.334  armed=True  vtol=2  batt=15.30V/50%
[offboard_node-2] [INFO] [1785096431.554327026] [offboard_node]: MC 전환 완료 -> HOLD (WP1 복귀)
[telemetry_node-1] [INFO] [1785096432.635607218] [telemetry_node]: pos_ned=[ 67.59448242 183.15254211  51.28568649]  yaw=2.240  armed=True  vtol=3  batt=15.30V/50%
[offboard_node-2] [INFO] [1785096433.554343983] [offboard_node]: WP1 홀드 dist=40.7m speed=8.7m/s stable=0/10
[telemetry_node-1] [INFO] [1785096434.635573675] [telemetry_node]: pos_ned=[ 77.34547424 172.70776367  50.50750351]  yaw=2.261  armed=True  vtol=3  batt=15.30V/50%
[telemetry_node-1] [INFO] [1785096438.133330172] [telemetry_node]: pos_ned=[ 79.93663788 170.28736877  50.47765732]  yaw=2.261  armed=True  vtol=3  batt=15.30V/50%
[offboard_node-2] [INFO] [1785096438.454264520] [offboard_node]: WP1 홀드 dist=25.9m speed=8.1m/s stable=0/10
[telemetry_node-1] [INFO] [1785096438.637835782] [telemetry_node]: pos_ned=[ 82.97252655 167.37663269  50.42698288]  yaw=2.256  armed=True  vtol=3  batt=15.30V/50%
[offboard_node-2] [INFO] [1785096440.454163381] [offboard_node]: WP1 홀드 dist=10.0m speed=8.0m/s stable=0/10
[telemetry_node-1] [INFO] [1785096440.635801366] [telemetry_node]: pos_ned=[ 94.3638916  156.20848083  50.39777756]  yaw=2.244  armed=True  vtol=3  batt=15.30V/50%
[offboard_node-2] [INFO] [1785096442.454430309] [offboard_node]: WP1 홀드 dist=0.8m speed=1.0m/s stable=2/10
[telemetry_node-1] [INFO] [1785096442.635420225] [telemetry_node]: pos_ned=[ 99.7506485  150.64691162  50.59263611]  yaw=2.222  armed=True  vtol=3  batt=15.30V/50%
[offboard_node-2] [INFO] [1785096443.154524344] [offboard_node]: WP1 도달·안정 → LANDING (dist=0.5m speed=0.2m/s)
[offboard_node-2] [INFO] [1785096443.254692815] [offboard_node]: AUTO.LAND 요청
[telemetry_node-1] [INFO] [1785096444.636029900] [telemetry_node]: pos_ned=[ 99.69348907 150.60081482  49.08142471]  yaw=2.229  armed=True  vtol=3  batt=15.30V/50%
[telemetry_node-1] [INFO] [1785096446.636002412] [telemetry_node]: pos_ned=[ 99.74303436 150.40533447  46.24164581]  yaw=2.227  armed=True  vtol=3  batt=15.30V/50%
[telemetry_node-1] [INFO] [1785096448.635656231] [telemetry_node]: pos_ned=[ 99.66947937 150.47529602  43.34274673]  yaw=2.230  armed=True  vtol=3  batt=15.30V/50%
[telemetry_node-1] [INFO] [1785096450.635586544] [telemetry_node]: pos_ned=[ 99.58315277 150.57980347  40.38618851]  yaw=2.233  armed=True  vtol=3  batt=15.30V/50%
[telemetry_node-1] [INFO] [1785096452.635653056] [telemetry_node]: pos_ned=[ 99.68058777 150.47828674  37.42720795]  yaw=2.236  armed=True  vtol=3  batt=15.30V/50%
[telemetry_node-1] [INFO] [1785096454.635578750] [telemetry_node]: pos_ned=[ 99.71884918 150.48875427  34.4520874 ]  yaw=2.239  armed=True  vtol=3  batt=15.30V/50%
[telemetry_node-1] [INFO] [1785096456.635722465] [telemetry_node]: pos_ned=[ 99.70602417 150.56704712  31.44840813]  yaw=2.243  armed=True  vtol=3  batt=15.30V/50%
[telemetry_node-1] [INFO] [1785096458.635560354] [telemetry_node]: pos_ned=[ 99.74091339 150.5058136   28.41184807]  yaw=2.246  armed=True  vtol=3  batt=15.30V/50%
[telemetry_node-1] [INFO] [1785096460.636024588] [telemetry_node]: pos_ned=[ 99.73686218 150.51519775  25.44432068]  yaw=2.250  armed=True  vtol=3  batt=15.30V/50%
[telemetry_node-1] [INFO] [1785096462.635714245] [telemetry_node]: pos_ned=[ 99.66990662 150.52124023  22.40994835]  yaw=2.254  armed=True  vtol=3  batt=15.30V/50%
[telemetry_node-1] [INFO] [1785096464.635688283] [telemetry_node]: pos_ned=[ 99.68093109 150.47557068  19.38593674]  yaw=2.257  armed=True  vtol=3  batt=15.30V/50%
[telemetry_node-1] [INFO] [1785096466.635796949] [telemetry_node]: pos_ned=[ 99.70466614 150.48428345  16.39732933]  yaw=2.260  armed=True  vtol=3  batt=15.30V/50%
[telemetry_node-1] [INFO] [1785096468.635683080] [telemetry_node]: pos_ned=[ 99.68984222 150.51528931  13.39366245]  yaw=2.264  armed=True  vtol=3  batt=15.30V/50%
[telemetry_node-1] [INFO] [1785096473.370676638] [telemetry_node]: pos_ned=[ 99.7123642  150.47224426  10.77977943]  yaw=2.266  armed=True  vtol=3  batt=15.30V/50%
[telemetry_node-1] [INFO] [1785096474.635782780] [telemetry_node]: pos_ned=[ 99.7123642  150.46096802   8.98463535]  yaw=2.268  armed=True  vtol=3  batt=15.30V/50%
[telemetry_node-1] [INFO] [1785096476.635747821] [telemetry_node]: pos_ned=[ 99.63639832 150.56616211   6.75871849]  yaw=2.271  armed=True  vtol=3  batt=15.30V/50%
[telemetry_node-1] [INFO] [1785096478.635971386] [telemetry_node]: pos_ned=[ 99.70516968 150.46963501   5.14748573]  yaw=2.274  armed=True  vtol=3  batt=15.30V/50%
[telemetry_node-1] [INFO] [1785096480.636007034] [telemetry_node]: pos_ned=[ 99.69872284 150.49316406   3.73850179]  yaw=2.276  armed=True  vtol=3  batt=15.30V/50%
[telemetry_node-1] [INFO] [1785096482.636164847] [telemetry_node]: pos_ned=[ 99.66349792 150.54495239   2.3097105 ]  yaw=2.278  armed=True  vtol=3  batt=15.30V/50%
[telemetry_node-1] [INFO] [1785096484.635860637] [telemetry_node]: pos_ned=[ 99.72576141 150.46478271   0.92655385]  yaw=2.280  armed=True  vtol=3  batt=15.30V/50%
[telemetry_node-1] [INFO] [1785096486.635669311] [telemetry_node]: pos_ned=[9.96993027e+01 1.50446930e+02 1.48624942e-01]  yaw=2.281  armed=True  vtol=3  batt=15.30V/50%
[telemetry_node-1] [INFO] [1785096488.635599189] [telemetry_node]: pos_ned=[ 99.69313812 150.44355774   0.18447037]  yaw=2.285  armed=True  vtol=3  batt=15.30V/50%
[offboard_node-2] [INFO] [1785096489.554224105] [offboard_node]: 착륙 완료 (disarmed) -> DONE
[telemetry_node-1] [INFO] [1785096490.636032783] [telemetry_node]: pos_ned=[9.97696686e+01 1.50448807e+02 1.12611040e-01]  yaw=2.237  armed=False  vtol=3  batt=16.20V/90%
[telemetry_node-1] [INFO] [1785096492.635661340] [telemetry_node]: pos_ned=[9.97266159e+01 1.50451813e+02 5.04817367e-02]  yaw=2.239  armed=False  vtol=3  batt=16.20V/99%
[telemetry_node-1] [INFO] [1785096494.636123271] [telemetry_node]: pos_ned=[9.97404633e+01 1.50487671e+02 4.15349603e-02]  yaw=2.240  armed=False  vtol=3  batt=16.20V/100%
[WARNING] [launch]: user interrupted with ctrl-c (SIGINT)
[INFO] [offboard_node-2]: sending signal 'SIGINT' to process[offboard_node-2]
[INFO] [telemetry_node-1]: sending signal 'SIGINT' to process[telemetry_node-1]
[offboard_node-2] Traceback (most recent call last):
[offboard_node-2]   File "/root/drone_ws/install/fc_ros/lib/python3.10/site-packages/fc_ros/nodes/offboard_node.py", line 1204, in main
[telemetry_node-1] Traceback (most recent call last):
[telemetry_node-1]   File "/root/drone_ws/install/fc_ros/lib/python3.10/site-packages/fc_ros/nodes/telemetry_node.py", line 109, in main
[telemetry_node-1]     rclpy.spin(node)
[telemetry_node-1]   File "/opt/ros/humble/local/lib/python3.10/dist-packages/rclpy/__init__.py", line 229, in spin
[offboard_node-2]     rclpy.spin(node)
[offboard_node-2]   File "/opt/ros/humble/local/lib/python3.10/dist-packages/rclpy/__init__.py", line 229, in spin
[offboard_node-2]     executor.spin_once()
[offboard_node-2]   File "/opt/ros/humble/local/lib/python3.10/dist-packages/rclpy/executors.py", line 808, in spin_once
[telemetry_node-1]     executor.spin_once()
[telemetry_node-1]   File "/opt/ros/humble/local/lib/python3.10/dist-packages/rclpy/executors.py", line 808, in spin_once
[telemetry_node-1]     self._spin_once_impl(timeout_sec)
[telemetry_node-1]   File "/opt/ros/humble/local/lib/python3.10/dist-packages/rclpy/executors.py", line 797, in _spin_once_impl
[offboard_node-2]     self._spin_once_impl(timeout_sec)
[offboard_node-2]   File "/opt/ros/humble/local/lib/python3.10/dist-packages/rclpy/executors.py", line 797, in _spin_once_impl
[offboard_node-2]     handler, entity, node = self.wait_for_ready_callbacks(timeout_sec=timeout_sec)
[offboard_node-2]   File "/opt/ros/humble/local/lib/python3.10/dist-packages/rclpy/executors.py", line 780, in wait_for_ready_callbacks
[telemetry_node-1]     handler, entity, node = self.wait_for_ready_callbacks(timeout_sec=timeout_sec)
[telemetry_node-1]   File "/opt/ros/humble/local/lib/python3.10/dist-packages/rclpy/executors.py", line 780, in wait_for_ready_callbacks
[telemetry_node-1]     return next(self._cb_iter)
[telemetry_node-1]   File "/opt/ros/humble/local/lib/python3.10/dist-packages/rclpy/executors.py", line 677, in _wait_for_ready_callbacks
[offboard_node-2]     return next(self._cb_iter)
[offboard_node-2]   File "/opt/ros/humble/local/lib/python3.10/dist-packages/rclpy/executors.py", line 677, in _wait_for_ready_callbacks
[telemetry_node-1]     wait_set.wait(timeout_nsec)
[telemetry_node-1] KeyboardInterrupt
[telemetry_node-1] 
[telemetry_node-1] During handling of the above exception, another exception occurred:
[telemetry_node-1] 
[telemetry_node-1] Traceback (most recent call last):
[telemetry_node-1]   File "/root/drone_ws/install/fc_ros/lib/fc_ros/telemetry_node", line 33, in <module>
[telemetry_node-1]     sys.exit(load_entry_point('fc-ros==0.1.0', 'console_scripts', 'telemetry_node')())
[telemetry_node-1]   File "/root/drone_ws/install/fc_ros/lib/python3.10/site-packages/fc_ros/nodes/telemetry_node.py", line 111, in main
[telemetry_node-1]     node.destroy_node()
[telemetry_node-1]   File "/opt/ros/humble/local/lib/python3.10/dist-packages/rclpy/node.py", line 1691, in destroy_node
[offboard_node-2]     wait_set.wait(timeout_nsec)
[offboard_node-2] KeyboardInterrupt
[offboard_node-2] 
[offboard_node-2] During handling of the above exception, another exception occurred:
[offboard_node-2] 
[offboard_node-2] Traceback (most recent call last):
[offboard_node-2]   File "/root/drone_ws/install/fc_ros/lib/fc_ros/offboard_node", line 33, in <module>
[offboard_node-2]     sys.exit(load_entry_point('fc-ros==0.1.0', 'console_scripts', 'offboard_node')())
[offboard_node-2]   File "/root/drone_ws/install/fc_ros/lib/python3.10/site-packages/fc_ros/nodes/offboard_node.py", line 1206, in main
[offboard_node-2]     node.destroy_node()
[offboard_node-2]   File "/opt/ros/humble/local/lib/python3.10/dist-packages/rclpy/node.py", line 1687, in destroy_node
[telemetry_node-1]     self.destroy_service(self._services[0])
[telemetry_node-1]   File "/opt/ros/humble/local/lib/python3.10/dist-packages/rclpy/node.py", line 1615, in destroy_service
[offboard_node-2]     self.destroy_subscription(self._subscriptions[0])
[offboard_node-2]   File "/opt/ros/humble/local/lib/python3.10/dist-packages/rclpy/node.py", line 1583, in destroy_subscription
[offboard_node-2]     subscription.destroy()
[offboard_node-2]   File "/opt/ros/humble/local/lib/python3.10/dist-packages/rclpy/subscription.py", line 80, in destroy
[telemetry_node-1]     service.destroy()
[telemetry_node-1]   File "/opt/ros/humble/local/lib/python3.10/dist-packages/rclpy/service.py", line 93, in destroy
[telemetry_node-1]     self.__service.destroy_when_not_in_use()
[telemetry_node-1] KeyboardInterrupt
[offboard_node-2]     self.handle.destroy_when_not_in_use()
[offboard_node-2] KeyboardInterrupt
[ERROR] [telemetry_node-1]: process has died [pid 1144, exit code -2, cmd '/root/drone_ws/install/fc_ros/lib/fc_ros/telemetry_node --ros-args -r __node:=telemetry_node'].
[ERROR] [offboard_node-2]: process has died [pid 1146, exit code -2, cmd '/root/drone_ws/install/fc_ros/lib/fc_ros/offboard_node --ros-args -r __node:=offboard_node --params-file /root/drone_ws/install/fc_ros/share/fc_ros/params/fc_ros_params.yaml --params-file /tmp/launch_params_wbvqcotg'].
