[INFO] [launch]: All log files can be found below /root/.ros/log/2026-07-29-03-45-28-803378-DESKTOP-Kilogram-1529
[INFO] [launch]: Default logging verbosity is set to INFO
[INFO] [telemetry_node-1]: process started with pid [1559]
[INFO] [offboard_node-2]: process started with pid [1561]
[offboard_node-2] [INFO] [1785264331.068239111] [offboard_node]: 경로 계획 시작 — planner=eta3 WP 2개 v_cruise=18.0 → 예상 약 0s 블로킹. 이 동안 노드는 응답하지 않는다 — 죽은 것이 아니니 재기동 금지 (재기동하면 중복 인스턴스가 된다).
[offboard_node-2] [INFO] [1785264331.116919360] [offboard_node]: 경로 계획 완료 — 소요 0.0s (예상 0s), 경로점 301개, 전장 300.0m
[offboard_node-2] [INFO] [1785264331.206354439] [offboard_node]: 비전 정밀착륙 활성 — 탐색고도 25m 반경 30m / 재탐색 15m 반경 18m
[offboard_node-2] [INFO] [1785264331.354462518] [offboard_node]: ARM 요청
[offboard_node-2] [INFO] [1785264332.253006620] [offboard_node]: 거리 상한 감시 활성 1200m (이륙지점 기준 수평, 경로 최원점 300m)
[offboard_node-2] [INFO] [1785264332.272391312] [offboard_node]: CommandTOL 이륙 요청 alt=50.1m AMSL (지면 0.1+50.0) -> CLIMBING
[telemetry_node-1] [INFO] [1785264332.771095639] [telemetry_node]: pos_ned=[0.0131625  0.0119577  0.06215227]  yaw=1.683  armed=True  vtol=3  batt=0.00V/100%
[telemetry_node-1] [INFO] [1785264334.669333253] [telemetry_node]: pos_ned=[-0.01636348  0.01373125  0.16707103]  yaw=1.682  armed=True  vtol=3  batt=16.15V/99%
[telemetry_node-1] [INFO] [1785264336.668931642] [telemetry_node]: pos_ned=[-0.02521409 -0.00965461  0.27142256]  yaw=1.682  armed=True  vtol=3  batt=16.09V/96%
[telemetry_node-1] [INFO] [1785264338.668666957] [telemetry_node]: pos_ned=[-0.01740636  0.04183095  1.84677339]  yaw=1.684  armed=True  vtol=3  batt=16.03V/92%
[telemetry_node-1] [INFO] [1785264340.670449434] [telemetry_node]: pos_ned=[-0.02142446  0.04775136  4.2058959 ]  yaw=1.691  armed=True  vtol=3  batt=15.97V/89%
[telemetry_node-1] [INFO] [1785264342.669028440] [telemetry_node]: pos_ned=[-0.05366578  0.05237414  6.7707386 ]  yaw=1.694  armed=True  vtol=3  batt=15.91V/86%
[telemetry_node-1] [INFO] [1785264344.674087753] [telemetry_node]: pos_ned=[-0.04275631  0.0200238   9.32037735]  yaw=1.691  armed=True  vtol=3  batt=15.85V/82%
[telemetry_node-1] [INFO] [1785264346.669413724] [telemetry_node]: pos_ned=[-0.02384154  0.01597407 13.39389801]  yaw=1.683  armed=True  vtol=3  batt=15.79V/79%
[telemetry_node-1] [INFO] [1785264348.669140790] [telemetry_node]: pos_ned=[6.07294682e-03 6.66869991e-03 1.82069759e+01]  yaw=1.677  armed=True  vtol=3  batt=15.79V/79%
[telemetry_node-1] [INFO] [1785264350.668200981] [telemetry_node]: pos_ned=[ 5.92959020e-03 -5.96862659e-03  2.35172863e+01]  yaw=1.676  armed=True  vtol=3  batt=15.73V/76%
[telemetry_node-1] [INFO] [1785264352.670726870] [telemetry_node]: pos_ned=[-4.69817920e-03  8.57663399e-04  2.45716038e+01]  yaw=1.676  armed=True  vtol=3  batt=15.67V/72%
[telemetry_node-1] [INFO] [1785264354.668233188] [telemetry_node]: pos_ned=[-1.02554057e-02  4.18065861e-03  2.95156708e+01]  yaw=1.677  armed=True  vtol=3  batt=15.67V/72%
[telemetry_node-1] [INFO] [1785264356.670376427] [telemetry_node]: pos_ned=[-1.76089313e-02 -2.13093054e-03  3.49015808e+01]  yaw=1.675  armed=True  vtol=3  batt=15.61V/69%
[telemetry_node-1] [INFO] [1785264358.669591132] [telemetry_node]: pos_ned=[-1.76041648e-02  2.54255366e-02  4.05274773e+01]  yaw=1.676  armed=True  vtol=3  batt=15.55V/66%
[telemetry_node-1] [INFO] [1785264360.674077045] [telemetry_node]: pos_ned=[8.70096148e-04 6.16376242e-03 4.53921814e+01]  yaw=1.676  armed=True  vtol=3  batt=15.49V/62%
[telemetry_node-1] [INFO] [1785264362.670418444] [telemetry_node]: pos_ned=[-2.76050810e-02  8.08505528e-03  4.81760750e+01]  yaw=1.674  armed=True  vtol=3  batt=15.43V/59%
[telemetry_node-1] [INFO] [1785264364.668845698] [telemetry_node]: pos_ned=[-2.26598457e-02  1.20042348e-02  4.93898659e+01]  yaw=1.676  armed=True  vtol=3  batt=15.37V/56%
[offboard_node-2] [INFO] [1785264365.452054873] [offboard_node]: 운용 고도 50.0m 도달 → transition_fw
[telemetry_node-1] [INFO] [1785264366.670513964] [telemetry_node]: pos_ned=[-1.05266431e-02  2.29832623e-02  4.98133202e+01]  yaw=1.678  armed=True  vtol=3  batt=15.31V/52%
[offboard_node-2] [INFO] [1785264367.455608005] [offboard_node]: 천이 전 MC OFFBOARD 요청 (헤딩 정렬 대기)
[offboard_node-2] [WARN] [1785264367.554154480] [offboard_node]: 정렬 구간 OFFBOARD 이탈 → 재요청 (mode=AUTO.LOITER)
[telemetry_node-1] [INFO] [1785264368.668988257] [telemetry_node]: pos_ned=[4.75608259e-02 6.04233146e-02 4.99981842e+01]  yaw=1.552  armed=True  vtol=3  batt=15.30V/50%
[telemetry_node-1] [INFO] [1785264370.673066627] [telemetry_node]: pos_ned=[ 0.06710208  0.09961586 50.10600662]  yaw=0.741  armed=True  vtol=3  batt=15.30V/50%
[telemetry_node-1] [INFO] [1785264372.673401921] [telemetry_node]: pos_ned=[ 0.19380689  0.09114591 50.17609024]  yaw=0.403  armed=True  vtol=3  batt=15.30V/50%
[telemetry_node-1] [INFO] [1785264374.668413080] [telemetry_node]: pos_ned=[ 0.30362612  0.11092857 50.21208572]  yaw=0.219  armed=True  vtol=3  batt=15.30V/50%
[telemetry_node-1] [INFO] [1785264376.669804188] [telemetry_node]: pos_ned=[ 0.35083973  0.08581541 50.19940567]  yaw=0.124  armed=True  vtol=3  batt=15.30V/50%
[telemetry_node-1] [INFO] [1785264378.669179922] [telemetry_node]: pos_ned=[ 0.38984376  0.05870109 50.16274261]  yaw=0.068  armed=True  vtol=3  batt=15.30V/50%
[telemetry_node-1] [INFO] [1785264380.668737131] [telemetry_node]: pos_ned=[3.68931323e-01 4.43385616e-02 5.00990105e+01]  yaw=0.044  armed=True  vtol=3  batt=15.30V/50%
[offboard_node-2] [INFO] [1785264381.852984261] [offboard_node]: 헤딩 정렬 완료 target=0.0° current=2.4° err=-2.4° (20틱 안정) → 전진 + 천이 명령
[offboard_node-2] [INFO] [1785264381.854335998] [offboard_node]: FW 고도 램프 시작 50.0 → 50.0m (계단 -0.0m, 3.0m/s, 0.0s 소요)
[offboard_node-2] [INFO] [1785264381.858271431] [offboard_node]: MC→FW 천이 명령 요청 (위치 setpoint 직선 천이)
[telemetry_node-1] [INFO] [1785264382.671135970] [telemetry_node]: pos_ned=[4.04345393e-01 3.14244851e-02 5.00234795e+01]  yaw=0.042  armed=True  vtol=1  batt=15.30V/50%
[telemetry_node-1] [INFO] [1785264384.669462719] [telemetry_node]: pos_ned=[ 9.00397873e+00 -4.24215151e-03  5.01351013e+01]  yaw=0.008  armed=True  vtol=1  batt=15.30V/50%
[offboard_node-2] [INFO] [1785264384.852151357] [offboard_node]: FW 전환 완료 -> STREAMING
[offboard_node-2] [INFO] [1785264384.979384093] [offboard_node]: OFFBOARD 확인 → FOLLOWING
[offboard_node-2] [INFO] [1785264386.675824378] [offboard_node]: FOLLOWING 시작 pos=[14.8,0.0] tgt=[84.8,0.0] cte=0.0m mode=OFFBOARD seg=14/300
[telemetry_node-1] [INFO] [1785264386.688724248] [telemetry_node]: pos_ned=[1.47588215e+01 9.96282790e-03 4.97955704e+01]  yaw=0.014  armed=True  vtol=4  batt=15.30V/50%
[offboard_node-2] [INFO] [1785264388.461461069] [offboard_node]: FOLLOWING tick=20 mode=OFFBOARD cte=-0.0m pos=[42.1,-0.0] tgt=[112.1,0.0] seg=42/300
[telemetry_node-1] [INFO] [1785264388.670209638] [telemetry_node]: pos_ned=[ 4.41066399e+01 -3.78270373e-02  5.23791771e+01]  yaw=0.025  armed=True  vtol=4  batt=15.30V/50%
[offboard_node-2] [INFO] [1785264390.460623830] [offboard_node]: FOLLOWING tick=40 mode=OFFBOARD cte=-0.0m pos=[68.9,-0.0] tgt=[138.9,0.0] seg=68/300
[telemetry_node-1] [INFO] [1785264390.668838518] [telemetry_node]: pos_ned=[7.19914627e+01 5.09236939e-03 5.05848770e+01]  yaw=0.030  armed=True  vtol=4  batt=15.30V/50%
[offboard_node-2] [INFO] [1785264392.457831804] [offboard_node]: FOLLOWING tick=60 mode=OFFBOARD cte=0.2m pos=[98.6,0.2] tgt=[168.6,0.0] seg=98/300
[telemetry_node-1] [INFO] [1785264392.670004093] [telemetry_node]: pos_ned=[102.18524933   0.19015658  49.18362808]  yaw=0.001  armed=True  vtol=4  batt=15.30V/50%
[offboard_node-2] [INFO] [1785264394.460501618] [offboard_node]: FOLLOWING tick=80 mode=OFFBOARD cte=0.2m pos=[121.8,0.2] tgt=[191.8,0.0] seg=121/300
[telemetry_node-1] [INFO] [1785264394.670935384] [telemetry_node]: pos_ned=[124.74333191   0.18909094  49.14163589]  yaw=-0.021  armed=True  vtol=4  batt=15.30V/50%
[offboard_node-2] [INFO] [1785264396.459233955] [offboard_node]: FOLLOWING tick=100 mode=OFFBOARD cte=0.1m pos=[151.1,0.1] tgt=[221.1,0.0] seg=151/300
[telemetry_node-1] [INFO] [1785264396.668642454] [telemetry_node]: pos_ned=[1.53619781e+02 1.01466060e-01 4.88908844e+01]  yaw=-0.033  armed=True  vtol=4  batt=15.30V/50%
[offboard_node-2] [INFO] [1785264398.459788019] [offboard_node]: FOLLOWING tick=120 mode=OFFBOARD cte=0.0m pos=[178.6,0.0] tgt=[248.6,0.0] seg=178/300
[telemetry_node-1] [INFO] [1785264398.668394810] [telemetry_node]: pos_ned=[1.81037186e+02 7.63661740e-03 4.90177574e+01]  yaw=-0.020  armed=True  vtol=4  batt=15.30V/50%
[offboard_node-2] [INFO] [1785264400.459070611] [offboard_node]: FOLLOWING tick=140 mode=OFFBOARD cte=-0.1m pos=[204.2,-0.1] tgt=[274.2,0.0] seg=204/300
[telemetry_node-1] [INFO] [1785264400.668793061] [telemetry_node]: pos_ned=[ 2.07510330e+02 -9.87786800e-02  4.90222969e+01]  yaw=-0.002  armed=True  vtol=4  batt=15.30V/50%
[offboard_node-2] [INFO] [1785264402.459107091] [offboard_node]: FOLLOWING tick=160 mode=OFFBOARD cte=-0.2m pos=[230.9,-0.2] tgt=[300.0,0.0] seg=230/300
[telemetry_node-1] [INFO] [1785264402.675410521] [telemetry_node]: pos_ned=[ 2.33670792e+02 -1.87355235e-01  4.90755806e+01]  yaw=0.005  armed=True  vtol=4  batt=15.30V/50%
[offboard_node-2] [INFO] [1785264404.455868808] [offboard_node]: FOLLOWING tick=180 mode=OFFBOARD cte=-0.2m pos=[256.2,-0.2] tgt=[300.0,0.0] seg=256/300
[telemetry_node-1] [INFO] [1785264404.671225370] [telemetry_node]: pos_ned=[ 2.5843573e+02 -1.5508014e-01  4.9138485e+01]  yaw=0.001  armed=True  vtol=4  batt=15.30V/50%
[offboard_node-2] [INFO] [1785264406.455784579] [offboard_node]: FOLLOWING tick=200 mode=OFFBOARD cte=-0.2m pos=[282.3,-0.2] tgt=[300.0,0.0] seg=282/300
[telemetry_node-1] [INFO] [1785264406.668566895] [telemetry_node]: pos_ned=[ 2.85525604e+02 -1.74125880e-01  4.92417488e+01]  yaw=-0.004  armed=True  vtol=4  batt=15.30V/50%
[offboard_node-2] [INFO] [1785264407.054320690] [offboard_node]: 경로 추종 완료 -> transition_mc
[offboard_node-2] [INFO] [1785264407.156712130] [offboard_node]: FW->MC 역천이 명령 요청
[telemetry_node-1] [INFO] [1785264408.669971106] [telemetry_node]: pos_ned=[ 3.10617828e+02 -1.31298602e-01  4.88761635e+01]  yaw=-0.007  armed=True  vtol=2  batt=15.30V/50%
[telemetry_node-1] [INFO] [1785264410.672820720] [telemetry_node]: pos_ned=[ 3.28269409e+02 -2.07193181e-01  4.98851318e+01]  yaw=-0.006  armed=True  vtol=2  batt=15.30V/50%
[telemetry_node-1] [INFO] [1785264412.668877741] [telemetry_node]: pos_ned=[ 3.40861511e+02 -3.21552992e-01  5.00947304e+01]  yaw=0.011  armed=True  vtol=2  batt=15.30V/50%
[offboard_node-2] [INFO] [1785264412.853427582] [offboard_node]: MC 전환 완료 -> HOLD (WP1 복귀)
[telemetry_node-1] [INFO] [1785264414.669933349] [telemetry_node]: pos_ned=[ 3.43426971e+02 -2.79543787e-01  4.99847221e+01]  yaw=0.008  armed=True  vtol=3  batt=15.30V/50%
[offboard_node-2] [INFO] [1785264414.853677951] [offboard_node]: WP1 홀드 dist=42.3m speed=7.5m/s stable=0/10
[telemetry_node-1] [INFO] [1785264416.669286851] [telemetry_node]: pos_ned=[ 3.31154419e+02 -2.98925012e-01  4.99552345e+01]  yaw=0.022  armed=True  vtol=3  batt=15.30V/50%
[offboard_node-2] [INFO] [1785264416.852469128] [offboard_node]: WP1 홀드 dist=30.2m speed=5.1m/s stable=0/10
[telemetry_node-1] [INFO] [1785264418.669445915] [telemetry_node]: pos_ned=[ 3.20913635e+02 -2.71153748e-01  4.98419876e+01]  yaw=0.011  armed=True  vtol=3  batt=15.30V/50%
[offboard_node-2] [INFO] [1785264418.854486203] [offboard_node]: WP1 홀드 dist=20.1m speed=5.9m/s stable=0/10
[telemetry_node-1] [INFO] [1785264420.888183122] [telemetry_node]: pos_ned=[ 3.18439697e+02 -2.37590626e-01  4.98553123e+01]  yaw=0.011  armed=True  vtol=3  batt=15.30V/50%
[offboard_node-2] [WARN] [1785264420.890516495] [offboard_node]: altitude 메시지 지연 age=1.7s > 1.0s — 래치/캐시 의심, 수렴 표본에서 제외
[offboard_node-2] [INFO] [1785264422.483292868] [offboard_node]: WP1 홀드 dist=11.9m speed=7.2m/s stable=0/10
[telemetry_node-1] [INFO] [1785264422.672988372] [telemetry_node]: pos_ned=[ 3.10944489e+02 -1.68240398e-01  4.99047852e+01]  yaw=0.009  armed=True  vtol=3  batt=15.30V/50%
[offboard_node-2] [INFO] [1785264424.456245357] [offboard_node]: WP1 홀드 dist=2.5m speed=4.0m/s stable=0/10
[telemetry_node-1] [INFO] [1785264424.671304509] [telemetry_node]: pos_ned=[ 3.02066742e+02 -7.80038238e-02  5.01023827e+01]  yaw=0.009  armed=True  vtol=3  batt=15.30V/50%
[offboard_node-2] [INFO] [1785264426.453735732] [offboard_node]: WP1 홀드 dist=1.1m speed=0.2m/s stable=7/10
[offboard_node-2] [INFO] [1785264426.659533308] [offboard_node]: 탐색 1회차 — 고도 25m AGL 반경 6.1→30m 링간격 12.2m 속도상한 5.0m/s (풋프린트 단폭 18.8m)
[offboard_node-2] [INFO] [1785264426.664450421] [offboard_node]: WP1 도달·안정 (dist=1.2m speed=0.2m/s) → VISION_SEARCH (비전 착륙 활성)
[telemetry_node-1] [INFO] [1785264426.668602467] [telemetry_node]: pos_ned=[ 3.01198853e+02 -1.09659888e-01  4.96730042e+01]  yaw=0.003  armed=True  vtol=3  batt=15.30V/50%
[offboard_node-2] [INFO] [1785264426.953943647] [offboard_node]: 타겟 래치 (연속 3틱, N=302.1 E=6.1) → PRECISION_LAND
[telemetry_node-1] [INFO] [1785264428.672584355] [telemetry_node]: pos_ned=[301.65927124   0.3657192   49.31682587]  yaw=0.015  armed=True  vtol=3  batt=15.30V/50%
[offboard_node-2] [INFO] [1785264428.961480014] [offboard_node]: 정밀착륙 AGL=49.3m 수평오차=5.59m 정렬대기 state=LOCK age=0.12s t=2/60s
[telemetry_node-1] [INFO] [1785264430.674442454] [telemetry_node]: pos_ned=[301.94454956   2.32206321  49.11511612]  yaw=0.058  armed=True  vtol=3  batt=15.30V/50%
[offboard_node-2] [INFO] [1785264431.057658231] [offboard_node]: 정밀착륙 AGL=49.0m 수평오차=2.40m 정렬대기 state=LOCK age=0.02s t=4/60s
[telemetry_node-1] [INFO] [1785264432.678529844] [telemetry_node]: pos_ned=[301.51123047   6.41545105  49.04754639]  yaw=0.144  armed=True  vtol=3  batt=15.30V/50%
[offboard_node-2] [INFO] [1785264433.168336218] [offboard_node]: 정밀착륙 AGL=48.7m 수평오차=0.76m 하강 state=LOCK age=0.09s t=6/60s
[telemetry_node-1] [INFO] [1785264434.669430849] [telemetry_node]: pos_ned=[300.68029785   7.12079573  46.77176285]  yaw=0.131  armed=True  vtol=3  batt=15.30V/50%
[offboard_node-2] [INFO] [1785264435.154452516] [offboard_node]: 정밀착륙 AGL=46.8m 수평오차=2.38m 정렬대기 state=LOCK age=0.03s t=8/60s
[telemetry_node-1] [INFO] [1785264436.682396070] [telemetry_node]: pos_ned=[298.78939819   5.01032162  46.72588348]  yaw=0.116  armed=True  vtol=3  batt=15.30V/50%
[offboard_node-2] [INFO] [1785264437.153325677] [offboard_node]: 정밀착륙 AGL=46.6m 수평오차=3.89m 정렬대기 state=LOCK age=0.23s t=10/60s
[telemetry_node-1] [INFO] [1785264438.669936542] [telemetry_node]: pos_ned=[298.70162964   4.66662312  46.63478088]  yaw=0.109  armed=True  vtol=3  batt=15.30V/50%
[offboard_node-2] [INFO] [1785264439.153299718] [offboard_node]: 정밀착륙 AGL=46.6m 수평오차=3.35m 정렬대기 state=LOCK age=0.18s t=12/60s
[telemetry_node-1] [INFO] [1785264440.670045769] [telemetry_node]: pos_ned=[298.70162964   4.66662312  46.63478088]  yaw=0.109  armed=True  vtol=3  batt=15.30V/50%
[offboard_node-2] [INFO] [1785264441.208797684] [offboard_node]: 정밀착륙 AGL=46.6m 수평오차=3.62m 정렬대기 state=LOCK age=0.14s t=14/60s
[telemetry_node-1] [INFO] [1785264442.687978760] [telemetry_node]: pos_ned=[298.70162964   4.66662312  46.63478088]  yaw=0.109  armed=True  vtol=3  batt=15.30V/50%
[offboard_node-2] [INFO] [1785264443.155276140] [offboard_node]: 정밀착륙 AGL=46.6m 수평오차=3.66m 정렬대기 state=LOCK age=0.09s t=16/60s
[telemetry_node-1] [INFO] [1785264444.672842959] [telemetry_node]: pos_ned=[298.70162964   4.66662312  46.63478088]  yaw=0.109  armed=True  vtol=3  batt=15.30V/50%
[offboard_node-2] [INFO] [1785264445.160672270] [offboard_node]: 정밀착륙 AGL=46.6m 수평오차=3.30m 정렬대기 state=LOCK age=0.05s t=18/60s
[telemetry_node-1] [INFO] [1785264446.669481679] [telemetry_node]: pos_ned=[298.70162964   4.66662312  46.63478088]  yaw=0.109  armed=False  vtol=3  batt=15.30V/50%
[offboard_node-2] [INFO] [1785264447.061740787] [offboard_node]: 정밀착륙 AGL=46.6m 수평오차=3.89m 정렬대기 state=LOCK age=0.13s t=20/60s
[telemetry_node-1] [INFO] [1785264448.669402165] [telemetry_node]: pos_ned=[298.70162964   4.66662312  46.63478088]  yaw=0.109  armed=False  vtol=3  batt=15.30V/50%
[offboard_node-2] [INFO] [1785264449.062096012] [offboard_node]: 정밀착륙 AGL=46.6m 수평오차=3.35m 정렬대기 state=LOCK age=0.08s t=22/60s
[telemetry_node-1] [INFO] [1785264450.670579941] [telemetry_node]: pos_ned=[298.70162964   4.66662312  46.63478088]  yaw=0.109  armed=False  vtol=3  batt=15.30V/50%
[offboard_node-2] [INFO] [1785264451.057172774] [offboard_node]: 정밀착륙 AGL=46.6m 수평오차=3.61m 정렬대기 state=LOCK age=0.04s t=24/60s
[telemetry_node-1] [INFO] [1785264452.672733169] [telemetry_node]: pos_ned=[298.70162964   4.66662312  46.63478088]  yaw=0.109  armed=False  vtol=3  batt=15.30V/50%
[offboard_node-2] [INFO] [1785264453.067858190] [offboard_node]: 정밀착륙 AGL=46.6m 수평오차=3.94m 정렬대기 state=LOCK age=0.22s t=26/60s
[telemetry_node-1] [INFO] [1785264456.188443609] [telemetry_node]: pos_ned=[298.70162964   4.66662312  46.63478088]  yaw=0.109  armed=False  vtol=3  batt=15.30V/50%
[offboard_node-2] [INFO] [1785264456.554186333] [offboard_node]: 정밀착륙 AGL=46.6m 수평오차=3.18m 정렬대기 state=LOCK age=0.08s t=28/60s
[telemetry_node-1] [INFO] [1785264456.669391629] [telemetry_node]: pos_ned=[298.70162964   4.66662312  46.63478088]  yaw=0.109  armed=False  vtol=3  batt=15.30V/50%
[offboard_node-2] [INFO] [1785264458.553875730] [offboard_node]: 정밀착륙 AGL=46.6m 수평오차=3.94m 정렬대기 state=LOCK age=0.03s t=30/60s
[telemetry_node-1] [INFO] [1785264458.669394889] [telemetry_node]: pos_ned=[298.70162964   4.66662312  46.63478088]  yaw=0.109  armed=False  vtol=3  batt=15.30V/50%
[offboard_node-2] [INFO] [1785264460.555925002] [offboard_node]: 정밀착륙 AGL=46.6m 수평오차=3.60m 정렬대기 state=LOCK age=0.22s t=32/60s
[telemetry_node-1] [INFO] [1785264460.668757057] [telemetry_node]: pos_ned=[298.70162964   4.66662312  46.63478088]  yaw=0.109  armed=False  vtol=3  batt=15.30V/50%
[offboard_node-2] [INFO] [1785264462.553189097] [offboard_node]: 정밀착륙 AGL=46.6m 수평오차=3.36m 정렬대기 state=LOCK age=0.17s t=34/60s
[telemetry_node-1] [INFO] [1785264462.668922638] [telemetry_node]: pos_ned=[298.70162964   4.66662312  46.63478088]  yaw=0.109  armed=False  vtol=3  batt=15.30V/50%
[offboard_node-2] [INFO] [1785264464.553309723] [offboard_node]: 정밀착륙 AGL=46.6m 수평오차=3.88m 정렬대기 state=LOCK age=0.13s t=36/60s
[telemetry_node-1] [INFO] [1785264464.668861593] [telemetry_node]: pos_ned=[298.70162964   4.66662312  46.63478088]  yaw=0.109  armed=False  vtol=3  batt=15.30V/50%
[offboard_node-2] [INFO] [1785264466.561529794] [offboard_node]: 정밀착륙 AGL=46.6m 수평오차=3.18m 정렬대기 state=LOCK age=0.08s t=38/60s
[telemetry_node-1] [INFO] [1785264466.670204211] [telemetry_node]: pos_ned=[298.70162964   4.66662312  46.63478088]  yaw=0.109  armed=False  vtol=3  batt=15.30V/50%
[offboard_node-2] [INFO] [1785264468.554335394] [offboard_node]: 정밀착륙 AGL=46.6m 수평오차=3.94m 정렬대기 state=LOCK age=0.03s t=40/60s
[telemetry_node-1] [INFO] [1785264468.669249319] [telemetry_node]: pos_ned=[298.70162964   4.66662312  46.63478088]  yaw=0.109  armed=False  vtol=3  batt=15.30V/50%
[offboard_node-2] [INFO] [1785264470.556095510] [offboard_node]: 정밀착륙 AGL=46.6m 수평오차=3.60m 정렬대기 state=LOCK age=0.20s t=42/60s
[telemetry_node-1] [INFO] [1785264470.669750148] [telemetry_node]: pos_ned=[298.70162964   4.66662312  46.63478088]  yaw=0.109  armed=False  vtol=3  batt=15.30V/50%
[offboard_node-2] [INFO] [1785264472.556872746] [offboard_node]: 정밀착륙 AGL=46.6m 수평오차=3.36m 정렬대기 state=LOCK age=0.18s t=44/60s
[telemetry_node-1] [INFO] [1785264472.672697675] [telemetry_node]: pos_ned=[298.70162964   4.66662312  46.63478088]  yaw=0.109  armed=False  vtol=3  batt=15.30V/50%
[offboard_node-2] [INFO] [1785264474.582203061] [offboard_node]: 정밀착륙 AGL=46.6m 수평오차=3.88m 정렬대기 state=LOCK age=0.13s t=46/60s
[telemetry_node-1] [INFO] [1785264474.680984569] [telemetry_node]: pos_ned=[298.70162964   4.66662312  46.63478088]  yaw=0.109  armed=False  vtol=3  batt=15.30V/50%
[offboard_node-2] [INFO] [1785264476.554466048] [offboard_node]: 정밀착륙 AGL=46.6m 수평오차=3.18m 정렬대기 state=LOCK age=0.08s t=48/60s
[telemetry_node-1] [INFO] [1785264476.669317524] [telemetry_node]: pos_ned=[298.70162964   4.66662312  46.63478088]  yaw=0.109  armed=False  vtol=3  batt=15.30V/50%
[offboard_node-2] [INFO] [1785264478.555379485] [offboard_node]: 정밀착륙 AGL=46.6m 수평오차=3.94m 정렬대기 state=LOCK age=0.03s t=50/60s
[telemetry_node-1] [INFO] [1785264478.669655380] [telemetry_node]: pos_ned=[298.70162964   4.66662312  46.63478088]  yaw=0.109  armed=False  vtol=3  batt=15.30V/50%
[offboard_node-2] [INFO] [1785264480.562593124] [offboard_node]: 정밀착륙 AGL=46.6m 수평오차=3.59m 정렬대기 state=LOCK age=0.22s t=52/60s
[telemetry_node-1] [INFO] [1785264480.669690814] [telemetry_node]: pos_ned=[298.70162964   4.66662312  46.63478088]  yaw=0.109  armed=False  vtol=3  batt=15.30V/50%
[offboard_node-2] [INFO] [1785264482.580005513] [offboard_node]: 정밀착륙 AGL=46.6m 수평오차=3.36m 정렬대기 state=LOCK age=0.17s t=54/60s
[telemetry_node-1] [INFO] [1785264482.669257347] [telemetry_node]: pos_ned=[298.70162964   4.66662312  46.63478088]  yaw=0.109  armed=False  vtol=3  batt=15.30V/50%
[offboard_node-2] [INFO] [1785264484.556243835] [offboard_node]: 정밀착륙 AGL=46.6m 수평오차=3.88m 정렬대기 state=LOCK age=0.13s t=56/60s
[telemetry_node-1] [INFO] [1785264484.672318451] [telemetry_node]: pos_ned=[298.70162964   4.66662312  46.63478088]  yaw=0.109  armed=False  vtol=3  batt=15.30V/50%
[offboard_node-2] [INFO] [1785264486.561638207] [offboard_node]: 정밀착륙 AGL=46.6m 수평오차=3.18m 정렬대기 state=LOCK age=0.07s t=58/60s
[telemetry_node-1] [INFO] [1785264486.669479925] [telemetry_node]: pos_ned=[298.70162964   4.66662312  46.63478088]  yaw=0.109  armed=False  vtol=3  batt=15.30V/50%
[offboard_node-2] [INFO] [1785264490.053192101] [offboard_node]: 정밀착륙 AGL=46.6m 수평오차=3.70m 정렬대기 state=LOCK age=0.17s t=60/60s
[offboard_node-2] [WARN] [1785264490.056052024] [offboard_node]: 정밀착륙 타임아웃 60s 초과 (수평오차 3.70m) → GPS 착륙 폴백
[offboard_node-2] [INFO] [1785264490.161648813] [offboard_node]: 착륙 완료 (disarmed) -> DONE
[telemetry_node-1] [INFO] [1785264490.252456480] [telemetry_node]: pos_ned=[298.70162964   4.66662312  46.63478088]  yaw=0.109  armed=False  vtol=3  batt=15.30V/50%
[telemetry_node-1] [INFO] [1785264490.676767174] [telemetry_node]: pos_ned=[298.70162964   4.66662312  46.63478088]  yaw=0.109  armed=False  vtol=3  batt=15.30V/50%
[telemetry_node-1] [INFO] [1785264492.669116915] [telemetry_node]: pos_ned=[298.70162964   4.66662312  46.63478088]  yaw=0.109  armed=False  vtol=3  batt=15.30V/50%
[telemetry_node-1] [INFO] [1785264494.671525286] [telemetry_node]: pos_ned=[298.70162964   4.66662312  46.63478088]  yaw=0.109  armed=False  vtol=3  batt=15.30V/50%
[WARNING] [launch]: user interrupted with ctrl-c (SIGINT)
[INFO] [offboard_node-2]: sending signal 'SIGINT' to process[offboard_node-2]
[INFO] [telemetry_node-1]: sending signal 'SIGINT' to process[telemetry_node-1]
[offboard_node-2] Traceback (most recent call last):
[offboard_node-2]   File "/root/ws_f2/install/fc_ros/lib/python3.10/site-packages/fc_ros/nodes/offboard_node.py", line 2049, in main
[offboard_node-2]     rclpy.spin(node)
[offboard_node-2]   File "/opt/ros/humble/local/lib/python3.10/dist-packages/rclpy/__init__.py", line 229, in spin
[offboard_node-2]     executor.spin_once()
[offboard_node-2]   File "/opt/ros/humble/local/lib/python3.10/dist-packages/rclpy/executors.py", line 808, in spin_once
[offboard_node-2]     self._spin_once_impl(timeout_sec)
[offboard_node-2]   File "/opt/ros/humble/local/lib/python3.10/dist-packages/rclpy/executors.py", line 797, in _spin_once_impl
[offboard_node-2]     handler, entity, node = self.wait_for_ready_callbacks(timeout_sec=timeout_sec)
[offboard_node-2]   File "/opt/ros/humble/local/lib/python3.10/dist-packages/rclpy/executors.py", line 780, in wait_for_ready_callbacks
[offboard_node-2]     return next(self._cb_iter)
[offboard_node-2]   File "/opt/ros/humble/local/lib/python3.10/dist-packages/rclpy/executors.py", line 677, in _wait_for_ready_callbacks
[offboard_node-2]     wait_set.wait(timeout_nsec)
[offboard_node-2] KeyboardInterrupt
[offboard_node-2] 
[offboard_node-2] During handling of the above exception, another exception occurred:
[offboard_node-2] 
[offboard_node-2] Traceback (most recent call last):
[offboard_node-2]   File "/root/ws_f2/install/fc_ros/lib/fc_ros/offboard_node", line 33, in <module>
[offboard_node-2]     sys.exit(load_entry_point('fc-ros==0.1.0', 'console_scripts', 'offboard_node')())
[offboard_node-2]   File "/root/ws_f2/install/fc_ros/lib/python3.10/site-packages/fc_ros/nodes/offboard_node.py", line 2051, in main
[offboard_node-2]     node.destroy_node()
[offboard_node-2]   File "/opt/ros/humble/local/lib/python3.10/dist-packages/rclpy/node.py", line 1691, in destroy_node
[offboard_node-2]     self.destroy_service(self._services[0])
[offboard_node-2]   File "/opt/ros/humble/local/lib/python3.10/dist-packages/rclpy/node.py", line 1615, in destroy_service
[offboard_node-2]     service.destroy()
[offboard_node-2]   File "/opt/ros/humble/local/lib/python3.10/dist-packages/rclpy/service.py", line 93, in destroy
[offboard_node-2]     self.__service.destroy_when_not_in_use()
[offboard_node-2] KeyboardInterrupt
[telemetry_node-1] Traceback (most recent call last):
[telemetry_node-1]   File "/root/ws_f2/install/fc_ros/lib/python3.10/site-packages/fc_ros/nodes/telemetry_node.py", line 109, in main
[telemetry_node-1]     rclpy.spin(node)
[telemetry_node-1]   File "/opt/ros/humble/local/lib/python3.10/dist-packages/rclpy/__init__.py", line 229, in spin
[telemetry_node-1]     executor.spin_once()
[telemetry_node-1]   File "/opt/ros/humble/local/lib/python3.10/dist-packages/rclpy/executors.py", line 808, in spin_once
[telemetry_node-1]     self._spin_once_impl(timeout_sec)
[telemetry_node-1]   File "/opt/ros/humble/local/lib/python3.10/dist-packages/rclpy/executors.py", line 797, in _spin_once_impl
[telemetry_node-1]     handler, entity, node = self.wait_for_ready_callbacks(timeout_sec=timeout_sec)
[telemetry_node-1]   File "/opt/ros/humble/local/lib/python3.10/dist-packages/rclpy/executors.py", line 780, in wait_for_ready_callbacks
[telemetry_node-1]     return next(self._cb_iter)
[telemetry_node-1]   File "/opt/ros/humble/local/lib/python3.10/dist-packages/rclpy/executors.py", line 677, in _wait_for_ready_callbacks
[telemetry_node-1]     wait_set.wait(timeout_nsec)
[telemetry_node-1] KeyboardInterrupt
[telemetry_node-1] 
[telemetry_node-1] During handling of the above exception, another exception occurred:
[telemetry_node-1] 
[telemetry_node-1] Traceback (most recent call last):
[telemetry_node-1]   File "/root/ws_f2/install/fc_ros/lib/fc_ros/telemetry_node", line 33, in <module>
[telemetry_node-1]     sys.exit(load_entry_point('fc-ros==0.1.0', 'console_scripts', 'telemetry_node')())
[telemetry_node-1]   File "/root/ws_f2/install/fc_ros/lib/python3.10/site-packages/fc_ros/nodes/telemetry_node.py", line 111, in main
[telemetry_node-1]     node.destroy_node()
[telemetry_node-1]   File "/opt/ros/humble/local/lib/python3.10/dist-packages/rclpy/node.py", line 1696, in destroy_node
[telemetry_node-1]     self.__node.destroy_when_not_in_use()
[telemetry_node-1] KeyboardInterrupt
[ERROR] [telemetry_node-1]: process has died [pid 1559, exit code -2, cmd '/root/ws_f2/install/fc_ros/lib/fc_ros/telemetry_node --ros-args -r __node:=telemetry_node'].
[ERROR] [offboard_node-2]: process has died [pid 1561, exit code -2, cmd '/root/ws_f2/install/fc_ros/lib/fc_ros/offboard_node --ros-args -r __node:=offboard_node --params-file /root/ws_f2/install/fc_ros/share/fc_ros/params/fc_ros_params.yaml --params-file /tmp/launch_params_egzfoj8x'].
