### t=1785264290 i=1
Type: geometry_msgs/msg/PoseStamped

Publisher count: 1

Node name: fake_vision
Node namespace: /
Topic type: geometry_msgs/msg/PoseStamped
Endpoint type: PUBLISHER
GID: 01.0f.df.56.8e.01.11.fc.00.00.00.00.00.00.11.03.00.00.00.00.00.00.00.00
QoS profile:
  Reliability: BEST_EFFORT
  History (Depth): UNKNOWN
  Durability: VOLATILE
  Lifespan: Infinite
  Deadline: Infinite
  Liveliness: AUTOMATIC
  Liveliness lease duration: Infinite

Subscription count: 0

Type: diagnostic_msgs/msg/DiagnosticArray

Publisher count: 1

Node name: fake_vision
Node namespace: /
Topic type: diagnostic_msgs/msg/DiagnosticArray
Endpoint type: PUBLISHER
GID: 01.0f.df.56.8e.01.11.fc.00.00.00.00.00.00.12.03.00.00.00.00.00.00.00.00
QoS profile:
  Reliability: BEST_EFFORT
  History (Depth): UNKNOWN
  Durability: VOLATILE
  Lifespan: Infinite
  Deadline: Infinite
  Liveliness: AUTOMATIC
  Liveliness lease duration: Infinite

Subscription count: 0

### t=1785264297 i=2
Type: geometry_msgs/msg/PoseStamped

Publisher count: 1

Node name: fake_vision
Node namespace: /
Topic type: geometry_msgs/msg/PoseStamped
Endpoint type: PUBLISHER
GID: 01.0f.df.56.8e.01.11.fc.00.00.00.00.00.00.11.03.00.00.00.00.00.00.00.00
QoS profile:
  Reliability: BEST_EFFORT
  History (Depth): UNKNOWN
  Durability: VOLATILE
  Lifespan: Infinite
  Deadline: Infinite
  Liveliness: AUTOMATIC
  Liveliness lease duration: Infinite

Subscription count: 0

Type: diagnostic_msgs/msg/DiagnosticArray

Publisher count: 1

Node name: fake_vision
Node namespace: /
Topic type: diagnostic_msgs/msg/DiagnosticArray
Endpoint type: PUBLISHER
GID: 01.0f.df.56.8e.01.11.fc.00.00.00.00.00.00.12.03.00.00.00.00.00.00.00.00
QoS profile:
  Reliability: BEST_EFFORT
  History (Depth): UNKNOWN
  Durability: VOLATILE
  Lifespan: Infinite
  Deadline: Infinite
  Liveliness: AUTOMATIC
  Liveliness lease duration: Infinite

Subscription count: 0

### t=1785264302 i=3
Type: geometry_msgs/msg/PoseStamped

Publisher count: 1

Node name: fake_vision
Node namespace: /
Topic type: geometry_msgs/msg/PoseStamped
Endpoint type: PUBLISHER
GID: 01.0f.df.56.8e.01.11.fc.00.00.00.00.00.00.11.03.00.00.00.00.00.00.00.00
QoS profile:
  Reliability: BEST_EFFORT
  History (Depth): UNKNOWN
  Durability: VOLATILE
  Lifespan: Infinite
  Deadline: Infinite
  Liveliness: AUTOMATIC
  Liveliness lease duration: Infinite

Subscription count: 0

Type: diagnostic_msgs/msg/DiagnosticArray

Publisher count: 1

Node name: fake_vision
Node namespace: /
Topic type: diagnostic_msgs/msg/DiagnosticArray
Endpoint type: PUBLISHER
GID: 01.0f.df.56.8e.01.11.fc.00.00.00.00.00.00.12.03.00.00.00.00.00.00.00.00
QoS profile:
  Reliability: BEST_EFFORT
  History (Depth): UNKNOWN
  Durability: VOLATILE
  Lifespan: Infinite
  Deadline: Infinite
  Liveliness: AUTOMATIC
  Liveliness lease duration: Infinite

Subscription count: 0

### t=1785264308 i=4
Type: geometry_msgs/msg/PoseStamped

Publisher count: 1

Node name: fake_vision
Node namespace: /
Topic type: geometry_msgs/msg/PoseStamped
Endpoint type: PUBLISHER
GID: 01.0f.df.56.8e.01.11.fc.00.00.00.00.00.00.11.03.00.00.00.00.00.00.00.00
QoS profile:
  Reliability: BEST_EFFORT
  History (Depth): UNKNOWN
  Durability: VOLATILE
  Lifespan: Infinite
  Deadline: Infinite
  Liveliness: AUTOMATIC
  Liveliness lease duration: Infinite

Subscription count: 0

Type: diagnostic_msgs/msg/DiagnosticArray

Publisher count: 1

Node name: fake_vision
Node namespace: /
Topic type: diagnostic_msgs/msg/DiagnosticArray
Endpoint type: PUBLISHER
GID: 01.0f.df.56.8e.01.11.fc.00.00.00.00.00.00.12.03.00.00.00.00.00.00.00.00
QoS profile:
  Reliability: BEST_EFFORT
  History (Depth): UNKNOWN
  Durability: VOLATILE
  Lifespan: Infinite
  Deadline: Infinite
  Liveliness: AUTOMATIC
  Liveliness lease duration: Infinite

Subscription count: 0

### t=1785264315 i=5
Type: geometry_msgs/msg/PoseStamped

Publisher count: 1

Node name: fake_vision
Node namespace: /
Topic type: geometry_msgs/msg/PoseStamped
Endpoint type: PUBLISHER
GID: 01.0f.df.56.8e.01.11.fc.00.00.00.00.00.00.11.03.00.00.00.00.00.00.00.00
QoS profile:
  Reliability: BEST_EFFORT
  History (Depth): UNKNOWN
  Durability: VOLATILE
  Lifespan: Infinite
  Deadline: Infinite
  Liveliness: AUTOMATIC
  Liveliness lease duration: Infinite

Subscription count: 0

Type: diagnostic_msgs/msg/DiagnosticArray

Publisher count: 1

Node name: fake_vision
Node namespace: /
Topic type: diagnostic_msgs/msg/DiagnosticArray
Endpoint type: PUBLISHER
GID: 01.0f.df.56.8e.01.11.fc.00.00.00.00.00.00.12.03.00.00.00.00.00.00.00.00
QoS profile:
  Reliability: BEST_EFFORT
  History (Depth): UNKNOWN
  Durability: VOLATILE
  Lifespan: Infinite
  Deadline: Infinite
  Liveliness: AUTOMATIC
  Liveliness lease duration: Infinite

Subscription count: 0

### t=1785264325 i=6
Type: geometry_msgs/msg/PoseStamped

Publisher count: 1

Node name: fake_vision
Node namespace: /
Topic type: geometry_msgs/msg/PoseStamped
Endpoint type: PUBLISHER
GID: 01.0f.df.56.8e.01.11.fc.00.00.00.00.00.00.11.03.00.00.00.00.00.00.00.00
QoS profile:
  Reliability: BEST_EFFORT
  History (Depth): UNKNOWN
  Durability: VOLATILE
  Lifespan: Infinite
  Deadline: Infinite
  Liveliness: AUTOMATIC
  Liveliness lease duration: Infinite

Subscription count: 0

Type: diagnostic_msgs/msg/DiagnosticArray

Publisher count: 1

Node name: fake_vision
Node namespace: /
Topic type: diagnostic_msgs/msg/DiagnosticArray
Endpoint type: PUBLISHER
GID: 01.0f.df.56.8e.01.11.fc.00.00.00.00.00.00.12.03.00.00.00.00.00.00.00.00
QoS profile:
  Reliability: BEST_EFFORT
  History (Depth): UNKNOWN
  Durability: VOLATILE
  Lifespan: Infinite
  Deadline: Infinite
  Liveliness: AUTOMATIC
  Liveliness lease duration: Infinite

Subscription count: 0

### t=1785264333 i=7
Type: geometry_msgs/msg/PoseStamped

Publisher count: 1

Node name: fake_vision
Node namespace: /
Topic type: geometry_msgs/msg/PoseStamped
Endpoint type: PUBLISHER
GID: 01.0f.df.56.8e.01.11.fc.00.00.00.00.00.00.11.03.00.00.00.00.00.00.00.00
QoS profile:
  Reliability: BEST_EFFORT
  History (Depth): UNKNOWN
  Durability: VOLATILE
  Lifespan: Infinite
  Deadline: Infinite
  Liveliness: AUTOMATIC
  Liveliness lease duration: Infinite

Subscription count: 1

Node name: offboard_node
Node namespace: /
Topic type: geometry_msgs/msg/PoseStamped
Endpoint type: SUBSCRIPTION
GID: 01.0f.df.56.19.06.84.cc.00.00.00.00.00.00.11.04.00.00.00.00.00.00.00.00
QoS profile:
  Reliability: BEST_EFFORT
  History (Depth): UNKNOWN
  Durability: VOLATILE
  Lifespan: Infinite
  Deadline: Infinite
  Liveliness: AUTOMATIC
  Liveliness lease duration: Infinite

Type: diagnostic_msgs/msg/DiagnosticArray

Publisher count: 1

Node name: fake_vision
Node namespace: /
Topic type: diagnostic_msgs/msg/DiagnosticArray
Endpoint type: PUBLISHER
GID: 01.0f.df.56.8e.01.11.fc.00.00.00.00.00.00.12.03.00.00.00.00.00.00.00.00
QoS profile:
  Reliability: BEST_EFFORT
  History (Depth): UNKNOWN
  Durability: VOLATILE
  Lifespan: Infinite
  Deadline: Infinite
  Liveliness: AUTOMATIC
  Liveliness lease duration: Infinite

Subscription count: 1

Node name: offboard_node
Node namespace: /
Topic type: diagnostic_msgs/msg/DiagnosticArray
Endpoint type: SUBSCRIPTION
GID: 01.0f.df.56.19.06.84.cc.00.00.00.00.00.00.12.04.00.00.00.00.00.00.00.00
QoS profile:
  Reliability: BEST_EFFORT
  History (Depth): UNKNOWN
  Durability: VOLATILE
  Lifespan: Infinite
  Deadline: Infinite
  Liveliness: AUTOMATIC
  Liveliness lease duration: Infinite

### t=1785264341 i=8
Type: geometry_msgs/msg/PoseStamped

Publisher count: 1

Node name: fake_vision
Node namespace: /
Topic type: geometry_msgs/msg/PoseStamped
Endpoint type: PUBLISHER
GID: 01.0f.df.56.8e.01.11.fc.00.00.00.00.00.00.11.03.00.00.00.00.00.00.00.00
QoS profile:
  Reliability: BEST_EFFORT
  History (Depth): UNKNOWN
  Durability: VOLATILE
  Lifespan: Infinite
  Deadline: Infinite
  Liveliness: AUTOMATIC
  Liveliness lease duration: Infinite

Subscription count: 1

Node name: offboard_node
Node namespace: /
Topic type: geometry_msgs/msg/PoseStamped
Endpoint type: SUBSCRIPTION
GID: 01.0f.df.56.19.06.84.cc.00.00.00.00.00.00.11.04.00.00.00.00.00.00.00.00
QoS profile:
  Reliability: BEST_EFFORT
  History (Depth): UNKNOWN
  Durability: VOLATILE
  Lifespan: Infinite
  Deadline: Infinite
  Liveliness: AUTOMATIC
  Liveliness lease duration: Infinite

Type: diagnostic_msgs/msg/DiagnosticArray

Publisher count: 1

Node name: fake_vision
Node namespace: /
Topic type: diagnostic_msgs/msg/DiagnosticArray
Endpoint type: PUBLISHER
GID: 01.0f.df.56.8e.01.11.fc.00.00.00.00.00.00.12.03.00.00.00.00.00.00.00.00
QoS profile:
  Reliability: BEST_EFFORT
  History (Depth): UNKNOWN
  Durability: VOLATILE
  Lifespan: Infinite
  Deadline: Infinite
  Liveliness: AUTOMATIC
  Liveliness lease duration: Infinite

Subscription count: 1

Node name: offboard_node
Node namespace: /
Topic type: diagnostic_msgs/msg/DiagnosticArray
Endpoint type: SUBSCRIPTION
GID: 01.0f.df.56.19.06.84.cc.00.00.00.00.00.00.12.04.00.00.00.00.00.00.00.00
QoS profile:
  Reliability: BEST_EFFORT
  History (Depth): UNKNOWN
  Durability: VOLATILE
  Lifespan: Infinite
  Deadline: Infinite
  Liveliness: AUTOMATIC
  Liveliness lease duration: Infinite

### t=1785264349 i=9
Type: geometry_msgs/msg/PoseStamped

Publisher count: 1

Node name: fake_vision
Node namespace: /
Topic type: geometry_msgs/msg/PoseStamped
Endpoint type: PUBLISHER
GID: 01.0f.df.56.8e.01.11.fc.00.00.00.00.00.00.11.03.00.00.00.00.00.00.00.00
QoS profile:
  Reliability: BEST_EFFORT
  History (Depth): UNKNOWN
  Durability: VOLATILE
  Lifespan: Infinite
  Deadline: Infinite
  Liveliness: AUTOMATIC
  Liveliness lease duration: Infinite

Subscription count: 1

Node name: offboard_node
Node namespace: /
Topic type: geometry_msgs/msg/PoseStamped
Endpoint type: SUBSCRIPTION
GID: 01.0f.df.56.19.06.84.cc.00.00.00.00.00.00.11.04.00.00.00.00.00.00.00.00
QoS profile:
  Reliability: BEST_EFFORT
  History (Depth): UNKNOWN
  Durability: VOLATILE
  Lifespan: Infinite
  Deadline: Infinite
  Liveliness: AUTOMATIC
  Liveliness lease duration: Infinite

Type: diagnostic_msgs/msg/DiagnosticArray

Publisher count: 1

Node name: fake_vision
Node namespace: /
Topic type: diagnostic_msgs/msg/DiagnosticArray
Endpoint type: PUBLISHER
GID: 01.0f.df.56.8e.01.11.fc.00.00.00.00.00.00.12.03.00.00.00.00.00.00.00.00
QoS profile:
  Reliability: BEST_EFFORT
  History (Depth): UNKNOWN
  Durability: VOLATILE
  Lifespan: Infinite
  Deadline: Infinite
  Liveliness: AUTOMATIC
  Liveliness lease duration: Infinite

Subscription count: 1

Node name: offboard_node
Node namespace: /
Topic type: diagnostic_msgs/msg/DiagnosticArray
Endpoint type: SUBSCRIPTION
GID: 01.0f.df.56.19.06.84.cc.00.00.00.00.00.00.12.04.00.00.00.00.00.00.00.00
QoS profile:
  Reliability: BEST_EFFORT
  History (Depth): UNKNOWN
  Durability: VOLATILE
  Lifespan: Infinite
  Deadline: Infinite
  Liveliness: AUTOMATIC
  Liveliness lease duration: Infinite

### t=1785264359 i=10
Type: geometry_msgs/msg/PoseStamped

Publisher count: 1

Node name: fake_vision
Node namespace: /
Topic type: geometry_msgs/msg/PoseStamped
Endpoint type: PUBLISHER
GID: 01.0f.df.56.8e.01.11.fc.00.00.00.00.00.00.11.03.00.00.00.00.00.00.00.00
QoS profile:
  Reliability: BEST_EFFORT
  History (Depth): UNKNOWN
  Durability: VOLATILE
  Lifespan: Infinite
  Deadline: Infinite
  Liveliness: AUTOMATIC
  Liveliness lease duration: Infinite

Subscription count: 1

Node name: offboard_node
Node namespace: /
Topic type: geometry_msgs/msg/PoseStamped
Endpoint type: SUBSCRIPTION
GID: 01.0f.df.56.19.06.84.cc.00.00.00.00.00.00.11.04.00.00.00.00.00.00.00.00
QoS profile:
  Reliability: BEST_EFFORT
  History (Depth): UNKNOWN
  Durability: VOLATILE
  Lifespan: Infinite
  Deadline: Infinite
  Liveliness: AUTOMATIC
  Liveliness lease duration: Infinite

Type: diagnostic_msgs/msg/DiagnosticArray

Publisher count: 1

Node name: fake_vision
Node namespace: /
Topic type: diagnostic_msgs/msg/DiagnosticArray
Endpoint type: PUBLISHER
GID: 01.0f.df.56.8e.01.11.fc.00.00.00.00.00.00.12.03.00.00.00.00.00.00.00.00
QoS profile:
  Reliability: BEST_EFFORT
  History (Depth): UNKNOWN
  Durability: VOLATILE
  Lifespan: Infinite
  Deadline: Infinite
  Liveliness: AUTOMATIC
  Liveliness lease duration: Infinite

Subscription count: 1

Node name: offboard_node
Node namespace: /
Topic type: diagnostic_msgs/msg/DiagnosticArray
Endpoint type: SUBSCRIPTION
GID: 01.0f.df.56.19.06.84.cc.00.00.00.00.00.00.12.04.00.00.00.00.00.00.00.00
QoS profile:
  Reliability: BEST_EFFORT
  History (Depth): UNKNOWN
  Durability: VOLATILE
  Lifespan: Infinite
  Deadline: Infinite
  Liveliness: AUTOMATIC
  Liveliness lease duration: Infinite

### t=1785264367 i=11
Type: geometry_msgs/msg/PoseStamped

Publisher count: 1

Node name: fake_vision
Node namespace: /
Topic type: geometry_msgs/msg/PoseStamped
Endpoint type: PUBLISHER
GID: 01.0f.df.56.8e.01.11.fc.00.00.00.00.00.00.11.03.00.00.00.00.00.00.00.00
QoS profile:
  Reliability: BEST_EFFORT
  History (Depth): UNKNOWN
  Durability: VOLATILE
  Lifespan: Infinite
  Deadline: Infinite
  Liveliness: AUTOMATIC
  Liveliness lease duration: Infinite

Subscription count: 1

Node name: offboard_node
Node namespace: /
Topic type: geometry_msgs/msg/PoseStamped
Endpoint type: SUBSCRIPTION
GID: 01.0f.df.56.19.06.84.cc.00.00.00.00.00.00.11.04.00.00.00.00.00.00.00.00
QoS profile:
  Reliability: BEST_EFFORT
  History (Depth): UNKNOWN
  Durability: VOLATILE
  Lifespan: Infinite
  Deadline: Infinite
  Liveliness: AUTOMATIC
  Liveliness lease duration: Infinite

Type: diagnostic_msgs/msg/DiagnosticArray

Publisher count: 1

Node name: fake_vision
Node namespace: /
Topic type: diagnostic_msgs/msg/DiagnosticArray
Endpoint type: PUBLISHER
GID: 01.0f.df.56.8e.01.11.fc.00.00.00.00.00.00.12.03.00.00.00.00.00.00.00.00
QoS profile:
  Reliability: BEST_EFFORT
  History (Depth): UNKNOWN
  Durability: VOLATILE
  Lifespan: Infinite
  Deadline: Infinite
  Liveliness: AUTOMATIC
  Liveliness lease duration: Infinite

Subscription count: 1

Node name: offboard_node
Node namespace: /
Topic type: diagnostic_msgs/msg/DiagnosticArray
Endpoint type: SUBSCRIPTION
GID: 01.0f.df.56.19.06.84.cc.00.00.00.00.00.00.12.04.00.00.00.00.00.00.00.00
QoS profile:
  Reliability: BEST_EFFORT
  History (Depth): UNKNOWN
  Durability: VOLATILE
  Lifespan: Infinite
  Deadline: Infinite
  Liveliness: AUTOMATIC
  Liveliness lease duration: Infinite

### t=1785264375 i=12
Type: geometry_msgs/msg/PoseStamped

Publisher count: 1

Node name: fake_vision
Node namespace: /
Topic type: geometry_msgs/msg/PoseStamped
Endpoint type: PUBLISHER
GID: 01.0f.df.56.8e.01.11.fc.00.00.00.00.00.00.11.03.00.00.00.00.00.00.00.00
QoS profile:
  Reliability: BEST_EFFORT
  History (Depth): UNKNOWN
  Durability: VOLATILE
  Lifespan: Infinite
  Deadline: Infinite
  Liveliness: AUTOMATIC
  Liveliness lease duration: Infinite

Subscription count: 1

Node name: offboard_node
Node namespace: /
Topic type: geometry_msgs/msg/PoseStamped
Endpoint type: SUBSCRIPTION
GID: 01.0f.df.56.19.06.84.cc.00.00.00.00.00.00.11.04.00.00.00.00.00.00.00.00
QoS profile:
  Reliability: BEST_EFFORT
  History (Depth): UNKNOWN
  Durability: VOLATILE
  Lifespan: Infinite
  Deadline: Infinite
  Liveliness: AUTOMATIC
  Liveliness lease duration: Infinite

Type: diagnostic_msgs/msg/DiagnosticArray

Publisher count: 1

Node name: fake_vision
Node namespace: /
Topic type: diagnostic_msgs/msg/DiagnosticArray
Endpoint type: PUBLISHER
GID: 01.0f.df.56.8e.01.11.fc.00.00.00.00.00.00.12.03.00.00.00.00.00.00.00.00
QoS profile:
  Reliability: BEST_EFFORT
  History (Depth): UNKNOWN
  Durability: VOLATILE
  Lifespan: Infinite
  Deadline: Infinite
  Liveliness: AUTOMATIC
  Liveliness lease duration: Infinite

Subscription count: 1

Node name: offboard_node
Node namespace: /
Topic type: diagnostic_msgs/msg/DiagnosticArray
Endpoint type: SUBSCRIPTION
GID: 01.0f.df.56.19.06.84.cc.00.00.00.00.00.00.12.04.00.00.00.00.00.00.00.00
QoS profile:
  Reliability: BEST_EFFORT
  History (Depth): UNKNOWN
  Durability: VOLATILE
  Lifespan: Infinite
  Deadline: Infinite
  Liveliness: AUTOMATIC
  Liveliness lease duration: Infinite

### t=1785264382 i=13
Type: geometry_msgs/msg/PoseStamped

Publisher count: 1

Node name: fake_vision
Node namespace: /
Topic type: geometry_msgs/msg/PoseStamped
Endpoint type: PUBLISHER
GID: 01.0f.df.56.8e.01.11.fc.00.00.00.00.00.00.11.03.00.00.00.00.00.00.00.00
QoS profile:
  Reliability: BEST_EFFORT
  History (Depth): UNKNOWN
  Durability: VOLATILE
  Lifespan: Infinite
  Deadline: Infinite
  Liveliness: AUTOMATIC
  Liveliness lease duration: Infinite

Subscription count: 1

Node name: offboard_node
Node namespace: /
Topic type: geometry_msgs/msg/PoseStamped
Endpoint type: SUBSCRIPTION
GID: 01.0f.df.56.19.06.84.cc.00.00.00.00.00.00.11.04.00.00.00.00.00.00.00.00
QoS profile:
  Reliability: BEST_EFFORT
  History (Depth): UNKNOWN
  Durability: VOLATILE
  Lifespan: Infinite
  Deadline: Infinite
  Liveliness: AUTOMATIC
  Liveliness lease duration: Infinite

Type: diagnostic_msgs/msg/DiagnosticArray

Publisher count: 1

Node name: fake_vision
Node namespace: /
Topic type: diagnostic_msgs/msg/DiagnosticArray
Endpoint type: PUBLISHER
GID: 01.0f.df.56.8e.01.11.fc.00.00.00.00.00.00.12.03.00.00.00.00.00.00.00.00
QoS profile:
  Reliability: BEST_EFFORT
  History (Depth): UNKNOWN
  Durability: VOLATILE
  Lifespan: Infinite
  Deadline: Infinite
  Liveliness: AUTOMATIC
  Liveliness lease duration: Infinite

Subscription count: 1

Node name: offboard_node
Node namespace: /
Topic type: diagnostic_msgs/msg/DiagnosticArray
Endpoint type: SUBSCRIPTION
GID: 01.0f.df.56.19.06.84.cc.00.00.00.00.00.00.12.04.00.00.00.00.00.00.00.00
QoS profile:
  Reliability: BEST_EFFORT
  History (Depth): UNKNOWN
  Durability: VOLATILE
  Lifespan: Infinite
  Deadline: Infinite
  Liveliness: AUTOMATIC
  Liveliness lease duration: Infinite

### t=1785264392 i=14
Type: geometry_msgs/msg/PoseStamped

Publisher count: 1

Node name: fake_vision
Node namespace: /
Topic type: geometry_msgs/msg/PoseStamped
Endpoint type: PUBLISHER
GID: 01.0f.df.56.8e.01.11.fc.00.00.00.00.00.00.11.03.00.00.00.00.00.00.00.00
QoS profile:
  Reliability: BEST_EFFORT
  History (Depth): UNKNOWN
  Durability: VOLATILE
  Lifespan: Infinite
  Deadline: Infinite
  Liveliness: AUTOMATIC
  Liveliness lease duration: Infinite

Subscription count: 1

Node name: offboard_node
Node namespace: /
Topic type: geometry_msgs/msg/PoseStamped
Endpoint type: SUBSCRIPTION
GID: 01.0f.df.56.19.06.84.cc.00.00.00.00.00.00.11.04.00.00.00.00.00.00.00.00
QoS profile:
  Reliability: BEST_EFFORT
  History (Depth): UNKNOWN
  Durability: VOLATILE
  Lifespan: Infinite
  Deadline: Infinite
  Liveliness: AUTOMATIC
  Liveliness lease duration: Infinite

Type: diagnostic_msgs/msg/DiagnosticArray

Publisher count: 1

Node name: fake_vision
Node namespace: /
Topic type: diagnostic_msgs/msg/DiagnosticArray
Endpoint type: PUBLISHER
GID: 01.0f.df.56.8e.01.11.fc.00.00.00.00.00.00.12.03.00.00.00.00.00.00.00.00
QoS profile:
  Reliability: BEST_EFFORT
  History (Depth): UNKNOWN
  Durability: VOLATILE
  Lifespan: Infinite
  Deadline: Infinite
  Liveliness: AUTOMATIC
  Liveliness lease duration: Infinite

Subscription count: 1

Node name: offboard_node
Node namespace: /
Topic type: diagnostic_msgs/msg/DiagnosticArray
Endpoint type: SUBSCRIPTION
GID: 01.0f.df.56.19.06.84.cc.00.00.00.00.00.00.12.04.00.00.00.00.00.00.00.00
QoS profile:
  Reliability: BEST_EFFORT
  History (Depth): UNKNOWN
  Durability: VOLATILE
  Lifespan: Infinite
  Deadline: Infinite
  Liveliness: AUTOMATIC
  Liveliness lease duration: Infinite

### t=1785264400 i=15
Type: geometry_msgs/msg/PoseStamped

Publisher count: 1

Node name: fake_vision
Node namespace: /
Topic type: geometry_msgs/msg/PoseStamped
Endpoint type: PUBLISHER
GID: 01.0f.df.56.8e.01.11.fc.00.00.00.00.00.00.11.03.00.00.00.00.00.00.00.00
QoS profile:
  Reliability: BEST_EFFORT
  History (Depth): UNKNOWN
  Durability: VOLATILE
  Lifespan: Infinite
  Deadline: Infinite
  Liveliness: AUTOMATIC
  Liveliness lease duration: Infinite

Subscription count: 1

Node name: offboard_node
Node namespace: /
Topic type: geometry_msgs/msg/PoseStamped
Endpoint type: SUBSCRIPTION
GID: 01.0f.df.56.19.06.84.cc.00.00.00.00.00.00.11.04.00.00.00.00.00.00.00.00
QoS profile:
  Reliability: BEST_EFFORT
  History (Depth): UNKNOWN
  Durability: VOLATILE
  Lifespan: Infinite
  Deadline: Infinite
  Liveliness: AUTOMATIC
  Liveliness lease duration: Infinite

Type: diagnostic_msgs/msg/DiagnosticArray

Publisher count: 1

Node name: fake_vision
Node namespace: /
Topic type: diagnostic_msgs/msg/DiagnosticArray
Endpoint type: PUBLISHER
GID: 01.0f.df.56.8e.01.11.fc.00.00.00.00.00.00.12.03.00.00.00.00.00.00.00.00
QoS profile:
  Reliability: BEST_EFFORT
  History (Depth): UNKNOWN
  Durability: VOLATILE
  Lifespan: Infinite
  Deadline: Infinite
  Liveliness: AUTOMATIC
  Liveliness lease duration: Infinite

Subscription count: 1

Node name: offboard_node
Node namespace: /
Topic type: diagnostic_msgs/msg/DiagnosticArray
Endpoint type: SUBSCRIPTION
GID: 01.0f.df.56.19.06.84.cc.00.00.00.00.00.00.12.04.00.00.00.00.00.00.00.00
QoS profile:
  Reliability: BEST_EFFORT
  History (Depth): UNKNOWN
  Durability: VOLATILE
  Lifespan: Infinite
  Deadline: Infinite
  Liveliness: AUTOMATIC
  Liveliness lease duration: Infinite

### t=1785264407 i=16
Type: geometry_msgs/msg/PoseStamped

Publisher count: 1

Node name: fake_vision
Node namespace: /
Topic type: geometry_msgs/msg/PoseStamped
Endpoint type: PUBLISHER
GID: 01.0f.df.56.8e.01.11.fc.00.00.00.00.00.00.11.03.00.00.00.00.00.00.00.00
QoS profile:
  Reliability: BEST_EFFORT
  History (Depth): UNKNOWN
  Durability: VOLATILE
  Lifespan: Infinite
  Deadline: Infinite
  Liveliness: AUTOMATIC
  Liveliness lease duration: Infinite

Subscription count: 1

Node name: offboard_node
Node namespace: /
Topic type: geometry_msgs/msg/PoseStamped
Endpoint type: SUBSCRIPTION
GID: 01.0f.df.56.19.06.84.cc.00.00.00.00.00.00.11.04.00.00.00.00.00.00.00.00
QoS profile:
  Reliability: BEST_EFFORT
  History (Depth): UNKNOWN
  Durability: VOLATILE
  Lifespan: Infinite
  Deadline: Infinite
  Liveliness: AUTOMATIC
  Liveliness lease duration: Infinite

Type: diagnostic_msgs/msg/DiagnosticArray

Publisher count: 1

Node name: fake_vision
Node namespace: /
Topic type: diagnostic_msgs/msg/DiagnosticArray
Endpoint type: PUBLISHER
GID: 01.0f.df.56.8e.01.11.fc.00.00.00.00.00.00.12.03.00.00.00.00.00.00.00.00
QoS profile:
  Reliability: BEST_EFFORT
  History (Depth): UNKNOWN
  Durability: VOLATILE
  Lifespan: Infinite
  Deadline: Infinite
  Liveliness: AUTOMATIC
  Liveliness lease duration: Infinite

Subscription count: 1

Node name: offboard_node
Node namespace: /
Topic type: diagnostic_msgs/msg/DiagnosticArray
Endpoint type: SUBSCRIPTION
GID: 01.0f.df.56.19.06.84.cc.00.00.00.00.00.00.12.04.00.00.00.00.00.00.00.00
QoS profile:
  Reliability: BEST_EFFORT
  History (Depth): UNKNOWN
  Durability: VOLATILE
  Lifespan: Infinite
  Deadline: Infinite
  Liveliness: AUTOMATIC
  Liveliness lease duration: Infinite

### t=1785264415 i=17
Type: geometry_msgs/msg/PoseStamped

Publisher count: 1

Node name: fake_vision
Node namespace: /
Topic type: geometry_msgs/msg/PoseStamped
Endpoint type: PUBLISHER
GID: 01.0f.df.56.8e.01.11.fc.00.00.00.00.00.00.11.03.00.00.00.00.00.00.00.00
QoS profile:
  Reliability: BEST_EFFORT
  History (Depth): UNKNOWN
  Durability: VOLATILE
  Lifespan: Infinite
  Deadline: Infinite
  Liveliness: AUTOMATIC
  Liveliness lease duration: Infinite

Subscription count: 1

Node name: offboard_node
Node namespace: /
Topic type: geometry_msgs/msg/PoseStamped
Endpoint type: SUBSCRIPTION
GID: 01.0f.df.56.19.06.84.cc.00.00.00.00.00.00.11.04.00.00.00.00.00.00.00.00
QoS profile:
  Reliability: BEST_EFFORT
  History (Depth): UNKNOWN
  Durability: VOLATILE
  Lifespan: Infinite
  Deadline: Infinite
  Liveliness: AUTOMATIC
  Liveliness lease duration: Infinite

Type: diagnostic_msgs/msg/DiagnosticArray

Publisher count: 1

Node name: fake_vision
Node namespace: /
Topic type: diagnostic_msgs/msg/DiagnosticArray
Endpoint type: PUBLISHER
GID: 01.0f.df.56.8e.01.11.fc.00.00.00.00.00.00.12.03.00.00.00.00.00.00.00.00
QoS profile:
  Reliability: BEST_EFFORT
  History (Depth): UNKNOWN
  Durability: VOLATILE
  Lifespan: Infinite
  Deadline: Infinite
  Liveliness: AUTOMATIC
  Liveliness lease duration: Infinite

Subscription count: 1

Node name: offboard_node
Node namespace: /
Topic type: diagnostic_msgs/msg/DiagnosticArray
Endpoint type: SUBSCRIPTION
GID: 01.0f.df.56.19.06.84.cc.00.00.00.00.00.00.12.04.00.00.00.00.00.00.00.00
QoS profile:
  Reliability: BEST_EFFORT
  History (Depth): UNKNOWN
  Durability: VOLATILE
  Lifespan: Infinite
  Deadline: Infinite
  Liveliness: AUTOMATIC
  Liveliness lease duration: Infinite

### t=1785264426 i=18
Type: geometry_msgs/msg/PoseStamped

Publisher count: 1

Node name: fake_vision
Node namespace: /
Topic type: geometry_msgs/msg/PoseStamped
Endpoint type: PUBLISHER
GID: 01.0f.df.56.8e.01.11.fc.00.00.00.00.00.00.11.03.00.00.00.00.00.00.00.00
QoS profile:
  Reliability: BEST_EFFORT
  History (Depth): UNKNOWN
  Durability: VOLATILE
  Lifespan: Infinite
  Deadline: Infinite
  Liveliness: AUTOMATIC
  Liveliness lease duration: Infinite

Subscription count: 1

Node name: offboard_node
Node namespace: /
Topic type: geometry_msgs/msg/PoseStamped
Endpoint type: SUBSCRIPTION
GID: 01.0f.df.56.19.06.84.cc.00.00.00.00.00.00.11.04.00.00.00.00.00.00.00.00
QoS profile:
  Reliability: BEST_EFFORT
  History (Depth): UNKNOWN
  Durability: VOLATILE
  Lifespan: Infinite
  Deadline: Infinite
  Liveliness: AUTOMATIC
  Liveliness lease duration: Infinite

Type: diagnostic_msgs/msg/DiagnosticArray

Publisher count: 1

Node name: fake_vision
Node namespace: /
Topic type: diagnostic_msgs/msg/DiagnosticArray
Endpoint type: PUBLISHER
GID: 01.0f.df.56.8e.01.11.fc.00.00.00.00.00.00.12.03.00.00.00.00.00.00.00.00
QoS profile:
  Reliability: BEST_EFFORT
  History (Depth): UNKNOWN
  Durability: VOLATILE
  Lifespan: Infinite
  Deadline: Infinite
  Liveliness: AUTOMATIC
  Liveliness lease duration: Infinite

Subscription count: 1

Node name: offboard_node
Node namespace: /
Topic type: diagnostic_msgs/msg/DiagnosticArray
Endpoint type: SUBSCRIPTION
GID: 01.0f.df.56.19.06.84.cc.00.00.00.00.00.00.12.04.00.00.00.00.00.00.00.00
QoS profile:
  Reliability: BEST_EFFORT
  History (Depth): UNKNOWN
  Durability: VOLATILE
  Lifespan: Infinite
  Deadline: Infinite
  Liveliness: AUTOMATIC
  Liveliness lease duration: Infinite

### t=1785264438 i=19
Type: geometry_msgs/msg/PoseStamped

Publisher count: 1

Node name: fake_vision
Node namespace: /
Topic type: geometry_msgs/msg/PoseStamped
Endpoint type: PUBLISHER
GID: 01.0f.df.56.8e.01.11.fc.00.00.00.00.00.00.11.03.00.00.00.00.00.00.00.00
QoS profile:
  Reliability: BEST_EFFORT
  History (Depth): UNKNOWN
  Durability: VOLATILE
  Lifespan: Infinite
  Deadline: Infinite
  Liveliness: AUTOMATIC
  Liveliness lease duration: Infinite

Subscription count: 1

Node name: offboard_node
Node namespace: /
Topic type: geometry_msgs/msg/PoseStamped
Endpoint type: SUBSCRIPTION
GID: 01.0f.df.56.19.06.84.cc.00.00.00.00.00.00.11.04.00.00.00.00.00.00.00.00
QoS profile:
  Reliability: BEST_EFFORT
  History (Depth): UNKNOWN
  Durability: VOLATILE
  Lifespan: Infinite
  Deadline: Infinite
  Liveliness: AUTOMATIC
  Liveliness lease duration: Infinite

Type: diagnostic_msgs/msg/DiagnosticArray

Publisher count: 1

Node name: fake_vision
Node namespace: /
Topic type: diagnostic_msgs/msg/DiagnosticArray
Endpoint type: PUBLISHER
GID: 01.0f.df.56.8e.01.11.fc.00.00.00.00.00.00.12.03.00.00.00.00.00.00.00.00
QoS profile:
  Reliability: BEST_EFFORT
  History (Depth): UNKNOWN
  Durability: VOLATILE
  Lifespan: Infinite
  Deadline: Infinite
  Liveliness: AUTOMATIC
  Liveliness lease duration: Infinite

Subscription count: 1

Node name: offboard_node
Node namespace: /
Topic type: diagnostic_msgs/msg/DiagnosticArray
Endpoint type: SUBSCRIPTION
GID: 01.0f.df.56.19.06.84.cc.00.00.00.00.00.00.12.04.00.00.00.00.00.00.00.00
QoS profile:
  Reliability: BEST_EFFORT
  History (Depth): UNKNOWN
  Durability: VOLATILE
  Lifespan: Infinite
  Deadline: Infinite
  Liveliness: AUTOMATIC
  Liveliness lease duration: Infinite

### t=1785264448 i=20
Type: geometry_msgs/msg/PoseStamped

Publisher count: 1

Node name: fake_vision
Node namespace: /
Topic type: geometry_msgs/msg/PoseStamped
Endpoint type: PUBLISHER
GID: 01.0f.df.56.8e.01.11.fc.00.00.00.00.00.00.11.03.00.00.00.00.00.00.00.00
QoS profile:
  Reliability: BEST_EFFORT
  History (Depth): UNKNOWN
  Durability: VOLATILE
  Lifespan: Infinite
  Deadline: Infinite
  Liveliness: AUTOMATIC
  Liveliness lease duration: Infinite

Subscription count: 1

Node name: offboard_node
Node namespace: /
Topic type: geometry_msgs/msg/PoseStamped
Endpoint type: SUBSCRIPTION
GID: 01.0f.df.56.19.06.84.cc.00.00.00.00.00.00.11.04.00.00.00.00.00.00.00.00
QoS profile:
  Reliability: BEST_EFFORT
  History (Depth): UNKNOWN
  Durability: VOLATILE
  Lifespan: Infinite
  Deadline: Infinite
  Liveliness: AUTOMATIC
  Liveliness lease duration: Infinite

Type: diagnostic_msgs/msg/DiagnosticArray

Publisher count: 1

Node name: fake_vision
Node namespace: /
Topic type: diagnostic_msgs/msg/DiagnosticArray
Endpoint type: PUBLISHER
GID: 01.0f.df.56.8e.01.11.fc.00.00.00.00.00.00.12.03.00.00.00.00.00.00.00.00
QoS profile:
  Reliability: BEST_EFFORT
  History (Depth): UNKNOWN
  Durability: VOLATILE
  Lifespan: Infinite
  Deadline: Infinite
  Liveliness: AUTOMATIC
  Liveliness lease duration: Infinite

Subscription count: 1

Node name: offboard_node
Node namespace: /
Topic type: diagnostic_msgs/msg/DiagnosticArray
Endpoint type: SUBSCRIPTION
GID: 01.0f.df.56.19.06.84.cc.00.00.00.00.00.00.12.04.00.00.00.00.00.00.00.00
QoS profile:
  Reliability: BEST_EFFORT
  History (Depth): UNKNOWN
  Durability: VOLATILE
  Lifespan: Infinite
  Deadline: Infinite
  Liveliness: AUTOMATIC
  Liveliness lease duration: Infinite

### t=1785264460 i=21
Type: geometry_msgs/msg/PoseStamped

Publisher count: 1

Node name: fake_vision
Node namespace: /
Topic type: geometry_msgs/msg/PoseStamped
Endpoint type: PUBLISHER
GID: 01.0f.df.56.8e.01.11.fc.00.00.00.00.00.00.11.03.00.00.00.00.00.00.00.00
QoS profile:
  Reliability: BEST_EFFORT
  History (Depth): UNKNOWN
  Durability: VOLATILE
  Lifespan: Infinite
  Deadline: Infinite
  Liveliness: AUTOMATIC
  Liveliness lease duration: Infinite

Subscription count: 1

Node name: offboard_node
Node namespace: /
Topic type: geometry_msgs/msg/PoseStamped
Endpoint type: SUBSCRIPTION
GID: 01.0f.df.56.19.06.84.cc.00.00.00.00.00.00.11.04.00.00.00.00.00.00.00.00
QoS profile:
  Reliability: BEST_EFFORT
  History (Depth): UNKNOWN
  Durability: VOLATILE
  Lifespan: Infinite
  Deadline: Infinite
  Liveliness: AUTOMATIC
  Liveliness lease duration: Infinite

Type: diagnostic_msgs/msg/DiagnosticArray

Publisher count: 1

Node name: fake_vision
Node namespace: /
Topic type: diagnostic_msgs/msg/DiagnosticArray
Endpoint type: PUBLISHER
GID: 01.0f.df.56.8e.01.11.fc.00.00.00.00.00.00.12.03.00.00.00.00.00.00.00.00
QoS profile:
  Reliability: BEST_EFFORT
  History (Depth): UNKNOWN
  Durability: VOLATILE
  Lifespan: Infinite
  Deadline: Infinite
  Liveliness: AUTOMATIC
  Liveliness lease duration: Infinite

Subscription count: 1

Node name: offboard_node
Node namespace: /
Topic type: diagnostic_msgs/msg/DiagnosticArray
Endpoint type: SUBSCRIPTION
GID: 01.0f.df.56.19.06.84.cc.00.00.00.00.00.00.12.04.00.00.00.00.00.00.00.00
QoS profile:
  Reliability: BEST_EFFORT
  History (Depth): UNKNOWN
  Durability: VOLATILE
  Lifespan: Infinite
  Deadline: Infinite
  Liveliness: AUTOMATIC
  Liveliness lease duration: Infinite

### t=1785264468 i=22
Type: geometry_msgs/msg/PoseStamped

Publisher count: 1

Node name: fake_vision
Node namespace: /
Topic type: geometry_msgs/msg/PoseStamped
Endpoint type: PUBLISHER
GID: 01.0f.df.56.8e.01.11.fc.00.00.00.00.00.00.11.03.00.00.00.00.00.00.00.00
QoS profile:
  Reliability: BEST_EFFORT
  History (Depth): UNKNOWN
  Durability: VOLATILE
  Lifespan: Infinite
  Deadline: Infinite
  Liveliness: AUTOMATIC
  Liveliness lease duration: Infinite

Subscription count: 1

Node name: offboard_node
Node namespace: /
Topic type: geometry_msgs/msg/PoseStamped
Endpoint type: SUBSCRIPTION
GID: 01.0f.df.56.19.06.84.cc.00.00.00.00.00.00.11.04.00.00.00.00.00.00.00.00
QoS profile:
  Reliability: BEST_EFFORT
  History (Depth): UNKNOWN
  Durability: VOLATILE
  Lifespan: Infinite
  Deadline: Infinite
  Liveliness: AUTOMATIC
  Liveliness lease duration: Infinite

Type: diagnostic_msgs/msg/DiagnosticArray

Publisher count: 1

Node name: fake_vision
Node namespace: /
Topic type: diagnostic_msgs/msg/DiagnosticArray
Endpoint type: PUBLISHER
GID: 01.0f.df.56.8e.01.11.fc.00.00.00.00.00.00.12.03.00.00.00.00.00.00.00.00
QoS profile:
  Reliability: BEST_EFFORT
  History (Depth): UNKNOWN
  Durability: VOLATILE
  Lifespan: Infinite
  Deadline: Infinite
  Liveliness: AUTOMATIC
  Liveliness lease duration: Infinite

Subscription count: 1

Node name: offboard_node
Node namespace: /
Topic type: diagnostic_msgs/msg/DiagnosticArray
Endpoint type: SUBSCRIPTION
GID: 01.0f.df.56.19.06.84.cc.00.00.00.00.00.00.12.04.00.00.00.00.00.00.00.00
QoS profile:
  Reliability: BEST_EFFORT
  History (Depth): UNKNOWN
  Durability: VOLATILE
  Lifespan: Infinite
  Deadline: Infinite
  Liveliness: AUTOMATIC
  Liveliness lease duration: Infinite

### t=1785264483 i=23
Type: geometry_msgs/msg/PoseStamped

Publisher count: 1

Node name: fake_vision
Node namespace: /
Topic type: geometry_msgs/msg/PoseStamped
Endpoint type: PUBLISHER
GID: 01.0f.df.56.8e.01.11.fc.00.00.00.00.00.00.11.03.00.00.00.00.00.00.00.00
QoS profile:
  Reliability: BEST_EFFORT
  History (Depth): UNKNOWN
  Durability: VOLATILE
  Lifespan: Infinite
  Deadline: Infinite
  Liveliness: AUTOMATIC
  Liveliness lease duration: Infinite

Subscription count: 1

Node name: offboard_node
Node namespace: /
Topic type: geometry_msgs/msg/PoseStamped
Endpoint type: SUBSCRIPTION
GID: 01.0f.df.56.19.06.84.cc.00.00.00.00.00.00.11.04.00.00.00.00.00.00.00.00
QoS profile:
  Reliability: BEST_EFFORT
  History (Depth): UNKNOWN
  Durability: VOLATILE
  Lifespan: Infinite
  Deadline: Infinite
  Liveliness: AUTOMATIC
  Liveliness lease duration: Infinite

Type: diagnostic_msgs/msg/DiagnosticArray

Publisher count: 1

Node name: fake_vision
Node namespace: /
Topic type: diagnostic_msgs/msg/DiagnosticArray
Endpoint type: PUBLISHER
GID: 01.0f.df.56.8e.01.11.fc.00.00.00.00.00.00.12.03.00.00.00.00.00.00.00.00
QoS profile:
  Reliability: BEST_EFFORT
  History (Depth): UNKNOWN
  Durability: VOLATILE
  Lifespan: Infinite
  Deadline: Infinite
  Liveliness: AUTOMATIC
  Liveliness lease duration: Infinite

Subscription count: 1

Node name: offboard_node
Node namespace: /
Topic type: diagnostic_msgs/msg/DiagnosticArray
Endpoint type: SUBSCRIPTION
GID: 01.0f.df.56.19.06.84.cc.00.00.00.00.00.00.12.04.00.00.00.00.00.00.00.00
QoS profile:
  Reliability: BEST_EFFORT
  History (Depth): UNKNOWN
  Durability: VOLATILE
  Lifespan: Infinite
  Deadline: Infinite
  Liveliness: AUTOMATIC
  Liveliness lease duration: Infinite

### t=1785264495 i=24
Type: geometry_msgs/msg/PoseStamped

Publisher count: 1

Node name: fake_vision
Node namespace: /
Topic type: geometry_msgs/msg/PoseStamped
Endpoint type: PUBLISHER
GID: 01.0f.df.56.8e.01.11.fc.00.00.00.00.00.00.11.03.00.00.00.00.00.00.00.00
QoS profile:
  Reliability: BEST_EFFORT
  History (Depth): UNKNOWN
  Durability: VOLATILE
  Lifespan: Infinite
  Deadline: Infinite
  Liveliness: AUTOMATIC
  Liveliness lease duration: Infinite

Subscription count: 0

Type: diagnostic_msgs/msg/DiagnosticArray

Publisher count: 1

Node name: fake_vision
Node namespace: /
Topic type: diagnostic_msgs/msg/DiagnosticArray
Endpoint type: PUBLISHER
GID: 01.0f.df.56.8e.01.11.fc.00.00.00.00.00.00.12.03.00.00.00.00.00.00.00.00
QoS profile:
  Reliability: BEST_EFFORT
  History (Depth): UNKNOWN
  Durability: VOLATILE
  Lifespan: Infinite
  Deadline: Infinite
  Liveliness: AUTOMATIC
  Liveliness lease duration: Infinite

Subscription count: 0

