[INFO] [launch]: All log files can be found below /root/.ros/log/2026-07-25-10-31-43-748816-doksuri-306
[INFO] [launch]: Default logging verbosity is set to INFO
[INFO] [telemetry_node-1]: process started with pid [308]
[INFO] [offboard_node-2]: process started with pid [310]
[offboard_node-2] [INFO] [1784975504.481798909] [offboard_node]: ARM 요청
[offboard_node-2] [INFO] [1784975505.830024209] [offboard_node]: 경로 원점 = 이륙지점 [N=-1.15, E=1.49, h_up=-0.61] 적용 (frame=takeoff) → WP0=[-1.15,1.49] 순항고도 h_up=4.39
[offboard_node-2] [INFO] [1784975505.831254031] [offboard_node]: CommandTOL 이륙 요청 alt=27.7m AMSL (지면 22.7+5.0) -> CLIMBING
[telemetry_node-1] [INFO] [1784975506.306846929] [telemetry_node]: pos_ned=[-1.14013481  1.44588852 -0.6583252 ]  yaw=0.566  armed=True  vtol=3  batt=0.00V/100%
[telemetry_node-1] [INFO] [1784975508.270581459] [telemetry_node]: pos_ned=[-1.11281717  1.24965572 -0.85501099]  yaw=0.571  armed=True  vtol=3  batt=16.07V/69%
[telemetry_node-1] [INFO] [1784975510.270610094] [telemetry_node]: pos_ned=[-1.26010382  1.17476165 -0.96746445]  yaw=0.495  armed=True  vtol=3  batt=14.98V/44%
[telemetry_node-1] [INFO] [1784975512.270457891] [telemetry_node]: pos_ned=[-2.04596233  1.68332601 -0.0442791 ]  yaw=-0.106  armed=True  vtol=3  batt=13.07V/0%
[telemetry_node-1] [INFO] [1784975514.270582554] [telemetry_node]: pos_ned=[-5.04718733  1.2969836   0.10440063]  yaw=-0.548  armed=True  vtol=3  batt=12.78V/0%
[telemetry_node-1] [INFO] [1784975516.270558378] [telemetry_node]: pos_ned=[-7.46827173 -3.60448956 -0.59812355]  yaw=-0.532  armed=True  vtol=3  batt=12.48V/0%
[telemetry_node-1] [INFO] [1784975518.270379494] [telemetry_node]: pos_ned=[ -7.56721735 -10.47215843   0.73152351]  yaw=-1.539  armed=True  vtol=3  batt=12.72V/0%
[telemetry_node-1] [INFO] [1784975520.270667830] [telemetry_node]: pos_ned=[ -7.70872736 -11.0700655    1.99313164]  yaw=-1.492  armed=True  vtol=3  batt=11.99V/0%
[telemetry_node-1] [INFO] [1784975522.270668105] [telemetry_node]: pos_ned=[-7.13268757 -9.20470428  2.39253235]  yaw=-1.529  armed=True  vtol=3  batt=12.76V/0%
[telemetry_node-1] [INFO] [1784975524.270462467] [telemetry_node]: pos_ned=[-6.18445206 -5.28548098  2.26008224]  yaw=-1.452  armed=True  vtol=3  batt=12.40V/0%
[telemetry_node-1] [INFO] [1784975526.270480324] [telemetry_node]: pos_ned=[-6.34002972 -2.30473804  1.15714836]  yaw=-1.531  armed=True  vtol=3  batt=12.62V/0%
[telemetry_node-1] [INFO] [1784975528.270376210] [telemetry_node]: pos_ned=[-3.88399649  0.18146475  0.66352081]  yaw=-1.627  armed=True  vtol=3  batt=12.37V/0%
[telemetry_node-1] [INFO] [1784975530.270478459] [telemetry_node]: pos_ned=[-2.01555848  2.33090043  0.01674843]  yaw=-1.809  armed=True  vtol=3  batt=12.59V/0%
[telemetry_node-1] [INFO] [1784975532.270364513] [telemetry_node]: pos_ned=[-1.94941056  3.09086037 -1.09755516]  yaw=-1.826  armed=True  vtol=3  batt=12.49V/0%
