[INFO] [launch]: All log files can be found below /root/.ros/log/2026-07-27-02-27-08-385769-DESKTOP-Kilogram-1143
[INFO] [launch]: Default logging verbosity is set to INFO
[INFO] [telemetry_node-1]: process started with pid [1146]
[INFO] [offboard_node-2]: process started with pid [1148]
[offboard_node-2] [WARN] [1785086829.473502438] [offboard_node]: /mavros/cmd/arming 서비스 없음
[offboard_node-2] [WARN] [1785086829.512812099] [offboard_node]: /mavros/cmd/arming 서비스 없음
[offboard_node-2] [WARN] [1785086829.612826037] [offboard_node]: /mavros/cmd/arming 서비스 없음
[offboard_node-2] [WARN] [1785086829.713074657] [offboard_node]: /mavros/cmd/arming 서비스 없음
[offboard_node-2] [WARN] [1785086829.812749526] [offboard_node]: /mavros/cmd/arming 서비스 없음
[offboard_node-2] [WARN] [1785086829.912581542] [offboard_node]: /mavros/cmd/arming 서비스 없음
[offboard_node-2] [INFO] [1785086830.014562536] [offboard_node]: ARM 요청
[offboard_node-2] [INFO] [1785086830.322999056] [offboard_node]: CommandTOL 이륙 요청 alt=50.2m AMSL (지면 0.2+50.0) -> CLIMBING
[telemetry_node-1] [INFO] [1785086831.151216356] [telemetry_node]: pos_ned=[0.03261253 0.00369058 0.07328708]  yaw=1.699  armed=True  vtol=3  batt=0.00V/100%
[telemetry_node-1] [INFO] [1785086833.105449301] [telemetry_node]: pos_ned=[0.04153591 0.00568661 0.07598034]  yaw=1.699  armed=True  vtol=3  batt=16.16V/99%
[telemetry_node-1] [INFO] [1785086835.106226464] [telemetry_node]: pos_ned=[0.04346454 0.03410555 0.56867665]  yaw=1.695  armed=True  vtol=3  batt=16.10V/96%
[telemetry_node-1] [INFO] [1785086837.105716494] [telemetry_node]: pos_ned=[0.06040663 0.0057261  2.9227879 ]  yaw=1.685  armed=True  vtol=3  batt=16.04V/93%
[telemetry_node-1] [INFO] [1785086839.105496026] [telemetry_node]: pos_ned=[0.07176374 0.01617672 5.58808041]  yaw=1.681  armed=True  vtol=3  batt=15.98V/90%
[telemetry_node-1] [INFO] [1785086841.105565630] [telemetry_node]: pos_ned=[ 4.64484543e-02 -8.25110730e-03  8.33499908e+00]  yaw=1.678  armed=True  vtol=3  batt=15.92V/86%
[telemetry_node-1] [INFO] [1785086843.105590599] [telemetry_node]: pos_ned=[ 4.58798967e-02 -7.85209588e-04  1.12819042e+01]  yaw=1.682  armed=True  vtol=3  batt=15.86V/83%
[telemetry_node-1] [INFO] [1785086845.105628985] [telemetry_node]: pos_ned=[ 4.67323139e-02 -8.56006797e-03  1.68757935e+01]  yaw=1.683  armed=True  vtol=3  batt=15.80V/80%
[telemetry_node-1] [INFO] [1785086847.105632835] [telemetry_node]: pos_ned=[ 2.59022806e-02 -1.92862973e-02  2.25295238e+01]  yaw=1.685  armed=True  vtol=3  batt=15.74V/76%
[telemetry_node-1] [INFO] [1785086849.105913197] [telemetry_node]: pos_ned=[ 2.43149679e-02 -5.03585152e-02  2.82229118e+01]  yaw=1.681  armed=True  vtol=3  batt=15.68V/73%
[telemetry_node-1] [INFO] [1785086851.105817199] [telemetry_node]: pos_ned=[ 3.34464051e-02 -1.79541465e-02  3.34599075e+01]  yaw=1.679  armed=True  vtol=3  batt=15.62V/70%
[telemetry_node-1] [INFO] [1785086855.423744996] [telemetry_node]: pos_ned=[ 1.93387568e-02 -2.03807075e-02  3.72587128e+01]  yaw=1.677  armed=True  vtol=3  batt=15.56V/66%
[telemetry_node-1] [INFO] [1785086857.105931809] [telemetry_node]: pos_ned=[ 1.45886326e-02 -2.37715840e-02  4.20431404e+01]  yaw=1.683  armed=True  vtol=3  batt=15.50V/63%
[telemetry_node-1] [INFO] [1785086859.105698021] [telemetry_node]: pos_ned=[ 0.04831018 -0.05320915 46.58181   ]  yaw=1.687  armed=True  vtol=3  batt=15.44V/60%
[telemetry_node-1] [INFO] [1785086861.105485133] [telemetry_node]: pos_ned=[ 4.05869074e-02 -2.52605211e-02  4.86127892e+01]  yaw=1.693  armed=True  vtol=3  batt=15.38V/56%
[telemetry_node-1] [INFO] [1785086863.105401854] [telemetry_node]: pos_ned=[ 2.83579826e-02 -5.58887934e-03  4.94442596e+01]  yaw=1.693  armed=True  vtol=3  batt=15.32V/53%
[offboard_node-2] [INFO] [1785086864.011993070] [offboard_node]: 운용 고도 50.0m 도달 → transition_fw
[telemetry_node-1] [INFO] [1785086865.105407058] [telemetry_node]: pos_ned=[3.74376290e-02 2.77987984e-03 4.97593460e+01]  yaw=1.700  armed=True  vtol=3  batt=15.30V/51%
[offboard_node-2] [INFO] [1785086866.012398117] [offboard_node]: 천이 전 MC OFFBOARD 요청 (헤딩 정렬 대기)
[telemetry_node-1] [INFO] [1785086867.105469744] [telemetry_node]: pos_ned=[ 2.41676737e-02 -9.83176194e-03  4.97270432e+01]  yaw=1.578  armed=True  vtol=3  batt=15.30V/50%
[telemetry_node-1] [INFO] [1785086869.105484215] [telemetry_node]: pos_ned=[7.17431903e-02 1.50899580e-02 4.94614410e+01]  yaw=0.743  armed=True  vtol=3  batt=15.30V/50%
[telemetry_node-1] [INFO] [1785086871.105731004] [telemetry_node]: pos_ned=[6.48130774e-02 1.22092729e-02 4.91849060e+01]  yaw=0.375  armed=True  vtol=3  batt=15.30V/50%
[telemetry_node-1] [INFO] [1785086873.106026389] [telemetry_node]: pos_ned=[-1.45574450e-03  1.21601229e-03  4.89819031e+01]  yaw=0.203  armed=True  vtol=3  batt=15.30V/50%
[telemetry_node-1] [INFO] [1785086875.105550630] [telemetry_node]: pos_ned=[-4.00080793e-02 -1.83305610e-02  4.88385849e+01]  yaw=0.113  armed=True  vtol=3  batt=15.30V/50%
[telemetry_node-1] [INFO] [1785086877.105321575] [telemetry_node]: pos_ned=[-8.55703205e-02  8.85458756e-03  4.86860085e+01]  yaw=0.063  armed=True  vtol=3  batt=15.30V/50%
[telemetry_node-1] [INFO] [1785086879.105760021] [telemetry_node]: pos_ned=[-8.60402957e-02 -2.18576323e-02  4.85424461e+01]  yaw=0.044  armed=True  vtol=3  batt=15.30V/50%
[offboard_node-2] [INFO] [1785086879.812131929] [offboard_node]: 헤딩 정렬 완료 target=0.0° current=2.4° err=-2.4° (20틱 안정) → 전진 + 천이 명령
[offboard_node-2] [INFO] [1785086879.813101572] [offboard_node]: MC→FW 천이 명령 요청 (위치 setpoint 직선 천이)
[telemetry_node-1] [INFO] [1785086881.105615621] [telemetry_node]: pos_ned=[4.45397347e-01 4.36340272e-03 4.88335037e+01]  yaw=0.040  armed=True  vtol=1  batt=15.30V/50%
[offboard_node-2] [INFO] [1785086882.511836193] [offboard_node]: FW 전환 완료 -> STREAMING
[offboard_node-2] [INFO] [1785086882.618373969] [offboard_node]: OFFBOARD 확인 → FOLLOWING
[offboard_node-2] [INFO] [1785086882.725403505] [offboard_node]: FOLLOWING 시작 pos=[13.9,-0.6] tgt=[83.9,0.0] cte=-0.6m mode=OFFBOARD
[telemetry_node-1] [INFO] [1785086883.105457694] [telemetry_node]: pos_ned=[20.86410713 -0.88396221 48.16703033]  yaw=-0.032  armed=True  vtol=4  batt=15.30V/50%
[offboard_node-2] [INFO] [1785086884.622402670] [offboard_node]: FOLLOWING tick=20 mode=OFFBOARD cte=-1.1m pos=[45.8,-1.1] tgt=[115.8,0.0]
[telemetry_node-1] [INFO] [1785086885.105735258] [telemetry_node]: pos_ned=[53.10315704 -1.10662127 52.27806091]  yaw=-0.021  armed=True  vtol=4  batt=15.30V/50%
[offboard_node-2] [INFO] [1785086886.624914241] [offboard_node]: FOLLOWING tick=40 mode=OFFBOARD cte=-1.0m pos=[76.0,-1.0] tgt=[146.0,0.0]
[telemetry_node-1] [INFO] [1785086887.105898758] [telemetry_node]: pos_ned=[84.00259399 -0.97271603 48.81351852]  yaw=-0.010  armed=True  vtol=4  batt=15.30V/50%
[telemetry_node-1] [INFO] [1785086890.884354307] [telemetry_node]: pos_ned=[96.14076233 -0.94612092 48.91353989]  yaw=-0.000  armed=True  vtol=4  batt=15.30V/50%
[telemetry_node-1] [INFO] [1785086891.105685826] [telemetry_node]: pos_ned=[99.72769928 -0.93759423 49.01342392]  yaw=0.003  armed=True  vtol=4  batt=15.30V/50%
[offboard_node-2] [INFO] [1785086891.522721950] [offboard_node]: FOLLOWING tick=60 mode=OFFBOARD cte=-0.9m pos=[105.8,-0.9] tgt=[175.8,0.0]
[telemetry_node-1] [INFO] [1785086893.105709010] [telemetry_node]: pos_ned=[129.96929932  -0.80591631  48.94028473]  yaw=0.021  armed=True  vtol=4  batt=15.30V/50%
[offboard_node-2] [INFO] [1785086893.524462894] [offboard_node]: FOLLOWING tick=80 mode=OFFBOARD cte=-0.8m pos=[136.0,-0.8] tgt=[206.0,0.0]
[telemetry_node-1] [INFO] [1785086895.105401795] [telemetry_node]: pos_ned=[159.77093506  -0.70562756  48.95263672]  yaw=0.010  armed=True  vtol=4  batt=15.30V/50%
[offboard_node-2] [INFO] [1785086895.529560074] [offboard_node]: FOLLOWING tick=100 mode=OFFBOARD cte=-0.7m pos=[165.6,-0.7] tgt=[235.6,0.0]
[telemetry_node-1] [INFO] [1785086897.105559094] [telemetry_node]: pos_ned=[188.79119873  -0.65176654  49.04820251]  yaw=-0.014  armed=True  vtol=4  batt=15.30V/50%
[offboard_node-2] [INFO] [1785086897.526102961] [offboard_node]: FOLLOWING tick=120 mode=OFFBOARD cte=-0.6m pos=[194.5,-0.6] tgt=[264.5,0.0]
[telemetry_node-1] [INFO] [1785086899.105437063] [telemetry_node]: pos_ned=[217.37805176  -0.64067912  49.13180542]  yaw=-0.024  armed=True  vtol=4  batt=15.30V/50%
[offboard_node-2] [INFO] [1785086899.523745207] [offboard_node]: FOLLOWING tick=140 mode=OFFBOARD cte=-0.7m pos=[223.1,-0.7] tgt=[293.1,0.0]
[telemetry_node-1] [INFO] [1785086901.105708406] [telemetry_node]: pos_ned=[245.72795105  -0.73122078  49.23474884]  yaw=-0.014  armed=True  vtol=4  batt=15.30V/50%
[offboard_node-2] [INFO] [1785086901.521203801] [offboard_node]: FOLLOWING tick=160 mode=OFFBOARD cte=-0.8m pos=[251.4,-0.8] tgt=[300.0,0.0]
[telemetry_node-1] [INFO] [1785086903.105569645] [telemetry_node]: pos_ned=[273.89312744  -0.82484156  49.3544426 ]  yaw=0.000  armed=True  vtol=4  batt=15.30V/50%
[offboard_node-2] [INFO] [1785086903.529669026] [offboard_node]: FOLLOWING tick=180 mode=OFFBOARD cte=-0.8m pos=[279.5,-0.8] tgt=[300.0,0.0]
[offboard_node-2] [INFO] [1785086904.323884762] [offboard_node]: 경로 추종 완료 -> transition_mc
[offboard_node-2] [INFO] [1785086904.412760451] [offboard_node]: FW->MC 역천이 명령 요청
[telemetry_node-1] [INFO] [1785086905.105472464] [telemetry_node]: pos_ned=[301.76531982  -0.96503365  49.43656158]  yaw=0.002  armed=True  vtol=2  batt=15.30V/50%
[telemetry_node-1] [INFO] [1785086907.105539263] [telemetry_node]: pos_ned=[324.71829224  -1.13186479  49.7033577 ]  yaw=0.002  armed=True  vtol=2  batt=15.30V/50%
[telemetry_node-1] [INFO] [1785086909.105317575] [telemetry_node]: pos_ned=[339.90081787  -1.30881178  50.21842194]  yaw=0.021  armed=True  vtol=2  batt=15.30V/50%
[offboard_node-2] [INFO] [1785086909.712237798] [offboard_node]: MC 전환 완료 -> HOLD (WP1 복귀)
[telemetry_node-1] [INFO] [1785086911.105361547] [telemetry_node]: pos_ned=[345.87173462  -1.35654879  49.85371017]  yaw=0.040  armed=True  vtol=3  batt=15.30V/50%
[offboard_node-2] [INFO] [1785086911.712096991] [offboard_node]: WP1 홀드 dist=41.4m speed=8.8m/s stable=0/10
[telemetry_node-1] [INFO] [1785086913.105318410] [telemetry_node]: pos_ned=[330.25878906  -0.78192252  49.76075745]  yaw=0.038  armed=True  vtol=3  batt=15.30V/50%
[offboard_node-2] [INFO] [1785086913.712466382] [offboard_node]: WP1 홀드 dist=26.0m speed=7.9m/s stable=0/10
[telemetry_node-1] [INFO] [1785086915.105910052] [telemetry_node]: pos_ned=[314.81716919  -0.43998614  49.78320312]  yaw=0.036  armed=True  vtol=3  batt=15.30V/50%
[offboard_node-2] [INFO] [1785086915.712210810] [offboard_node]: WP1 홀드 dist=10.1m speed=8.0m/s stable=0/10
[telemetry_node-1] [INFO] [1785086917.105503516] [telemetry_node]: pos_ned=[ 3.02037415e+02 -1.46291897e-01  5.02313881e+01]  yaw=0.033  armed=True  vtol=3  batt=15.30V/50%
[offboard_node-2] [INFO] [1785086917.712255484] [offboard_node]: WP1 홀드 dist=1.2m speed=0.7m/s stable=3/10
[offboard_node-2] [INFO] [1785086918.312178063] [offboard_node]: WP1 도달·안정 → LANDING (dist=0.9m speed=0.2m/s)
[offboard_node-2] [INFO] [1785086918.412349744] [offboard_node]: AUTO.LAND 요청
[telemetry_node-1] [INFO] [1785086919.105390703] [telemetry_node]: pos_ned=[ 3.01001526e+02 -1.64389089e-02  4.95520554e+01]  yaw=0.027  armed=True  vtol=3  batt=15.30V/50%
[telemetry_node-1] [INFO] [1785086921.105374548] [telemetry_node]: pos_ned=[ 3.00927490e+02 -1.07158413e-02  4.66699486e+01]  yaw=0.026  armed=True  vtol=3  batt=15.30V/50%
[telemetry_node-1] [INFO] [1785086923.105916581] [telemetry_node]: pos_ned=[ 3.00983307e+02 -4.47233245e-02  4.37362442e+01]  yaw=0.026  armed=True  vtol=3  batt=15.30V/50%
[telemetry_node-1] [INFO] [1785086926.515122068] [telemetry_node]: pos_ned=[ 3.01032501e+02 -3.72630060e-02  4.33432465e+01]  yaw=0.026  armed=True  vtol=3  batt=15.30V/50%
[telemetry_node-1] [INFO] [1785086927.106069985] [telemetry_node]: pos_ned=[ 3.01136749e+02 -2.91222204e-02  4.24442139e+01]  yaw=0.026  armed=True  vtol=3  batt=15.30V/50%
[telemetry_node-1] [INFO] [1785086929.106025239] [telemetry_node]: pos_ned=[3.01024200e+02 1.47699602e-02 3.94252319e+01]  yaw=0.025  armed=True  vtol=3  batt=15.30V/50%
[telemetry_node-1] [INFO] [1785086931.105731028] [telemetry_node]: pos_ned=[ 3.01097412e+02 -4.82408982e-03  3.64674263e+01]  yaw=0.024  armed=True  vtol=3  batt=15.30V/50%
[telemetry_node-1] [INFO] [1785086933.106091043] [telemetry_node]: pos_ned=[3.00967865e+02 1.34402374e-02 3.34692841e+01]  yaw=0.024  armed=True  vtol=3  batt=15.30V/50%
[telemetry_node-1] [INFO] [1785086935.105560616] [telemetry_node]: pos_ned=[ 3.00968475e+02 -1.25937397e-02  3.04989052e+01]  yaw=0.022  armed=True  vtol=3  batt=15.30V/50%
[telemetry_node-1] [INFO] [1785086937.105995988] [telemetry_node]: pos_ned=[ 3.01047485e+02 -1.07226502e-02  2.74831333e+01]  yaw=0.022  armed=True  vtol=3  batt=15.30V/50%
[telemetry_node-1] [INFO] [1785086939.105443354] [telemetry_node]: pos_ned=[ 3.00977570e+02 -1.59729980e-02  2.45078487e+01]  yaw=0.021  armed=True  vtol=3  batt=15.30V/50%
[telemetry_node-1] [INFO] [1785086941.106153456] [telemetry_node]: pos_ned=[ 3.01088715e+02 -1.02243479e-02  2.15134354e+01]  yaw=0.019  armed=True  vtol=3  batt=15.30V/50%
[telemetry_node-1] [INFO] [1785086943.105963459] [telemetry_node]: pos_ned=[3.00984406e+02 1.24411378e-02 1.85070095e+01]  yaw=0.019  armed=True  vtol=3  batt=15.30V/50%
[telemetry_node-1] [INFO] [1785086945.105737709] [telemetry_node]: pos_ned=[ 3.01020325e+02 -1.49116619e-03  1.55358372e+01]  yaw=0.018  armed=True  vtol=3  batt=15.30V/50%
[telemetry_node-1] [INFO] [1785086947.105716366] [telemetry_node]: pos_ned=[ 3.01081482e+02 -1.38623072e-02  1.25069513e+01]  yaw=0.018  armed=True  vtol=3  batt=15.30V/50%
[telemetry_node-1] [INFO] [1785086949.105597355] [telemetry_node]: pos_ned=[ 3.01015625e+02 -2.63366364e-02  9.52269650e+00]  yaw=0.018  armed=True  vtol=3  batt=15.30V/50%
[telemetry_node-1] [INFO] [1785086951.105782153] [telemetry_node]: pos_ned=[ 3.01006989e+02 -1.57543737e-03  7.10621786e+00]  yaw=0.018  armed=True  vtol=3  batt=15.30V/50%
[telemetry_node-1] [INFO] [1785086953.105824405] [telemetry_node]: pos_ned=[ 3.01009949e+02 -2.01636050e-02  5.30685997e+00]  yaw=0.018  armed=True  vtol=3  batt=15.30V/50%
[telemetry_node-1] [INFO] [1785086955.105920404] [telemetry_node]: pos_ned=[ 3.00982574e+02 -2.78527196e-02  3.87268066e+00]  yaw=0.019  armed=True  vtol=3  batt=15.30V/50%
[telemetry_node-1] [INFO] [1785086957.107487728] [telemetry_node]: pos_ned=[ 3.00995728e+02 -3.46373431e-02  2.49263716e+00]  yaw=0.020  armed=True  vtol=3  batt=15.30V/50%
[telemetry_node-1] [INFO] [1785086961.973855379] [telemetry_node]: pos_ned=[ 3.01017578e+02 -3.48704308e-02  1.17584240e+00]  yaw=0.020  armed=True  vtol=3  batt=15.30V/50%
[telemetry_node-1] [INFO] [1785086963.106627396] [telemetry_node]: pos_ned=[ 3.01031433e+02 -3.23951356e-02  3.71208757e-01]  yaw=0.021  armed=True  vtol=3  batt=15.30V/50%
[telemetry_node-1] [INFO] [1785086965.105480687] [telemetry_node]: pos_ned=[ 3.01007904e+02 -6.77384362e-02  9.25429389e-02]  yaw=0.020  armed=True  vtol=3  batt=15.30V/50%
[telemetry_node-1] [INFO] [1785086967.106375251] [telemetry_node]: pos_ned=[ 3.00989594e+02 -7.53131360e-02  7.41965845e-02]  yaw=0.020  armed=True  vtol=3  batt=15.30V/50%
[offboard_node-2] [INFO] [1785086967.611871747] [offboard_node]: 착륙 완료 (disarmed) -> DONE
[telemetry_node-1] [INFO] [1785086969.106581683] [telemetry_node]: pos_ned=[ 3.01011841e+02 -5.00667393e-02  8.09019804e-03]  yaw=0.019  armed=False  vtol=3  batt=16.20V/80%
[telemetry_node-1] [INFO] [1785086971.105840929] [telemetry_node]: pos_ned=[ 3.01025208e+02 -8.34191218e-02  1.43832788e-02]  yaw=0.019  armed=False  vtol=3  batt=16.20V/97%
[telemetry_node-1] [INFO] [1785086973.105706235] [telemetry_node]: pos_ned=[ 3.00999603e+02 -6.99055865e-02 -1.67709664e-02]  yaw=0.019  armed=False  vtol=3  batt=16.20V/100%
[WARNING] [launch]: user interrupted with ctrl-c (SIGINT)
[INFO] [offboard_node-2]: sending signal 'SIGINT' to process[offboard_node-2]
[INFO] [telemetry_node-1]: sending signal 'SIGINT' to process[telemetry_node-1]
[offboard_node-2] Traceback (most recent call last):
[offboard_node-2]   File "/root/drone_ws/install/fc_ros/lib/python3.10/site-packages/fc_ros/nodes/offboard_node.py", line 1204, in main
[telemetry_node-1] Traceback (most recent call last):
[telemetry_node-1]   File "/root/drone_ws/install/fc_ros/lib/python3.10/site-packages/fc_ros/nodes/telemetry_node.py", line 109, in main
[telemetry_node-1]     rclpy.spin(node)
[telemetry_node-1]   File "/opt/ros/humble/local/lib/python3.10/dist-packages/rclpy/__init__.py", line 229, in spin
[offboard_node-2]     rclpy.spin(node)
[offboard_node-2]   File "/opt/ros/humble/local/lib/python3.10/dist-packages/rclpy/__init__.py", line 229, in spin
[offboard_node-2]     executor.spin_once()
[offboard_node-2]   File "/opt/ros/humble/local/lib/python3.10/dist-packages/rclpy/executors.py", line 808, in spin_once
[telemetry_node-1]     executor.spin_once()
[telemetry_node-1]   File "/opt/ros/humble/local/lib/python3.10/dist-packages/rclpy/executors.py", line 808, in spin_once
[offboard_node-2]     self._spin_once_impl(timeout_sec)
[offboard_node-2]   File "/opt/ros/humble/local/lib/python3.10/dist-packages/rclpy/executors.py", line 797, in _spin_once_impl
[telemetry_node-1]     self._spin_once_impl(timeout_sec)
[telemetry_node-1]   File "/opt/ros/humble/local/lib/python3.10/dist-packages/rclpy/executors.py", line 797, in _spin_once_impl
[telemetry_node-1]     handler, entity, node = self.wait_for_ready_callbacks(timeout_sec=timeout_sec)
[telemetry_node-1]   File "/opt/ros/humble/local/lib/python3.10/dist-packages/rclpy/executors.py", line 780, in wait_for_ready_callbacks
[telemetry_node-1]     return next(self._cb_iter)
[telemetry_node-1]   File "/opt/ros/humble/local/lib/python3.10/dist-packages/rclpy/executors.py", line 677, in _wait_for_ready_callbacks
[telemetry_node-1]     wait_set.wait(timeout_nsec)
[telemetry_node-1] KeyboardInterrupt
[telemetry_node-1] 
[telemetry_node-1] During handling of the above exception, another exception occurred:
[telemetry_node-1] 
[telemetry_node-1] Traceback (most recent call last):
[telemetry_node-1]   File "/root/drone_ws/install/fc_ros/lib/fc_ros/telemetry_node", line 33, in <module>
[telemetry_node-1]     sys.exit(load_entry_point('fc-ros==0.1.0', 'console_scripts', 'telemetry_node')())
[telemetry_node-1]   File "/root/drone_ws/install/fc_ros/lib/python3.10/site-packages/fc_ros/nodes/telemetry_node.py", line 111, in main
[offboard_node-2]     handler, entity, node = self.wait_for_ready_callbacks(timeout_sec=timeout_sec)
[offboard_node-2]   File "/opt/ros/humble/local/lib/python3.10/dist-packages/rclpy/executors.py", line 780, in wait_for_ready_callbacks
[offboard_node-2]     return next(self._cb_iter)
[offboard_node-2]   File "/opt/ros/humble/local/lib/python3.10/dist-packages/rclpy/executors.py", line 677, in _wait_for_ready_callbacks
[offboard_node-2]     wait_set.wait(timeout_nsec)
[offboard_node-2] KeyboardInterrupt
[offboard_node-2] 
[offboard_node-2] During handling of the above exception, another exception occurred:
[offboard_node-2] 
[offboard_node-2] Traceback (most recent call last):
[offboard_node-2]   File "/root/drone_ws/install/fc_ros/lib/fc_ros/offboard_node", line 33, in <module>
[offboard_node-2]     sys.exit(load_entry_point('fc-ros==0.1.0', 'console_scripts', 'offboard_node')())
[offboard_node-2]   File "/root/drone_ws/install/fc_ros/lib/python3.10/site-packages/fc_ros/nodes/offboard_node.py", line 1206, in main
[telemetry_node-1]     node.destroy_node()
[telemetry_node-1]   File "/opt/ros/humble/local/lib/python3.10/dist-packages/rclpy/node.py", line 1691, in destroy_node
[offboard_node-2]     node.destroy_node()
[offboard_node-2]   File "/opt/ros/humble/local/lib/python3.10/dist-packages/rclpy/node.py", line 1687, in destroy_node
[offboard_node-2]     self.destroy_subscription(self._subscriptions[0])
[offboard_node-2]   File "/opt/ros/humble/local/lib/python3.10/dist-packages/rclpy/node.py", line 1583, in destroy_subscription
[telemetry_node-1]     self.destroy_service(self._services[0])
[telemetry_node-1]   File "/opt/ros/humble/local/lib/python3.10/dist-packages/rclpy/node.py", line 1615, in destroy_service
[offboard_node-2]     subscription.destroy()
[offboard_node-2]   File "/opt/ros/humble/local/lib/python3.10/dist-packages/rclpy/subscription.py", line 80, in destroy
[telemetry_node-1]     service.destroy()
[telemetry_node-1]   File "/opt/ros/humble/local/lib/python3.10/dist-packages/rclpy/service.py", line 93, in destroy
[telemetry_node-1]     self.__service.destroy_when_not_in_use()
[telemetry_node-1] KeyboardInterrupt
[offboard_node-2]     self.handle.destroy_when_not_in_use()
[offboard_node-2] KeyboardInterrupt
[ERROR] [telemetry_node-1]: process has died [pid 1146, exit code -2, cmd '/root/drone_ws/install/fc_ros/lib/fc_ros/telemetry_node --ros-args -r __node:=telemetry_node'].
[ERROR] [offboard_node-2]: process has died [pid 1148, exit code -2, cmd '/root/drone_ws/install/fc_ros/lib/fc_ros/offboard_node --ros-args -r __node:=offboard_node --params-file /root/drone_ws/install/fc_ros/share/fc_ros/params/fc_ros_params.yaml --params-file /tmp/launch_params_llnoiu0c'].
