[INFO] [1785263754.249721789] [fake_vision]: fake_vision 시작 mode=steady target ENU=(6.0,302.0,0.2) rate=4.4Hz watch=/root/ws_f2/src/suridoksuri/logs/2026-07-29_f2_verify/R2_vision_success/node.log match='VISION_SEARCH'
[WARN] [1785263871.952888185] [fake_vision]: 트리거 성립 t=113.4s
[INFO] [1785263876.726898012] [fake_vision]: t=4.8s emitted=22 veto=False hint=False
[INFO] [1785263881.726717589] [fake_vision]: t=9.8s emitted=44 veto=False hint=False
[INFO] [1785263888.089586551] [fake_vision]: t=14.5s emitted=66 veto=False hint=False
[INFO] [1785263893.090476697] [fake_vision]: t=19.5s emitted=88 veto=False hint=False
[INFO] [1785263898.089349633] [fake_vision]: t=24.5s emitted=110 veto=False hint=False
[INFO] [1785263903.089870318] [fake_vision]: t=29.5s emitted=132 veto=False hint=False
[INFO] [1785263908.090108782] [fake_vision]: t=34.5s emitted=154 veto=False hint=False
[INFO] [1785263913.089498498] [fake_vision]: t=39.5s emitted=176 veto=False hint=False
[INFO] [1785263918.089467937] [fake_vision]: t=44.5s emitted=198 veto=False hint=False
[INFO] [1785263924.453537191] [fake_vision]: t=49.5s emitted=220 veto=False hint=False
[INFO] [1785263929.453551743] [fake_vision]: t=54.5s emitted=242 veto=False hint=False
[INFO] [1785263934.453593275] [fake_vision]: t=59.5s emitted=264 veto=False hint=False
[INFO] [1785263939.453212581] [fake_vision]: t=64.5s emitted=286 veto=False hint=False
[INFO] [1785263944.453652310] [fake_vision]: t=69.5s emitted=308 veto=False hint=False
[INFO] [1785263949.453213964] [fake_vision]: t=74.5s emitted=330 veto=False hint=False
[INFO] [1785263955.817290745] [fake_vision]: t=79.4s emitted=352 veto=False hint=False
[INFO] [1785263960.818393928] [fake_vision]: t=84.4s emitted=374 veto=False hint=False
[INFO] [1785263965.817090694] [fake_vision]: t=89.4s emitted=396 veto=False hint=False
[INFO] [1785263970.816799756] [fake_vision]: t=94.4s emitted=418 veto=False hint=False
[INFO] [1785263975.817196389] [fake_vision]: t=99.4s emitted=440 veto=False hint=False
[INFO] [1785263980.817220048] [fake_vision]: t=104.4s emitted=462 veto=False hint=False
[INFO] [1785263985.817438163] [fake_vision]: t=109.4s emitted=484 veto=False hint=False
[INFO] [1785263992.180706144] [fake_vision]: t=114.3s emitted=506 veto=False hint=False
[INFO] [1785263997.180648019] [fake_vision]: t=119.3s emitted=528 veto=False hint=False
[INFO] [1785264002.180968050] [fake_vision]: t=124.3s emitted=550 veto=False hint=False
[INFO] [1785264007.180770976] [fake_vision]: t=129.3s emitted=572 veto=False hint=False
[INFO] [1785264012.180882361] [fake_vision]: t=134.3s emitted=594 veto=False hint=False
[INFO] [1785264017.183827228] [fake_vision]: t=139.3s emitted=616 veto=False hint=False
[INFO] [1785264023.544819119] [fake_vision]: t=144.1s emitted=638 veto=False hint=False
[INFO] [1785264028.544782825] [fake_vision]: t=149.1s emitted=660 veto=False hint=False
[INFO] [1785264033.544236435] [fake_vision]: t=154.1s emitted=682 veto=False hint=False
[INFO] [1785264038.544540031] [fake_vision]: t=159.1s emitted=704 veto=False hint=False
[INFO] [1785264043.544279805] [fake_vision]: t=164.1s emitted=726 veto=False hint=False
[INFO] [1785264048.544319428] [fake_vision]: t=169.1s emitted=748 veto=False hint=False
[INFO] [1785264053.544722358] [fake_vision]: t=174.1s emitted=770 veto=False hint=False
[INFO] [1785264060.134962377] [fake_vision]: t=179.1s emitted=792 veto=False hint=False
[INFO] [1785264065.135674361] [fake_vision]: t=184.1s emitted=814 veto=False hint=False
[INFO] [1785264070.136127340] [fake_vision]: t=189.1s emitted=836 veto=False hint=False
[INFO] [1785264075.135651984] [fake_vision]: t=194.1s emitted=858 veto=False hint=False
[INFO] [1785264080.135198162] [fake_vision]: t=199.1s emitted=880 veto=False hint=False
[INFO] [1785264085.136067424] [fake_vision]: t=204.1s emitted=902 veto=False hint=False
[INFO] [1785264091.726627013] [fake_vision]: t=209.1s emitted=924 veto=False hint=False
[INFO] [1785264096.726699552] [fake_vision]: t=214.1s emitted=946 veto=False hint=False
[INFO] [1785264101.725800955] [fake_vision]: t=219.1s emitted=968 veto=False hint=False
[INFO] [1785264106.726536947] [fake_vision]: t=224.1s emitted=990 veto=False hint=False
[INFO] [1785264111.726302211] [fake_vision]: t=229.1s emitted=1012 veto=False hint=False
[INFO] [1785264116.727009811] [fake_vision]: t=234.1s emitted=1034 veto=False hint=False
[INFO] [1785264121.732402759] [fake_vision]: t=239.1s emitted=1056 veto=False hint=False
[INFO] [1785264128.546545493] [fake_vision]: t=244.1s emitted=1078 veto=False hint=False
[INFO] [1785264133.548733924] [fake_vision]: t=249.1s emitted=1100 veto=False hint=False
[INFO] [1785264138.546725427] [fake_vision]: t=254.1s emitted=1122 veto=False hint=False
[INFO] [1785264143.545887177] [fake_vision]: t=259.1s emitted=1144 veto=False hint=False
[INFO] [1785264148.545593942] [fake_vision]: t=264.1s emitted=1166 veto=False hint=False
[INFO] [1785264153.547020412] [fake_vision]: t=269.1s emitted=1188 veto=False hint=False
[INFO] [1785264160.136561216] [fake_vision]: t=273.9s emitted=1210 veto=False hint=False
[INFO] [1785264165.135125015] [fake_vision]: t=278.9s emitted=1232 veto=False hint=False
[INFO] [1785264170.135783158] [fake_vision]: t=283.9s emitted=1254 veto=False hint=False
[INFO] [1785264175.135166034] [fake_vision]: t=288.9s emitted=1276 veto=False hint=False
[INFO] [1785264180.135439325] [fake_vision]: t=293.9s emitted=1298 veto=False hint=False
[INFO] [1785264185.137259256] [fake_vision]: t=298.9s emitted=1320 veto=False hint=False
[INFO] [1785264190.135381895] [fake_vision]: t=303.9s emitted=1342 veto=False hint=False
[INFO] [1785264196.956057459] [fake_vision]: t=308.9s emitted=1364 veto=False hint=False
[INFO] [1785264201.953305210] [fake_vision]: t=313.9s emitted=1386 veto=False hint=False
[INFO] [1785264206.952908257] [fake_vision]: t=318.9s emitted=1408 veto=False hint=False
[INFO] [1785264211.953248169] [fake_vision]: t=323.9s emitted=1430 veto=False hint=False
[INFO] [1785264216.953260785] [fake_vision]: t=328.9s emitted=1452 veto=False hint=False
[INFO] [1785264221.952967012] [fake_vision]: t=333.9s emitted=1474 veto=False hint=False
[INFO] [1785264228.544192411] [fake_vision]: t=338.7s emitted=1496 veto=False hint=False
Traceback (most recent call last):
  File "/root/f2tools/fake_vision.py", line 195, in <module>
    main()
  File "/root/f2tools/fake_vision.py", line 183, in main
    rclpy.spin(n)
  File "/opt/ros/humble/local/lib/python3.10/dist-packages/rclpy/__init__.py", line 229, in spin
    executor.spin_once()
  File "/opt/ros/humble/local/lib/python3.10/dist-packages/rclpy/executors.py", line 808, in spin_once
    self._spin_once_impl(timeout_sec)
  File "/opt/ros/humble/local/lib/python3.10/dist-packages/rclpy/executors.py", line 797, in _spin_once_impl
    handler, entity, node = self.wait_for_ready_callbacks(timeout_sec=timeout_sec)
  File "/opt/ros/humble/local/lib/python3.10/dist-packages/rclpy/executors.py", line 780, in wait_for_ready_callbacks
    return next(self._cb_iter)
  File "/opt/ros/humble/local/lib/python3.10/dist-packages/rclpy/executors.py", line 681, in _wait_for_ready_callbacks
    raise ExternalShutdownException()
rclpy.executors.ExternalShutdownException
