[INFO] [launch]: All log files can be found below /root/.ros/log/2026-07-25-10-15-41-817887-doksuri-238
[INFO] [launch]: Default logging verbosity is set to INFO
[INFO] [telemetry_node-1]: process started with pid [240]
[INFO] [offboard_node-2]: process started with pid [242]
[offboard_node-2] [WARN] [1784974542.582386038] [offboard_node]: /mavros/cmd/arming 서비스 없음
[offboard_node-2] [WARN] [1784974542.641957439] [offboard_node]: /mavros/cmd/arming 서비스 없음
[offboard_node-2] [WARN] [1784974542.741989619] [offboard_node]: /mavros/cmd/arming 서비스 없음
[offboard_node-2] [WARN] [1784974542.841989241] [offboard_node]: /mavros/cmd/arming 서비스 없음
[offboard_node-2] [WARN] [1784974542.942038125] [offboard_node]: /mavros/cmd/arming 서비스 없음
[offboard_node-2] [WARN] [1784974543.041973372] [offboard_node]: /mavros/cmd/arming 서비스 없음
[offboard_node-2] [WARN] [1784974543.142157913] [offboard_node]: /mavros/cmd/arming 서비스 없음
[offboard_node-2] [WARN] [1784974543.242064545] [offboard_node]: /mavros/cmd/arming 서비스 없음
[offboard_node-2] [WARN] [1784974543.342039812] [offboard_node]: /mavros/cmd/arming 서비스 없음
[offboard_node-2] [WARN] [1784974543.442153589] [offboard_node]: /mavros/cmd/arming 서비스 없음
[offboard_node-2] [WARN] [1784974543.542052998] [offboard_node]: /mavros/cmd/arming 서비스 없음
[offboard_node-2] [WARN] [1784974543.642102900] [offboard_node]: /mavros/cmd/arming 서비스 없음
[offboard_node-2] [WARN] [1784974543.742294294] [offboard_node]: /mavros/cmd/arming 서비스 없음
[offboard_node-2] [WARN] [1784974543.841938240] [offboard_node]: /mavros/cmd/arming 서비스 없음
[offboard_node-2] [WARN] [1784974543.942043591] [offboard_node]: /mavros/cmd/arming 서비스 없음
[offboard_node-2] [WARN] [1784974544.042049193] [offboard_node]: /mavros/cmd/arming 서비스 없음
[offboard_node-2] [INFO] [1784974544.144525657] [offboard_node]: ARM 요청
[telemetry_node-1] [INFO] [1784974544.432688566] [telemetry_node]: pos_ned=[-6.05087423 -1.5596348  -4.43973541]  yaw=-1.615  armed=False  vtol=3  batt=16.51V/88%
[offboard_node-2] [INFO] [1784974544.642463863] [offboard_node]: 경로 원점 = 이륙지점 [N=-6.06, E=-1.56, h_up=-4.44] 적용 (frame=takeoff) → WP0=[-6.06,-1.56] 순항고도 h_up=-1.44
[offboard_node-2] [INFO] [1784974544.643700785] [offboard_node]: CommandTOL 이륙 요청 alt=25.2m AMSL (지면 22.2+3.0) -> CLIMBING
[telemetry_node-1] [INFO] [1784974546.395877685] [telemetry_node]: pos_ned=[-6.12025976 -1.5773046  -4.4405365 ]  yaw=-1.618  armed=True  vtol=3  batt=16.31V/83%
[telemetry_node-1] [INFO] [1784974548.395847442] [telemetry_node]: pos_ned=[-6.13647938 -1.60448885 -4.4746151 ]  yaw=-1.623  armed=True  vtol=3  batt=15.60V/67%
[telemetry_node-1] [INFO] [1784974550.395848219] [telemetry_node]: pos_ned=[-6.01250076 -1.63783777 -4.49718857]  yaw=-1.646  armed=True  vtol=3  batt=16.54V/39%
[telemetry_node-1] [INFO] [1784974552.396019952] [telemetry_node]: pos_ned=[-5.86960697 -1.73078525 -4.45201111]  yaw=-1.636  armed=True  vtol=3  batt=16.38V/75%
[telemetry_node-1] [INFO] [1784974554.395945761] [telemetry_node]: pos_ned=[-5.88447762 -1.75129735 -4.46527672]  yaw=-1.630  armed=True  vtol=3  batt=16.41V/82%
[telemetry_node-1] [INFO] [1784974556.395779861] [telemetry_node]: pos_ned=[-5.95914745 -1.74072516 -4.48279762]  yaw=-1.629  armed=False  vtol=3  batt=16.43V/83%
[telemetry_node-1] [INFO] [1784974558.395850109] [telemetry_node]: pos_ned=[-5.97576046 -1.71626055 -4.48756981]  yaw=-1.627  armed=False  vtol=3  batt=16.45V/84%
[telemetry_node-1] [INFO] [1784974560.396026739] [telemetry_node]: pos_ned=[-6.07042456 -1.7041595  -4.51331139]  yaw=-1.623  armed=True  vtol=3  batt=16.38V/82%
