[INFO] [launch]: All log files can be found below /root/.ros/log/2026-07-27-02-53-26-532469-DESKTOP-Kilogram-1087
[INFO] [launch]: Default logging verbosity is set to INFO
[INFO] [telemetry_node-1]: process started with pid [1089]
[INFO] [offboard_node-2]: process started with pid [1091]
[telemetry_node-1] [INFO] [1785088413.064768795] [telemetry_node]: pos_ned=[-0.00388705 -0.02363762 -0.03664677]  yaw=1.723  armed=False  vtol=3  batt=16.20V/100%
[telemetry_node-1] [INFO] [1785088415.007362186] [telemetry_node]: pos_ned=[-0.01257507  0.01204459 -0.02474958]  yaw=1.730  armed=False  vtol=3  batt=16.20V/100%
[telemetry_node-1] [INFO] [1785088417.006676319] [telemetry_node]: pos_ned=[-0.04338767 -0.01933654 -0.01867957]  yaw=1.731  armed=False  vtol=3  batt=16.20V/100%
[telemetry_node-1] [INFO] [1785088419.008283770] [telemetry_node]: pos_ned=[-0.01636702 -0.04439333  0.01350468]  yaw=1.732  armed=False  vtol=3  batt=16.20V/100%
[telemetry_node-1] [INFO] [1785088421.006844324] [telemetry_node]: pos_ned=[-0.01725692 -0.02337153  0.01689664]  yaw=1.734  armed=False  vtol=3  batt=16.20V/100%
[telemetry_node-1] [INFO] [1785088423.007210935] [telemetry_node]: pos_ned=[-0.01680669  0.00608626  0.0338762 ]  yaw=1.733  armed=False  vtol=3  batt=16.20V/100%
[telemetry_node-1] [INFO] [1785088425.006770753] [telemetry_node]: pos_ned=[-0.02619139  0.00090556  0.03747866]  yaw=1.728  armed=False  vtol=3  batt=16.20V/100%
[telemetry_node-1] [INFO] [1785088427.007219739] [telemetry_node]: pos_ned=[-0.00839167 -0.01160343  0.03451443]  yaw=1.728  armed=False  vtol=3  batt=16.20V/100%
[telemetry_node-1] [INFO] [1785088429.006571048] [telemetry_node]: pos_ned=[-0.03112512  0.01769063  0.00779888]  yaw=1.727  armed=False  vtol=3  batt=16.20V/100%
[telemetry_node-1] [INFO] [1785088431.008575266] [telemetry_node]: pos_ned=[-0.04218506  0.01173875  0.01737396]  yaw=1.726  armed=False  vtol=3  batt=16.20V/100%
[telemetry_node-1] [INFO] [1785088433.006541986] [telemetry_node]: pos_ned=[-0.04106214  0.01101633 -0.00220221]  yaw=1.725  armed=False  vtol=3  batt=16.20V/100%
[telemetry_node-1] [INFO] [1785088435.006663551] [telemetry_node]: pos_ned=[-0.02015443 -0.00959989 -0.02242872]  yaw=1.722  armed=False  vtol=3  batt=16.20V/100%
[telemetry_node-1] [INFO] [1785088437.006731057] [telemetry_node]: pos_ned=[-0.02955216 -0.0328023  -0.02764759]  yaw=1.722  armed=False  vtol=3  batt=16.20V/100%
[telemetry_node-1] [INFO] [1785088439.007675230] [telemetry_node]: pos_ned=[-0.03295366 -0.05033096 -0.02174073]  yaw=1.723  armed=False  vtol=3  batt=16.20V/100%
[telemetry_node-1] [INFO] [1785088441.007324215] [telemetry_node]: pos_ned=[-0.02250814 -0.03142045  0.00458625]  yaw=1.722  armed=False  vtol=3  batt=16.20V/100%
[telemetry_node-1] [INFO] [1785088443.006785262] [telemetry_node]: pos_ned=[-0.00871292 -0.00519181 -0.01405081]  yaw=1.717  armed=False  vtol=3  batt=16.20V/100%
[telemetry_node-1] [INFO] [1785088446.312568048] [telemetry_node]: pos_ned=[-0.00965128 -0.00458874 -0.01383699]  yaw=1.716  armed=False  vtol=3  batt=16.20V/100%
[telemetry_node-1] [INFO] [1785088447.006882384] [telemetry_node]: pos_ned=[-0.01366693 -0.0065802  -0.00898238]  yaw=1.714  armed=False  vtol=3  batt=16.20V/100%
[telemetry_node-1] [INFO] [1785088449.006482405] [telemetry_node]: pos_ned=[-0.02255591 -0.0025762  -0.00573976]  yaw=1.708  armed=False  vtol=3  batt=16.20V/100%
[telemetry_node-1] [INFO] [1785088451.006642859] [telemetry_node]: pos_ned=[-0.02416765 -0.00743146  0.00857896]  yaw=1.707  armed=False  vtol=3  batt=16.20V/100%
[telemetry_node-1] [INFO] [1785088453.007814723] [telemetry_node]: pos_ned=[-0.01263548 -0.03286632  0.00868766]  yaw=1.706  armed=False  vtol=3  batt=16.20V/100%
[telemetry_node-1] [INFO] [1785088455.006492280] [telemetry_node]: pos_ned=[-0.01392345 -0.01369135  0.0152207 ]  yaw=1.706  armed=False  vtol=3  batt=16.20V/100%
[telemetry_node-1] [INFO] [1785088457.008268221] [telemetry_node]: pos_ned=[ 0.01508357 -0.01975481  0.02765957]  yaw=1.706  armed=False  vtol=3  batt=16.20V/100%
[telemetry_node-1] [INFO] [1785088459.006154766] [telemetry_node]: pos_ned=[ 0.00070863 -0.02449339  0.04618086]  yaw=1.706  armed=False  vtol=3  batt=16.20V/100%
[telemetry_node-1] [INFO] [1785088461.006506748] [telemetry_node]: pos_ned=[-0.00635003 -0.02285411  0.03028665]  yaw=1.704  armed=False  vtol=3  batt=16.20V/100%
[telemetry_node-1] [INFO] [1785088463.006130638] [telemetry_node]: pos_ned=[-0.00499328 -0.05083638  0.06485373]  yaw=1.702  armed=False  vtol=3  batt=16.20V/100%
[telemetry_node-1] [INFO] [1785088465.006600323] [telemetry_node]: pos_ned=[-0.01479933 -0.0455762   0.05055542]  yaw=1.700  armed=False  vtol=3  batt=16.20V/100%
[telemetry_node-1] [INFO] [1785088467.006542252] [telemetry_node]: pos_ned=[-0.01935372 -0.03019691  0.03164741]  yaw=1.699  armed=False  vtol=3  batt=16.20V/100%
[telemetry_node-1] [INFO] [1785088469.006387767] [telemetry_node]: pos_ned=[-0.02349748 -0.01754785 -0.01870418]  yaw=1.696  armed=False  vtol=3  batt=16.20V/100%
[telemetry_node-1] [INFO] [1785088471.006546588] [telemetry_node]: pos_ned=[-0.04253775 -0.019302   -0.05585513]  yaw=1.693  armed=False  vtol=3  batt=16.20V/100%
[telemetry_node-1] [INFO] [1785088473.006688962] [telemetry_node]: pos_ned=[-0.0183807   0.01207003 -0.09249573]  yaw=1.688  armed=False  vtol=3  batt=16.20V/100%
[telemetry_node-1] [INFO] [1785088475.006500542] [telemetry_node]: pos_ned=[-0.00077752 -0.02001443 -0.09595179]  yaw=1.681  armed=False  vtol=3  batt=16.20V/100%
[telemetry_node-1] [INFO] [1785088477.007578381] [telemetry_node]: pos_ned=[-0.01212875 -0.00105488 -0.12525846]  yaw=1.673  armed=False  vtol=3  batt=16.20V/100%
[telemetry_node-1] [INFO] [1785088481.979696144] [telemetry_node]: pos_ned=[-0.01530575 -0.01955759 -0.1414426 ]  yaw=1.667  armed=False  vtol=3  batt=16.20V/100%
[telemetry_node-1] [INFO] [1785088483.006635588] [telemetry_node]: pos_ned=[-0.0201523  -0.02657565 -0.163642  ]  yaw=1.664  armed=False  vtol=3  batt=16.20V/100%
[offboard_node-2] [Eta3ClothoidPlannerV3] WARNING: NR pos residual 5.057m is large. affine correction guarantees WP passage but curve may be deformed.
[offboard_node-2] [INFO] [1785088484.382506596] [offboard_node]: ARM 요청
[offboard_node-2] [INFO] [1785088484.931861717] [offboard_node]: 경로 원점 = 이륙지점 [N=-0.03, E=-0.00, h_up=-0.20] 적용 (frame=takeoff) → WP0=[-0.03,-0.00] 순항고도 h_up=49.80
[offboard_node-2] [INFO] [1785088484.933890176] [offboard_node]: CommandTOL 이륙 요청 alt=49.9m AMSL (지면 -0.1+50.0) -> CLIMBING
[telemetry_node-1] [INFO] [1785088485.006438014] [telemetry_node]: pos_ned=[-0.03388143 -0.00219345 -0.20016468]  yaw=1.658  armed=True  vtol=3  batt=16.20V/100%
[telemetry_node-1] [INFO] [1785088487.005629745] [telemetry_node]: pos_ned=[-0.04796491 -0.01241582 -0.23532018]  yaw=1.656  armed=True  vtol=3  batt=16.16V/99%
[telemetry_node-1] [INFO] [1785088489.005596371] [telemetry_node]: pos_ned=[-0.11814695 -0.08296185  0.2855345 ]  yaw=1.660  armed=True  vtol=3  batt=16.10V/96%
[telemetry_node-1] [INFO] [1785088491.005416193] [telemetry_node]: pos_ned=[-0.10840718 -0.08581772  3.06225395]  yaw=1.623  armed=True  vtol=3  batt=16.03V/93%
[telemetry_node-1] [INFO] [1785088493.005419090] [telemetry_node]: pos_ned=[-0.07625768 -0.0551175   6.20183849]  yaw=1.618  armed=True  vtol=3  batt=15.98V/89%
[telemetry_node-1] [INFO] [1785088495.005339474] [telemetry_node]: pos_ned=[-0.0560246  -0.0661907   9.44509125]  yaw=1.612  armed=True  vtol=3  batt=15.92V/86%
[telemetry_node-1] [INFO] [1785088497.005506266] [telemetry_node]: pos_ned=[-0.03564915 -0.0782104  14.39653397]  yaw=1.610  armed=True  vtol=3  batt=15.86V/83%
[telemetry_node-1] [INFO] [1785088499.005530497] [telemetry_node]: pos_ned=[-0.04461671 -0.05915901 20.04992676]  yaw=1.601  armed=True  vtol=3  batt=15.80V/79%
[telemetry_node-1] [INFO] [1785088501.005493845] [telemetry_node]: pos_ned=[-0.03829284 -0.05794091 26.08548355]  yaw=1.601  armed=True  vtol=3  batt=15.74V/76%
[telemetry_node-1] [INFO] [1785088503.005530216] [telemetry_node]: pos_ned=[-0.04772982 -0.06484596 32.08146667]  yaw=1.595  armed=True  vtol=3  batt=15.68V/73%
[telemetry_node-1] [INFO] [1785088505.005518757] [telemetry_node]: pos_ned=[-0.07017705 -0.05821224 38.04351807]  yaw=1.596  armed=True  vtol=3  batt=15.62V/69%
[telemetry_node-1] [INFO] [1785088507.005351602] [telemetry_node]: pos_ned=[-0.08257008 -0.0621441  44.02449036]  yaw=1.593  armed=True  vtol=3  batt=15.56V/66%
[telemetry_node-1] [INFO] [1785088509.005551331] [telemetry_node]: pos_ned=[-0.05686027 -0.05593075 47.55993271]  yaw=1.593  armed=True  vtol=3  batt=15.50V/63%
[telemetry_node-1] [INFO] [1785088511.005522313] [telemetry_node]: pos_ned=[-0.05735212 -0.07379998 49.01548004]  yaw=1.595  armed=True  vtol=3  batt=15.44V/59%
[offboard_node-2] [INFO] [1785088511.830892102] [offboard_node]: 운용 고도 50.0m 도달 → transition_fw
[telemetry_node-1] [INFO] [1785088513.005453059] [telemetry_node]: pos_ned=[-7.59676024e-02 -2.25220956e-02  4.95631905e+01]  yaw=1.600  armed=True  vtol=3  batt=15.38V/56%
[offboard_node-2] [INFO] [1785088513.831898644] [offboard_node]: 천이 전 MC OFFBOARD 요청 (헤딩 정렬 대기)
[telemetry_node-1] [INFO] [1785088517.669083361] [telemetry_node]: pos_ned=[-5.71651980e-02 -3.76831107e-02  4.97204590e+01]  yaw=1.514  armed=True  vtol=3  batt=15.32V/53%
[telemetry_node-1] [INFO] [1785088519.005561484] [telemetry_node]: pos_ned=[-0.09391768 -0.06195215 49.78544617]  yaw=0.921  armed=True  vtol=3  batt=15.32V/53%
[telemetry_node-1] [INFO] [1785088521.005532445] [telemetry_node]: pos_ned=[-0.07625474 -0.14488287 49.85732269]  yaw=0.471  armed=True  vtol=3  batt=15.30V/50%
[telemetry_node-1] [INFO] [1785088523.005604247] [telemetry_node]: pos_ned=[-0.07192035 -0.27849844 49.94160461]  yaw=0.253  armed=True  vtol=3  batt=15.30V/50%
[telemetry_node-1] [INFO] [1785088525.005524969] [telemetry_node]: pos_ned=[-0.09055537 -0.42397821 49.98260117]  yaw=0.141  armed=True  vtol=3  batt=15.30V/50%
[telemetry_node-1] [INFO] [1785088527.005605855] [telemetry_node]: pos_ned=[-0.1737695  -0.4915632  50.04875946]  yaw=0.079  armed=True  vtol=3  batt=15.30V/50%
[telemetry_node-1] [INFO] [1785088529.006141768] [telemetry_node]: pos_ned=[-0.22343262 -0.51937753 50.08530045]  yaw=0.045  armed=True  vtol=3  batt=15.30V/50%
[offboard_node-2] [INFO] [1785088530.531807402] [offboard_node]: 헤딩 정렬 완료 target=0.0° current=2.4° err=-2.4° (20틱 안정) → 전진 + 천이 명령
[offboard_node-2] [INFO] [1785088530.534883685] [offboard_node]: MC→FW 천이 명령 요청 (위치 setpoint 직선 천이)
[telemetry_node-1] [INFO] [1785088531.005921880] [telemetry_node]: pos_ned=[-0.26024818 -0.54893625 50.19092178]  yaw=0.041  armed=True  vtol=1  batt=15.30V/50%
[telemetry_node-1] [INFO] [1785088533.006071470] [telemetry_node]: pos_ned=[ 7.60695171 -0.710985   50.34170151]  yaw=-0.009  armed=True  vtol=1  batt=15.30V/50%
[offboard_node-2] [INFO] [1785088533.131013086] [offboard_node]: FW 전환 완료 -> STREAMING
[offboard_node-2] [INFO] [1785088533.238651193] [offboard_node]: OFFBOARD 확인 → FOLLOWING
[offboard_node-2] [INFO] [1785088533.357328305] [offboard_node]: FOLLOWING 시작 pos=[11.8,-0.9] tgt=[81.8,-0.0] cte=-0.9m mode=OFFBOARD
[telemetry_node-1] [INFO] [1785088535.006090052] [telemetry_node]: pos_ned=[41.055233   -1.92623246 51.39367676]  yaw=-0.014  armed=True  vtol=4  batt=15.30V/50%
[offboard_node-2] [INFO] [1785088535.245687838] [offboard_node]: FOLLOWING tick=20 mode=OFFBOARD cte=-1.9m pos=[44.0,-1.9] tgt=[114.0,-0.0]
[telemetry_node-1] [INFO] [1785088537.005879429] [telemetry_node]: pos_ned=[70.01868439 -1.78683901 50.10233688]  yaw=-0.000  armed=True  vtol=4  batt=15.30V/50%
[offboard_node-2] [INFO] [1785088537.248384067] [offboard_node]: FOLLOWING tick=40 mode=OFFBOARD cte=-1.7m pos=[73.6,-1.8] tgt=[143.6,-0.0]
[telemetry_node-1] [INFO] [1785088539.006064761] [telemetry_node]: pos_ned=[100.79238129  -1.50430167  49.16742325]  yaw=0.018  armed=True  vtol=4  batt=15.30V/50%
[offboard_node-2] [INFO] [1785088539.249418690] [offboard_node]: FOLLOWING tick=60 mode=OFFBOARD cte=-1.5m pos=[104.3,-1.5] tgt=[174.3,-0.0]
[telemetry_node-1] [INFO] [1785088541.005836395] [telemetry_node]: pos_ned=[130.69508362  -1.34403253  49.03033447]  yaw=0.023  armed=True  vtol=4  batt=15.30V/50%
[offboard_node-2] [INFO] [1785088541.247832769] [offboard_node]: FOLLOWING tick=80 mode=OFFBOARD cte=-1.4m pos=[134.1,-1.3] tgt=[200.1,4.2]
[telemetry_node-1] [INFO] [1785088543.006099506] [telemetry_node]: pos_ned=[160.13201904  -1.21468818  49.0810051 ]  yaw=0.006  armed=True  vtol=4  batt=15.30V/50%
[offboard_node-2] [INFO] [1785088543.253057313] [offboard_node]: FOLLOWING tick=100 mode=OFFBOARD cte=-1.2m pos=[163.5,-1.2] tgt=[200.1,33.5]
[telemetry_node-1] [INFO] [1785088545.006144884] [telemetry_node]: pos_ned=[189.05053711  -1.10077679  49.15401459]  yaw=-0.012  armed=True  vtol=4  batt=15.30V/50%
[offboard_node-2] [INFO] [1785088545.252417296] [offboard_node]: FOLLOWING tick=120 mode=OFFBOARD cte=-1.0m pos=[192.4,-1.1] tgt=[200.0,62.4]
[telemetry_node-1] [INFO] [1785088547.005879401] [telemetry_node]: pos_ned=[217.59259033  -0.95800596  49.29992676]  yaw=-0.011  armed=True  vtol=4  batt=15.30V/50%
[offboard_node-2] [INFO] [1785088547.249133718] [offboard_node]: FOLLOWING tick=140 mode=OFFBOARD cte=-1.5m pos=[220.9,-0.9] tgt=[199.9,70.0]
[telemetry_node-1] [INFO] [1785088549.005425577] [telemetry_node]: pos_ned=[245.88616943  -0.88177943  49.43504715]  yaw=0.003  armed=True  vtol=4  batt=15.30V/50%
[offboard_node-2] [INFO] [1785088549.245422526] [offboard_node]: FOLLOWING tick=160 mode=OFFBOARD cte=-48.7m pos=[248.7,-0.9] tgt=[199.9,70.5]
[telemetry_node-1] [INFO] [1785088552.713523163] [telemetry_node]: pos_ned=[258.49069214  -0.85175467  49.48830032]  yaw=0.007  armed=True  vtol=4  batt=15.30V/50%
[telemetry_node-1] [INFO] [1785088553.005452470] [telemetry_node]: pos_ned=[262.76470947  -0.84462547  49.51035309]  yaw=0.008  armed=True  vtol=4  batt=15.30V/50%
[offboard_node-2] [INFO] [1785088553.954253118] [offboard_node]: FOLLOWING tick=180 mode=OFFBOARD cte=-75.8m pos=[275.8,-0.8] tgt=[199.9,71.0]
[telemetry_node-1] [INFO] [1785088555.005841111] [telemetry_node]: pos_ned=[290.85827637  -0.78433287  49.60563278]  yaw=0.007  armed=True  vtol=4  batt=15.30V/50%
[offboard_node-2] [INFO] [1785088555.949303570] [offboard_node]: FOLLOWING tick=200 mode=OFFBOARD cte=-103.9m pos=[303.9,-0.8] tgt=[199.9,71.6]
[telemetry_node-1] [INFO] [1785088557.005721941] [telemetry_node]: pos_ned=[318.92547607  -0.7569387   49.68540955]  yaw=0.000  armed=True  vtol=4  batt=15.30V/50%
[offboard_node-2] [INFO] [1785088557.947308554] [offboard_node]: FOLLOWING tick=220 mode=OFFBOARD cte=-132.0m pos=[332.0,-0.8] tgt=[200.0,72.0]
[telemetry_node-1] [INFO] [1785088559.005690105] [telemetry_node]: pos_ned=[347.02716064  -0.73743206  49.72972488]  yaw=-0.001  armed=True  vtol=4  batt=15.30V/50%
[offboard_node-2] [INFO] [1785088559.948224231] [offboard_node]: FOLLOWING tick=240 mode=OFFBOARD cte=-160.1m pos=[360.1,-0.7] tgt=[200.0,72.1]
[telemetry_node-1] [INFO] [1785088561.005763531] [telemetry_node]: pos_ned=[375.17181396  -0.74728882  49.8319664 ]  yaw=0.006  armed=True  vtol=4  batt=15.30V/50%
[offboard_node-2] [INFO] [1785088561.951265116] [offboard_node]: FOLLOWING tick=260 mode=OFFBOARD cte=-188.3m pos=[388.3,-0.8] tgt=[200.0,72.5]
[telemetry_node-1] [INFO] [1785088563.005684839] [telemetry_node]: pos_ned=[403.4239502   -0.84702396  49.86634064]  yaw=0.014  armed=True  vtol=4  batt=15.30V/50%
[offboard_node-2] [INFO] [1785088563.951373274] [offboard_node]: FOLLOWING tick=280 mode=OFFBOARD cte=-216.5m pos=[416.5,-0.9] tgt=[200.0,72.9]
[telemetry_node-1] [INFO] [1785088565.005716547] [telemetry_node]: pos_ned=[431.74450684  -0.92475712  49.94700241]  yaw=0.016  armed=True  vtol=4  batt=15.30V/50%
[offboard_node-2] [INFO] [1785088565.948630126] [offboard_node]: FOLLOWING tick=300 mode=OFFBOARD cte=-244.9m pos=[444.9,-1.0] tgt=[200.0,73.1]
[telemetry_node-1] [INFO] [1785088567.006149194] [telemetry_node]: pos_ned=[460.13464355  -1.00387228  49.95878983]  yaw=0.016  armed=True  vtol=4  batt=15.30V/50%
[offboard_node-2] [INFO] [1785088567.947050184] [offboard_node]: FOLLOWING tick=320 mode=OFFBOARD cte=-273.3m pos=[473.3,-1.0] tgt=[200.0,73.1]
[telemetry_node-1] [INFO] [1785088569.005934762] [telemetry_node]: pos_ned=[488.6133728   -0.98017585  49.96285248]  yaw=0.020  armed=True  vtol=4  batt=15.30V/50%
[offboard_node-2] [INFO] [1785088569.959360351] [offboard_node]: FOLLOWING tick=340 mode=OFFBOARD cte=-301.4m pos=[501.4,-1.0] tgt=[200.0,73.1]
[telemetry_node-1] [INFO] [1785088571.005800656] [telemetry_node]: pos_ned=[516.78509521  -0.93904853  49.99251938]  yaw=0.028  armed=True  vtol=4  batt=15.30V/50%
[offboard_node-2] [INFO] [1785088571.952215362] [offboard_node]: FOLLOWING tick=360 mode=OFFBOARD cte=-330.1m pos=[530.1,-0.9] tgt=[200.0,73.3]
[telemetry_node-1] [INFO] [1785088573.005590321] [telemetry_node]: pos_ned=[545.46887207  -0.86987138  50.01610947]  yaw=0.034  armed=True  vtol=4  batt=15.30V/50%
[offboard_node-2] [INFO] [1785088573.945533220] [offboard_node]: FOLLOWING tick=380 mode=OFFBOARD cte=-358.8m pos=[558.8,-0.8] tgt=[200.0,73.7]
[telemetry_node-1] [INFO] [1785088575.005899612] [telemetry_node]: pos_ned=[574.27655029  -0.80077761  50.02099228]  yaw=0.036  armed=True  vtol=4  batt=15.30V/50%
[offboard_node-2] [INFO] [1785088575.950647086] [offboard_node]: FOLLOWING tick=400 mode=OFFBOARD cte=-387.6m pos=[587.7,-0.8] tgt=[200.0,74.3]
[telemetry_node-1] [INFO] [1785088577.005926445] [telemetry_node]: pos_ned=[603.17651367  -0.73107964  50.02266312]  yaw=0.034  armed=True  vtol=4  batt=15.30V/50%
[offboard_node-2] [INFO] [1785088577.949001913] [offboard_node]: FOLLOWING tick=420 mode=OFFBOARD cte=-416.6m pos=[616.6,-0.7] tgt=[200.0,75.1]
[telemetry_node-1] [INFO] [1785088579.005589823] [telemetry_node]: pos_ned=[632.19616699  -0.67100954  50.067276  ]  yaw=0.035  armed=True  vtol=4  batt=15.30V/50%
[offboard_node-2] [INFO] [1785088579.951735556] [offboard_node]: FOLLOWING tick=440 mode=OFFBOARD cte=-445.7m pos=[645.7,-0.7] tgt=[200.0,75.1]
[telemetry_node-1] [INFO] [1785088581.005722290] [telemetry_node]: pos_ned=[ 6.61297852e+02 -6.43046319e-01  5.00231590e+01]  yaw=0.037  armed=True  vtol=4  batt=15.30V/50%
[offboard_node-2] [INFO] [1785088581.957908526] [offboard_node]: FOLLOWING tick=460 mode=OFFBOARD cte=-474.8m pos=[674.8,-0.6] tgt=[200.0,75.1]
[telemetry_node-1] [INFO] [1785088583.005617990] [telemetry_node]: pos_ned=[ 6.90515686e+02 -6.26101255e-01  5.00078850e+01]  yaw=0.038  armed=True  vtol=4  batt=15.30V/50%
[offboard_node-2] [INFO] [1785088583.950614791] [offboard_node]: FOLLOWING tick=480 mode=OFFBOARD cte=-504.1m pos=[704.1,-0.6] tgt=[200.0,75.5]
[telemetry_node-1] [INFO] [1785088585.006078779] [telemetry_node]: pos_ned=[ 7.19831238e+02 -6.43709004e-01  4.99582405e+01]  yaw=0.037  armed=True  vtol=4  batt=15.30V/50%
[telemetry_node-1] [INFO] [1785088588.502851760] [telemetry_node]: pos_ned=[ 7.22767334e+02 -6.43126011e-01  4.99521370e+01]  yaw=0.037  armed=True  vtol=4  batt=15.30V/50%
[telemetry_node-1] [INFO] [1785088589.006265551] [telemetry_node]: pos_ned=[ 7.30523193e+02 -6.47564411e-01  4.99310074e+01]  yaw=0.037  armed=True  vtol=4  batt=15.30V/50%
[offboard_node-2] [INFO] [1785088589.153904336] [offboard_node]: FOLLOWING tick=500 mode=OFFBOARD cte=-532.0m pos=[732.1,-0.6] tgt=[200.0,76.0]
[telemetry_node-1] [INFO] [1785088591.006491944] [telemetry_node]: pos_ned=[ 7.59999084e+02 -6.47979856e-01  4.98552322e+01]  yaw=0.036  armed=True  vtol=4  batt=15.30V/50%
[offboard_node-2] [INFO] [1785088591.158265546] [offboard_node]: FOLLOWING tick=520 mode=OFFBOARD cte=-561.5m pos=[761.5,-0.6] tgt=[200.0,76.0]
[telemetry_node-1] [INFO] [1785088593.006654872] [telemetry_node]: pos_ned=[ 7.89096924e+02 -5.79587638e-01  4.98652840e+01]  yaw=0.039  armed=True  vtol=4  batt=15.30V/50%
[offboard_node-2] [INFO] [1785088593.162042478] [offboard_node]: FOLLOWING tick=540 mode=OFFBOARD cte=-591.1m pos=[791.1,-0.6] tgt=[200.0,76.0]
[telemetry_node-1] [INFO] [1785088595.006657252] [telemetry_node]: pos_ned=[ 8.18664917e+02 -5.03295004e-01  4.98609047e+01]  yaw=0.042  armed=True  vtol=4  batt=15.30V/50%
[offboard_node-2] [INFO] [1785088595.152046353] [offboard_node]: FOLLOWING tick=560 mode=OFFBOARD cte=-620.6m pos=[820.7,-0.5] tgt=[200.0,76.1]
[telemetry_node-1] [INFO] [1785088597.006482757] [telemetry_node]: pos_ned=[ 8.47704895e+02 -4.50706154e-01  4.98500366e+01]  yaw=0.042  armed=True  vtol=4  batt=15.30V/50%
[offboard_node-2] [INFO] [1785088597.157135826] [offboard_node]: FOLLOWING tick=580 mode=OFFBOARD cte=-649.6m pos=[849.6,-0.4] tgt=[200.0,76.5]
[telemetry_node-1] [INFO] [1785088599.005993548] [telemetry_node]: pos_ned=[ 8.77416443e+02 -3.49487901e-01  4.98378372e+01]  yaw=0.039  armed=True  vtol=4  batt=15.30V/50%
[offboard_node-2] [INFO] [1785088599.147890275] [offboard_node]: FOLLOWING tick=600 mode=OFFBOARD cte=-679.3m pos=[879.3,-0.3] tgt=[200.0,77.6]
[telemetry_node-1] [INFO] [1785088601.005637709] [telemetry_node]: pos_ned=[ 9.07144592e+02 -3.39145958e-01  4.98916359e+01]  yaw=0.036  armed=True  vtol=4  batt=15.30V/50%
[offboard_node-2] [INFO] [1785088601.146922131] [offboard_node]: FOLLOWING tick=620 mode=OFFBOARD cte=-709.0m pos=[909.1,-0.3] tgt=[200.0,77.9]
[telemetry_node-1] [INFO] [1785088603.005664822] [telemetry_node]: pos_ned=[ 9.36903015e+02 -3.40142995e-01  4.98980713e+01]  yaw=0.036  armed=True  vtol=4  batt=15.30V/50%
[offboard_node-2] [INFO] [1785088603.148611026] [offboard_node]: FOLLOWING tick=640 mode=OFFBOARD cte=-738.8m pos=[938.8,-0.3] tgt=[200.0,78.8]
[telemetry_node-1] [INFO] [1785088605.005881436] [telemetry_node]: pos_ned=[ 9.66708191e+02 -2.77574390e-01  4.98798790e+01]  yaw=0.039  armed=True  vtol=4  batt=15.30V/50%
[offboard_node-2] [INFO] [1785088605.154103425] [offboard_node]: FOLLOWING tick=660 mode=OFFBOARD cte=-768.6m pos=[968.6,-0.3] tgt=[200.0,79.0]
[telemetry_node-1] [INFO] [1785088607.005902797] [telemetry_node]: pos_ned=[ 9.96547302e+02 -2.16461465e-01  4.98521843e+01]  yaw=0.040  armed=True  vtol=4  batt=15.30V/50%
[offboard_node-2] [INFO] [1785088607.153531402] [offboard_node]: FOLLOWING tick=680 mode=OFFBOARD cte=-798.4m pos=[998.5,-0.2] tgt=[200.0,79.0]
[telemetry_node-1] [INFO] [1785088609.005526323] [telemetry_node]: pos_ned=[ 1.02641235e+03 -1.45661488e-01  4.98311691e+01]  yaw=0.038  armed=True  vtol=4  batt=15.30V/50%
[offboard_node-2] [INFO] [1785088609.147518837] [offboard_node]: FOLLOWING tick=700 mode=OFFBOARD cte=-828.3m pos=[1028.3,-0.1] tgt=[200.0,79.0]
[telemetry_node-1] [INFO] [1785088611.005535417] [telemetry_node]: pos_ned=[ 1.05636047e+03 -8.79243761e-02  4.98223228e+01]  yaw=0.035  armed=True  vtol=4  batt=15.30V/50%
[offboard_node-2] [INFO] [1785088611.147128477] [offboard_node]: FOLLOWING tick=720 mode=OFFBOARD cte=-858.2m pos=[1058.3,-0.1] tgt=[200.0,79.0]
[telemetry_node-1] [INFO] [1785088613.007185833] [telemetry_node]: pos_ned=[ 1.08631982e+03 -4.03966010e-02  4.98177795e+01]  yaw=0.034  armed=True  vtol=4  batt=15.30V/50%
[offboard_node-2] [INFO] [1785088613.162312986] [offboard_node]: FOLLOWING tick=740 mode=OFFBOARD cte=-888.2m pos=[1088.2,-0.0] tgt=[200.0,79.1]
[telemetry_node-1] [INFO] [1785088615.006687062] [telemetry_node]: pos_ned=[1.11566614e+03 1.91322584e-02 4.98034401e+01]  yaw=0.035  armed=True  vtol=4  batt=15.30V/50%
[offboard_node-2] [INFO] [1785088615.155496733] [offboard_node]: FOLLOWING tick=760 mode=OFFBOARD cte=-917.1m pos=[1117.1,0.0] tgt=[200.0,80.5]
[telemetry_node-1] [INFO] [1785088617.005647373] [telemetry_node]: pos_ned=[ 1.14562561e+03 -1.22215264e-02  4.97716484e+01]  yaw=0.034  armed=True  vtol=4  batt=15.30V/50%
[offboard_node-2] [INFO] [1785088617.154474961] [offboard_node]: FOLLOWING tick=780 mode=OFFBOARD cte=-947.1m pos=[1147.2,-0.0] tgt=[200.0,80.9]
[telemetry_node-1] [INFO] [1785088619.006264051] [telemetry_node]: pos_ned=[ 1.17562292e+03 -1.27070099e-02  4.97845573e+01]  yaw=0.033  armed=True  vtol=4  batt=15.30V/50%
[offboard_node-2] [INFO] [1785088619.146212341] [offboard_node]: FOLLOWING tick=800 mode=OFFBOARD cte=-977.1m pos=[1177.2,-0.0] tgt=[200.0,80.9]
[telemetry_node-1] [INFO] [1785088623.891380524] [telemetry_node]: pos_ned=[ 1.20466479e+03 -6.99920906e-03  4.98046799e+01]  yaw=0.030  armed=True  vtol=4  batt=15.30V/50%
[offboard_node-2] [INFO] [1785088623.949618846] [offboard_node]: FOLLOWING tick=820 mode=OFFBOARD cte=-1005.6m pos=[1205.6,-0.0] tgt=[200.0,80.9]
[telemetry_node-1] [INFO] [1785088625.006124452] [telemetry_node]: pos_ned=[ 1.22161353e+03 -3.64283882e-02  4.98361588e+01]  yaw=0.030  armed=True  vtol=4  batt=15.30V/50%
[offboard_node-2] [INFO] [1785088625.949972890] [offboard_node]: FOLLOWING tick=840 mode=OFFBOARD cte=-1035.6m pos=[1235.6,-0.1] tgt=[200.0,80.9]
[telemetry_node-1] [INFO] [1785088627.006810215] [telemetry_node]: pos_ned=[ 1.25159863e+03 -8.18770900e-02  4.98464432e+01]  yaw=0.031  armed=True  vtol=4  batt=15.30V/50%
[offboard_node-2] [INFO] [1785088627.965009592] [offboard_node]: FOLLOWING tick=860 mode=OFFBOARD cte=-1065.1m pos=[1265.1,-0.1] tgt=[200.0,80.9]
[telemetry_node-1] [INFO] [1785088629.006480356] [telemetry_node]: pos_ned=[ 1.28109790e+03 -1.82696898e-02  4.98360291e+01]  yaw=0.034  armed=True  vtol=4  batt=15.30V/50%
[offboard_node-2] [INFO] [1785088629.965824232] [offboard_node]: FOLLOWING tick=880 mode=OFFBOARD cte=-1095.0m pos=[1295.0,0.0] tgt=[200.0,81.9]
[telemetry_node-1] [INFO] [1785088631.006701864] [telemetry_node]: pos_ned=[1.31051501e+03 7.20682442e-02 4.98317947e+01]  yaw=0.035  armed=True  vtol=4  batt=15.30V/50%
[offboard_node-2] [INFO] [1785088631.960693129] [offboard_node]: FOLLOWING tick=900 mode=OFFBOARD cte=-1124.6m pos=[1324.7,0.1] tgt=[200.0,81.9]
[telemetry_node-1] [INFO] [1785088633.005877943] [telemetry_node]: pos_ned=[1.34067920e+03 1.03690967e-01 4.98180771e+01]  yaw=0.033  armed=True  vtol=4  batt=15.30V/50%
[offboard_node-2] [INFO] [1785088633.958699998] [offboard_node]: FOLLOWING tick=920 mode=OFFBOARD cte=-1154.2m pos=[1354.3,0.1] tgt=[200.0,82.2]
[telemetry_node-1] [INFO] [1785088635.005812132] [telemetry_node]: pos_ned=[1.37025562e+03 8.36541206e-02 4.98175697e+01]  yaw=0.028  armed=True  vtol=4  batt=15.30V/50%
[offboard_node-2] [INFO] [1785088635.950938992] [offboard_node]: FOLLOWING tick=940 mode=OFFBOARD cte=-1184.3m pos=[1384.3,0.1] tgt=[200.0,82.8]
[telemetry_node-1] [INFO] [1785088637.005714662] [telemetry_node]: pos_ned=[1.40028857e+03 8.66811499e-02 4.97728043e+01]  yaw=0.026  armed=True  vtol=4  batt=15.30V/50%
[offboard_node-2] [INFO] [1785088637.949870556] [offboard_node]: FOLLOWING tick=960 mode=OFFBOARD cte=-1214.3m pos=[1414.3,0.1] tgt=[200.0,82.8]
[telemetry_node-1] [INFO] [1785088639.005586770] [telemetry_node]: pos_ned=[1.43018408e+03 1.16536818e-01 4.97181969e+01]  yaw=0.029  armed=True  vtol=4  batt=15.30V/50%
[offboard_node-2] [INFO] [1785088639.954352631] [offboard_node]: FOLLOWING tick=980 mode=OFFBOARD cte=-1244.3m pos=[1444.4,0.2] tgt=[200.0,82.8]
[telemetry_node-1] [INFO] [1785088641.005646196] [telemetry_node]: pos_ned=[1.46038782e+03 1.92004427e-01 4.97220459e+01]  yaw=0.033  armed=True  vtol=4  batt=15.30V/50%
[offboard_node-2] [INFO] [1785088641.953879538] [offboard_node]: FOLLOWING tick=1000 mode=OFFBOARD cte=-1274.4m pos=[1474.5,0.3] tgt=[200.0,82.8]
[telemetry_node-1] [INFO] [1785088643.005807254] [telemetry_node]: pos_ned=[1.49044019e+03 3.81594539e-01 4.96794281e+01]  yaw=0.034  armed=True  vtol=4  batt=15.30V/50%
[offboard_node-2] [INFO] [1785088643.948820973] [offboard_node]: FOLLOWING tick=1020 mode=OFFBOARD cte=-1304.3m pos=[1504.4,0.4] tgt=[200.0,83.1]
[telemetry_node-1] [INFO] [1785088645.005970397] [telemetry_node]: pos_ned=[1.52054443e+03 5.08210778e-01 4.97128563e+01]  yaw=0.032  armed=True  vtol=4  batt=15.30V/50%
[offboard_node-2] [INFO] [1785088645.951355793] [offboard_node]: FOLLOWING tick=1040 mode=OFFBOARD cte=-1334.6m pos=[1534.7,0.6] tgt=[200.0,83.8]
[telemetry_node-1] [INFO] [1785088647.005693965] [telemetry_node]: pos_ned=[1.55068896e+03 6.94568217e-01 4.96833801e+01]  yaw=0.028  armed=True  vtol=4  batt=15.30V/50%
[offboard_node-2] [INFO] [1785088647.948608025] [offboard_node]: FOLLOWING tick=1060 mode=OFFBOARD cte=-1364.7m pos=[1564.8,0.8] tgt=[200.0,84.0]
[telemetry_node-1] [INFO] [1785088649.005580582] [telemetry_node]: pos_ned=[1.58082727e+03 8.33257675e-01 4.97184982e+01]  yaw=0.028  armed=True  vtol=4  batt=15.30V/50%
[offboard_node-2] [INFO] [1785088649.950803147] [offboard_node]: FOLLOWING tick=1080 mode=OFFBOARD cte=-1394.9m pos=[1594.9,0.9] tgt=[200.0,84.5]
[telemetry_node-1] [INFO] [1785088651.005558251] [telemetry_node]: pos_ned=[1.61093970e+03 1.02676380e+00 4.97517433e+01]  yaw=0.029  armed=True  vtol=4  batt=15.30V/50%
[offboard_node-2] [INFO] [1785088651.947825253] [offboard_node]: FOLLOWING tick=1100 mode=OFFBOARD cte=-1425.0m pos=[1625.0,1.1] tgt=[200.0,84.7]
[telemetry_node-1] [INFO] [1785088653.006329653] [telemetry_node]: pos_ned=[1.64107629e+03 1.20425260e+00 4.97402153e+01]  yaw=0.029  armed=True  vtol=4  batt=15.30V/50%
[offboard_node-2] [INFO] [1785088653.953538254] [offboard_node]: FOLLOWING tick=1120 mode=OFFBOARD cte=-1455.1m pos=[1655.2,1.3] tgt=[200.0,84.7]
[telemetry_node-1] [INFO] [1785088655.005536769] [telemetry_node]: pos_ned=[1.67122107e+03 1.39282656e+00 4.97210960e+01]  yaw=0.027  armed=True  vtol=4  batt=15.30V/50%
[offboard_node-2] [INFO] [1785088655.954068608] [offboard_node]: FOLLOWING tick=1140 mode=OFFBOARD cte=-1485.3m pos=[1685.3,1.5] tgt=[200.0,84.9]
[telemetry_node-1] [INFO] [1785088659.371510439] [telemetry_node]: pos_ned=[1.68835315e+03 1.48194110e+00 4.97060051e+01]  yaw=0.026  armed=True  vtol=4  batt=15.30V/50%
[telemetry_node-1] [INFO] [1785088661.007083833] [telemetry_node]: pos_ned=[1.71295605e+03 1.62385237e+00 4.96472893e+01]  yaw=0.026  armed=True  vtol=4  batt=15.30V/50%
[offboard_node-2] [INFO] [1785088661.062676974] [offboard_node]: FOLLOWING tick=1160 mode=OFFBOARD cte=-1513.4m pos=[1713.4,1.6] tgt=[200.0,85.6]
[telemetry_node-1] [INFO] [1785088663.006565661] [telemetry_node]: pos_ned=[1743.06384277    1.89167094   49.56871414]  yaw=0.026  armed=True  vtol=4  batt=15.30V/50%
[offboard_node-2] [INFO] [1785088663.064448710] [offboard_node]: FOLLOWING tick=1180 mode=OFFBOARD cte=-1543.5m pos=[1743.5,1.9] tgt=[200.0,86.4]
[telemetry_node-1] [INFO] [1785088665.006868453] [telemetry_node]: pos_ned=[1773.16162109    2.11070514   49.53731155]  yaw=0.027  armed=True  vtol=4  batt=15.30V/50%
[offboard_node-2] [INFO] [1785088665.057749357] [offboard_node]: FOLLOWING tick=1200 mode=OFFBOARD cte=-1573.6m pos=[1773.6,2.1] tgt=[200.0,86.7]
[telemetry_node-1] [INFO] [1785088667.007417108] [telemetry_node]: pos_ned=[1803.27307129    2.27769184   49.49731445]  yaw=0.025  armed=True  vtol=4  batt=15.30V/50%
[offboard_node-2] [INFO] [1785088667.063036135] [offboard_node]: FOLLOWING tick=1220 mode=OFFBOARD cte=-1603.7m pos=[1803.8,2.3] tgt=[200.0,87.3]
[telemetry_node-1] [INFO] [1785088669.006753363] [telemetry_node]: pos_ned=[1833.38330078    2.46371007   49.45934677]  yaw=0.023  armed=True  vtol=4  batt=15.30V/50%
[offboard_node-2] [INFO] [1785088669.065520086] [offboard_node]: FOLLOWING tick=1240 mode=OFFBOARD cte=-1633.3m pos=[1833.4,2.5] tgt=[200.0,87.7]
[telemetry_node-1] [INFO] [1785088671.006098284] [telemetry_node]: pos_ned=[1863.51464844    2.64652944   49.47670746]  yaw=0.023  armed=True  vtol=4  batt=15.30V/50%
[offboard_node-2] [INFO] [1785088671.051002994] [offboard_node]: FOLLOWING tick=1260 mode=OFFBOARD cte=-1663.9m pos=[1864.0,2.6] tgt=[200.0,87.7]
[telemetry_node-1] [INFO] [1785088673.006409064] [telemetry_node]: pos_ned=[1893.13500977    2.79283953   49.48443222]  yaw=0.024  armed=True  vtol=4  batt=15.30V/50%
[offboard_node-2] [INFO] [1785088673.064726580] [offboard_node]: FOLLOWING tick=1280 mode=OFFBOARD cte=-1693.6m pos=[1893.6,2.8] tgt=[200.0,87.7]
[telemetry_node-1] [INFO] [1785088675.005809397] [telemetry_node]: pos_ned=[1923.25976562    2.92365909   49.51005554]  yaw=0.025  armed=True  vtol=4  batt=15.30V/50%
[offboard_node-2] [INFO] [1785088675.053866671] [offboard_node]: FOLLOWING tick=1300 mode=OFFBOARD cte=-1723.7m pos=[1923.7,2.9] tgt=[200.0,87.7]
[telemetry_node-1] [INFO] [1785088677.006330427] [telemetry_node]: pos_ned=[1953.37524414    3.12861872   49.48102188]  yaw=0.025  armed=True  vtol=4  batt=15.30V/50%
[offboard_node-2] [INFO] [1785088677.053812969] [offboard_node]: FOLLOWING tick=1320 mode=OFFBOARD cte=-1753.8m pos=[1953.9,3.1] tgt=[200.0,87.7]
[telemetry_node-1] [INFO] [1785088679.006659306] [telemetry_node]: pos_ned=[1983.47753906    3.27497721   49.47999573]  yaw=0.025  armed=True  vtol=4  batt=15.30V/50%
[offboard_node-2] [INFO] [1785088679.050267730] [offboard_node]: FOLLOWING tick=1340 mode=OFFBOARD cte=-1783.9m pos=[1984.0,3.3] tgt=[200.0,87.7]
[telemetry_node-1] [INFO] [1785088681.006595594] [telemetry_node]: pos_ned=[2013.66552734    3.45109248   49.4128418 ]  yaw=0.025  armed=True  vtol=4  batt=15.30V/50%
[offboard_node-2] [INFO] [1785088681.051506543] [offboard_node]: FOLLOWING tick=1360 mode=OFFBOARD cte=-1814.1m pos=[2014.1,3.5] tgt=[200.0,87.7]
[telemetry_node-1] [INFO] [1785088683.005970093] [telemetry_node]: pos_ned=[2043.90905762    3.57868457   49.34954453]  yaw=0.024  armed=True  vtol=4  batt=15.30V/50%
[offboard_node-2] [INFO] [1785088683.053136810] [offboard_node]: FOLLOWING tick=1380 mode=OFFBOARD cte=-1844.3m pos=[2044.4,3.6] tgt=[200.0,87.7]
[telemetry_node-1] [INFO] [1785088685.006820048] [telemetry_node]: pos_ned=[2074.15087891    3.70573807   49.26420593]  yaw=0.023  armed=True  vtol=4  batt=15.30V/50%
[offboard_node-2] [INFO] [1785088685.056988094] [offboard_node]: FOLLOWING tick=1400 mode=OFFBOARD cte=-1874.6m pos=[2074.6,3.7] tgt=[200.0,87.7]
[telemetry_node-1] [INFO] [1785088687.006317089] [telemetry_node]: pos_ned=[2104.39257812    3.82000518   49.17226791]  yaw=0.023  armed=True  vtol=4  batt=15.30V/50%
[offboard_node-2] [INFO] [1785088687.051356396] [offboard_node]: FOLLOWING tick=1420 mode=OFFBOARD cte=-1904.8m pos=[2104.9,3.8] tgt=[200.0,87.7]
[telemetry_node-1] [INFO] [1785088689.006270917] [telemetry_node]: pos_ned=[2134.66040039    3.95323753   49.14627075]  yaw=0.024  armed=True  vtol=4  batt=15.30V/50%
[offboard_node-2] [INFO] [1785088689.053716821] [offboard_node]: FOLLOWING tick=1440 mode=OFFBOARD cte=-1935.1m pos=[2135.1,4.0] tgt=[200.0,87.7]
[telemetry_node-1] [INFO] [1785088691.006886935] [telemetry_node]: pos_ned=[2164.80859375    4.09002972   49.10625076]  yaw=0.025  armed=True  vtol=4  batt=15.30V/50%
[offboard_node-2] [INFO] [1785088691.055906643] [offboard_node]: FOLLOWING tick=1460 mode=OFFBOARD cte=-1965.2m pos=[2165.3,4.1] tgt=[200.0,87.7]
[telemetry_node-1] [INFO] [1785088694.784461462] [telemetry_node]: pos_ned=[2173.88037109    4.15564966   49.10530472]  yaw=0.026  armed=True  vtol=4  batt=15.30V/50%
[telemetry_node-1] [INFO] [1785088695.005585193] [telemetry_node]: pos_ned=[2177.39233398    4.17895937   49.10890961]  yaw=0.026  armed=True  vtol=4  batt=15.30V/50%
[offboard_node-2] [INFO] [1785088696.149841069] [offboard_node]: FOLLOWING tick=1480 mode=OFFBOARD cte=-1994.5m pos=[2194.6,4.3] tgt=[200.0,87.7]
[telemetry_node-1] [INFO] [1785088697.006226791] [telemetry_node]: pos_ned=[2207.65917969    4.30282164   49.09832001]  yaw=0.026  armed=True  vtol=4  batt=15.30V/50%
[offboard_node-2] [INFO] [1785088698.166252569] [offboard_node]: FOLLOWING tick=1500 mode=OFFBOARD cte=-2024.8m pos=[2224.9,4.4] tgt=[200.0,87.7]
[telemetry_node-1] [INFO] [1785088699.006100498] [telemetry_node]: pos_ned=[2235.81103516    4.45556974   49.08968735]  yaw=0.027  armed=True  vtol=4  batt=15.30V/50%
[offboard_node-2] [INFO] [1785088700.155200973] [offboard_node]: FOLLOWING tick=1520 mode=OFFBOARD cte=-2053.1m pos=[2253.1,4.6] tgt=[200.0,88.1]
[telemetry_node-1] [INFO] [1785088701.006550461] [telemetry_node]: pos_ned=[2266.26733398    4.69831562   49.08153534]  yaw=0.027  armed=True  vtol=4  batt=15.30V/50%
[offboard_node-2] [INFO] [1785088702.153825536] [offboard_node]: FOLLOWING tick=1540 mode=OFFBOARD cte=-2082.9m pos=[2283.0,4.8] tgt=[200.0,89.1]
[telemetry_node-1] [INFO] [1785088703.005999440] [telemetry_node]: pos_ned=[2296.11157227    4.86599064   49.06570816]  yaw=0.027  armed=True  vtol=4  batt=15.30V/50%
[offboard_node-2] [INFO] [1785088704.154094088] [offboard_node]: FOLLOWING tick=1560 mode=OFFBOARD cte=-2113.2m pos=[2313.3,5.0] tgt=[200.0,89.6]
[telemetry_node-1] [INFO] [1785088705.006080298] [telemetry_node]: pos_ned=[2326.31713867    5.02209282   49.0723114 ]  yaw=0.027  armed=True  vtol=4  batt=15.30V/50%
[offboard_node-2] [INFO] [1785088706.172567845] [offboard_node]: FOLLOWING tick=1580 mode=OFFBOARD cte=-2143.3m pos=[2343.4,5.1] tgt=[200.0,89.9]
[telemetry_node-1] [INFO] [1785088707.007344836] [telemetry_node]: pos_ned=[2356.45629883    5.16276884   49.05778885]  yaw=0.026  armed=True  vtol=4  batt=15.30V/50%
[offboard_node-2] [INFO] [1785088708.159683437] [offboard_node]: FOLLOWING tick=1600 mode=OFFBOARD cte=-2173.6m pos=[2373.7,5.3] tgt=[200.0,90.2]
[telemetry_node-1] [INFO] [1785088709.005761040] [telemetry_node]: pos_ned=[2386.71142578    5.35075617   49.0442543 ]  yaw=0.026  armed=True  vtol=4  batt=15.30V/50%
[offboard_node-2] [INFO] [1785088710.151703541] [offboard_node]: FOLLOWING tick=1620 mode=OFFBOARD cte=-2203.8m pos=[2403.8,5.5] tgt=[200.0,90.6]
[telemetry_node-1] [INFO] [1785088711.005645262] [telemetry_node]: pos_ned=[2416.87524414    5.5073719    49.02499771]  yaw=0.025  armed=True  vtol=4  batt=15.30V/50%
[offboard_node-2] [INFO] [1785088712.150031769] [offboard_node]: FOLLOWING tick=1640 mode=OFFBOARD cte=-2234.0m pos=[2434.0,5.5] tgt=[200.0,90.6]
[telemetry_node-1] [INFO] [1785088713.005622900] [telemetry_node]: pos_ned=[2447.07421875    5.56923866   48.98777008]  yaw=0.024  armed=True  vtol=4  batt=15.30V/50%
[offboard_node-2] [INFO] [1785088714.147529068] [offboard_node]: FOLLOWING tick=1660 mode=OFFBOARD cte=-2264.1m pos=[2464.2,5.6] tgt=[200.0,90.6]
[telemetry_node-1] [INFO] [1785088715.005563945] [telemetry_node]: pos_ned=[2477.26098633    5.63120794   48.98503113]  yaw=0.023  armed=True  vtol=4  batt=15.30V/50%
[offboard_node-2] [INFO] [1785088716.152199614] [offboard_node]: FOLLOWING tick=1680 mode=OFFBOARD cte=-2294.3m pos=[2494.4,5.7] tgt=[200.0,90.6]
[telemetry_node-1] [INFO] [1785088717.005635531] [telemetry_node]: pos_ned=[2507.39453125    5.77808094   49.02413177]  yaw=0.025  armed=True  vtol=4  batt=15.30V/50%
[offboard_node-2] [INFO] [1785088718.148972814] [offboard_node]: FOLLOWING tick=1700 mode=OFFBOARD cte=-2324.4m pos=[2524.5,5.9] tgt=[200.0,90.6]
[telemetry_node-1] [INFO] [1785088719.005512217] [telemetry_node]: pos_ned=[2537.5           5.91806984   49.04243088]  yaw=0.027  armed=True  vtol=4  batt=15.30V/50%
[offboard_node-2] [INFO] [1785088720.153641381] [offboard_node]: FOLLOWING tick=1720 mode=OFFBOARD cte=-2354.5m pos=[2554.6,6.0] tgt=[200.0,90.6]
[telemetry_node-1] [INFO] [1785088721.005556097] [telemetry_node]: pos_ned=[2567.58325195    6.04144955   49.05363846]  yaw=0.026  armed=True  vtol=4  batt=15.30V/50%
[offboard_node-2] [INFO] [1785088722.149267215] [offboard_node]: FOLLOWING tick=1740 mode=OFFBOARD cte=-2384.6m pos=[2584.7,6.0] tgt=[200.0,90.6]
[telemetry_node-1] [INFO] [1785088723.005584571] [telemetry_node]: pos_ned=[2597.66577148    6.03416967   49.07873917]  yaw=0.021  armed=True  vtol=4  batt=15.30V/50%
[offboard_node-2] [INFO] [1785088724.159301456] [offboard_node]: FOLLOWING tick=1760 mode=OFFBOARD cte=-2414.7m pos=[2614.8,6.0] tgt=[200.0,90.6]
[telemetry_node-1] [INFO] [1785088725.005640068] [telemetry_node]: pos_ned=[2627.78344727    5.99102783   49.05114365]  yaw=0.018  armed=True  vtol=4  batt=15.30V/50%
[offboard_node-2] [INFO] [1785088726.151532029] [offboard_node]: FOLLOWING tick=1780 mode=OFFBOARD cte=-2444.8m pos=[2644.8,6.0] tgt=[200.0,90.6]
[telemetry_node-1] [INFO] [1785088727.005765386] [telemetry_node]: pos_ned=[2657.81665039    5.98076916   49.02376175]  yaw=0.019  armed=True  vtol=4  batt=15.30V/50%
[telemetry_node-1] [INFO] [1785088730.247071689] [telemetry_node]: pos_ned=[2658.2980957     5.98080397   49.0227623 ]  yaw=0.019  armed=True  vtol=4  batt=15.30V/50%
[offboard_node-2] [WARN] [1785088730.264227585] [offboard_node]: altitude 메시지 지연 age=3.2s > 1.0s — 래치/캐시 의심, 수렴 표본에서 제외
[telemetry_node-1] [INFO] [1785088731.006515503] [telemetry_node]: pos_ned=[2669.8671875     5.98780489   48.99078751]  yaw=0.021  armed=True  vtol=4  batt=15.30V/50%
[offboard_node-2] [INFO] [1785088731.254679059] [offboard_node]: FOLLOWING tick=1800 mode=OFFBOARD cte=-2473.3m pos=[2673.4,6.0] tgt=[200.0,90.6]
[telemetry_node-1] [INFO] [1785088733.006244308] [telemetry_node]: pos_ned=[2699.99145508    6.0531249    48.97656631]  yaw=0.027  armed=True  vtol=4  batt=15.30V/50%
[offboard_node-2] [INFO] [1785088733.254600783] [offboard_node]: FOLLOWING tick=1820 mode=OFFBOARD cte=-2503.4m pos=[2703.5,6.1] tgt=[200.0,90.6]
[telemetry_node-1] [INFO] [1785088735.006024612] [telemetry_node]: pos_ned=[2730.125         6.18701696   48.97576904]  yaw=0.029  armed=True  vtol=4  batt=15.30V/50%
[offboard_node-2] [INFO] [1785088735.262262609] [offboard_node]: FOLLOWING tick=1840 mode=OFFBOARD cte=-2533.5m pos=[2733.6,6.2] tgt=[200.0,90.6]
[telemetry_node-1] [INFO] [1785088737.005745608] [telemetry_node]: pos_ned=[2760.2253418     6.34409857   48.99850845]  yaw=0.029  armed=True  vtol=4  batt=15.30V/50%
[offboard_node-2] [INFO] [1785088737.259869573] [offboard_node]: FOLLOWING tick=1860 mode=OFFBOARD cte=-2563.7m pos=[2763.7,6.4] tgt=[200.0,90.6]
[telemetry_node-1] [INFO] [1785088739.005854112] [telemetry_node]: pos_ned=[2790.35009766    6.50371313   49.02640915]  yaw=0.026  armed=True  vtol=4  batt=15.30V/50%
[offboard_node-2] [INFO] [1785088739.250128688] [offboard_node]: FOLLOWING tick=1880 mode=OFFBOARD cte=-2593.8m pos=[2793.8,6.5] tgt=[200.0,90.6]
[telemetry_node-1] [INFO] [1785088741.005619993] [telemetry_node]: pos_ned=[2820.4440918     6.6490221    49.05394363]  yaw=0.025  armed=True  vtol=4  batt=15.30V/50%
[offboard_node-2] [INFO] [1785088741.254059658] [offboard_node]: FOLLOWING tick=1900 mode=OFFBOARD cte=-2623.9m pos=[2823.9,6.7] tgt=[200.0,90.6]
[telemetry_node-1] [INFO] [1785088743.006060306] [telemetry_node]: pos_ned=[2850.54443359    6.77718019   49.0771637 ]  yaw=0.026  armed=True  vtol=4  batt=15.30V/50%
[offboard_node-2] [INFO] [1785088743.248628500] [offboard_node]: FOLLOWING tick=1920 mode=OFFBOARD cte=-2654.0m pos=[2854.0,6.8] tgt=[200.0,90.6]
[telemetry_node-1] [INFO] [1785088745.006150084] [telemetry_node]: pos_ned=[2880.62158203    6.90978861   49.10689926]  yaw=0.027  armed=True  vtol=4  batt=15.30V/50%
[offboard_node-2] [INFO] [1785088745.248341163] [offboard_node]: FOLLOWING tick=1940 mode=OFFBOARD cte=-2684.0m pos=[2884.1,6.9] tgt=[200.0,90.6]
[telemetry_node-1] [INFO] [1785088747.005814878] [telemetry_node]: pos_ned=[2910.72607422    7.10409164   49.13207245]  yaw=0.029  armed=True  vtol=4  batt=15.30V/50%
[offboard_node-2] [INFO] [1785088747.250666529] [offboard_node]: FOLLOWING tick=1960 mode=OFFBOARD cte=-2714.1m pos=[2914.2,7.1] tgt=[200.0,90.6]
[telemetry_node-1] [INFO] [1785088749.006109874] [telemetry_node]: pos_ned=[2940.16259766    7.30311155   49.18466187]  yaw=0.031  armed=True  vtol=4  batt=15.30V/50%
[offboard_node-2] [INFO] [1785088749.252744590] [offboard_node]: FOLLOWING tick=1980 mode=OFFBOARD cte=-2743.7m pos=[2943.8,7.3] tgt=[200.0,96.9]
[telemetry_node-1] [INFO] [1785088751.006032270] [telemetry_node]: pos_ned=[2970.22363281    7.565979     49.24118805]  yaw=0.032  armed=True  vtol=4  batt=15.30V/50%
[offboard_node-2] [INFO] [1785088751.250328323] [offboard_node]: FOLLOWING tick=2000 mode=OFFBOARD cte=-2773.8m pos=[2973.8,7.6] tgt=[200.0,96.9]
[telemetry_node-1] [INFO] [1785088753.006334518] [telemetry_node]: pos_ned=[3000.26953125    7.79258585   49.2874794 ]  yaw=0.030  armed=True  vtol=4  batt=15.30V/50%
[offboard_node-2] [INFO] [1785088753.249157579] [offboard_node]: FOLLOWING tick=2020 mode=OFFBOARD cte=-2803.8m pos=[3003.9,7.8] tgt=[200.0,96.9]
[telemetry_node-1] [INFO] [1785088755.006269675] [telemetry_node]: pos_ned=[3030.30004883    7.93566942   49.35239029]  yaw=0.027  armed=True  vtol=4  batt=15.30V/50%
[offboard_node-2] [INFO] [1785088755.256695787] [offboard_node]: FOLLOWING tick=2040 mode=OFFBOARD cte=-2833.8m pos=[3033.9,7.9] tgt=[200.0,96.9]
[telemetry_node-1] [INFO] [1785088757.006582578] [telemetry_node]: pos_ned=[3060.35986328    8.03175831   49.40947342]  yaw=0.025  armed=True  vtol=4  batt=15.30V/50%
[offboard_node-2] [INFO] [1785088757.247390227] [offboard_node]: FOLLOWING tick=2060 mode=OFFBOARD cte=-2863.8m pos=[3063.8,8.0] tgt=[200.0,97.2]
[telemetry_node-1] [INFO] [1785088759.005818886] [telemetry_node]: pos_ned=[3090.40283203    8.18399143   49.48030853]  yaw=0.027  armed=True  vtol=4  batt=15.30V/50%
[offboard_node-2] [INFO] [1785088759.252606755] [offboard_node]: FOLLOWING tick=2080 mode=OFFBOARD cte=-2893.8m pos=[3093.9,8.2] tgt=[200.0,97.7]
[telemetry_node-1] [INFO] [1785088761.005698131] [telemetry_node]: pos_ned=[3120.32519531    8.37019253   49.47708511]  yaw=0.030  armed=True  vtol=4  batt=15.30V/50%
[offboard_node-2] [INFO] [1785088761.253415976] [offboard_node]: FOLLOWING tick=2100 mode=OFFBOARD cte=-2923.3m pos=[3123.3,8.4] tgt=[200.0,97.8]
[telemetry_node-1] [INFO] [1785088765.928505507] [telemetry_node]: pos_ned=[3145.99462891    8.52971363   49.50520706]  yaw=0.031  armed=True  vtol=4  batt=15.30V/50%
[offboard_node-2] [INFO] [1785088766.352710791] [offboard_node]: FOLLOWING tick=2120 mode=OFFBOARD cte=-2952.4m pos=[3152.5,8.6] tgt=[200.0,97.8]
[telemetry_node-1] [INFO] [1785088767.005652175] [telemetry_node]: pos_ned=[3162.46166992    8.64641762   49.53712845]  yaw=0.031  armed=True  vtol=4  batt=15.30V/50%
[offboard_node-2] [INFO] [1785088768.354523929] [offboard_node]: FOLLOWING tick=2140 mode=OFFBOARD cte=-2982.4m pos=[3182.5,8.8] tgt=[200.0,97.8]
[telemetry_node-1] [INFO] [1785088769.005678831] [telemetry_node]: pos_ned=[3192.47338867    8.86158466   49.5851059 ]  yaw=0.030  armed=True  vtol=4  batt=15.30V/50%
[offboard_node-2] [INFO] [1785088770.349223327] [offboard_node]: FOLLOWING tick=2160 mode=OFFBOARD cte=-3012.4m pos=[3212.5,9.0] tgt=[200.0,97.8]
[telemetry_node-1] [INFO] [1785088771.005853873] [telemetry_node]: pos_ned=[3222.46044922    9.12185478   49.60181808]  yaw=0.029  armed=True  vtol=4  batt=15.30V/50%
[offboard_node-2] [INFO] [1785088772.354455176] [offboard_node]: FOLLOWING tick=2180 mode=OFFBOARD cte=-3041.9m pos=[3242.0,9.3] tgt=[200.0,97.8]
[telemetry_node-1] [INFO] [1785088773.006122770] [telemetry_node]: pos_ned=[3252.48486328    9.35011768   49.63720703]  yaw=0.030  armed=True  vtol=4  batt=15.30V/50%
[offboard_node-2] [INFO] [1785088774.350059620] [offboard_node]: FOLLOWING tick=2200 mode=OFFBOARD cte=-3071.9m pos=[3272.0,9.5] tgt=[200.0,97.8]
[telemetry_node-1] [INFO] [1785088775.006852043] [telemetry_node]: pos_ned=[3282.09326172    9.53939438   49.68584061]  yaw=0.029  armed=True  vtol=4  batt=15.30V/50%
[offboard_node-2] [INFO] [1785088776.353539984] [offboard_node]: FOLLOWING tick=2220 mode=OFFBOARD cte=-3102.0m pos=[3302.1,9.7] tgt=[200.0,97.8]
[telemetry_node-1] [INFO] [1785088777.006480132] [telemetry_node]: pos_ned=[3312.16186523    9.69513321   49.77575684]  yaw=0.026  armed=True  vtol=4  batt=15.30V/50%
[offboard_node-2] [INFO] [1785088778.351833989] [offboard_node]: FOLLOWING tick=2240 mode=OFFBOARD cte=-3131.6m pos=[3331.6,9.7] tgt=[200.0,97.8]
[telemetry_node-1] [INFO] [1785088779.006894198] [telemetry_node]: pos_ned=[3341.72875977    9.76551247   49.83811188]  yaw=0.025  armed=True  vtol=4  batt=15.30V/50%
[offboard_node-2] [INFO] [1785088780.357133416] [offboard_node]: FOLLOWING tick=2260 mode=OFFBOARD cte=-3161.6m pos=[3361.6,9.9] tgt=[200.0,97.8]
[telemetry_node-1] [INFO] [1785088781.006525887] [telemetry_node]: pos_ned=[3371.62231445    9.91825294   49.88234711]  yaw=0.026  armed=True  vtol=4  batt=15.30V/50%
[offboard_node-2] [INFO] [1785088782.351492329] [offboard_node]: FOLLOWING tick=2280 mode=OFFBOARD cte=-3191.6m pos=[3391.7,10.0] tgt=[200.0,97.8]
[telemetry_node-1] [INFO] [1785088783.006052689] [telemetry_node]: pos_ned=[3401.61547852   10.04067421   49.91178894]  yaw=0.027  armed=True  vtol=4  batt=15.30V/50%
[offboard_node-2] [INFO] [1785088784.351263017] [offboard_node]: FOLLOWING tick=2300 mode=OFFBOARD cte=-3221.2m pos=[3421.3,10.1] tgt=[200.0,97.8]
[telemetry_node-1] [INFO] [1785088785.006780609] [telemetry_node]: pos_ned=[3431.8762207    10.13543797   49.90339279]  yaw=0.027  armed=True  vtol=4  batt=15.30V/50%
[offboard_node-2] [INFO] [1785088786.347432227] [offboard_node]: FOLLOWING tick=2320 mode=OFFBOARD cte=-3251.3m pos=[3451.3,10.2] tgt=[200.0,97.8]
[telemetry_node-1] [INFO] [1785088787.006548789] [telemetry_node]: pos_ned=[3461.92871094   10.26730347   49.8833046 ]  yaw=0.025  armed=True  vtol=4  batt=15.30V/50%
[offboard_node-2] [INFO] [1785088788.351986194] [offboard_node]: FOLLOWING tick=2340 mode=OFFBOARD cte=-3281.3m pos=[3481.4,10.4] tgt=[200.0,97.8]
[telemetry_node-1] [INFO] [1785088789.007005098] [telemetry_node]: pos_ned=[3491.94873047   10.41562557   49.88624954]  yaw=0.025  armed=True  vtol=4  batt=15.30V/50%
[offboard_node-2] [INFO] [1785088790.351325725] [offboard_node]: FOLLOWING tick=2360 mode=OFFBOARD cte=-3311.3m pos=[3511.4,10.5] tgt=[200.0,98.0]
[telemetry_node-1] [INFO] [1785088791.006082481] [telemetry_node]: pos_ned=[3521.375        10.48764706   49.86306381]  yaw=0.025  armed=True  vtol=4  batt=15.30V/50%
[offboard_node-2] [INFO] [1785088792.353852999] [offboard_node]: FOLLOWING tick=2380 mode=OFFBOARD cte=-3341.4m pos=[3541.5,10.6] tgt=[200.0,98.3]
[telemetry_node-1] [INFO] [1785088793.006533203] [telemetry_node]: pos_ned=[3551.49658203   10.60911465   49.82835007]  yaw=0.025  armed=True  vtol=4  batt=15.30V/50%
[offboard_node-2] [INFO] [1785088794.353077486] [offboard_node]: FOLLOWING tick=2400 mode=OFFBOARD cte=-3371.5m pos=[3571.6,10.7] tgt=[200.0,98.6]
[telemetry_node-1] [INFO] [1785088795.006908247] [telemetry_node]: pos_ned=[3581.56176758   10.71955299   49.82122421]  yaw=0.025  armed=True  vtol=4  batt=15.30V/50%
[offboard_node-2] [INFO] [1785088796.350757614] [offboard_node]: FOLLOWING tick=2420 mode=OFFBOARD cte=-3401.5m pos=[3601.6,10.8] tgt=[200.0,98.8]
[telemetry_node-1] [INFO] [1785088797.006760853] [telemetry_node]: pos_ned=[3611.71411133   10.79762077   49.80591965]  yaw=0.024  armed=True  vtol=4  batt=15.30V/50%
[offboard_node-2] [INFO] [1785088798.347868334] [offboard_node]: FOLLOWING tick=2440 mode=OFFBOARD cte=-3431.6m pos=[3631.7,10.9] tgt=[200.0,98.8]
[telemetry_node-1] [INFO] [1785088800.796750194] [telemetry_node]: pos_ned=[3632.68115234   10.86582851   49.82085037]  yaw=0.025  armed=True  vtol=4  batt=15.30V/50%
[telemetry_node-1] [INFO] [1785088801.005917287] [telemetry_node]: pos_ned=[3636.17773438   10.88510609   49.82797241]  yaw=0.025  armed=True  vtol=4  batt=15.30V/50%
[offboard_node-2] [INFO] [1785088802.657864896] [offboard_node]: FOLLOWING tick=2460 mode=OFFBOARD cte=-3460.2m pos=[3660.3,11.0] tgt=[200.0,98.8]
[telemetry_node-1] [INFO] [1785088803.005898366] [telemetry_node]: pos_ned=[3665.81298828   10.96674919   49.87557983]  yaw=0.027  armed=True  vtol=4  batt=15.30V/50%
[offboard_node-2] [INFO] [1785088804.660259036] [offboard_node]: FOLLOWING tick=2480 mode=OFFBOARD cte=-3490.3m pos=[3690.4,11.1] tgt=[200.0,98.8]
[telemetry_node-1] [INFO] [1785088805.005983993] [telemetry_node]: pos_ned=[3695.90625      11.09333801   49.9098053 ]  yaw=0.029  armed=True  vtol=4  batt=15.30V/50%
[offboard_node-2] [INFO] [1785088806.660886936] [offboard_node]: FOLLOWING tick=2500 mode=OFFBOARD cte=-3520.3m pos=[3720.4,11.2] tgt=[200.0,98.8]
[telemetry_node-1] [INFO] [1785088807.006433287] [telemetry_node]: pos_ned=[3725.90966797   11.16840839   49.95495224]  yaw=0.030  armed=True  vtol=4  batt=15.30V/50%
[offboard_node-2] [INFO] [1785088808.664257456] [offboard_node]: FOLLOWING tick=2520 mode=OFFBOARD cte=-3550.3m pos=[3750.4,11.3] tgt=[200.0,98.8]
[telemetry_node-1] [INFO] [1785088809.006186660] [telemetry_node]: pos_ned=[3755.9206543    11.32396698   49.98930359]  yaw=0.030  armed=True  vtol=4  batt=15.30V/50%
[offboard_node-2] [INFO] [1785088810.654295267] [offboard_node]: FOLLOWING tick=2540 mode=OFFBOARD cte=-3580.3m pos=[3780.4,11.4] tgt=[200.0,98.8]
[telemetry_node-1] [INFO] [1785088811.007126037] [telemetry_node]: pos_ned=[3785.9387207    11.40456104   50.05962372]  yaw=0.029  armed=True  vtol=4  batt=15.30V/50%
[offboard_node-2] [INFO] [1785088812.654055090] [offboard_node]: FOLLOWING tick=2560 mode=OFFBOARD cte=-3609.8m pos=[3810.0,11.5] tgt=[200.0,98.8]
[telemetry_node-1] [INFO] [1785088813.007122947] [telemetry_node]: pos_ned=[3815.47338867   11.4952507    50.09470749]  yaw=0.028  armed=True  vtol=4  batt=15.30V/50%
[offboard_node-2] [INFO] [1785088814.653138469] [offboard_node]: FOLLOWING tick=2580 mode=OFFBOARD cte=-3639.7m pos=[3839.8,11.5] tgt=[200.0,98.8]
[telemetry_node-1] [INFO] [1785088815.005698350] [telemetry_node]: pos_ned=[3845.28808594   11.49529839   50.09160995]  yaw=0.027  armed=True  vtol=4  batt=15.30V/50%
[offboard_node-2] [INFO] [1785088816.654591083] [offboard_node]: FOLLOWING tick=2600 mode=OFFBOARD cte=-3669.6m pos=[3869.7,11.5] tgt=[200.0,98.8]
[telemetry_node-1] [INFO] [1785088817.005815099] [telemetry_node]: pos_ned=[3875.21435547   11.4977293    50.05599976]  yaw=0.026  armed=True  vtol=4  batt=15.30V/50%
[offboard_node-2] [INFO] [1785088818.651808763] [offboard_node]: FOLLOWING tick=2620 mode=OFFBOARD cte=-3699.7m pos=[3899.8,11.5] tgt=[200.0,98.8]
[telemetry_node-1] [INFO] [1785088819.005899775] [telemetry_node]: pos_ned=[3905.28686523   11.54827595   50.06707764]  yaw=0.027  armed=True  vtol=4  batt=15.30V/50%
[offboard_node-2] [INFO] [1785088820.656493169] [offboard_node]: FOLLOWING tick=2640 mode=OFFBOARD cte=-3729.7m pos=[3929.8,11.6] tgt=[200.0,98.8]
[telemetry_node-1] [INFO] [1785088821.006320557] [telemetry_node]: pos_ned=[3935.31616211   11.62279797   50.02309418]  yaw=0.029  armed=True  vtol=4  batt=15.30V/50%
[offboard_node-2] [INFO] [1785088822.660456800] [offboard_node]: FOLLOWING tick=2660 mode=OFFBOARD cte=-3759.2m pos=[3959.3,11.7] tgt=[200.0,98.8]
[telemetry_node-1] [INFO] [1785088823.006478029] [telemetry_node]: pos_ned=[3964.80908203   11.67533016   50.03703308]  yaw=0.029  armed=True  vtol=4  batt=15.30V/50%
[offboard_node-2] [INFO] [1785088824.659618962] [offboard_node]: FOLLOWING tick=2680 mode=OFFBOARD cte=-3789.2m pos=[3989.3,11.7] tgt=[200.0,98.8]
[telemetry_node-1] [INFO] [1785088825.006306178] [telemetry_node]: pos_ned=[3994.79516602   11.75115776   50.0236969 ]  yaw=0.028  armed=True  vtol=4  batt=15.30V/50%
[offboard_node-2] [INFO] [1785088826.652688087] [offboard_node]: FOLLOWING tick=2700 mode=OFFBOARD cte=-3819.2m pos=[4019.3,11.8] tgt=[200.0,98.8]
[telemetry_node-1] [INFO] [1785088827.005766972] [telemetry_node]: pos_ned=[4024.85766602   11.82444096   50.05460739]  yaw=0.030  armed=True  vtol=4  batt=15.30V/50%
[offboard_node-2] [INFO] [1785088828.652639305] [offboard_node]: FOLLOWING tick=2720 mode=OFFBOARD cte=-3849.2m pos=[4049.4,12.0] tgt=[200.0,99.1]
[telemetry_node-1] [INFO] [1785088829.006439831] [telemetry_node]: pos_ned=[4054.87426758   12.05010414   50.01909637]  yaw=0.033  armed=True  vtol=4  batt=15.30V/50%
[offboard_node-2] [INFO] [1785088830.655173821] [offboard_node]: FOLLOWING tick=2740 mode=OFFBOARD cte=-3879.3m pos=[4079.4,12.3] tgt=[200.0,99.7]
[telemetry_node-1] [INFO] [1785088831.006662454] [telemetry_node]: pos_ned=[4084.953125     12.34052086   49.98413467]  yaw=0.037  armed=True  vtol=4  batt=15.30V/50%
[offboard_node-2] [INFO] [1785088832.656467890] [offboard_node]: FOLLOWING tick=2760 mode=OFFBOARD cte=-3909.3m pos=[4109.4,12.6] tgt=[200.0,99.8]
[telemetry_node-1] [INFO] [1785088833.006910624] [telemetry_node]: pos_ned=[4114.96240234   12.60945606   49.98497009]  yaw=0.036  armed=True  vtol=4  batt=15.30V/50%
[telemetry_node-1] [INFO] [1785088835.693808674] [telemetry_node]: pos_ned=[4115.44287109   12.61373043   49.98468399]  yaw=0.036  armed=True  vtol=4  batt=15.30V/50%
[telemetry_node-1] [INFO] [1785088837.007458028] [telemetry_node]: pos_ned=[4135.29443359   12.77819443   49.9602623 ]  yaw=0.034  armed=True  vtol=4  batt=15.30V/50%
[offboard_node-2] [INFO] [1785088837.152309619] [offboard_node]: FOLLOWING tick=2780 mode=OFFBOARD cte=-3937.2m pos=[4137.3,12.8] tgt=[200.0,99.8]
[telemetry_node-1] [INFO] [1785088839.007163604] [telemetry_node]: pos_ned=[4165.40869141   13.02360153   49.92818451]  yaw=0.031  armed=True  vtol=4  batt=15.30V/50%
[offboard_node-2] [INFO] [1785088839.162682019] [offboard_node]: FOLLOWING tick=2800 mode=OFFBOARD cte=-3966.9m pos=[4167.0,13.0] tgt=[200.0,99.8]
[telemetry_node-1] [INFO] [1785088841.007320067] [telemetry_node]: pos_ned=[4195.5078125    13.19954967   49.93688965]  yaw=0.029  armed=True  vtol=4  batt=15.30V/50%
[offboard_node-2] [INFO] [1785088841.156498813] [offboard_node]: FOLLOWING tick=2820 mode=OFFBOARD cte=-3997.0m pos=[4197.1,13.2] tgt=[200.0,99.8]
[telemetry_node-1] [INFO] [1785088843.007721224] [telemetry_node]: pos_ned=[4225.12548828   13.28345013   49.92498016]  yaw=0.029  armed=True  vtol=4  batt=15.30V/50%
[offboard_node-2] [INFO] [1785088843.155868616] [offboard_node]: FOLLOWING tick=2840 mode=OFFBOARD cte=-4026.9m pos=[4227.1,13.3] tgt=[200.0,99.8]
[telemetry_node-1] [INFO] [1785088845.005964809] [telemetry_node]: pos_ned=[4255.16113281   13.44338417   49.89691544]  yaw=0.030  armed=True  vtol=4  batt=15.30V/50%
[offboard_node-2] [INFO] [1785088845.155121904] [offboard_node]: FOLLOWING tick=2860 mode=OFFBOARD cte=-4057.1m pos=[4257.2,13.5] tgt=[200.0,99.8]
[telemetry_node-1] [INFO] [1785088847.006645651] [telemetry_node]: pos_ned=[4285.35058594   13.60318184   49.92273712]  yaw=0.030  armed=True  vtol=4  batt=15.30V/50%
[offboard_node-2] [INFO] [1785088847.156244579] [offboard_node]: FOLLOWING tick=2880 mode=OFFBOARD cte=-4086.8m pos=[4286.9,13.6] tgt=[200.0,99.8]
[telemetry_node-1] [INFO] [1785088849.006321054] [telemetry_node]: pos_ned=[4314.98095703   13.69051647   49.97162628]  yaw=0.028  armed=True  vtol=4  batt=15.30V/50%
[offboard_node-2] [INFO] [1785088849.154955194] [offboard_node]: FOLLOWING tick=2900 mode=OFFBOARD cte=-4116.9m pos=[4317.0,13.7] tgt=[200.0,99.8]
[telemetry_node-1] [INFO] [1785088851.006883894] [telemetry_node]: pos_ned=[4345.08349609   13.78691006   49.94656372]  yaw=0.026  armed=True  vtol=4  batt=15.30V/50%
[offboard_node-2] [INFO] [1785088851.154888764] [offboard_node]: FOLLOWING tick=2920 mode=OFFBOARD cte=-4147.0m pos=[4347.1,13.8] tgt=[200.0,99.8]
[telemetry_node-1] [INFO] [1785088853.005715295] [telemetry_node]: pos_ned=[4375.20214844   13.93507004   49.91707611]  yaw=0.026  armed=True  vtol=4  batt=15.30V/50%
[offboard_node-2] [INFO] [1785088853.154519745] [offboard_node]: FOLLOWING tick=2940 mode=OFFBOARD cte=-4177.1m pos=[4377.3,13.9] tgt=[200.0,99.8]
[telemetry_node-1] [INFO] [1785088855.006682496] [telemetry_node]: pos_ned=[4402.90917969   14.06638432   49.94881439]  yaw=0.028  armed=True  vtol=4  batt=15.30V/50%
[offboard_node-2] [INFO] [1785088855.153700641] [offboard_node]: FOLLOWING tick=2960 mode=OFFBOARD cte=-4204.4m pos=[4404.5,14.1] tgt=[200.0,99.8]
[telemetry_node-1] [INFO] [1785088857.006202588] [telemetry_node]: pos_ned=[4433.32568359   14.20554638   49.92240524]  yaw=0.029  armed=True  vtol=4  batt=15.30V/50%
[offboard_node-2] [INFO] [1785088857.156936511] [offboard_node]: FOLLOWING tick=2980 mode=OFFBOARD cte=-4234.6m pos=[4434.8,14.2] tgt=[200.0,99.8]
[telemetry_node-1] [INFO] [1785088859.006991259] [telemetry_node]: pos_ned=[4463.08789062   14.43388271   49.91648102]  yaw=0.028  armed=True  vtol=4  batt=15.30V/50%
[offboard_node-2] [INFO] [1785088859.155529618] [offboard_node]: FOLLOWING tick=3000 mode=OFFBOARD cte=-4265.0m pos=[4465.2,14.4] tgt=[200.0,99.8]
[telemetry_node-1] [INFO] [1785088861.006693361] [telemetry_node]: pos_ned=[4493.42871094   14.63079643   49.81697083]  yaw=0.026  armed=True  vtol=4  batt=15.30V/50%
[offboard_node-2] [INFO] [1785088861.152780287] [offboard_node]: FOLLOWING tick=3020 mode=OFFBOARD cte=-4295.2m pos=[4495.4,14.6] tgt=[200.0,99.8]
[telemetry_node-1] [INFO] [1785088863.006365585] [telemetry_node]: pos_ned=[4523.66455078   14.78512573   49.77084351]  yaw=0.023  armed=True  vtol=4  batt=15.30V/50%
[offboard_node-2] [INFO] [1785088863.155867175] [offboard_node]: FOLLOWING tick=3040 mode=OFFBOARD cte=-4325.5m pos=[4525.6,14.8] tgt=[200.0,99.8]
[telemetry_node-1] [INFO] [1785088865.007695546] [telemetry_node]: pos_ned=[4553.91894531   14.94463539   49.75910187]  yaw=0.022  armed=True  vtol=4  batt=15.30V/50%
[offboard_node-2] [INFO] [1785088865.160153607] [offboard_node]: FOLLOWING tick=3060 mode=OFFBOARD cte=-4355.8m pos=[4556.0,15.0] tgt=[200.0,99.8]
[telemetry_node-1] [INFO] [1785088867.007511057] [telemetry_node]: pos_ned=[4584.23974609   15.12484646   49.76480865]  yaw=0.022  armed=True  vtol=4  batt=15.30V/50%
[offboard_node-2] [INFO] [1785088867.158004438] [offboard_node]: FOLLOWING tick=3080 mode=OFFBOARD cte=-4386.2m pos=[4586.3,15.1] tgt=[200.0,99.8]
[telemetry_node-1] [INFO] [1785088870.842245928] [telemetry_node]: pos_ned=[4601.81542969   15.22974491   49.77829361]  yaw=0.023  armed=True  vtol=4  batt=15.30V/50%
[telemetry_node-1] [INFO] [1785088871.006257394] [telemetry_node]: pos_ned=[4603.75830078   15.24320984   49.78055954]  yaw=0.024  armed=True  vtol=4  batt=15.30V/50%
[offboard_node-2] [INFO] [1785088871.762554965] [offboard_node]: FOLLOWING tick=3100 mode=OFFBOARD cte=-4414.7m pos=[4614.8,15.3] tgt=[200.0,99.8]
[telemetry_node-1] [INFO] [1785088873.006637930] [telemetry_node]: pos_ned=[4634.0859375    15.49612904   49.78225327]  yaw=0.026  armed=True  vtol=4  batt=15.30V/50%
[offboard_node-2] [INFO] [1785088873.752800058] [offboard_node]: FOLLOWING tick=3120 mode=OFFBOARD cte=-4444.9m pos=[4645.1,15.6] tgt=[200.0,99.8]
[telemetry_node-1] [INFO] [1785088875.006569512] [telemetry_node]: pos_ned=[4664.18359375   15.79449654   49.80601883]  yaw=0.028  armed=True  vtol=4  batt=15.30V/50%
[offboard_node-2] [INFO] [1785088875.752493439] [offboard_node]: FOLLOWING tick=3140 mode=OFFBOARD cte=-4475.3m pos=[4675.4,15.9] tgt=[200.0,99.8]
[telemetry_node-1] [INFO] [1785088877.006260979] [telemetry_node]: pos_ned=[4694.52050781   16.09944534   49.80456543]  yaw=0.029  armed=True  vtol=4  batt=15.30V/50%
[offboard_node-2] [INFO] [1785088877.751824419] [offboard_node]: FOLLOWING tick=3160 mode=OFFBOARD cte=-4505.5m pos=[4705.6,16.2] tgt=[200.0,100.2]
[telemetry_node-1] [INFO] [1785088879.006234433] [telemetry_node]: pos_ned=[4724.6796875    16.45480919   49.84468842]  yaw=0.028  armed=True  vtol=4  batt=15.30V/50%
[offboard_node-2] [INFO] [1785088879.750288880] [offboard_node]: FOLLOWING tick=3180 mode=OFFBOARD cte=-4535.6m pos=[4735.7,16.6] tgt=[200.0,100.9]
[telemetry_node-1] [INFO] [1785088881.006131298] [telemetry_node]: pos_ned=[4754.78076172   16.73701859   49.86452484]  yaw=0.027  armed=True  vtol=4  batt=15.30V/50%
[offboard_node-2] [INFO] [1785088881.756003074] [offboard_node]: FOLLOWING tick=3200 mode=OFFBOARD cte=-4565.7m pos=[4765.9,16.8] tgt=[200.0,101.5]
[telemetry_node-1] [INFO] [1785088883.006642030] [telemetry_node]: pos_ned=[4784.87207031   16.97917175   49.88968277]  yaw=0.026  armed=True  vtol=4  batt=15.30V/50%
[offboard_node-2] [INFO] [1785088883.753400236] [offboard_node]: FOLLOWING tick=3220 mode=OFFBOARD cte=-4595.2m pos=[4795.3,17.1] tgt=[200.0,101.7]
[telemetry_node-1] [INFO] [1785088885.006949253] [telemetry_node]: pos_ned=[4814.9765625    17.23479271   49.90927887]  yaw=0.025  armed=True  vtol=4  batt=15.30V/50%
[offboard_node-2] [INFO] [1785088885.756264884] [offboard_node]: FOLLOWING tick=3240 mode=OFFBOARD cte=-4625.3m pos=[4825.5,17.3] tgt=[200.0,101.7]
[telemetry_node-1] [INFO] [1785088887.006444124] [telemetry_node]: pos_ned=[4845.00048828   17.43503952   49.96956635]  yaw=0.025  armed=True  vtol=4  batt=15.30V/50%
[offboard_node-2] [INFO] [1785088887.752925320] [offboard_node]: FOLLOWING tick=3260 mode=OFFBOARD cte=-4655.5m pos=[4855.6,17.5] tgt=[200.0,101.7]
[telemetry_node-1] [INFO] [1785088889.005897653] [telemetry_node]: pos_ned=[4875.12451172   17.55692291   49.99817276]  yaw=0.024  armed=True  vtol=4  batt=15.30V/50%
[offboard_node-2] [INFO] [1785088889.748866034] [offboard_node]: FOLLOWING tick=3280 mode=OFFBOARD cte=-4685.4m pos=[4885.6,17.6] tgt=[200.0,101.7]
[telemetry_node-1] [INFO] [1785088891.006597167] [telemetry_node]: pos_ned=[4904.55175781   17.67359734   50.0428009 ]  yaw=0.024  armed=True  vtol=4  batt=15.30V/50%
[offboard_node-2] [INFO] [1785088891.763139569] [offboard_node]: FOLLOWING tick=3300 mode=OFFBOARD cte=-4715.4m pos=[4915.6,17.8] tgt=[200.0,101.7]
[telemetry_node-1] [INFO] [1785088893.006797532] [telemetry_node]: pos_ned=[4934.58007812   17.85552979   50.06103134]  yaw=0.024  armed=True  vtol=4  batt=15.30V/50%
[offboard_node-2] [INFO] [1785088893.752406143] [offboard_node]: FOLLOWING tick=3320 mode=OFFBOARD cte=-4745.5m pos=[4945.6,17.9] tgt=[200.0,101.7]
[telemetry_node-1] [INFO] [1785088895.005995148] [telemetry_node]: pos_ned=[4964.58886719   17.95798683   50.08521652]  yaw=0.024  armed=True  vtol=4  batt=15.30V/50%
[offboard_node-2] [INFO] [1785088895.760796848] [offboard_node]: FOLLOWING tick=3340 mode=OFFBOARD cte=-4774.9m pos=[4975.0,18.0] tgt=[200.0,101.7]
[telemetry_node-1] [INFO] [1785088897.006084443] [telemetry_node]: pos_ned=[4994.45703125   18.02503586   50.11553574]  yaw=0.023  armed=True  vtol=4  batt=15.30V/50%
[offboard_node-2] [INFO] [1785088897.749792589] [offboard_node]: FOLLOWING tick=3360 mode=OFFBOARD cte=-4804.8m pos=[5005.0,18.0] tgt=[200.0,101.7]
[telemetry_node-1] [INFO] [1785088899.006594794] [telemetry_node]: pos_ned=[5024.41064453   18.02019882   50.12272263]  yaw=0.020  armed=True  vtol=4  batt=15.30V/50%
[offboard_node-2] [INFO] [1785088899.750867518] [offboard_node]: FOLLOWING tick=3380 mode=OFFBOARD cte=-4834.8m pos=[5035.0,18.0] tgt=[200.0,101.7]
[telemetry_node-1] [INFO] [1785088901.006745100] [telemetry_node]: pos_ned=[5053.94921875   18.06209183   50.11496735]  yaw=0.020  armed=True  vtol=4  batt=15.30V/50%
[offboard_node-2] [INFO] [1785088901.755721755] [offboard_node]: FOLLOWING tick=3400 mode=OFFBOARD cte=-4864.9m pos=[5065.0,18.1] tgt=[200.0,101.7]
[telemetry_node-1] [INFO] [1785088903.006517661] [telemetry_node]: pos_ned=[5083.94677734   18.13710022   50.12083435]  yaw=0.023  armed=True  vtol=4  batt=15.30V/50%
[telemetry_node-1] [INFO] [1785088906.329573911] [telemetry_node]: pos_ned=[5092.95263672   18.16143227   50.11999512]  yaw=0.023  armed=True  vtol=4  batt=15.30V/50%
[offboard_node-2] [INFO] [1785088906.374119240] [offboard_node]: FOLLOWING tick=3420 mode=OFFBOARD cte=-4893.3m pos=[5093.4,18.2] tgt=[200.0,101.8]
[telemetry_node-1] [INFO] [1785088907.005669930] [telemetry_node]: pos_ned=[5103.41455078   18.17350388   50.12220764]  yaw=0.024  armed=True  vtol=4  batt=15.30V/50%
[offboard_node-2] [INFO] [1785088908.352331254] [offboard_node]: FOLLOWING tick=3440 mode=OFFBOARD cte=-4923.4m pos=[5123.5,18.2] tgt=[200.0,101.9]
[telemetry_node-1] [INFO] [1785088909.006669626] [telemetry_node]: pos_ned=[5133.42871094   18.22554207   50.15926743]  yaw=0.023  armed=True  vtol=4  batt=15.30V/50%
[offboard_node-2] [INFO] [1785088910.353087303] [offboard_node]: FOLLOWING tick=3460 mode=OFFBOARD cte=-4952.9m pos=[5153.0,18.3] tgt=[200.0,101.9]
[telemetry_node-1] [INFO] [1785088911.006140981] [telemetry_node]: pos_ned=[5162.91796875   18.29188156   50.17249298]  yaw=0.021  armed=True  vtol=4  batt=15.30V/50%
[offboard_node-2] [INFO] [1785088912.351383486] [offboard_node]: FOLLOWING tick=3480 mode=OFFBOARD cte=-4982.8m pos=[5182.9,18.3] tgt=[200.0,102.0]
[telemetry_node-1] [INFO] [1785088913.006318954] [telemetry_node]: pos_ned=[5192.85742188   18.36912537   50.18714523]  yaw=0.021  armed=True  vtol=4  batt=15.30V/50%
[offboard_node-2] [INFO] [1785088914.352416835] [offboard_node]: FOLLOWING tick=3500 mode=OFFBOARD cte=-5012.3m pos=[5212.4,18.4] tgt=[200.0,102.1]
[telemetry_node-1] [INFO] [1785088915.007288940] [telemetry_node]: pos_ned=[5222.31640625   18.4698143    50.20446777]  yaw=0.024  armed=True  vtol=4  batt=15.30V/50%
[offboard_node-2] [INFO] [1785088916.355251492] [offboard_node]: FOLLOWING tick=3520 mode=OFFBOARD cte=-5042.1m pos=[5242.2,18.6] tgt=[200.0,102.2]
[telemetry_node-1] [INFO] [1785088917.007547260] [telemetry_node]: pos_ned=[5252.12792969   18.64042091   50.21176529]  yaw=0.027  armed=True  vtol=4  batt=15.30V/50%
[offboard_node-2] [INFO] [1785088918.354196564] [offboard_node]: FOLLOWING tick=3540 mode=OFFBOARD cte=-5072.0m pos=[5272.1,18.7] tgt=[200.0,102.4]
[telemetry_node-1] [INFO] [1785088919.006332846] [telemetry_node]: pos_ned=[5282.01367188   18.79182625   50.21394348]  yaw=0.029  armed=True  vtol=4  batt=15.30V/50%
[offboard_node-2] [INFO] [1785088920.352527675] [offboard_node]: FOLLOWING tick=3560 mode=OFFBOARD cte=-5101.3m pos=[5301.4,19.0] tgt=[200.0,102.6]
[telemetry_node-1] [INFO] [1785088921.005878603] [telemetry_node]: pos_ned=[5311.93115234   19.0386219    50.25741959]  yaw=0.029  armed=True  vtol=4  batt=15.30V/50%
[offboard_node-2] [INFO] [1785088922.352834845] [offboard_node]: FOLLOWING tick=3580 mode=OFFBOARD cte=-5131.2m pos=[5331.3,19.2] tgt=[200.0,102.7]
[telemetry_node-1] [INFO] [1785088923.005998423] [telemetry_node]: pos_ned=[5341.81835938   19.29343987   50.35002899]  yaw=0.029  armed=True  vtol=4  batt=15.30V/50%
[offboard_node-2] [INFO] [1785088924.352766930] [offboard_node]: FOLLOWING tick=3600 mode=OFFBOARD cte=-5161.1m pos=[5361.2,19.5] tgt=[200.0,102.7]
[telemetry_node-1] [INFO] [1785088925.005748023] [telemetry_node]: pos_ned=[5371.22460938   19.5449276    50.39263153]  yaw=0.029  armed=True  vtol=4  batt=15.30V/50%
[offboard_node-2] [INFO] [1785088926.350114585] [offboard_node]: FOLLOWING tick=3620 mode=OFFBOARD cte=-5191.0m pos=[5391.0,19.7] tgt=[200.0,102.7]
[telemetry_node-1] [INFO] [1785088927.006009665] [telemetry_node]: pos_ned=[5401.05615234   19.68007469   50.44338989]  yaw=0.027  armed=True  vtol=4  batt=15.30V/50%
[offboard_node-2] [INFO] [1785088928.356562644] [offboard_node]: FOLLOWING tick=3640 mode=OFFBOARD cte=-5220.8m pos=[5420.9,19.7] tgt=[200.0,102.7]
[telemetry_node-1] [INFO] [1785088929.006932392] [telemetry_node]: pos_ned=[5430.91259766   19.72315407   50.43268585]  yaw=0.023  armed=True  vtol=4  batt=15.30V/50%
[offboard_node-2] [INFO] [1785088930.353494096] [offboard_node]: FOLLOWING tick=3660 mode=OFFBOARD cte=-5250.1m pos=[5450.2,19.7] tgt=[200.0,102.7]
[telemetry_node-1] [INFO] [1785088931.008458756] [telemetry_node]: pos_ned=[5460.20849609   19.77085304   50.4509697 ]  yaw=0.022  armed=True  vtol=4  batt=15.30V/50%
[offboard_node-2] [INFO] [1785088932.358495749] [offboard_node]: FOLLOWING tick=3680 mode=OFFBOARD cte=-5280.0m pos=[5480.1,19.8] tgt=[200.0,102.7]
[telemetry_node-1] [INFO] [1785088933.006645791] [telemetry_node]: pos_ned=[5490.04638672   19.7622757    50.43016815]  yaw=0.021  armed=True  vtol=4  batt=15.30V/50%
[offboard_node-2] [INFO] [1785088934.358840579] [offboard_node]: FOLLOWING tick=3700 mode=OFFBOARD cte=-5309.4m pos=[5509.5,19.8] tgt=[200.0,102.7]
[telemetry_node-1] [INFO] [1785088935.006280520] [telemetry_node]: pos_ned=[5519.50048828   19.75331879   50.42567444]  yaw=0.022  armed=True  vtol=4  batt=15.30V/50%
[offboard_node-2] [INFO] [1785088936.355028173] [offboard_node]: FOLLOWING tick=3720 mode=OFFBOARD cte=-5339.5m pos=[5539.5,19.7] tgt=[200.0,102.7]
[telemetry_node-1] [INFO] [1785088937.007336299] [telemetry_node]: pos_ned=[5549.97363281   19.754076     50.36912155]  yaw=0.022  armed=True  vtol=4  batt=15.30V/50%
[offboard_node-2] [INFO] [1785088938.352838913] [offboard_node]: FOLLOWING tick=3740 mode=OFFBOARD cte=-5369.3m pos=[5569.4,19.7] tgt=[200.0,102.7]
[telemetry_node-1] [INFO] [1785088941.254496291] [telemetry_node]: pos_ned=[5572.98974609   19.73901939   50.31694412]  yaw=0.020  armed=True  vtol=4  batt=15.30V/50%
[offboard_node-2] [INFO] [1785088942.950070204] [offboard_node]: FOLLOWING tick=3760 mode=OFFBOARD cte=-5398.3m pos=[5598.4,19.7] tgt=[200.0,102.7]
[telemetry_node-1] [INFO] [1785088943.006008842] [telemetry_node]: pos_ned=[5599.37890625   19.68877029   50.26144028]  yaw=0.020  armed=True  vtol=4  batt=15.30V/50%
[offboard_node-2] [INFO] [1785088944.953269530] [offboard_node]: FOLLOWING tick=3780 mode=OFFBOARD cte=-5428.4m pos=[5628.5,19.7] tgt=[200.0,102.7]
[telemetry_node-1] [INFO] [1785088945.006209341] [telemetry_node]: pos_ned=[5629.44824219   19.70876884   50.24186325]  yaw=0.021  armed=True  vtol=4  batt=15.30V/50%
[offboard_node-2] [INFO] [1785088946.955090872] [offboard_node]: FOLLOWING tick=3800 mode=OFFBOARD cte=-5458.5m pos=[5658.5,19.7] tgt=[200.0,102.7]
[telemetry_node-1] [INFO] [1785088947.006129675] [telemetry_node]: pos_ned=[5659.50830078   19.73116684   50.26244736]  yaw=0.023  armed=True  vtol=4  batt=15.30V/50%
[offboard_node-2] [INFO] [1785088948.954634535] [offboard_node]: FOLLOWING tick=3820 mode=OFFBOARD cte=-5488.5m pos=[5688.6,19.8] tgt=[200.0,102.7]
[telemetry_node-1] [INFO] [1785088949.006781578] [telemetry_node]: pos_ned=[5689.5859375    19.78924561   50.24744415]  yaw=0.024  armed=True  vtol=4  batt=15.30V/50%
[offboard_node-2] [INFO] [1785088950.951887494] [offboard_node]: FOLLOWING tick=3840 mode=OFFBOARD cte=-5518.6m pos=[5718.7,19.8] tgt=[200.0,102.7]
[telemetry_node-1] [INFO] [1785088951.005969877] [telemetry_node]: pos_ned=[5719.66503906   19.82187462   50.25696945]  yaw=0.023  armed=True  vtol=4  batt=15.30V/50%
[offboard_node-2] [INFO] [1785088952.949111684] [offboard_node]: FOLLOWING tick=3860 mode=OFFBOARD cte=-5548.7m pos=[5748.8,19.9] tgt=[200.0,102.7]
[telemetry_node-1] [INFO] [1785088953.006367399] [telemetry_node]: pos_ned=[5749.73974609   19.90200233   50.24479675]  yaw=0.023  armed=True  vtol=4  batt=15.30V/50%
[offboard_node-2] [INFO] [1785088954.958036550] [offboard_node]: FOLLOWING tick=3880 mode=OFFBOARD cte=-5578.8m pos=[5778.8,20.0] tgt=[200.0,102.7]
[telemetry_node-1] [INFO] [1785088955.006276763] [telemetry_node]: pos_ned=[5779.79736328   19.96802711   50.26194763]  yaw=0.023  armed=True  vtol=4  batt=15.30V/50%
[offboard_node-2] [INFO] [1785088956.958698811] [offboard_node]: FOLLOWING tick=3900 mode=OFFBOARD cte=-5608.2m pos=[5808.3,20.0] tgt=[200.0,102.7]
[telemetry_node-1] [INFO] [1785088957.006830802] [telemetry_node]: pos_ned=[5809.81347656   20.02379227   50.28007889]  yaw=0.025  armed=True  vtol=4  batt=15.30V/50%
[offboard_node-2] [INFO] [1785088958.948452696] [offboard_node]: FOLLOWING tick=3920 mode=OFFBOARD cte=-5638.1m pos=[5838.2,20.1] tgt=[200.0,102.7]
[telemetry_node-1] [INFO] [1785088959.006602464] [telemetry_node]: pos_ned=[5839.31103516   20.12992096   50.34997559]  yaw=0.026  armed=True  vtol=4  batt=15.30V/50%
[offboard_node-2] [INFO] [1785088960.948156871] [offboard_node]: FOLLOWING tick=3940 mode=OFFBOARD cte=-5668.1m pos=[5868.2,20.2] tgt=[200.0,102.7]
[telemetry_node-1] [INFO] [1785088961.006415912] [telemetry_node]: pos_ned=[5869.25830078   20.23890305   50.39746857]  yaw=0.026  armed=True  vtol=4  batt=15.30V/50%
[offboard_node-2] [INFO] [1785088962.949863902] [offboard_node]: FOLLOWING tick=3960 mode=OFFBOARD cte=-5698.3m pos=[5898.4,20.3] tgt=[200.0,102.7]
[telemetry_node-1] [INFO] [1785088963.006214155] [telemetry_node]: pos_ned=[5899.43457031   20.26686668   50.44365692]  yaw=0.025  armed=True  vtol=4  batt=15.30V/50%
[offboard_node-2] [INFO] [1785088964.949318722] [offboard_node]: FOLLOWING tick=3980 mode=OFFBOARD cte=-5728.3m pos=[5928.4,20.4] tgt=[200.0,102.7]
[telemetry_node-1] [INFO] [1785088965.005597977] [telemetry_node]: pos_ned=[5929.45410156   20.42946625   50.51530075]  yaw=0.026  armed=True  vtol=4  batt=15.30V/50%
[offboard_node-2] [INFO] [1785088966.948432667] [offboard_node]: FOLLOWING tick=4000 mode=OFFBOARD cte=-5758.3m pos=[5958.3,20.5] tgt=[200.0,102.7]
[telemetry_node-1] [INFO] [1785088967.006448207] [telemetry_node]: pos_ned=[5959.41748047   20.53303909   50.56341553]  yaw=0.028  armed=True  vtol=4  batt=15.30V/50%
[offboard_node-2] [INFO] [1785088968.954136738] [offboard_node]: FOLLOWING tick=4020 mode=OFFBOARD cte=-5787.7m pos=[5987.8,20.6] tgt=[200.0,102.7]
[telemetry_node-1] [INFO] [1785088969.005577093] [telemetry_node]: pos_ned=[5989.35888672   20.6247406    50.56283951]  yaw=0.028  armed=True  vtol=4  batt=15.30V/50%
[offboard_node-2] [INFO] [1785088970.956322011] [offboard_node]: FOLLOWING tick=4040 mode=OFFBOARD cte=-5817.7m pos=[6017.7,20.7] tgt=[200.0,102.7]
[telemetry_node-1] [INFO] [1785088971.005805618] [telemetry_node]: pos_ned=[6019.30175781   20.70043755   50.54930496]  yaw=0.027  armed=True  vtol=4  batt=15.30V/50%
[offboard_node-2] [INFO] [1785088972.955145969] [offboard_node]: FOLLOWING tick=4060 mode=OFFBOARD cte=-5847.6m pos=[6047.7,20.7] tgt=[200.0,102.7]
[telemetry_node-1] [INFO] [1785088973.006340033] [telemetry_node]: pos_ned=[6048.79345703   20.74912453   50.55976105]  yaw=0.026  armed=True  vtol=4  batt=15.30V/50%
[telemetry_node-1] [INFO] [1785088976.190285722] [telemetry_node]: pos_ned=[6056.21728516   20.76497078   50.56027985]  yaw=0.026  armed=True  vtol=4  batt=15.30V/50%
[telemetry_node-1] [INFO] [1785088977.006073586] [telemetry_node]: pos_ned=[6068.69970703   20.79429817   50.57023621]  yaw=0.027  armed=True  vtol=4  batt=15.30V/50%
[offboard_node-2] [INFO] [1785088977.563724519] [offboard_node]: FOLLOWING tick=4080 mode=OFFBOARD cte=-5876.5m pos=[6076.6,20.8] tgt=[200.0,102.7]
[telemetry_node-1] [INFO] [1785088979.006869345] [telemetry_node]: pos_ned=[6098.17578125   20.90533638   50.58696365]  yaw=0.029  armed=True  vtol=4  batt=15.30V/50%
[offboard_node-2] [INFO] [1785088979.554497899] [offboard_node]: FOLLOWING tick=4100 mode=OFFBOARD cte=-5906.0m pos=[6106.1,20.9] tgt=[200.0,102.7]
[telemetry_node-1] [INFO] [1785088981.006647522] [telemetry_node]: pos_ned=[6128.02490234   20.95292664   50.56292725]  yaw=0.028  armed=True  vtol=4  batt=15.30V/50%
[offboard_node-2] [INFO] [1785088981.551048479] [offboard_node]: FOLLOWING tick=4120 mode=OFFBOARD cte=-5936.0m pos=[6136.1,21.0] tgt=[200.0,102.7]
[telemetry_node-1] [INFO] [1785088983.008007353] [telemetry_node]: pos_ned=[6158.03564453   20.9588871    50.56188583]  yaw=0.024  armed=True  vtol=4  batt=15.30V/50%
[offboard_node-2] [INFO] [1785088983.559901522] [offboard_node]: FOLLOWING tick=4140 mode=OFFBOARD cte=-5966.0m pos=[6166.1,21.0] tgt=[200.0,102.7]
[telemetry_node-1] [INFO] [1785088985.006520432] [telemetry_node]: pos_ned=[6187.45947266   20.92959785   50.58975983]  yaw=0.022  armed=True  vtol=4  batt=15.30V/50%
[offboard_node-2] [INFO] [1785088985.555840273] [offboard_node]: FOLLOWING tick=4160 mode=OFFBOARD cte=-5995.5m pos=[6195.5,20.9] tgt=[200.0,102.7]
[telemetry_node-1] [INFO] [1785088987.006749669] [telemetry_node]: pos_ned=[6217.4921875    20.98555565   50.60076523]  yaw=0.024  armed=True  vtol=4  batt=15.30V/50%
[offboard_node-2] [INFO] [1785088987.553074987] [offboard_node]: FOLLOWING tick=4180 mode=OFFBOARD cte=-6025.4m pos=[6225.5,21.0] tgt=[200.0,102.7]
[telemetry_node-1] [INFO] [1785088989.006202068] [telemetry_node]: pos_ned=[6247.42578125   21.08113289   50.57649612]  yaw=0.028  armed=True  vtol=4  batt=15.30V/50%
[offboard_node-2] [INFO] [1785088989.554377730] [offboard_node]: FOLLOWING tick=4200 mode=OFFBOARD cte=-6055.4m pos=[6255.4,21.1] tgt=[200.0,102.9]
[telemetry_node-1] [INFO] [1785088991.006622356] [telemetry_node]: pos_ned=[6277.38134766   21.20009995   50.58878708]  yaw=0.030  armed=True  vtol=4  batt=15.30V/50%
[offboard_node-2] [INFO] [1785088991.551769802] [offboard_node]: FOLLOWING tick=4220 mode=OFFBOARD cte=-6085.3m pos=[6285.4,21.2] tgt=[200.0,103.2]
[telemetry_node-1] [INFO] [1785088993.006663789] [telemetry_node]: pos_ned=[6307.34716797   21.36325264   50.5911293 ]  yaw=0.028  armed=True  vtol=4  batt=15.30V/50%
[offboard_node-2] [INFO] [1785088993.554448348] [offboard_node]: FOLLOWING tick=4240 mode=OFFBOARD cte=-6114.7m pos=[6314.8,21.4] tgt=[200.0,103.5]
[telemetry_node-1] [INFO] [1785088995.006962720] [telemetry_node]: pos_ned=[6335.75195312   21.52575302   50.59072113]  yaw=0.025  armed=True  vtol=4  batt=15.30V/50%
[offboard_node-2] [INFO] [1785088995.557181747] [offboard_node]: FOLLOWING tick=4260 mode=OFFBOARD cte=-6143.6m pos=[6343.7,21.6] tgt=[200.0,103.6]
[telemetry_node-1] [INFO] [1785088997.005980396] [telemetry_node]: pos_ned=[6365.61083984   21.71853638   50.58249664]  yaw=0.026  armed=True  vtol=4  batt=15.30V/50%
[offboard_node-2] [INFO] [1785088997.553496292] [offboard_node]: FOLLOWING tick=4280 mode=OFFBOARD cte=-6173.1m pos=[6373.2,21.8] tgt=[200.0,103.6]
[telemetry_node-1] [INFO] [1785088999.006696156] [telemetry_node]: pos_ned=[6395.08740234   21.96861649   50.59378433]  yaw=0.028  armed=True  vtol=4  batt=15.30V/50%
[offboard_node-2] [INFO] [1785088999.555041974] [offboard_node]: FOLLOWING tick=4300 mode=OFFBOARD cte=-6203.1m pos=[6403.1,22.0] tgt=[200.0,103.6]
[telemetry_node-1] [INFO] [1785089001.006519908] [telemetry_node]: pos_ned=[6425.06933594   22.17467308   50.58495712]  yaw=0.029  armed=True  vtol=4  batt=15.30V/50%
[offboard_node-2] [INFO] [1785089001.559921588] [offboard_node]: FOLLOWING tick=4320 mode=OFFBOARD cte=-6233.0m pos=[6433.1,22.2] tgt=[200.0,103.6]
[telemetry_node-1] [INFO] [1785089003.006549849] [telemetry_node]: pos_ned=[6454.55810547   22.42328453   50.5681839 ]  yaw=0.027  armed=True  vtol=4  batt=15.30V/50%
[offboard_node-2] [INFO] [1785089003.554586701] [offboard_node]: FOLLOWING tick=4340 mode=OFFBOARD cte=-6262.5m pos=[6462.6,22.5] tgt=[200.0,103.6]
[telemetry_node-1] [INFO] [1785089005.006071803] [telemetry_node]: pos_ned=[6484.45458984   22.66314125   50.54697418]  yaw=0.025  armed=True  vtol=4  batt=15.30V/50%
[offboard_node-2] [INFO] [1785089005.553736722] [offboard_node]: FOLLOWING tick=4360 mode=OFFBOARD cte=-6292.4m pos=[6492.5,22.7] tgt=[200.0,103.6]
[WARNING] [launch]: user interrupted with ctrl-c (SIGINT)
[INFO] [offboard_node-2]: sending signal 'SIGINT' to process[offboard_node-2]
[INFO] [telemetry_node-1]: sending signal 'SIGINT' to process[telemetry_node-1]
[offboard_node-2] Traceback (most recent call last):
[offboard_node-2]   File "/root/drone_ws/install/fc_ros/lib/python3.10/site-packages/fc_ros/nodes/offboard_node.py", line 1204, in main
[offboard_node-2]     rclpy.spin(node)
[offboard_node-2]   File "/opt/ros/humble/local/lib/python3.10/dist-packages/rclpy/__init__.py", line 229, in spin
[offboard_node-2]     executor.spin_once()
[offboard_node-2]   File "/opt/ros/humble/local/lib/python3.10/dist-packages/rclpy/executors.py", line 808, in spin_once
[offboard_node-2]     self._spin_once_impl(timeout_sec)
[offboard_node-2]   File "/opt/ros/humble/local/lib/python3.10/dist-packages/rclpy/executors.py", line 797, in _spin_once_impl
[offboard_node-2]     handler, entity, node = self.wait_for_ready_callbacks(timeout_sec=timeout_sec)
[offboard_node-2]   File "/opt/ros/humble/local/lib/python3.10/dist-packages/rclpy/executors.py", line 780, in wait_for_ready_callbacks
[offboard_node-2]     return next(self._cb_iter)
[offboard_node-2]   File "/opt/ros/humble/local/lib/python3.10/dist-packages/rclpy/executors.py", line 600, in _wait_for_ready_callbacks
[offboard_node-2]     with ExitStack() as context_stack:
[offboard_node-2]   File "/usr/lib/python3.10/contextlib.py", line 558, in __exit__
[telemetry_node-1] Traceback (most recent call last):
[telemetry_node-1]   File "/root/drone_ws/install/fc_ros/lib/python3.10/site-packages/fc_ros/nodes/telemetry_node.py", line 109, in main
[telemetry_node-1]     rclpy.spin(node)
[telemetry_node-1]   File "/opt/ros/humble/local/lib/python3.10/dist-packages/rclpy/__init__.py", line 229, in spin
[telemetry_node-1]     executor.spin_once()
[telemetry_node-1]   File "/opt/ros/humble/local/lib/python3.10/dist-packages/rclpy/executors.py", line 808, in spin_once
[telemetry_node-1]     self._spin_once_impl(timeout_sec)
[telemetry_node-1]   File "/opt/ros/humble/local/lib/python3.10/dist-packages/rclpy/executors.py", line 797, in _spin_once_impl
[telemetry_node-1]     handler, entity, node = self.wait_for_ready_callbacks(timeout_sec=timeout_sec)
[telemetry_node-1]   File "/opt/ros/humble/local/lib/python3.10/dist-packages/rclpy/executors.py", line 780, in wait_for_ready_callbacks
[telemetry_node-1]     return next(self._cb_iter)
[telemetry_node-1]   File "/opt/ros/humble/local/lib/python3.10/dist-packages/rclpy/executors.py", line 677, in _wait_for_ready_callbacks
[telemetry_node-1]     wait_set.wait(timeout_nsec)
[telemetry_node-1] KeyboardInterrupt
[telemetry_node-1] 
[telemetry_node-1] During handling of the above exception, another exception occurred:
[telemetry_node-1] 
[telemetry_node-1] Traceback (most recent call last):
[telemetry_node-1]   File "/root/drone_ws/install/fc_ros/lib/fc_ros/telemetry_node", line 33, in <module>
[telemetry_node-1]     sys.exit(load_entry_point('fc-ros==0.1.0', 'console_scripts', 'telemetry_node')())
[telemetry_node-1]   File "/root/drone_ws/install/fc_ros/lib/python3.10/site-packages/fc_ros/nodes/telemetry_node.py", line 111, in main
[telemetry_node-1]     node.destroy_node()
[telemetry_node-1]   File "/opt/ros/humble/local/lib/python3.10/dist-packages/rclpy/node.py", line 1696, in destroy_node
[offboard_node-2]     is_sync, cb = self._exit_callbacks.pop()
[offboard_node-2] KeyboardInterrupt
[offboard_node-2] 
[offboard_node-2] During handling of the above exception, another exception occurred:
[offboard_node-2] 
[offboard_node-2] Traceback (most recent call last):
[offboard_node-2]   File "/root/drone_ws/install/fc_ros/lib/fc_ros/offboard_node", line 33, in <module>
[offboard_node-2]     sys.exit(load_entry_point('fc-ros==0.1.0', 'console_scripts', 'offboard_node')())
[offboard_node-2]   File "/root/drone_ws/install/fc_ros/lib/python3.10/site-packages/fc_ros/nodes/offboard_node.py", line 1207, in main
[offboard_node-2]     rclpy.shutdown()
[offboard_node-2]   File "/opt/ros/humble/local/lib/python3.10/dist-packages/rclpy/__init__.py", line 130, in shutdown
[offboard_node-2]     _shutdown(context=context)
[offboard_node-2]   File "/opt/ros/humble/local/lib/python3.10/dist-packages/rclpy/utilities.py", line 58, in shutdown
[offboard_node-2]     return context.shutdown()
[offboard_node-2]   File "/opt/ros/humble/local/lib/python3.10/dist-packages/rclpy/context.py", line 102, in shutdown
[offboard_node-2]     self.__context.shutdown()
[offboard_node-2] rclpy._rclpy_pybind11.RCLError: failed to shutdown: rcl_shutdown already called on the given context, at ./src/rcl/init.c:241
[offboard_node-2] Error in sys.excepthook:
[offboard_node-2] Traceback (most recent call last):
[offboard_node-2]   File "/usr/lib/python3/dist-packages/apport_python_hook.py", line 55, in apport_excepthook
[telemetry_node-1]     self.__node.destroy_when_not_in_use()
[telemetry_node-1] KeyboardInterrupt
[offboard_node-2]     import apt_pkg
[offboard_node-2] KeyboardInterrupt
[offboard_node-2] 
[offboard_node-2] Original exception was:
[offboard_node-2] Traceback (most recent call last):
[offboard_node-2]   File "/root/drone_ws/install/fc_ros/lib/python3.10/site-packages/fc_ros/nodes/offboard_node.py", line 1204, in main
[offboard_node-2]     rclpy.spin(node)
[offboard_node-2]   File "/opt/ros/humble/local/lib/python3.10/dist-packages/rclpy/__init__.py", line 229, in spin
[offboard_node-2]     executor.spin_once()
[offboard_node-2]   File "/opt/ros/humble/local/lib/python3.10/dist-packages/rclpy/executors.py", line 808, in spin_once
[offboard_node-2]     self._spin_once_impl(timeout_sec)
[offboard_node-2]   File "/opt/ros/humble/local/lib/python3.10/dist-packages/rclpy/executors.py", line 797, in _spin_once_impl
[offboard_node-2]     handler, entity, node = self.wait_for_ready_callbacks(timeout_sec=timeout_sec)
[offboard_node-2]   File "/opt/ros/humble/local/lib/python3.10/dist-packages/rclpy/executors.py", line 780, in wait_for_ready_callbacks
[offboard_node-2]     return next(self._cb_iter)
[offboard_node-2]   File "/opt/ros/humble/local/lib/python3.10/dist-packages/rclpy/executors.py", line 600, in _wait_for_ready_callbacks
[offboard_node-2]     with ExitStack() as context_stack:
[offboard_node-2]   File "/usr/lib/python3.10/contextlib.py", line 558, in __exit__
[offboard_node-2]     is_sync, cb = self._exit_callbacks.pop()
[offboard_node-2] KeyboardInterrupt
[offboard_node-2] 
[offboard_node-2] During handling of the above exception, another exception occurred:
[offboard_node-2] 
[offboard_node-2] Traceback (most recent call last):
[offboard_node-2]   File "/root/drone_ws/install/fc_ros/lib/fc_ros/offboard_node", line 33, in <module>
[offboard_node-2]     sys.exit(load_entry_point('fc-ros==0.1.0', 'console_scripts', 'offboard_node')())
[offboard_node-2]   File "/root/drone_ws/install/fc_ros/lib/python3.10/site-packages/fc_ros/nodes/offboard_node.py", line 1207, in main
[offboard_node-2]     rclpy.shutdown()
[offboard_node-2]   File "/opt/ros/humble/local/lib/python3.10/dist-packages/rclpy/__init__.py", line 130, in shutdown
[offboard_node-2]     _shutdown(context=context)
[offboard_node-2]   File "/opt/ros/humble/local/lib/python3.10/dist-packages/rclpy/utilities.py", line 58, in shutdown
[offboard_node-2]     return context.shutdown()
[offboard_node-2]   File "/opt/ros/humble/local/lib/python3.10/dist-packages/rclpy/context.py", line 102, in shutdown
[offboard_node-2]     self.__context.shutdown()
[offboard_node-2] rclpy._rclpy_pybind11.RCLError: failed to shutdown: rcl_shutdown already called on the given context, at ./src/rcl/init.c:241
[ERROR] [telemetry_node-1]: process has died [pid 1089, exit code -2, cmd '/root/drone_ws/install/fc_ros/lib/fc_ros/telemetry_node --ros-args -r __node:=telemetry_node'].
[ERROR] [offboard_node-2]: process has died [pid 1091, exit code 1, cmd '/root/drone_ws/install/fc_ros/lib/fc_ros/offboard_node --ros-args -r __node:=offboard_node --params-file /root/drone_ws/install/fc_ros/share/fc_ros/params/fc_ros_params.yaml --params-file /tmp/launch_params_eltvv1lj'].
