[INFO] [launch]: All log files can be found below /root/.ros/log/2026-07-27-22-54-11-738676-DESKTOP-Kilogram-1146
[INFO] [launch]: Default logging verbosity is set to INFO
[INFO] [telemetry_node-1]: process started with pid [1157]
[INFO] [offboard_node-2]: process started with pid [1159]
[offboard_node-2] [INFO] [1785160452.880549500] [offboard_node]: 경로 계획 시작 — planner=eta3 WP 5개 (폐회로) v_cruise=20.0 → 예상 약 225s 블로킹. 이 동안 노드는 응답하지 않는다 — 죽은 것이 아니니 재기동 금지 (재기동하면 중복 인스턴스가 된다).
[telemetry_node-1] [INFO] [1785160454.728576048] [telemetry_node]: pos_ned=[-0.07134328 -0.0065147  -0.11775958]  yaw=1.663  armed=False  vtol=3  batt=16.20V/100%
[telemetry_node-1] [INFO] [1785160456.674398008] [telemetry_node]: pos_ned=[-0.08815501 -0.00303409 -0.1385866 ]  yaw=1.660  armed=False  vtol=3  batt=16.20V/100%
[telemetry_node-1] [INFO] [1785160458.675991908] [telemetry_node]: pos_ned=[-0.07532126 -0.00756989 -0.13505025]  yaw=1.653  armed=False  vtol=3  batt=16.20V/100%
[telemetry_node-1] [INFO] [1785160460.675283374] [telemetry_node]: pos_ned=[-0.05211544 -0.00371936 -0.14826804]  yaw=1.649  armed=False  vtol=3  batt=16.20V/100%
[telemetry_node-1] [INFO] [1785160462.674599276] [telemetry_node]: pos_ned=[-0.04585139 -0.03194207 -0.1479345 ]  yaw=1.645  armed=False  vtol=3  batt=16.20V/100%
[telemetry_node-1] [INFO] [1785160464.674423838] [telemetry_node]: pos_ned=[-0.05051836 -0.0489825  -0.15218556]  yaw=1.646  armed=False  vtol=3  batt=16.20V/100%
[telemetry_node-1] [INFO] [1785160466.674935162] [telemetry_node]: pos_ned=[-0.05802593 -0.02829906 -0.14447293]  yaw=1.647  armed=False  vtol=3  batt=16.20V/100%
[telemetry_node-1] [INFO] [1785160468.674106717] [telemetry_node]: pos_ned=[-0.05418538 -0.03218843 -0.11045922]  yaw=1.646  armed=False  vtol=3  batt=16.20V/100%
[telemetry_node-1] [INFO] [1785160470.674448768] [telemetry_node]: pos_ned=[-0.05711956 -0.02960072 -0.13231634]  yaw=1.644  armed=False  vtol=3  batt=16.20V/100%
[telemetry_node-1] [INFO] [1785160472.674340445] [telemetry_node]: pos_ned=[-0.07692516 -0.02435566 -0.16171178]  yaw=1.644  armed=False  vtol=3  batt=16.20V/100%
[telemetry_node-1] [INFO] [1785160474.674229924] [telemetry_node]: pos_ned=[-0.06686255  0.00158182 -0.15344641]  yaw=1.644  armed=False  vtol=3  batt=16.20V/100%
[telemetry_node-1] [INFO] [1785160476.677334107] [telemetry_node]: pos_ned=[-0.0603949   0.02502942 -0.13936104]  yaw=1.644  armed=False  vtol=3  batt=16.20V/100%
[telemetry_node-1] [INFO] [1785160478.674355223] [telemetry_node]: pos_ned=[-0.07113724 -0.02472926 -0.11741904]  yaw=1.644  armed=False  vtol=3  batt=16.20V/100%
[telemetry_node-1] [INFO] [1785160480.675010946] [telemetry_node]: pos_ned=[-0.06920986 -0.01289383 -0.12038277]  yaw=1.645  armed=False  vtol=3  batt=16.20V/100%
[telemetry_node-1] [INFO] [1785160485.428067443] [telemetry_node]: pos_ned=[-0.0736031  -0.04602674 -0.14409325]  yaw=1.646  armed=False  vtol=3  batt=16.20V/100%
[telemetry_node-1] [INFO] [1785160486.674386563] [telemetry_node]: pos_ned=[-0.06771345 -0.04696617 -0.14895354]  yaw=1.646  armed=False  vtol=3  batt=16.20V/100%
[telemetry_node-1] [INFO] [1785160488.674673858] [telemetry_node]: pos_ned=[-0.06742471 -0.0176246  -0.16478395]  yaw=1.648  armed=False  vtol=3  batt=16.20V/100%
[telemetry_node-1] [INFO] [1785160490.674609063] [telemetry_node]: pos_ned=[-0.08888978 -0.02064343 -0.170385  ]  yaw=1.651  armed=False  vtol=3  batt=16.20V/100%
[telemetry_node-1] [INFO] [1785160492.675496726] [telemetry_node]: pos_ned=[-0.04765502 -0.05276363 -0.14279525]  yaw=1.652  armed=False  vtol=3  batt=16.20V/100%
[telemetry_node-1] [INFO] [1785160494.674436826] [telemetry_node]: pos_ned=[-0.08483872 -0.0258727  -0.10466105]  yaw=1.650  armed=False  vtol=3  batt=16.20V/100%
[telemetry_node-1] [INFO] [1785160496.674014566] [telemetry_node]: pos_ned=[-0.0876048  -0.04388953 -0.09096376]  yaw=1.650  armed=False  vtol=3  batt=16.20V/100%
[telemetry_node-1] [INFO] [1785160498.674427804] [telemetry_node]: pos_ned=[-0.10407488 -0.04028581 -0.0696633 ]  yaw=1.650  armed=False  vtol=3  batt=16.20V/100%
[telemetry_node-1] [INFO] [1785160500.674274731] [telemetry_node]: pos_ned=[-0.11289602 -0.03669506 -0.081865  ]  yaw=1.650  armed=False  vtol=3  batt=16.20V/100%
[telemetry_node-1] [INFO] [1785160502.674088095] [telemetry_node]: pos_ned=[-0.08837955 -0.04230135 -0.07852346]  yaw=1.651  armed=False  vtol=3  batt=16.20V/100%
[telemetry_node-1] [INFO] [1785160504.674541513] [telemetry_node]: pos_ned=[-0.06827935 -0.03360765 -0.08014677]  yaw=1.653  armed=False  vtol=3  batt=16.20V/100%
[telemetry_node-1] [INFO] [1785160506.673891147] [telemetry_node]: pos_ned=[-0.05430166 -0.04128584 -0.062758  ]  yaw=1.654  armed=False  vtol=3  batt=16.20V/100%
[telemetry_node-1] [INFO] [1785160508.680183485] [telemetry_node]: pos_ned=[-0.0718042  -0.03711775 -0.07547426]  yaw=1.654  armed=False  vtol=3  batt=16.20V/100%
[telemetry_node-1] [INFO] [1785160510.674434877] [telemetry_node]: pos_ned=[-0.08314466 -0.03615907 -0.0685974 ]  yaw=1.654  armed=False  vtol=3  batt=16.20V/100%
[telemetry_node-1] [INFO] [1785160512.674285325] [telemetry_node]: pos_ned=[-0.07446842 -0.01590534 -0.05870286]  yaw=1.655  armed=False  vtol=3  batt=16.20V/100%
[telemetry_node-1] [INFO] [1785160514.675180729] [telemetry_node]: pos_ned=[-0.09321073 -0.02302018 -0.08435376]  yaw=1.656  armed=False  vtol=3  batt=16.20V/100%
[telemetry_node-1] [INFO] [1785160516.675021956] [telemetry_node]: pos_ned=[-0.06261323 -0.00538335 -0.09682473]  yaw=1.654  armed=False  vtol=3  batt=16.20V/100%
[telemetry_node-1] [INFO] [1785160520.885531039] [telemetry_node]: pos_ned=[-0.05182027 -0.02964429 -0.10960958]  yaw=1.653  armed=False  vtol=3  batt=16.20V/100%
[telemetry_node-1] [INFO] [1785160522.674143546] [telemetry_node]: pos_ned=[-0.02525646 -0.01577467 -0.10416235]  yaw=1.653  armed=False  vtol=3  batt=16.20V/100%
[telemetry_node-1] [INFO] [1785160524.675177841] [telemetry_node]: pos_ned=[-0.04308687 -0.02724667 -0.09101117]  yaw=1.652  armed=False  vtol=3  batt=16.20V/100%
[telemetry_node-1] [INFO] [1785160526.675718745] [telemetry_node]: pos_ned=[-0.03816883 -0.02075086 -0.05874386]  yaw=1.653  armed=False  vtol=3  batt=16.20V/100%
[telemetry_node-1] [INFO] [1785160528.674016825] [telemetry_node]: pos_ned=[-0.02836545 -0.02825356 -0.00727216]  yaw=1.652  armed=False  vtol=3  batt=16.20V/100%
[telemetry_node-1] [INFO] [1785160530.674576541] [telemetry_node]: pos_ned=[-0.04118587 -0.0305154  -0.00173745]  yaw=1.652  armed=False  vtol=3  batt=16.20V/100%
[telemetry_node-1] [INFO] [1785160532.674694433] [telemetry_node]: pos_ned=[-0.07103015 -0.02066508 -0.01343029]  yaw=1.650  armed=False  vtol=3  batt=16.20V/100%
[telemetry_node-1] [INFO] [1785160534.676859181] [telemetry_node]: pos_ned=[-0.07796368 -0.03330483 -0.01216049]  yaw=1.650  armed=False  vtol=3  batt=16.20V/100%
[telemetry_node-1] [INFO] [1785160536.674670492] [telemetry_node]: pos_ned=[-0.07999977 -0.01475338  0.02250215]  yaw=1.649  armed=False  vtol=3  batt=16.20V/100%
[telemetry_node-1] [INFO] [1785160538.674229897] [telemetry_node]: pos_ned=[-0.07504135 -0.01694516  0.03396685]  yaw=1.650  armed=False  vtol=3  batt=16.20V/100%
[telemetry_node-1] [INFO] [1785160540.674775731] [telemetry_node]: pos_ned=[-0.06593659 -0.02923023  0.06274065]  yaw=1.651  armed=False  vtol=3  batt=16.20V/100%
[telemetry_node-1] [INFO] [1785160542.674675449] [telemetry_node]: pos_ned=[-0.03766608 -0.02025204  0.07613589]  yaw=1.651  armed=False  vtol=3  batt=16.20V/100%
[telemetry_node-1] [INFO] [1785160544.673721527] [telemetry_node]: pos_ned=[-0.021047   -0.06368206  0.11023749]  yaw=1.649  armed=False  vtol=3  batt=16.20V/100%
[telemetry_node-1] [INFO] [1785160546.673824308] [telemetry_node]: pos_ned=[-0.02067631 -0.04521832  0.13238209]  yaw=1.650  armed=False  vtol=3  batt=16.20V/100%
[telemetry_node-1] [INFO] [1785160548.674954468] [telemetry_node]: pos_ned=[-0.03070004 -0.0342157   0.17096964]  yaw=1.651  armed=False  vtol=3  batt=16.20V/100%
[telemetry_node-1] [INFO] [1785160550.673973720] [telemetry_node]: pos_ned=[-0.05045848 -0.03615587  0.19397607]  yaw=1.652  armed=False  vtol=3  batt=16.20V/100%
[telemetry_node-1] [INFO] [1785160552.674289268] [telemetry_node]: pos_ned=[-0.06023502 -0.00775139  0.2054331 ]  yaw=1.653  armed=False  vtol=3  batt=16.20V/100%
[telemetry_node-1] [INFO] [1785160556.630932489] [telemetry_node]: pos_ned=[-0.05505152 -0.00675359  0.2132735 ]  yaw=1.653  armed=False  vtol=3  batt=16.20V/100%
[telemetry_node-1] [INFO] [1785160556.675014105] [telemetry_node]: pos_ned=[-0.05369939 -0.00658689  0.21468341]  yaw=1.653  armed=False  vtol=3  batt=16.20V/100%
[telemetry_node-1] [INFO] [1785160558.674505676] [telemetry_node]: pos_ned=[-0.03986086 -0.02741724  0.19235447]  yaw=1.653  armed=False  vtol=3  batt=16.20V/100%
[telemetry_node-1] [INFO] [1785160560.674665556] [telemetry_node]: pos_ned=[-0.04917396 -0.01161382  0.16506907]  yaw=1.653  armed=False  vtol=3  batt=16.20V/100%
[telemetry_node-1] [INFO] [1785160562.674434080] [telemetry_node]: pos_ned=[-0.06128311 -0.01261592  0.13005328]  yaw=1.653  armed=False  vtol=3  batt=16.20V/100%
[telemetry_node-1] [INFO] [1785160564.675513599] [telemetry_node]: pos_ned=[-0.07781103 -0.02171466  0.12211536]  yaw=1.655  armed=False  vtol=3  batt=16.20V/100%
[telemetry_node-1] [INFO] [1785160566.677440882] [telemetry_node]: pos_ned=[-0.07097275 -0.03724405  0.11606756]  yaw=1.655  armed=False  vtol=3  batt=16.20V/100%
[telemetry_node-1] [INFO] [1785160568.674494153] [telemetry_node]: pos_ned=[-0.07532584 -0.00943037  0.10251653]  yaw=1.655  armed=False  vtol=3  batt=16.20V/100%
[telemetry_node-1] [INFO] [1785160570.674528972] [telemetry_node]: pos_ned=[-0.07574609 -0.00702603  0.07457037]  yaw=1.655  armed=False  vtol=3  batt=16.20V/100%
[telemetry_node-1] [INFO] [1785160572.673863410] [telemetry_node]: pos_ned=[-0.05942339 -0.00611295  0.04401986]  yaw=1.655  armed=False  vtol=3  batt=16.20V/100%
[telemetry_node-1] [INFO] [1785160574.673818085] [telemetry_node]: pos_ned=[-0.03004241 -0.01334188  0.07317393]  yaw=1.654  armed=False  vtol=3  batt=16.20V/100%
[telemetry_node-1] [INFO] [1785160576.674095406] [telemetry_node]: pos_ned=[-0.01881193 -0.02510471  0.05927092]  yaw=1.652  armed=False  vtol=3  batt=16.20V/100%
[telemetry_node-1] [INFO] [1785160578.674374624] [telemetry_node]: pos_ned=[-0.03027968 -0.03065486  0.05705051]  yaw=1.651  armed=False  vtol=3  batt=16.20V/100%
[telemetry_node-1] [INFO] [1785160580.674045622] [telemetry_node]: pos_ned=[-0.02770311 -0.03131108  0.01438965]  yaw=1.650  armed=False  vtol=3  batt=16.20V/100%
[telemetry_node-1] [INFO] [1785160582.675109219] [telemetry_node]: pos_ned=[-0.04864258 -0.00572988 -0.01213496]  yaw=1.651  armed=False  vtol=3  batt=16.20V/100%
[telemetry_node-1] [INFO] [1785160584.674208519] [telemetry_node]: pos_ned=[-0.03348337 -0.02886515 -0.01003355]  yaw=1.652  armed=False  vtol=3  batt=16.20V/100%
[telemetry_node-1] [INFO] [1785160586.675345075] [telemetry_node]: pos_ned=[-0.02579792 -0.02571814 -0.00602476]  yaw=1.652  armed=False  vtol=3  batt=16.20V/100%
[telemetry_node-1] [INFO] [1785160588.675050645] [telemetry_node]: pos_ned=[-0.02158371 -0.02012513 -0.01561549]  yaw=1.651  armed=False  vtol=3  batt=16.20V/100%
[telemetry_node-1] [INFO] [1785160592.358109926] [telemetry_node]: pos_ned=[-0.01981051 -0.01590514 -0.00949775]  yaw=1.651  armed=False  vtol=3  batt=16.20V/100%
[telemetry_node-1] [INFO] [1785160592.674148821] [telemetry_node]: pos_ned=[-0.02370324 -0.00997241 -0.00445981]  yaw=1.651  armed=False  vtol=3  batt=16.20V/100%
[telemetry_node-1] [INFO] [1785160594.673977270] [telemetry_node]: pos_ned=[-0.03466246 -0.01299336  0.02202928]  yaw=1.651  armed=False  vtol=3  batt=16.20V/100%
[telemetry_node-1] [INFO] [1785160596.674479049] [telemetry_node]: pos_ned=[-0.02178072 -0.02827662  0.02651651]  yaw=1.651  armed=False  vtol=3  batt=16.20V/100%
[telemetry_node-1] [INFO] [1785160598.675024296] [telemetry_node]: pos_ned=[-0.0322676  -0.01614867  0.06894973]  yaw=1.648  armed=False  vtol=3  batt=16.20V/100%
[telemetry_node-1] [INFO] [1785160600.674801326] [telemetry_node]: pos_ned=[-0.04203102 -0.01500836  0.08356327]  yaw=1.647  armed=False  vtol=3  batt=16.20V/100%
[telemetry_node-1] [INFO] [1785160602.674108947] [telemetry_node]: pos_ned=[-0.0270041  -0.01973432  0.07913177]  yaw=1.645  armed=False  vtol=3  batt=16.20V/100%
[telemetry_node-1] [INFO] [1785160604.675439615] [telemetry_node]: pos_ned=[-0.01635339 -0.01409339  0.09438975]  yaw=1.645  armed=False  vtol=3  batt=16.20V/100%
[telemetry_node-1] [INFO] [1785160606.674343654] [telemetry_node]: pos_ned=[-0.05300897 -0.03776827  0.09329292]  yaw=1.644  armed=False  vtol=3  batt=16.20V/100%
[telemetry_node-1] [INFO] [1785160608.674545394] [telemetry_node]: pos_ned=[-0.07768399 -0.03394967  0.12564106]  yaw=1.638  armed=False  vtol=3  batt=16.20V/100%
[telemetry_node-1] [INFO] [1785160610.674673247] [telemetry_node]: pos_ned=[-0.06512383 -0.04653971  0.17972234]  yaw=1.636  armed=False  vtol=3  batt=16.20V/100%
[telemetry_node-1] [INFO] [1785160612.674680190] [telemetry_node]: pos_ned=[-0.07737409 -0.04701019  0.19100517]  yaw=1.635  armed=False  vtol=3  batt=16.20V/100%
[telemetry_node-1] [INFO] [1785160614.674868527] [telemetry_node]: pos_ned=[-0.06689278 -0.04027998  0.18314493]  yaw=1.636  armed=False  vtol=3  batt=16.20V/100%
[telemetry_node-1] [INFO] [1785160616.674218226] [telemetry_node]: pos_ned=[-0.05007157 -0.04270966  0.13650212]  yaw=1.637  armed=False  vtol=3  batt=16.20V/100%
[telemetry_node-1] [INFO] [1785160618.673893439] [telemetry_node]: pos_ned=[-0.03870339 -0.04666596  0.07712187]  yaw=1.637  armed=False  vtol=3  batt=16.20V/100%
[telemetry_node-1] [INFO] [1785160620.674474687] [telemetry_node]: pos_ned=[-0.06467164 -0.05857283  0.05219944]  yaw=1.639  armed=False  vtol=3  batt=16.20V/100%
[telemetry_node-1] [INFO] [1785160622.674487015] [telemetry_node]: pos_ned=[-0.07350603 -0.01218727  0.03278814]  yaw=1.641  armed=False  vtol=3  batt=16.20V/100%
[telemetry_node-1] [INFO] [1785160628.049580525] [telemetry_node]: pos_ned=[-0.06120201 -0.00312604  0.05179921]  yaw=1.642  armed=False  vtol=3  batt=16.20V/100%
[telemetry_node-1] [INFO] [1785160628.674249821] [telemetry_node]: pos_ned=[-0.04705291 -0.02059064  0.05278222]  yaw=1.644  armed=False  vtol=3  batt=16.20V/100%
[telemetry_node-1] [INFO] [1785160630.674647801] [telemetry_node]: pos_ned=[-0.06620805 -0.02110935  0.07013306]  yaw=1.642  armed=False  vtol=3  batt=16.20V/100%
[telemetry_node-1] [INFO] [1785160632.673888201] [telemetry_node]: pos_ned=[-0.05269188 -0.0288502   0.06209779]  yaw=1.644  armed=False  vtol=3  batt=16.20V/100%
[telemetry_node-1] [INFO] [1785160634.675500024] [telemetry_node]: pos_ned=[-0.05810894  0.00304018  0.08788846]  yaw=1.643  armed=False  vtol=3  batt=16.20V/100%
[telemetry_node-1] [INFO] [1785160636.674344281] [telemetry_node]: pos_ned=[-0.05742007 -0.01214121  0.11373839]  yaw=1.644  armed=False  vtol=3  batt=16.20V/100%
[telemetry_node-1] [INFO] [1785160638.673853159] [telemetry_node]: pos_ned=[-0.06980326 -0.02401253  0.12791833]  yaw=1.642  armed=False  vtol=3  batt=16.20V/100%
[telemetry_node-1] [INFO] [1785160640.674452011] [telemetry_node]: pos_ned=[-0.08775163 -0.02841628  0.1344558 ]  yaw=1.640  armed=False  vtol=3  batt=16.20V/100%
[telemetry_node-1] [INFO] [1785160642.674504856] [telemetry_node]: pos_ned=[-0.08925866  0.00168052  0.1547299 ]  yaw=1.638  armed=False  vtol=3  batt=16.20V/100%
[telemetry_node-1] [INFO] [1785160644.674367220] [telemetry_node]: pos_ned=[-0.0617457   0.01322937  0.16333494]  yaw=1.635  armed=False  vtol=3  batt=16.20V/100%
[telemetry_node-1] [INFO] [1785160646.674769272] [telemetry_node]: pos_ned=[-0.06866118 -0.01771902  0.18867534]  yaw=1.633  armed=False  vtol=3  batt=16.20V/100%
[telemetry_node-1] [INFO] [1785160648.674400399] [telemetry_node]: pos_ned=[-0.05357888 -0.01440454  0.15941387]  yaw=1.635  armed=False  vtol=3  batt=16.20V/100%
[telemetry_node-1] [INFO] [1785160650.673989058] [telemetry_node]: pos_ned=[-0.04058209 -0.0402959   0.12051502]  yaw=1.635  armed=False  vtol=3  batt=16.20V/100%
[telemetry_node-1] [INFO] [1785160652.674887138] [telemetry_node]: pos_ned=[-0.06102287 -0.03822496  0.09404732]  yaw=1.637  armed=False  vtol=3  batt=16.20V/100%
[telemetry_node-1] [INFO] [1785160654.674191812] [telemetry_node]: pos_ned=[-0.03769232 -0.0142459   0.05678803]  yaw=1.639  armed=False  vtol=3  batt=16.20V/100%
[telemetry_node-1] [INFO] [1785160656.673882636] [telemetry_node]: pos_ned=[-0.05476305  0.02398815  0.04475786]  yaw=1.641  armed=False  vtol=3  batt=16.20V/100%
[telemetry_node-1] [INFO] [1785160658.685863950] [telemetry_node]: pos_ned=[-0.03792976 -0.01921841  0.03293748]  yaw=1.643  armed=False  vtol=3  batt=16.20V/100%
[telemetry_node-1] [INFO] [1785160663.837277333] [telemetry_node]: pos_ned=[-0.04836278 -0.00547483  0.12336023]  yaw=1.644  armed=False  vtol=3  batt=16.20V/100%
[telemetry_node-1] [INFO] [1785160664.674289315] [telemetry_node]: pos_ned=[-0.04891187  0.00249876  0.13613796]  yaw=1.645  armed=False  vtol=3  batt=16.20V/100%
[telemetry_node-1] [INFO] [1785160666.674256194] [telemetry_node]: pos_ned=[-0.07417637 -0.01013976  0.12093189]  yaw=1.644  armed=False  vtol=3  batt=16.20V/100%
[telemetry_node-1] [INFO] [1785160668.674929484] [telemetry_node]: pos_ned=[-0.08253475 -0.02202026  0.09511603]  yaw=1.644  armed=False  vtol=3  batt=16.20V/100%
[telemetry_node-1] [INFO] [1785160670.673998969] [telemetry_node]: pos_ned=[-0.08641136 -0.0079606   0.0710177 ]  yaw=1.645  armed=False  vtol=3  batt=16.20V/100%
[telemetry_node-1] [INFO] [1785160672.675242650] [telemetry_node]: pos_ned=[-0.05957589 -0.03273911  0.05045649]  yaw=1.647  armed=False  vtol=3  batt=16.20V/100%
[telemetry_node-1] [INFO] [1785160674.674672951] [telemetry_node]: pos_ned=[-0.08003401 -0.02799198  0.06224319]  yaw=1.647  armed=False  vtol=3  batt=16.20V/100%
[telemetry_node-1] [INFO] [1785160676.674526316] [telemetry_node]: pos_ned=[-0.0683943  -0.00707537  0.01314771]  yaw=1.647  armed=False  vtol=3  batt=16.20V/100%
[offboard_node-2] [Eta3ClothoidPlannerV3] WARNING: NR pos residual 5.051m is large. affine correction guarantees WP passage but curve may be deformed.
[offboard_node-2] [INFO] [1785160677.185230844] [offboard_node]: 경로 계획 완료 — 소요 204.1s (예상 225s), 경로점 827개, 전장 800.1m
[offboard_node-2] [INFO] [1785160677.319388858] [offboard_node]: ARM 요청
[offboard_node-2] [INFO] [1785160677.519091345] [offboard_node]: 경로 원점 = 이륙지점 [N=-0.07, E=-0.00, h_up=-0.03] 적용 (frame=takeoff) → WP0=[-0.07,-0.00] 순항고도 h_up=49.97
[offboard_node-2] [INFO] [1785160677.519872977] [offboard_node]: 거리 상한 감시 활성 1500m (이륙지점 기준 수평, 경로 최원점 283m)
[offboard_node-2] [INFO] [1785160677.528408521] [offboard_node]: CommandTOL 이륙 요청 alt=50.1m AMSL (지면 0.1+50.0) -> CLIMBING
[telemetry_node-1] [INFO] [1785160678.677540375] [telemetry_node]: pos_ned=[-0.06331874 -0.00980617 -0.07098578]  yaw=1.645  armed=True  vtol=3  batt=16.17V/99%
[telemetry_node-1] [INFO] [1785160680.673594511] [telemetry_node]: pos_ned=[-0.07440336 -0.00161195 -0.10914945]  yaw=1.645  armed=True  vtol=3  batt=16.11V/96%
[telemetry_node-1] [INFO] [1785160682.673808367] [telemetry_node]: pos_ned=[ 0.06268223 -0.16653822  1.07439327]  yaw=1.655  armed=True  vtol=3  batt=16.05V/93%
[telemetry_node-1] [INFO] [1785160684.674264773] [telemetry_node]: pos_ned=[-1.84237643e-03 -9.31354985e-02  3.90557647e+00]  yaw=1.673  armed=True  vtol=3  batt=15.99V/90%
[telemetry_node-1] [INFO] [1785160686.673840747] [telemetry_node]: pos_ned=[-0.05572879 -0.04251822  6.91572857]  yaw=1.669  armed=True  vtol=3  batt=15.93V/87%
[telemetry_node-1] [INFO] [1785160688.673616145] [telemetry_node]: pos_ned=[-0.08282587 -0.0202233  10.04652405]  yaw=1.665  armed=True  vtol=3  batt=15.87V/83%
[telemetry_node-1] [INFO] [1785160690.673639049] [telemetry_node]: pos_ned=[-0.0669134  -0.03298699 15.29142094]  yaw=1.663  armed=True  vtol=3  batt=15.81V/80%
[telemetry_node-1] [INFO] [1785160692.673726872] [telemetry_node]: pos_ned=[-0.07064439 -0.04345569 21.30313683]  yaw=1.663  armed=True  vtol=3  batt=15.75V/77%
[telemetry_node-1] [INFO] [1785160694.673741000] [telemetry_node]: pos_ned=[-6.17637709e-02  1.21740159e-02  2.73145123e+01]  yaw=1.664  armed=True  vtol=3  batt=15.69V/73%
[telemetry_node-1] [INFO] [1785160696.673766029] [telemetry_node]: pos_ned=[-6.09446280e-02  7.91093800e-03  3.33216362e+01]  yaw=1.667  armed=True  vtol=3  batt=15.63V/70%
[telemetry_node-1] [INFO] [1785160700.230584434] [telemetry_node]: pos_ned=[-6.38948381e-02  5.42817125e-03  3.36075745e+01]  yaw=1.667  armed=True  vtol=3  batt=15.63V/70%
[telemetry_node-1] [INFO] [1785160700.674079015] [telemetry_node]: pos_ned=[-7.79330954e-02  6.36358140e-03  3.50370064e+01]  yaw=1.665  armed=True  vtol=3  batt=15.63V/70%
[telemetry_node-1] [INFO] [1785160702.674270354] [telemetry_node]: pos_ned=[-3.70200761e-02  3.52494605e-03  4.10696983e+01]  yaw=1.667  armed=True  vtol=3  batt=15.57V/67%
[telemetry_node-1] [INFO] [1785160704.673852382] [telemetry_node]: pos_ned=[-4.93709557e-02 -1.10140834e-02  4.61417351e+01]  yaw=1.668  armed=True  vtol=3  batt=15.51V/63%
[telemetry_node-1] [INFO] [1785160706.673945852] [telemetry_node]: pos_ned=[-9.54175815e-02  2.73434948e-02  4.86290436e+01]  yaw=1.669  armed=True  vtol=3  batt=15.45V/60%
[offboard_node-2] [INFO] [1785160708.318506245] [offboard_node]: 운용 고도 50.0m 도달 → transition_fw
[telemetry_node-1] [INFO] [1785160708.674152371] [telemetry_node]: pos_ned=[-1.18298113e-01  1.97104625e-02  4.95890160e+01]  yaw=1.671  armed=True  vtol=3  batt=15.39V/57%
[offboard_node-2] [INFO] [1785160710.319559926] [offboard_node]: 천이 전 MC OFFBOARD 요청 (헤딩 정렬 대기)
[offboard_node-2] [WARN] [1785160710.419296658] [offboard_node]: 정렬 구간 OFFBOARD 이탈 → 재요청 (mode=AUTO.LOITER)
[telemetry_node-1] [INFO] [1785160710.673853161] [telemetry_node]: pos_ned=[-8.81246924e-02 -3.78551753e-03  4.99323807e+01]  yaw=1.673  armed=True  vtol=3  batt=15.33V/53%
[telemetry_node-1] [INFO] [1785160712.674193161] [telemetry_node]: pos_ned=[-9.52728614e-02  2.37926263e-02  5.02363625e+01]  yaw=1.045  armed=True  vtol=3  batt=15.30V/51%
[telemetry_node-1] [INFO] [1785160714.673675571] [telemetry_node]: pos_ned=[-1.05295451e-02  6.29440472e-02  5.04912262e+01]  yaw=0.508  armed=True  vtol=3  batt=15.30V/50%
[telemetry_node-1] [INFO] [1785160716.673469786] [telemetry_node]: pos_ned=[ 0.1598936   0.06585552 50.74193192]  yaw=0.270  armed=True  vtol=3  batt=15.30V/50%
[telemetry_node-1] [INFO] [1785160718.674033444] [telemetry_node]: pos_ned=[2.28672579e-01 5.05818985e-02 5.09382095e+01]  yaw=0.148  armed=True  vtol=3  batt=15.30V/50%
[telemetry_node-1] [INFO] [1785160720.674003020] [telemetry_node]: pos_ned=[ 0.28412181  0.09055959 51.09029007]  yaw=0.085  armed=True  vtol=3  batt=15.30V/50%
[telemetry_node-1] [INFO] [1785160722.674072167] [telemetry_node]: pos_ned=[ 0.26774779  0.10225053 51.2289238 ]  yaw=0.049  armed=True  vtol=3  batt=15.30V/50%
[offboard_node-2] [INFO] [1785160724.518897492] [offboard_node]: 헤딩 정렬 완료 target=0.0° current=2.3° err=-2.3° (20틱 안정) → 전진 + 천이 명령
[offboard_node-2] [INFO] [1785160724.520080725] [offboard_node]: MC→FW 천이 명령 요청 (위치 setpoint 직선 천이)
[telemetry_node-1] [INFO] [1785160724.673986570] [telemetry_node]: pos_ned=[ 0.21459946  0.10546331 51.33684158]  yaw=0.041  armed=True  vtol=1  batt=15.30V/50%
[telemetry_node-1] [INFO] [1785160726.673619681] [telemetry_node]: pos_ned=[ 4.38637495e+00 -8.15333519e-03  5.13224525e+01]  yaw=-0.030  armed=True  vtol=1  batt=15.30V/50%
[offboard_node-2] [INFO] [1785160727.218816682] [offboard_node]: FW 전환 완료 -> STREAMING
[offboard_node-2] [INFO] [1785160727.339022978] [offboard_node]: OFFBOARD 확인 → FOLLOWING
[offboard_node-2] [INFO] [1785160727.467172814] [offboard_node]: FOLLOWING 시작 pos=[13.3,-0.3] tgt=[83.3,-0.0] cte=-0.3m mode=OFFBOARD seg=13/826
[telemetry_node-1] [INFO] [1785160728.673726398] [telemetry_node]: pos_ned=[34.52005386 -3.07609749 50.41993332]  yaw=-0.092  armed=True  vtol=4  batt=15.30V/50%
[offboard_node-2] [INFO] [1785160729.351155155] [offboard_node]: FOLLOWING tick=20 mode=OFFBOARD cte=-2.9m pos=[44.4,-2.9] tgt=[114.4,-0.0] seg=46/826
[telemetry_node-1] [INFO] [1785160730.673619517] [telemetry_node]: pos_ned=[63.24951553 -1.24027705 50.51790237]  yaw=-0.037  armed=True  vtol=4  batt=15.30V/50%
[offboard_node-2] [INFO] [1785160731.343039282] [offboard_node]: FOLLOWING tick=40 mode=OFFBOARD cte=-1.7m pos=[73.1,-1.7] tgt=[143.1,-0.0] seg=76/826
[telemetry_node-1] [INFO] [1785160736.027870740] [telemetry_node]: pos_ned=[91.6446228  -1.66889369 49.03187561]  yaw=0.007  armed=True  vtol=4  batt=15.30V/50%
[offboard_node-2] [WARN] [1785160736.052706747] [offboard_node]: altitude 메시지 지연 age=3.5s > 1.0s — 래치/캐시 의심, 수렴 표본에서 제외
[offboard_node-2] [INFO] [1785160736.652880474] [offboard_node]: FOLLOWING tick=60 mode=OFFBOARD cte=-1.2m pos=[100.5,-1.2] tgt=[170.5,-0.1] seg=104/826
[telemetry_node-1] [INFO] [1785160736.674116647] [telemetry_node]: pos_ned=[101.46466827  -1.20848465  49.12724686]  yaw=0.010  armed=True  vtol=4  batt=15.30V/50%
[offboard_node-2] [INFO] [1785160738.654891399] [offboard_node]: FOLLOWING tick=80 mode=OFFBOARD cte=-1.2m pos=[129.7,-1.2] tgt=[199.7,-0.0] seg=134/826
[telemetry_node-1] [INFO] [1785160738.674518123] [telemetry_node]: pos_ned=[130.14071655  -1.14486742  49.0376091 ]  yaw=0.021  armed=True  vtol=4  batt=15.30V/50%
[offboard_node-2] [INFO] [1785160740.653697857] [offboard_node]: FOLLOWING tick=100 mode=OFFBOARD cte=0.5m pos=[158.4,0.5] tgt=[200.0,28.4] seg=164/826
[telemetry_node-1] [INFO] [1785160740.673898827] [telemetry_node]: pos_ned=[158.82504272   0.54576522  49.0780983 ]  yaw=0.076  armed=True  vtol=4  batt=15.30V/50%
[offboard_node-2] [INFO] [1785160742.648044454] [offboard_node]: FOLLOWING tick=120 mode=OFFBOARD cte=13.7m pos=[184.1,13.6] tgt=[199.9,67.4] seg=191/826
[telemetry_node-1] [INFO] [1785160742.674029971] [telemetry_node]: pos_ned=[184.90255737  14.41424942  46.88307953]  yaw=0.478  armed=True  vtol=4  batt=15.30V/50%
[offboard_node-2] [WARN] [1785160742.745361744] [offboard_node]: 세그먼트 인덱스 급변 191→220 (Δ+29, 전체 826) pos=[185.3,14.8] — 경로상 전진이 아니라 다른 레그 선택일 수 있다
[offboard_node-2] [INFO] [1785160744.645040963] [offboard_node]: FOLLOWING tick=140 mode=OFFBOARD cte=2.5m pos=[197.5,42.9] tgt=[199.9,112.9] seg=250/826
[telemetry_node-1] [INFO] [1785160744.673891534] [telemetry_node]: pos_ned=[197.65814209  44.03364182  46.23044586]  yaw=1.326  armed=True  vtol=4  batt=15.30V/50%
[offboard_node-2] [INFO] [1785160746.657195231] [offboard_node]: FOLLOWING tick=160 mode=OFFBOARD cte=0.1m pos=[199.8,70.6] tgt=[199.9,140.6] seg=279/826
[telemetry_node-1] [INFO] [1785160746.673861052] [telemetry_node]: pos_ned=[199.81030273  71.57606506  50.24813461]  yaw=1.898  armed=True  vtol=4  batt=15.30V/50%
[offboard_node-2] [INFO] [1785160748.651692556] [offboard_node]: FOLLOWING tick=180 mode=OFFBOARD cte=0.5m pos=[199.5,99.0] tgt=[200.1,169.0] seg=309/826
[telemetry_node-1] [INFO] [1785160748.674080487] [telemetry_node]: pos_ned=[199.44999695  99.51152039  49.03237152]  yaw=1.941  armed=True  vtol=4  batt=15.30V/50%
[offboard_node-2] [INFO] [1785160750.647020645] [offboard_node]: FOLLOWING tick=200 mode=OFFBOARD cte=0.4m pos=[199.6,127.2] tgt=[200.0,197.2] seg=338/826
[telemetry_node-1] [INFO] [1785160750.674029330] [telemetry_node]: pos_ned=[199.55517578 127.7287674   50.53931808]  yaw=1.567  armed=True  vtol=4  batt=15.30V/50%
[offboard_node-2] [INFO] [1785160752.647160631] [offboard_node]: FOLLOWING tick=220 mode=OFFBOARD cte=1.0m pos=[199.1,154.4] tgt=[175.6,200.0] seg=366/826
[telemetry_node-1] [INFO] [1785160752.673711630] [telemetry_node]: pos_ned=[199.00457764 154.817276    49.89447021]  yaw=1.358  armed=True  vtol=4  batt=15.30V/50%
[offboard_node-2] [INFO] [1785160754.647589549] [offboard_node]: FOLLOWING tick=240 mode=OFFBOARD cte=11.8m pos=[188.3,183.7] tgt=[133.9,200.0] seg=397/826
[telemetry_node-1] [INFO] [1785160754.673731965] [telemetry_node]: pos_ned=[187.90390015 184.12364197  44.9986496 ]  yaw=1.935  armed=True  vtol=4  batt=15.30V/50%
[offboard_node-2] [WARN] [1785160754.846656438] [offboard_node]: 세그먼트 인덱스 급변 398→426 (Δ+28, 전체 826) pos=[185.9,186.4] — 경로상 전진이 아니라 다른 레그 선택일 수 있다
[offboard_node-2] [INFO] [1785160756.642037547] [offboard_node]: FOLLOWING tick=260 mode=OFFBOARD cte=4.0m pos=[156.6,196.1] tgt=[86.6,200.0] seg=457/826
[telemetry_node-1] [INFO] [1785160756.674026641] [telemetry_node]: pos_ned=[156.11637878 196.09707642  46.74656677]  yaw=-3.126  armed=True  vtol=4  batt=15.30V/50%
[offboard_node-2] [INFO] [1785160758.663730932] [offboard_node]: FOLLOWING tick=280 mode=OFFBOARD cte=2.4m pos=[130.0,197.5] tgt=[60.0,200.0] seg=484/826
[telemetry_node-1] [INFO] [1785160758.673740639] [telemetry_node]: pos_ned=[129.55436707 197.53605652  50.64081955]  yaw=-2.608  armed=True  vtol=4  batt=15.30V/50%
[offboard_node-2] [INFO] [1785160760.658430307] [offboard_node]: FOLLOWING tick=300 mode=OFFBOARD cte=2.9m pos=[100.2,197.1] tgt=[30.2,200.1] seg=515/826
[telemetry_node-1] [INFO] [1785160760.674528912] [telemetry_node]: pos_ned=[ 99.18668365 197.12657166  49.60909653]  yaw=-2.838  armed=True  vtol=4  batt=15.30V/50%
[offboard_node-2] [INFO] [1785160762.643698773] [offboard_node]: FOLLOWING tick=320 mode=OFFBOARD cte=1.9m pos=[72.6,198.1] tgt=[2.6,200.1] seg=544/826
[telemetry_node-1] [INFO] [1785160762.673646647] [telemetry_node]: pos_ned=[ 71.73336792 198.14682007  51.9419899 ]  yaw=2.964  armed=True  vtol=4  batt=15.30V/50%
[offboard_node-2] [INFO] [1785160764.668585241] [offboard_node]: FOLLOWING tick=340 mode=OFFBOARD cte=1.6m pos=[44.9,198.5] tgt=[-0.1,174.7] seg=573/826
[telemetry_node-1] [INFO] [1785160764.674498508] [telemetry_node]: pos_ned=[ 43.80433655 198.38685608  50.04748917]  yaw=2.897  armed=True  vtol=4  batt=15.30V/50%
[offboard_node-2] [INFO] [1785160766.659860245] [offboard_node]: FOLLOWING tick=360 mode=OFFBOARD cte=12.7m pos=[15.0,187.4] tgt=[-0.0,132.3] seg=604/826
[telemetry_node-1] [INFO] [1785160766.673698695] [telemetry_node]: pos_ned=[ 14.06392002 186.47338867  45.59241104]  yaw=-2.610  armed=True  vtol=4  batt=15.30V/50%
[offboard_node-2] [WARN] [1785160766.750408837] [offboard_node]: 세그먼트 인덱스 급변 604→632 (Δ+28, 전체 826) pos=[13.7,186.1] — 경로상 전진이 아니라 다른 레그 선택일 수 있다
[telemetry_node-1] [INFO] [1785160772.133305429] [telemetry_node]: pos_ned=[  4.10684872 158.51383972  48.24386215]  yaw=-1.559  armed=True  vtol=4  batt=15.30V/50%
[offboard_node-2] [INFO] [1785160772.246031125] [offboard_node]: FOLLOWING tick=380 mode=OFFBOARD cte=4.2m pos=[4.0,157.2] tgt=[-0.1,87.2] seg=662/826
[telemetry_node-1] [INFO] [1785160772.673741690] [telemetry_node]: pos_ned=[  3.61013103 150.91551208  50.52367783]  yaw=-1.360  armed=True  vtol=4  batt=15.30V/50%
[offboard_node-2] [INFO] [1785160774.262896608] [offboard_node]: FOLLOWING tick=400 mode=OFFBOARD cte=2.4m pos=[2.4,130.8] tgt=[-0.1,60.8] seg=689/826
[telemetry_node-1] [INFO] [1785160774.674061279] [telemetry_node]: pos_ned=[  2.55109596 124.51792908  50.39770889]  yaw=-1.046  armed=True  vtol=4  batt=15.30V/50%
[offboard_node-2] [INFO] [1785160776.247308652] [offboard_node]: FOLLOWING tick=420 mode=OFFBOARD cte=2.6m pos=[2.5,100.8] tgt=[-0.1,30.8] seg=721/826
[telemetry_node-1] [INFO] [1785160776.673775853] [telemetry_node]: pos_ned=[ 2.25424409 94.63772583 51.37760925]  yaw=-1.387  armed=True  vtol=4  batt=15.30V/50%
[offboard_node-2] [INFO] [1785160778.243047473] [offboard_node]: FOLLOWING tick=440 mode=OFFBOARD cte=1.7m pos=[1.6,73.7] tgt=[-0.1,3.7] seg=749/826
[telemetry_node-1] [INFO] [1785160778.673767997] [telemetry_node]: pos_ned=[ 1.46981406 67.91617584 52.2399292 ]  yaw=-1.786  armed=True  vtol=4  batt=15.30V/50%
[offboard_node-2] [INFO] [1785160780.290236683] [offboard_node]: FOLLOWING tick=460 mode=OFFBOARD cte=0.7m pos=[0.6,46.6] tgt=[-0.1,-0.0] seg=777/826
[telemetry_node-1] [INFO] [1785160780.673687142] [telemetry_node]: pos_ned=[ 0.35081515 39.87630844 51.36397934]  yaw=-1.783  armed=True  vtol=4  batt=15.30V/50%
[offboard_node-2] [INFO] [1785160782.257498694] [offboard_node]: FOLLOWING tick=480 mode=OFFBOARD cte=-0.1m pos=[-0.2,19.2] tgt=[-0.1,-0.0] seg=806/826
[telemetry_node-1] [INFO] [1785160782.674158740] [telemetry_node]: pos_ned=[-0.29399025 12.93463707 52.05067444]  yaw=-1.482  armed=True  vtol=4  batt=15.30V/50%
[offboard_node-2] [INFO] [1785160782.949940783] [offboard_node]: 경로 추종 완료 -> transition_mc
[offboard_node-2] [INFO] [1785160783.019336460] [offboard_node]: FW->MC 역천이 명령 요청
[telemetry_node-1] [INFO] [1785160784.673715354] [telemetry_node]: pos_ned=[ -0.49100178 -12.34900284  51.64525986]  yaw=-1.217  armed=True  vtol=2  batt=15.30V/50%
[telemetry_node-1] [INFO] [1785160786.673687548] [telemetry_node]: pos_ned=[ -0.94420433 -30.35765839  52.81783295]  yaw=-1.204  armed=True  vtol=2  batt=15.30V/50%
[offboard_node-2] [INFO] [1785160787.618675039] [offboard_node]: MC 전환 완료 -> HOLD (WP1 복귀)
[telemetry_node-1] [INFO] [1785160788.673603157] [telemetry_node]: pos_ned=[ -1.22794187 -40.09941101  51.91882324]  yaw=-1.151  armed=True  vtol=3  batt=15.30V/50%
[offboard_node-2] [INFO] [1785160789.618734009] [offboard_node]: WP1 홀드 dist=34.8m speed=8.6m/s stable=0/10
[telemetry_node-1] [INFO] [1785160790.673800482] [telemetry_node]: pos_ned=[ -0.3843942  -26.68292236  50.23990631]  yaw=-1.233  armed=True  vtol=3  batt=15.30V/50%
[offboard_node-2] [INFO] [1785160791.618929873] [offboard_node]: WP1 홀드 dist=19.5m speed=8.1m/s stable=0/10
[telemetry_node-1] [INFO] [1785160792.673738325] [telemetry_node]: pos_ned=[ -0.57760423 -11.30640984  50.01047134]  yaw=-1.267  armed=True  vtol=3  batt=15.30V/50%
[offboard_node-2] [INFO] [1785160793.618593325] [offboard_node]: WP1 홀드 dist=4.3m speed=5.7m/s stable=0/10
[telemetry_node-1] [INFO] [1785160794.673763902] [telemetry_node]: pos_ned=[-0.79530048 -1.13239861 50.27126694]  yaw=-1.281  armed=True  vtol=3  batt=15.30V/50%
[offboard_node-2] [INFO] [1785160795.518704869] [offboard_node]: WP1 도달·안정 → LANDING (dist=0.7m speed=0.7m/s)
[offboard_node-2] [INFO] [1785160795.618698849] [offboard_node]: AUTO.LAND 요청
[telemetry_node-1] [INFO] [1785160796.673915950] [telemetry_node]: pos_ned=[-0.22173333 -0.54028338 49.16112137]  yaw=-1.314  armed=True  vtol=3  batt=15.30V/50%
[telemetry_node-1] [INFO] [1785160798.674155544] [telemetry_node]: pos_ned=[-0.07665275 -0.37238523 46.32469559]  yaw=-1.338  armed=True  vtol=3  batt=15.30V/50%
[telemetry_node-1] [INFO] [1785160800.673793793] [telemetry_node]: pos_ned=[-0.06679406 -0.42601332 43.43408966]  yaw=-1.344  armed=True  vtol=3  batt=15.30V/50%
[telemetry_node-1] [INFO] [1785160802.673630517] [telemetry_node]: pos_ned=[-1.59623902e-02 -5.55249929e-01  4.05279465e+01]  yaw=-1.347  armed=True  vtol=3  batt=15.30V/50%
[telemetry_node-1] [INFO] [1785160808.032751021] [telemetry_node]: pos_ned=[-3.65086198e-02 -4.98289347e-01  3.78190117e+01]  yaw=-1.347  armed=True  vtol=3  batt=15.30V/50%
[telemetry_node-1] [INFO] [1785160808.674180517] [telemetry_node]: pos_ned=[-0.08323378 -0.4461256  36.85703278]  yaw=-1.347  armed=True  vtol=3  batt=15.30V/50%
[telemetry_node-1] [INFO] [1785160810.673918006] [telemetry_node]: pos_ned=[-0.09160116 -0.45380479 34.01180267]  yaw=-1.346  armed=True  vtol=3  batt=15.30V/50%
[telemetry_node-1] [INFO] [1785160812.674232616] [telemetry_node]: pos_ned=[-0.08362815 -0.50847173 31.14249039]  yaw=-1.344  armed=True  vtol=3  batt=15.30V/50%
[telemetry_node-1] [INFO] [1785160814.673784226] [telemetry_node]: pos_ned=[-0.09287398 -0.43389353 28.25737572]  yaw=-1.343  armed=True  vtol=3  batt=15.30V/50%
[telemetry_node-1] [INFO] [1785160816.674399118] [telemetry_node]: pos_ned=[-0.08494401 -0.44435355 25.37952995]  yaw=-1.342  armed=True  vtol=3  batt=15.30V/50%
[telemetry_node-1] [INFO] [1785160818.674455634] [telemetry_node]: pos_ned=[-0.07381793 -0.47683644 22.4589119 ]  yaw=-1.340  armed=True  vtol=3  batt=15.30V/50%
[telemetry_node-1] [INFO] [1785160820.674269094] [telemetry_node]: pos_ned=[-0.08206458 -0.45735639 19.49395561]  yaw=-1.339  armed=True  vtol=3  batt=15.30V/50%
[telemetry_node-1] [INFO] [1785160822.673639445] [telemetry_node]: pos_ned=[-0.0657768  -0.5083105  16.50425911]  yaw=-1.337  armed=True  vtol=3  batt=15.30V/50%
[telemetry_node-1] [INFO] [1785160824.673853879] [telemetry_node]: pos_ned=[-0.08212822 -0.41452542 13.52517128]  yaw=-1.335  armed=True  vtol=3  batt=15.30V/50%
[telemetry_node-1] [INFO] [1785160826.673914456] [telemetry_node]: pos_ned=[-0.07110263 -0.4795886  10.52549458]  yaw=-1.334  armed=True  vtol=3  batt=15.30V/50%
[telemetry_node-1] [INFO] [1785160828.674485099] [telemetry_node]: pos_ned=[-0.05028797 -0.47488976  7.79790831]  yaw=-1.333  armed=True  vtol=3  batt=15.30V/50%
[telemetry_node-1] [INFO] [1785160830.673600121] [telemetry_node]: pos_ned=[-0.05441787 -0.40565977  5.81068182]  yaw=-1.331  armed=True  vtol=3  batt=15.30V/50%
[telemetry_node-1] [INFO] [1785160832.674521463] [telemetry_node]: pos_ned=[-0.04250022 -0.46475714  4.31923771]  yaw=-1.330  armed=True  vtol=3  batt=15.30V/50%
[telemetry_node-1] [INFO] [1785160834.674457809] [telemetry_node]: pos_ned=[-0.04897616 -0.44459113  2.88369012]  yaw=-1.328  armed=True  vtol=3  batt=15.30V/50%
[telemetry_node-1] [INFO] [1785160836.673538951] [telemetry_node]: pos_ned=[-0.04882105 -0.45463696  1.47850633]  yaw=-1.327  armed=True  vtol=3  batt=15.30V/50%
[telemetry_node-1] [INFO] [1785160838.673937092] [telemetry_node]: pos_ned=[-0.04101267 -0.4739652   0.06629845]  yaw=-1.326  armed=True  vtol=3  batt=15.30V/50%
[telemetry_node-1] [INFO] [1785160843.849145179] [telemetry_node]: pos_ned=[-0.02127165 -0.47909743  0.05968562]  yaw=-1.326  armed=True  vtol=3  batt=15.30V/50%
[telemetry_node-1] [INFO] [1785160844.673611672] [telemetry_node]: pos_ned=[-0.0226419  -0.47301483  0.06702554]  yaw=-1.325  armed=True  vtol=3  batt=15.30V/50%
[offboard_node-2] [INFO] [1785160846.218346996] [offboard_node]: 착륙 완료 (disarmed) -> DONE
[telemetry_node-1] [INFO] [1785160846.673769263] [telemetry_node]: pos_ned=[-0.04289275 -0.47146514  0.05885971]  yaw=-1.302  armed=False  vtol=3  batt=16.20V/78%
[telemetry_node-1] [INFO] [1785160848.674073456] [telemetry_node]: pos_ned=[-0.04614821 -0.461934   -0.00432174]  yaw=-1.302  armed=False  vtol=3  batt=16.20V/97%
[telemetry_node-1] [INFO] [1785160850.673636760] [telemetry_node]: pos_ned=[-0.05254325 -0.42892277 -0.04086079]  yaw=-1.302  armed=False  vtol=3  batt=16.20V/100%
[telemetry_node-1] [INFO] [1785160852.674057951] [telemetry_node]: pos_ned=[-0.05191563 -0.44076899 -0.03639008]  yaw=-1.302  armed=False  vtol=3  batt=16.20V/100%
[WARNING] [launch]: user interrupted with ctrl-c (SIGINT)
[INFO] [offboard_node-2]: sending signal 'SIGINT' to process[offboard_node-2]
[INFO] [telemetry_node-1]: sending signal 'SIGINT' to process[telemetry_node-1]
[offboard_node-2] Traceback (most recent call last):
[offboard_node-2]   File "/root/drone_ws/install/fc_ros/lib/python3.10/site-packages/fc_ros/nodes/offboard_node.py", line 1499, in main
[offboard_node-2]     rclpy.spin(node)
[offboard_node-2]   File "/opt/ros/humble/local/lib/python3.10/dist-packages/rclpy/__init__.py", line 229, in spin
[telemetry_node-1] Traceback (most recent call last):
[telemetry_node-1]   File "/root/drone_ws/install/fc_ros/lib/python3.10/site-packages/fc_ros/nodes/telemetry_node.py", line 109, in main
[telemetry_node-1]     rclpy.spin(node)
[telemetry_node-1]   File "/opt/ros/humble/local/lib/python3.10/dist-packages/rclpy/__init__.py", line 229, in spin
[offboard_node-2]     executor.spin_once()
[offboard_node-2]   File "/opt/ros/humble/local/lib/python3.10/dist-packages/rclpy/executors.py", line 808, in spin_once
[telemetry_node-1]     executor.spin_once()
[telemetry_node-1]   File "/opt/ros/humble/local/lib/python3.10/dist-packages/rclpy/executors.py", line 808, in spin_once
[telemetry_node-1]     self._spin_once_impl(timeout_sec)
[telemetry_node-1]   File "/opt/ros/humble/local/lib/python3.10/dist-packages/rclpy/executors.py", line 797, in _spin_once_impl
[offboard_node-2]     self._spin_once_impl(timeout_sec)
[offboard_node-2]   File "/opt/ros/humble/local/lib/python3.10/dist-packages/rclpy/executors.py", line 797, in _spin_once_impl
[offboard_node-2]     handler, entity, node = self.wait_for_ready_callbacks(timeout_sec=timeout_sec)
[offboard_node-2]   File "/opt/ros/humble/local/lib/python3.10/dist-packages/rclpy/executors.py", line 780, in wait_for_ready_callbacks
[telemetry_node-1]     handler, entity, node = self.wait_for_ready_callbacks(timeout_sec=timeout_sec)
[telemetry_node-1]   File "/opt/ros/humble/local/lib/python3.10/dist-packages/rclpy/executors.py", line 780, in wait_for_ready_callbacks
[offboard_node-2]     return next(self._cb_iter)
[offboard_node-2]   File "/opt/ros/humble/local/lib/python3.10/dist-packages/rclpy/executors.py", line 677, in _wait_for_ready_callbacks
[offboard_node-2]     wait_set.wait(timeout_nsec)
[offboard_node-2] KeyboardInterrupt
[offboard_node-2] 
[offboard_node-2] During handling of the above exception, another exception occurred:
[offboard_node-2] 
[offboard_node-2] Traceback (most recent call last):
[offboard_node-2]   File "/root/drone_ws/install/fc_ros/lib/fc_ros/offboard_node", line 33, in <module>
[offboard_node-2]     sys.exit(load_entry_point('fc-ros==0.1.0', 'console_scripts', 'offboard_node')())
[offboard_node-2]   File "/root/drone_ws/install/fc_ros/lib/python3.10/site-packages/fc_ros/nodes/offboard_node.py", line 1501, in main
[telemetry_node-1]     return next(self._cb_iter)
[telemetry_node-1]   File "/opt/ros/humble/local/lib/python3.10/dist-packages/rclpy/executors.py", line 677, in _wait_for_ready_callbacks
[telemetry_node-1]     wait_set.wait(timeout_nsec)
[telemetry_node-1] KeyboardInterrupt
[telemetry_node-1] 
[telemetry_node-1] During handling of the above exception, another exception occurred:
[telemetry_node-1] 
[telemetry_node-1] Traceback (most recent call last):
[telemetry_node-1]   File "/root/drone_ws/install/fc_ros/lib/fc_ros/telemetry_node", line 33, in <module>
[telemetry_node-1]     sys.exit(load_entry_point('fc-ros==0.1.0', 'console_scripts', 'telemetry_node')())
[telemetry_node-1]   File "/root/drone_ws/install/fc_ros/lib/python3.10/site-packages/fc_ros/nodes/telemetry_node.py", line 111, in main
[telemetry_node-1]     node.destroy_node()
[telemetry_node-1]   File "/opt/ros/humble/local/lib/python3.10/dist-packages/rclpy/node.py", line 1691, in destroy_node
[offboard_node-2]     node.destroy_node()
[offboard_node-2]   File "/opt/ros/humble/local/lib/python3.10/dist-packages/rclpy/node.py", line 1687, in destroy_node
[offboard_node-2]     self.destroy_subscription(self._subscriptions[0])
[offboard_node-2]   File "/opt/ros/humble/local/lib/python3.10/dist-packages/rclpy/node.py", line 1586, in destroy_subscription
[offboard_node-2]     self._wake_executor()
[offboard_node-2]   File "/opt/ros/humble/local/lib/python3.10/dist-packages/rclpy/node.py", line 289, in _wake_executor
[offboard_node-2]     executor.wake()
[offboard_node-2]   File "/opt/ros/humble/local/lib/python3.10/dist-packages/rclpy/executors.py", line 313, in wake
[offboard_node-2]     self._guard.trigger()
[offboard_node-2]   File "/opt/ros/humble/local/lib/python3.10/dist-packages/rclpy/guard_condition.py", line 32, in trigger
[offboard_node-2]     def trigger(self):
[offboard_node-2] KeyboardInterrupt
[telemetry_node-1]     self.destroy_service(self._services[0])
[telemetry_node-1]   File "/opt/ros/humble/local/lib/python3.10/dist-packages/rclpy/node.py", line 1615, in destroy_service
[telemetry_node-1]     service.destroy()
[telemetry_node-1]   File "/opt/ros/humble/local/lib/python3.10/dist-packages/rclpy/service.py", line 93, in destroy
[telemetry_node-1]     self.__service.destroy_when_not_in_use()
[telemetry_node-1] KeyboardInterrupt
[ERROR] [telemetry_node-1]: process has died [pid 1157, exit code -2, cmd '/root/drone_ws/install/fc_ros/lib/fc_ros/telemetry_node --ros-args -r __node:=telemetry_node'].
[ERROR] [offboard_node-2]: process has died [pid 1159, exit code -2, cmd '/root/drone_ws/install/fc_ros/lib/fc_ros/offboard_node --ros-args -r __node:=offboard_node --params-file /root/drone_ws/install/fc_ros/share/fc_ros/params/fc_ros_params.yaml --params-file /tmp/launch_params_cint8la6'].
