[INFO] [launch]: All log files can be found below /root/.ros/log/2026-07-27-05-54-13-772848-DESKTOP-Kilogram-1132
[INFO] [launch]: Default logging verbosity is set to INFO
[INFO] [telemetry_node-1]: process started with pid [1134]
[INFO] [offboard_node-2]: process started with pid [1136]
[offboard_node-2] [WARN] [1785099255.870442370] [offboard_node]: /mavros/cmd/arming 서비스 없음
[offboard_node-2] [INFO] [1785099255.876472579] [offboard_node]: ARM 요청
[offboard_node-2] [INFO] [1785099256.270795876] [offboard_node]: CommandTOL 이륙 요청 alt=50.1m AMSL (지면 0.1+50.0) -> CLIMBING
[telemetry_node-1] [INFO] [1785099257.632435783] [telemetry_node]: pos_ned=[ 0.00123335 -0.01687943  0.01893455]  yaw=1.681  armed=True  vtol=3  batt=16.20V/100%
[telemetry_node-1] [INFO] [1785099259.549023508] [telemetry_node]: pos_ned=[0.02839003 0.04508201 0.00532566]  yaw=1.685  armed=True  vtol=3  batt=16.14V/98%
[telemetry_node-1] [INFO] [1785099261.548407594] [telemetry_node]: pos_ned=[-0.03460632  0.02568006  0.91878802]  yaw=1.688  armed=True  vtol=3  batt=16.08V/95%
[telemetry_node-1] [INFO] [1785099263.549349546] [telemetry_node]: pos_ned=[0.03138579 0.03315515 3.48437834]  yaw=1.677  armed=True  vtol=3  batt=16.02V/91%
[telemetry_node-1] [INFO] [1785099265.547668288] [telemetry_node]: pos_ned=[0.03672548 0.05186765 6.33562136]  yaw=1.678  armed=True  vtol=3  batt=15.96V/88%
[telemetry_node-1] [INFO] [1785099267.547246995] [telemetry_node]: pos_ned=[-5.21423249e-03  4.89188284e-02  9.41958523e+00]  yaw=1.674  armed=True  vtol=3  batt=15.90V/85%
[telemetry_node-1] [INFO] [1785099269.547227294] [telemetry_node]: pos_ned=[6.60201907e-03 3.19803096e-02 1.40910549e+01]  yaw=1.672  armed=True  vtol=3  batt=15.84V/81%
[telemetry_node-1] [INFO] [1785099271.547414123] [telemetry_node]: pos_ned=[1.73915774e-02 1.64387561e-02 1.99731579e+01]  yaw=1.667  armed=True  vtol=3  batt=15.78V/78%
[telemetry_node-1] [INFO] [1785099273.547438679] [telemetry_node]: pos_ned=[ 0.03344053  0.05106211 26.01680183]  yaw=1.670  armed=True  vtol=3  batt=15.72V/75%
[telemetry_node-1] [INFO] [1785099275.547137331] [telemetry_node]: pos_ned=[ 0.0536902   0.06802341 32.0091362 ]  yaw=1.671  armed=True  vtol=3  batt=15.66V/71%
[telemetry_node-1] [INFO] [1785099277.547557272] [telemetry_node]: pos_ned=[ 0.05916034  0.07357919 37.99877167]  yaw=1.670  armed=True  vtol=3  batt=15.60V/68%
[telemetry_node-1] [INFO] [1785099279.547783250] [telemetry_node]: pos_ned=[ 0.05319851  0.04531386 44.04394531]  yaw=1.673  armed=True  vtol=3  batt=15.54V/65%
[telemetry_node-1] [INFO] [1785099281.547790857] [telemetry_node]: pos_ned=[3.86310332e-02 5.72377704e-02 4.77279854e+01]  yaw=1.672  armed=True  vtol=3  batt=15.48V/61%
[telemetry_node-1] [INFO] [1785099283.547436206] [telemetry_node]: pos_ned=[4.79357950e-02 9.07869413e-02 4.92848206e+01]  yaw=1.675  armed=True  vtol=3  batt=15.42V/58%
[offboard_node-2] [INFO] [1785099284.162854261] [offboard_node]: 운용 고도 50.0m 도달 → transition_fw
[telemetry_node-1] [INFO] [1785099285.547176421] [telemetry_node]: pos_ned=[2.95377057e-02 1.28264660e-02 4.98572197e+01]  yaw=1.678  armed=True  vtol=3  batt=15.36V/55%
[offboard_node-2] [INFO] [1785099286.163730953] [offboard_node]: 천이 전 MC OFFBOARD 요청 (헤딩 정렬 대기)
[telemetry_node-1] [INFO] [1785099287.548064470] [telemetry_node]: pos_ned=[4.31461371e-02 1.15710739e-02 5.01351776e+01]  yaw=1.363  armed=True  vtol=3  batt=15.30V/51%
[telemetry_node-1] [INFO] [1785099289.548615107] [telemetry_node]: pos_ned=[-2.44040713e-02  8.85121152e-03  5.03992195e+01]  yaw=0.641  armed=True  vtol=3  batt=15.30V/50%
[telemetry_node-1] [INFO] [1785099291.547195926] [telemetry_node]: pos_ned=[-5.82760051e-02 -2.70096655e-03  5.06429405e+01]  yaw=0.328  armed=True  vtol=3  batt=15.30V/50%
[telemetry_node-1] [INFO] [1785099293.547558722] [telemetry_node]: pos_ned=[ 1.00964709e-04 -6.31074235e-02  5.08810654e+01]  yaw=0.182  armed=True  vtol=3  batt=15.30V/50%
[telemetry_node-1] [INFO] [1785099295.548832483] [telemetry_node]: pos_ned=[ 5.10442816e-02 -8.89324471e-02  5.11212425e+01]  yaw=0.104  armed=True  vtol=3  batt=15.30V/50%
[telemetry_node-1] [INFO] [1785099297.548928744] [telemetry_node]: pos_ned=[ 0.08073254 -0.15342459 51.40179062]  yaw=0.059  armed=True  vtol=3  batt=15.30V/50%
[telemetry_node-1] [INFO] [1785099299.548007362] [telemetry_node]: pos_ned=[ 0.05634041 -0.19249579 51.68299484]  yaw=0.042  armed=True  vtol=3  batt=15.30V/50%
[offboard_node-2] [INFO] [1785099300.067704116] [offboard_node]: 헤딩 정렬 완료 target=0.0° current=2.4° err=-2.4° (20틱 안정) → 전진 + 천이 명령
[offboard_node-2] [INFO] [1785099300.073712439] [offboard_node]: MC→FW 천이 명령 요청 (위치 setpoint 직선 천이)
[telemetry_node-1] [INFO] [1785099301.548274540] [telemetry_node]: pos_ned=[ 0.84577537 -0.16052063 51.87814713]  yaw=0.038  armed=True  vtol=1  batt=15.30V/50%
[offboard_node-2] [INFO] [1785099302.763480581] [offboard_node]: FW 전환 완료 -> STREAMING
[offboard_node-2] [INFO] [1785099302.873870368] [offboard_node]: OFFBOARD 확인 → FOLLOWING
[telemetry_node-1] [INFO] [1785099303.549014992] [telemetry_node]: pos_ned=[21.8031559  -1.23221254 50.49142456]  yaw=-0.043  armed=True  vtol=4  batt=15.30V/50%
[telemetry_node-1] [INFO] [1785099305.548196216] [telemetry_node]: pos_ned=[51.44060898 -2.5072298  52.25561142]  yaw=-0.036  armed=True  vtol=4  batt=15.30V/50%
[telemetry_node-1] [INFO] [1785099307.548153444] [telemetry_node]: pos_ned=[79.50074005 -3.45859838 50.43658447]  yaw=-0.036  armed=True  vtol=4  batt=15.30V/50%
[telemetry_node-1] [INFO] [1785099309.547477826] [telemetry_node]: pos_ned=[108.8312149   -4.32938004  48.17234802]  yaw=-0.039  armed=True  vtol=4  batt=15.30V/50%
[telemetry_node-1] [INFO] [1785099311.547584273] [telemetry_node]: pos_ned=[137.70536804  -5.13118887  47.36445999]  yaw=-0.040  armed=True  vtol=4  batt=15.30V/50%
[telemetry_node-1] [INFO] [1785099313.547952410] [telemetry_node]: pos_ned=[166.26893616  -5.8486433   47.15444565]  yaw=-0.039  armed=True  vtol=4  batt=15.30V/50%
[telemetry_node-1] [INFO] [1785099315.547309676] [telemetry_node]: pos_ned=[194.43304443  -6.42062378  47.18276215]  yaw=-0.032  armed=True  vtol=4  batt=15.30V/50%
[telemetry_node-1] [INFO] [1785099317.547499038] [telemetry_node]: pos_ned=[222.36685181  -6.84680891  47.27951813]  yaw=-0.023  armed=True  vtol=4  batt=15.30V/50%
[telemetry_node-1] [INFO] [1785099319.547679198] [telemetry_node]: pos_ned=[249.79042053  -7.1556654   47.3920517 ]  yaw=-0.015  armed=True  vtol=4  batt=15.30V/50%
[telemetry_node-1] [INFO] [1785099321.547517283] [telemetry_node]: pos_ned=[277.23773193  -7.36942816  47.48571777]  yaw=-0.009  armed=True  vtol=4  batt=15.30V/50%
[telemetry_node-1] [INFO] [1785099323.547393993] [telemetry_node]: pos_ned=[304.60516357  -7.53111887  47.59165955]  yaw=-0.002  armed=True  vtol=4  batt=15.30V/50%
[telemetry_node-1] [INFO] [1785099325.547624167] [telemetry_node]: pos_ned=[331.96118164  -7.66998768  47.76356125]  yaw=0.005  armed=True  vtol=4  batt=15.30V/50%
[telemetry_node-1] [INFO] [1785099327.547612659] [telemetry_node]: pos_ned=[359.37539673  -7.76480484  47.94866562]  yaw=0.012  armed=True  vtol=4  batt=15.30V/50%
[telemetry_node-1] [INFO] [1785099329.547412172] [telemetry_node]: pos_ned=[386.78518677  -7.90964603  48.14428711]  yaw=0.017  armed=True  vtol=4  batt=15.30V/50%
[telemetry_node-1] [INFO] [1785099331.547618453] [telemetry_node]: pos_ned=[414.21520996  -8.13054085  48.33469772]  yaw=0.019  armed=True  vtol=4  batt=15.30V/50%
[telemetry_node-1] [INFO] [1785099333.547682251] [telemetry_node]: pos_ned=[441.81326294  -8.41175938  48.50971985]  yaw=0.021  armed=True  vtol=4  batt=15.30V/50%
[telemetry_node-1] [INFO] [1785099335.547650713] [telemetry_node]: pos_ned=[469.53567505  -8.80375671  48.70251846]  yaw=0.023  armed=True  vtol=4  batt=15.30V/50%
[telemetry_node-1] [INFO] [1785099337.547354398] [telemetry_node]: pos_ned=[497.32357788  -9.19443798  48.95812607]  yaw=0.028  armed=True  vtol=4  batt=15.30V/50%
[telemetry_node-1] [INFO] [1785099339.547349436] [telemetry_node]: pos_ned=[525.25396729  -9.59438229  49.14874268]  yaw=0.032  armed=True  vtol=4  batt=15.30V/50%
[telemetry_node-1] [INFO] [1785099341.547270164] [telemetry_node]: pos_ned=[553.24884033 -10.04208279  49.32683563]  yaw=0.035  armed=True  vtol=4  batt=15.30V/50%
[telemetry_node-1] [INFO] [1785099343.547543766] [telemetry_node]: pos_ned=[581.39935303 -10.49416351  49.46901321]  yaw=0.035  armed=True  vtol=4  batt=15.30V/50%
[telemetry_node-1] [INFO] [1785099345.547971953] [telemetry_node]: pos_ned=[609.65600586 -10.99271584  49.67108154]  yaw=0.034  armed=True  vtol=4  batt=15.30V/50%
[telemetry_node-1] [INFO] [1785099347.548610664] [telemetry_node]: pos_ned=[637.8850708  -11.66096687  49.79345322]  yaw=0.031  armed=True  vtol=4  batt=15.30V/50%
[telemetry_node-1] [INFO] [1785099349.548684929] [telemetry_node]: pos_ned=[665.79455566 -12.37931824  49.85435486]  yaw=0.028  armed=True  vtol=4  batt=15.30V/50%
[telemetry_node-1] [INFO] [1785099351.548129236] [telemetry_node]: pos_ned=[693.85064697 -13.17669201  49.95567322]  yaw=0.025  armed=True  vtol=4  batt=15.30V/50%
[telemetry_node-1] [INFO] [1785099353.548192314] [telemetry_node]: pos_ned=[722.31176758 -14.10068703  50.10693359]  yaw=0.021  armed=True  vtol=4  batt=15.30V/50%
[telemetry_node-1] [INFO] [1785099355.548346743] [telemetry_node]: pos_ned=[750.99969482 -15.21015263  50.20293045]  yaw=0.015  armed=True  vtol=4  batt=15.30V/50%
[telemetry_node-1] [INFO] [1785099357.548224515] [telemetry_node]: pos_ned=[779.7890625  -16.44577789  50.3098793 ]  yaw=0.008  armed=True  vtol=4  batt=15.30V/50%
[telemetry_node-1] [INFO] [1785099359.547486248] [telemetry_node]: pos_ned=[808.5680542  -17.81387329  50.32449722]  yaw=0.001  armed=True  vtol=4  batt=15.30V/50%
[telemetry_node-1] [INFO] [1785099361.549748448] [telemetry_node]: pos_ned=[837.02319336 -19.30953026  50.28256607]  yaw=-0.005  armed=True  vtol=4  batt=15.30V/50%
[telemetry_node-1] [INFO] [1785099363.548426418] [telemetry_node]: pos_ned=[865.93499756 -20.97136688  50.20526886]  yaw=-0.012  armed=True  vtol=4  batt=15.30V/50%
[telemetry_node-1] [INFO] [1785099365.547483619] [telemetry_node]: pos_ned=[894.94927979 -22.75974274  50.10055923]  yaw=-0.019  armed=True  vtol=4  batt=15.30V/50%
[telemetry_node-1] [INFO] [1785099367.547421350] [telemetry_node]: pos_ned=[924.00793457 -24.66851807  49.91869736]  yaw=-0.027  armed=True  vtol=4  batt=15.30V/50%
[telemetry_node-1] [INFO] [1785099369.547315205] [telemetry_node]: pos_ned=[953.02032471 -26.8055687   49.66916656]  yaw=-0.037  armed=True  vtol=4  batt=15.30V/50%
[telemetry_node-1] [INFO] [1785099371.547189388] [telemetry_node]: pos_ned=[982.07250977 -29.07910538  49.3635788 ]  yaw=-0.047  armed=True  vtol=4  batt=15.30V/50%
[telemetry_node-1] [INFO] [1785099373.547269507] [telemetry_node]: pos_ned=[1011.08050537  -31.60801888   49.0725975 ]  yaw=-0.058  armed=True  vtol=4  batt=15.30V/50%
[telemetry_node-1] [INFO] [1785099375.547117644] [telemetry_node]: pos_ned=[1040.04760742  -34.3327179    48.69297028]  yaw=-0.069  armed=True  vtol=4  batt=15.30V/50%
[telemetry_node-1] [INFO] [1785099377.547351738] [telemetry_node]: pos_ned=[1069.08850098  -37.29301071   48.30495071]  yaw=-0.080  armed=True  vtol=4  batt=15.30V/50%
[telemetry_node-1] [INFO] [1785099379.547103210] [telemetry_node]: pos_ned=[1098.0760498   -40.44234085   48.01597214]  yaw=-0.091  armed=True  vtol=4  batt=15.30V/50%
[telemetry_node-1] [INFO] [1785099381.547351118] [telemetry_node]: pos_ned=[1127.07055664  -43.83438873   47.74124146]  yaw=-0.102  armed=True  vtol=4  batt=15.30V/50%
[telemetry_node-1] [INFO] [1785099383.547093771] [telemetry_node]: pos_ned=[1156.03625488  -47.4841156    47.43997192]  yaw=-0.114  armed=True  vtol=4  batt=15.30V/50%
[telemetry_node-1] [INFO] [1785099385.547464160] [telemetry_node]: pos_ned=[1185.01757812  -51.36755753   47.10499954]  yaw=-0.125  armed=True  vtol=4  batt=15.30V/50%
[telemetry_node-1] [INFO] [1785099387.547466245] [telemetry_node]: pos_ned=[1213.95788574  -55.43579483   46.77164841]  yaw=-0.133  armed=True  vtol=4  batt=15.30V/50%
[telemetry_node-1] [INFO] [1785099389.547380296] [telemetry_node]: pos_ned=[1242.90979004  -59.60839081   46.42499924]  yaw=-0.138  armed=True  vtol=4  batt=15.30V/50%
[telemetry_node-1] [INFO] [1785099391.547328523] [telemetry_node]: pos_ned=[1271.81091309  -63.90451431   46.03142548]  yaw=-0.142  armed=True  vtol=4  batt=15.30V/50%
[telemetry_node-1] [INFO] [1785099393.547429714] [telemetry_node]: pos_ned=[1300.74707031  -68.2614212    45.5616188 ]  yaw=-0.149  armed=True  vtol=4  batt=15.30V/50%
[telemetry_node-1] [INFO] [1785099395.547061707] [telemetry_node]: pos_ned=[1329.61853027  -72.86361694   45.08654785]  yaw=-0.158  armed=True  vtol=4  batt=15.30V/50%
[telemetry_node-1] [INFO] [1785099397.547349068] [telemetry_node]: pos_ned=[1358.42480469  -77.62706757   44.63257599]  yaw=-0.168  armed=True  vtol=4  batt=15.30V/50%
[telemetry_node-1] [INFO] [1785099399.547786522] [telemetry_node]: pos_ned=[1387.12780762  -82.59194946   44.21580887]  yaw=-0.177  armed=True  vtol=4  batt=15.30V/50%
[telemetry_node-1] [INFO] [1785099401.547710878] [telemetry_node]: pos_ned=[1415.9552002   -87.82601166   43.91695023]  yaw=-0.185  armed=True  vtol=4  batt=15.30V/50%
[telemetry_node-1] [INFO] [1785099403.547170319] [telemetry_node]: pos_ned=[1444.65588379  -93.26012421   43.67138672]  yaw=-0.193  armed=True  vtol=4  batt=15.30V/50%
[telemetry_node-1] [INFO] [1785099405.547071502] [telemetry_node]: pos_ned=[1473.27233887  -98.93164062   43.34352112]  yaw=-0.202  armed=True  vtol=4  batt=15.30V/50%
[telemetry_node-1] [INFO] [1785099407.547704767] [telemetry_node]: pos_ned=[1501.84643555 -104.88359833   43.09245682]  yaw=-0.213  armed=True  vtol=4  batt=15.30V/50%
[telemetry_node-1] [INFO] [1785099409.547964234] [telemetry_node]: pos_ned=[1529.89221191 -111.00761414   42.8365593 ]  yaw=-0.222  armed=True  vtol=4  batt=15.30V/50%
[telemetry_node-1] [INFO] [1785099411.548055173] [telemetry_node]: pos_ned=[1557.76953125 -117.31993866   42.57252502]  yaw=-0.230  armed=True  vtol=4  batt=15.30V/50%
[telemetry_node-1] [INFO] [1785099413.548289030] [telemetry_node]: pos_ned=[1586.1427002  -124.02131653   42.30041122]  yaw=-0.238  armed=True  vtol=4  batt=15.30V/50%
[telemetry_node-1] [INFO] [1785099415.547749524] [telemetry_node]: pos_ned=[1614.50805664 -130.93499756   42.04683685]  yaw=-0.245  armed=True  vtol=4  batt=15.30V/50%
[telemetry_node-1] [INFO] [1785099417.548896449] [telemetry_node]: pos_ned=[1642.04467773 -137.84907532   41.80738831]  yaw=-0.252  armed=True  vtol=4  batt=15.30V/50%
[telemetry_node-1] [INFO] [1785099419.550146365] [telemetry_node]: pos_ned=[1669.82263184 -145.06414795   41.65903854]  yaw=-0.259  armed=True  vtol=4  batt=15.30V/50%
[telemetry_node-1] [INFO] [1785099421.549089527] [telemetry_node]: pos_ned=[1697.43652344 -152.48980713   41.53680801]  yaw=-0.265  armed=True  vtol=4  batt=15.30V/50%
[telemetry_node-1] [INFO] [1785099423.547277613] [telemetry_node]: pos_ned=[1725.65344238 -160.29350281   41.51161575]  yaw=-0.271  armed=True  vtol=4  batt=15.30V/50%
[telemetry_node-1] [INFO] [1785099425.547091774] [telemetry_node]: pos_ned=[1753.86743164 -168.29197693   41.47308731]  yaw=-0.275  armed=True  vtol=4  batt=15.30V/50%
[telemetry_node-1] [INFO] [1785099427.548164812] [telemetry_node]: pos_ned=[1781.42175293 -176.25582886   41.46398163]  yaw=-0.279  armed=True  vtol=4  batt=15.30V/50%
[telemetry_node-1] [INFO] [1785099429.548982913] [telemetry_node]: pos_ned=[1809.37316895 -184.49995422   41.52238464]  yaw=-0.282  armed=True  vtol=4  batt=15.30V/50%
[telemetry_node-1] [INFO] [1785099431.547649431] [telemetry_node]: pos_ned=[1837.25158691 -192.87515259   41.48874283]  yaw=-0.285  armed=True  vtol=4  batt=15.30V/50%
[telemetry_node-1] [INFO] [1785099433.548234805] [telemetry_node]: pos_ned=[1864.66992188 -201.2233429    41.4461937 ]  yaw=-0.287  armed=True  vtol=4  batt=15.30V/50%
[telemetry_node-1] [INFO] [1785099435.547548606] [telemetry_node]: pos_ned=[1892.48010254 -209.83992004   41.45670319]  yaw=-0.290  armed=True  vtol=4  batt=15.30V/50%
[telemetry_node-1] [INFO] [1785099437.547525917] [telemetry_node]: pos_ned=[1920.30480957 -218.63432312   41.39978409]  yaw=-0.293  armed=True  vtol=4  batt=15.30V/50%
[telemetry_node-1] [INFO] [1785099439.547942808] [telemetry_node]: pos_ned=[1948.0559082  -227.56272888   41.25327301]  yaw=-0.299  armed=True  vtol=4  batt=15.30V/50%
[telemetry_node-1] [INFO] [1785099441.547666322] [telemetry_node]: pos_ned=[1975.76916504 -236.66075134   41.14126587]  yaw=-0.305  armed=True  vtol=4  batt=15.30V/50%
[telemetry_node-1] [INFO] [1785099443.547533338] [telemetry_node]: pos_ned=[2003.40722656 -245.92016602   41.01964569]  yaw=-0.311  armed=True  vtol=4  batt=15.30V/50%
[telemetry_node-1] [INFO] [1785099445.547927028] [telemetry_node]: pos_ned=[2031.00012207 -255.46746826   40.92576981]  yaw=-0.318  armed=True  vtol=4  batt=15.30V/50%
[telemetry_node-1] [INFO] [1785099447.547762907] [telemetry_node]: pos_ned=[2058.51782227 -265.24087524   40.86561584]  yaw=-0.326  armed=True  vtol=4  batt=15.30V/50%
[telemetry_node-1] [INFO] [1785099449.547435307] [telemetry_node]: pos_ned=[2085.96679688 -275.23001099   40.80995941]  yaw=-0.333  armed=True  vtol=4  batt=15.30V/50%
[telemetry_node-1] [INFO] [1785099451.547885859] [telemetry_node]: pos_ned=[2113.40844727 -285.41894531   40.83262253]  yaw=-0.338  armed=True  vtol=4  batt=15.30V/50%
[telemetry_node-1] [INFO] [1785099453.547265490] [telemetry_node]: pos_ned=[2140.78125    -295.7633667    40.88859177]  yaw=-0.342  armed=True  vtol=4  batt=15.30V/50%
[telemetry_node-1] [INFO] [1785099455.547220364] [telemetry_node]: pos_ned=[2168.02709961 -306.22387695   40.98562622]  yaw=-0.344  armed=True  vtol=4  batt=15.30V/50%
[telemetry_node-1] [INFO] [1785099457.547696698] [telemetry_node]: pos_ned=[2195.26611328 -316.7824707    41.08995056]  yaw=-0.347  armed=True  vtol=4  batt=15.30V/50%
[telemetry_node-1] [INFO] [1785099459.547292112] [telemetry_node]: pos_ned=[2222.41430664 -327.52587891   41.21496582]  yaw=-0.351  armed=True  vtol=4  batt=15.30V/50%
[telemetry_node-1] [INFO] [1785099461.547315575] [telemetry_node]: pos_ned=[2249.46557617 -338.37893677   41.28271866]  yaw=-0.356  armed=True  vtol=4  batt=15.30V/50%
[telemetry_node-1] [INFO] [1785099463.547720955] [telemetry_node]: pos_ned=[2276.53979492 -349.36468506   41.32339096]  yaw=-0.360  armed=True  vtol=4  batt=15.30V/50%
[telemetry_node-1] [INFO] [1785099465.547757305] [telemetry_node]: pos_ned=[2303.48022461 -360.42617798   41.42457199]  yaw=-0.363  armed=True  vtol=4  batt=15.30V/50%
[telemetry_node-1] [INFO] [1785099467.547367386] [telemetry_node]: pos_ned=[2330.4074707  -371.6932373    41.56840515]  yaw=-0.366  armed=True  vtol=4  batt=15.30V/50%
[telemetry_node-1] [INFO] [1785099469.547735608] [telemetry_node]: pos_ned=[2357.24291992 -383.05108643   41.68859482]  yaw=-0.371  armed=True  vtol=4  batt=15.30V/50%
[telemetry_node-1] [INFO] [1785099471.547576918] [telemetry_node]: pos_ned=[2383.99780273 -394.60070801   41.80554581]  yaw=-0.377  armed=True  vtol=4  batt=15.30V/50%
[telemetry_node-1] [INFO] [1785099473.547285151] [telemetry_node]: pos_ned=[2410.66943359 -406.34283447   41.94788361]  yaw=-0.384  armed=True  vtol=4  batt=15.30V/50%
[telemetry_node-1] [INFO] [1785099475.547791375] [telemetry_node]: pos_ned=[2437.26074219 -418.26690674   42.08763123]  yaw=-0.391  armed=True  vtol=4  batt=15.30V/50%
[telemetry_node-1] [INFO] [1785099477.547297086] [telemetry_node]: pos_ned=[2463.6574707  -430.40441895   42.22571564]  yaw=-0.398  armed=True  vtol=4  batt=15.30V/50%
[telemetry_node-1] [INFO] [1785099479.548377736] [telemetry_node]: pos_ned=[2489.5715332  -442.59963989   42.31274414]  yaw=-0.405  armed=True  vtol=4  batt=15.30V/50%
[telemetry_node-1] [INFO] [1785099481.548815779] [telemetry_node]: pos_ned=[2514.65087891 -454.60580444   42.40257263]  yaw=-0.413  armed=True  vtol=4  batt=15.30V/50%
[telemetry_node-1] [INFO] [1785099483.548528434] [telemetry_node]: pos_ned=[2540.3671875  -467.28567505   42.508461  ]  yaw=-0.423  armed=True  vtol=4  batt=15.30V/50%
[telemetry_node-1] [INFO] [1785099485.548259360] [telemetry_node]: pos_ned=[2566.02270508 -480.21099854   42.71961594]  yaw=-0.431  armed=True  vtol=4  batt=15.30V/50%
[telemetry_node-1] [INFO] [1785099487.548450806] [telemetry_node]: pos_ned=[2591.93139648 -493.5546875    42.9334259 ]  yaw=-0.439  armed=True  vtol=4  batt=15.30V/50%
[telemetry_node-1] [INFO] [1785099489.548947241] [telemetry_node]: pos_ned=[2617.19921875 -506.83062744   43.16003799]  yaw=-0.445  armed=True  vtol=4  batt=15.30V/50%
[telemetry_node-1] [INFO] [1785099491.548065941] [telemetry_node]: pos_ned=[2642.88452148 -520.56536865   43.45647049]  yaw=-0.450  armed=True  vtol=4  batt=15.30V/50%
[telemetry_node-1] [INFO] [1785099493.548488834] [telemetry_node]: pos_ned=[2668.42944336 -534.44219971   43.8375206 ]  yaw=-0.454  armed=True  vtol=4  batt=15.30V/50%
[telemetry_node-1] [INFO] [1785099495.547872723] [telemetry_node]: pos_ned=[2693.46826172 -548.21057129   44.26937866]  yaw=-0.456  armed=True  vtol=4  batt=15.30V/50%
[telemetry_node-1] [INFO] [1785099497.547744961] [telemetry_node]: pos_ned=[2718.96411133 -562.38562012   44.78720093]  yaw=-0.458  armed=True  vtol=4  batt=15.30V/50%
[telemetry_node-1] [INFO] [1785099499.548489151] [telemetry_node]: pos_ned=[2744.27880859 -576.6317749    45.32667923]  yaw=-0.458  armed=True  vtol=4  batt=15.30V/50%
[telemetry_node-1] [INFO] [1785099501.547637136] [telemetry_node]: pos_ned=[2769.55761719 -590.91540527   45.95292282]  yaw=-0.457  armed=True  vtol=4  batt=15.30V/50%
[telemetry_node-1] [INFO] [1785099503.547630834] [telemetry_node]: pos_ned=[2794.77685547 -605.27264404   46.57063293]  yaw=-0.456  armed=True  vtol=4  batt=15.30V/50%
[telemetry_node-1] [INFO] [1785099505.547579788] [telemetry_node]: pos_ned=[2819.93798828 -619.6361084    47.23606491]  yaw=-0.454  armed=True  vtol=4  batt=15.30V/50%
[telemetry_node-1] [INFO] [1785099507.547683975] [telemetry_node]: pos_ned=[2845.07958984 -634.04852295   47.85842896]  yaw=-0.452  armed=True  vtol=4  batt=15.30V/50%
[telemetry_node-1] [INFO] [1785099509.547404463] [telemetry_node]: pos_ned=[2870.27099609 -648.53527832   48.59971237]  yaw=-0.451  armed=True  vtol=4  batt=15.30V/50%
[telemetry_node-1] [INFO] [1785099511.547545479] [telemetry_node]: pos_ned=[2895.34277344 -663.05688477   49.37227249]  yaw=-0.450  armed=True  vtol=4  batt=15.30V/50%
[telemetry_node-1] [INFO] [1785099513.547968845] [telemetry_node]: pos_ned=[2920.41821289 -677.61529541   50.08174896]  yaw=-0.449  armed=True  vtol=4  batt=15.30V/50%
[telemetry_node-1] [INFO] [1785099515.548567761] [telemetry_node]: pos_ned=[2945.52856445 -692.27954102   50.79707336]  yaw=-0.447  armed=True  vtol=4  batt=15.30V/50%
[telemetry_node-1] [INFO] [1785099517.548159203] [telemetry_node]: pos_ned=[2970.66381836 -706.89282227   51.64720154]  yaw=-0.442  armed=True  vtol=4  batt=15.30V/50%
[telemetry_node-1] [INFO] [1785099519.547644198] [telemetry_node]: pos_ned=[2995.80517578 -721.44885254   52.56626511]  yaw=-0.437  armed=True  vtol=4  batt=15.30V/50%
[telemetry_node-1] [INFO] [1785099521.547367745] [telemetry_node]: pos_ned=[3021.02441406 -735.99108887   53.49557114]  yaw=-0.432  armed=True  vtol=4  batt=15.30V/50%
[telemetry_node-1] [INFO] [1785099523.548516151] [telemetry_node]: pos_ned=[3046.23876953 -750.49639893   54.45828629]  yaw=-0.427  armed=True  vtol=4  batt=15.30V/50%
[telemetry_node-1] [INFO] [1785099525.548128019] [telemetry_node]: pos_ned=[3071.55004883 -764.96716309   55.44506073]  yaw=-0.422  armed=True  vtol=4  batt=15.30V/50%
[telemetry_node-1] [INFO] [1785099527.547291473] [telemetry_node]: pos_ned=[3096.46972656 -779.18493652   56.38018417]  yaw=-0.418  armed=True  vtol=4  batt=15.30V/50%
[telemetry_node-1] [INFO] [1785099529.548412452] [telemetry_node]: pos_ned=[3122.21850586 -793.89520264   57.32501602]  yaw=-0.416  armed=True  vtol=4  batt=15.30V/50%
[telemetry_node-1] [INFO] [1785099531.547368028] [telemetry_node]: pos_ned=[3147.21240234 -808.21331787   58.2085762 ]  yaw=-0.416  armed=True  vtol=4  batt=15.30V/50%
[telemetry_node-1] [INFO] [1785099533.547163277] [telemetry_node]: pos_ned=[3172.66381836 -822.73114014   59.00682068]  yaw=-0.416  armed=True  vtol=4  batt=15.30V/50%
[telemetry_node-1] [INFO] [1785099535.547096077] [telemetry_node]: pos_ned=[3198.21850586 -837.29095459   59.7708931 ]  yaw=-0.415  armed=True  vtol=4  batt=15.30V/50%
[telemetry_node-1] [INFO] [1785099537.547267904] [telemetry_node]: pos_ned=[3223.77246094 -851.86865234   60.6394577 ]  yaw=-0.414  armed=True  vtol=4  batt=15.30V/50%
[telemetry_node-1] [INFO] [1785099539.547650899] [telemetry_node]: pos_ned=[3249.33911133 -866.47998047   61.48893738]  yaw=-0.415  armed=True  vtol=4  batt=15.30V/50%
[telemetry_node-1] [INFO] [1785099541.547759043] [telemetry_node]: pos_ned=[3274.97290039 -881.1003418    62.25712967]  yaw=-0.416  armed=True  vtol=4  batt=15.30V/50%
[telemetry_node-1] [INFO] [1785099543.547602228] [telemetry_node]: pos_ned=[3300.63208008 -895.77984619   62.93792725]  yaw=-0.419  armed=True  vtol=4  batt=15.30V/50%
[telemetry_node-1] [INFO] [1785099545.547463406] [telemetry_node]: pos_ned=[3326.30957031 -910.53704834   63.59384537]  yaw=-0.423  armed=True  vtol=4  batt=15.30V/50%
[telemetry_node-1] [INFO] [1785099547.548005765] [telemetry_node]: pos_ned=[3351.43481445 -925.07116699   64.17224884]  yaw=-0.429  armed=True  vtol=4  batt=15.30V/50%
[telemetry_node-1] [INFO] [1785099549.548185204] [telemetry_node]: pos_ned=[3377.05859375 -940.02587891   64.68714905]  yaw=-0.435  armed=True  vtol=4  batt=15.30V/50%
[telemetry_node-1] [INFO] [1785099551.547547475] [telemetry_node]: pos_ned=[3402.63793945 -954.96850586   65.02868652]  yaw=-0.440  armed=True  vtol=4  batt=15.30V/50%
[telemetry_node-1] [INFO] [1785099553.548987310] [telemetry_node]: pos_ned=[3428.23022461 -970.02618408   65.33106232]  yaw=-0.446  armed=True  vtol=4  batt=15.30V/50%
[telemetry_node-1] [INFO] [1785099555.547711874] [telemetry_node]: pos_ned=[3453.74658203 -985.184021     65.70310211]  yaw=-0.453  armed=True  vtol=4  batt=15.30V/50%
[telemetry_node-1] [INFO] [1785099557.547210103] [telemetry_node]: pos_ned=[ 3479.14111328 -1000.47235107    66.07396698]  yaw=-0.463  armed=True  vtol=4  batt=15.30V/50%
[telemetry_node-1] [INFO] [1785099559.547348295] [telemetry_node]: pos_ned=[ 3504.47363281 -1015.85888672    66.34806824]  yaw=-0.472  armed=True  vtol=4  batt=15.30V/50%
[telemetry_node-1] [INFO] [1785099561.547549611] [telemetry_node]: pos_ned=[ 3529.68261719 -1031.35180664    66.69790649]  yaw=-0.480  armed=True  vtol=4  batt=15.30V/50%
[telemetry_node-1] [INFO] [1785099563.547332326] [telemetry_node]: pos_ned=[ 3554.81274414 -1046.90515137    66.98551178]  yaw=-0.486  armed=True  vtol=4  batt=15.30V/50%
[telemetry_node-1] [INFO] [1785099565.547766007] [telemetry_node]: pos_ned=[ 3579.78100586 -1062.6105957     67.26647186]  yaw=-0.494  armed=True  vtol=4  batt=15.30V/50%
[telemetry_node-1] [INFO] [1785099567.547786111] [telemetry_node]: pos_ned=[ 3604.69604492 -1078.37536621    67.56079102]  yaw=-0.503  armed=True  vtol=4  batt=15.30V/50%
[telemetry_node-1] [INFO] [1785099569.548009662] [telemetry_node]: pos_ned=[ 3629.53564453 -1094.2331543     67.82192993]  yaw=-0.510  armed=True  vtol=4  batt=15.30V/50%
[telemetry_node-1] [INFO] [1785099571.547931622] [telemetry_node]: pos_ned=[ 3654.29321289 -1110.11376953    67.98448181]  yaw=-0.515  armed=True  vtol=4  batt=15.30V/50%
[telemetry_node-1] [INFO] [1785099573.549990844] [telemetry_node]: pos_ned=[ 3678.62646484 -1125.83898926    68.0794754 ]  yaw=-0.520  armed=True  vtol=4  batt=15.30V/50%
[telemetry_node-1] [INFO] [1785099575.547902962] [telemetry_node]: pos_ned=[ 3703.25634766 -1141.85632324    68.22224426]  yaw=-0.525  armed=True  vtol=4  batt=15.30V/50%
[telemetry_node-1] [INFO] [1785099577.548761406] [telemetry_node]: pos_ned=[ 3727.5        -1157.69909668    68.27852631]  yaw=-0.532  armed=True  vtol=4  batt=15.30V/50%
[telemetry_node-1] [INFO] [1785099579.547986708] [telemetry_node]: pos_ned=[ 3752.01489258 -1173.89807129    68.4712677 ]  yaw=-0.540  armed=True  vtol=4  batt=15.30V/50%
[telemetry_node-1] [INFO] [1785099581.548028852] [telemetry_node]: pos_ned=[ 3776.30249023 -1190.1126709     68.66693115]  yaw=-0.546  armed=True  vtol=4  batt=15.30V/50%
[telemetry_node-1] [INFO] [1785099583.548483478] [telemetry_node]: pos_ned=[ 3800.27978516 -1206.25048828    68.82788086]  yaw=-0.553  armed=True  vtol=4  batt=15.30V/50%
[telemetry_node-1] [INFO] [1785099585.549789718] [telemetry_node]: pos_ned=[ 3824.45874023 -1222.79589844    69.03699493]  yaw=-0.560  armed=True  vtol=4  batt=15.30V/50%
[telemetry_node-1] [INFO] [1785099587.548187482] [telemetry_node]: pos_ned=[ 3848.51391602 -1239.55090332    69.25847626]  yaw=-0.569  armed=True  vtol=4  batt=15.30V/50%
[telemetry_node-1] [INFO] [1785099589.547800484] [telemetry_node]: pos_ned=[ 3871.99829102 -1256.15344238    69.43698883]  yaw=-0.579  armed=True  vtol=4  batt=15.30V/50%
[telemetry_node-1] [INFO] [1785099591.548798586] [telemetry_node]: pos_ned=[ 3895.78466797 -1273.31555176    69.60271454]  yaw=-0.589  armed=True  vtol=4  batt=15.30V/50%
[telemetry_node-1] [INFO] [1785099593.548053986] [telemetry_node]: pos_ned=[ 3919.41308594 -1290.74707031    69.73468018]  yaw=-0.600  armed=True  vtol=4  batt=15.30V/50%
[telemetry_node-1] [INFO] [1785099595.548109428] [telemetry_node]: pos_ned=[ 3942.38427734 -1308.06567383    69.90681458]  yaw=-0.611  armed=True  vtol=4  batt=15.30V/50%
[telemetry_node-1] [INFO] [1785099597.548818075] [telemetry_node]: pos_ned=[ 3965.63012695 -1325.96008301    70.10359955]  yaw=-0.622  armed=True  vtol=4  batt=15.30V/50%
[telemetry_node-1] [INFO] [1785099599.549254955] [telemetry_node]: pos_ned=[ 3988.68212891 -1344.0625        70.24228668]  yaw=-0.633  armed=True  vtol=4  batt=15.30V/50%
[telemetry_node-1] [INFO] [1785099601.548180201] [telemetry_node]: pos_ned=[ 4011.10400391 -1362.06213379    70.3811264 ]  yaw=-0.644  armed=True  vtol=4  batt=15.30V/50%
[telemetry_node-1] [INFO] [1785099603.548333357] [telemetry_node]: pos_ned=[ 4033.37768555 -1380.34094238    70.57701874]  yaw=-0.654  armed=True  vtol=4  batt=15.30V/50%
[telemetry_node-1] [INFO] [1785099605.547835053] [telemetry_node]: pos_ned=[ 4055.94384766 -1399.1217041     70.78342438]  yaw=-0.663  armed=True  vtol=4  batt=15.30V/50%
[telemetry_node-1] [INFO] [1785099607.547782745] [telemetry_node]: pos_ned=[ 4078.33447266 -1418.09375       70.90309143]  yaw=-0.670  armed=True  vtol=4  batt=15.30V/50%
[telemetry_node-1] [INFO] [1785099609.548260492] [telemetry_node]: pos_ned=[ 4100.63134766 -1437.20898438    71.03200531]  yaw=-0.678  armed=True  vtol=4  batt=15.30V/50%
[telemetry_node-1] [INFO] [1785099611.547993835] [telemetry_node]: pos_ned=[ 4122.75292969 -1456.50195312    71.09459686]  yaw=-0.686  armed=True  vtol=4  batt=15.30V/50%
[telemetry_node-1] [INFO] [1785099613.548445186] [telemetry_node]: pos_ned=[ 4144.74755859 -1475.87890625    71.04641724]  yaw=-0.696  armed=True  vtol=4  batt=15.30V/50%
[telemetry_node-1] [INFO] [1785099615.547820061] [telemetry_node]: pos_ned=[ 4166.62792969 -1495.50744629    71.02617645]  yaw=-0.706  armed=True  vtol=4  batt=15.30V/50%
[telemetry_node-1] [INFO] [1785099617.547648393] [telemetry_node]: pos_ned=[ 4187.91699219 -1514.84777832    71.04364014]  yaw=-0.714  armed=True  vtol=4  batt=15.30V/50%
[telemetry_node-1] [INFO] [1785099619.547699400] [telemetry_node]: pos_ned=[ 4209.45898438 -1534.70703125    71.07151794]  yaw=-0.722  armed=True  vtol=4  batt=15.30V/50%
[telemetry_node-1] [INFO] [1785099621.549257160] [telemetry_node]: pos_ned=[ 4230.86572266 -1554.74060059    71.05928802]  yaw=-0.731  armed=True  vtol=4  batt=15.30V/50%
[telemetry_node-1] [INFO] [1785099623.548022328] [telemetry_node]: pos_ned=[ 4252.13378906 -1575.00366211    71.10681152]  yaw=-0.742  armed=True  vtol=4  batt=15.30V/50%
[telemetry_node-1] [INFO] [1785099625.547636343] [telemetry_node]: pos_ned=[ 4273.10644531 -1595.42102051    71.12783051]  yaw=-0.754  armed=True  vtol=4  batt=15.30V/50%
[telemetry_node-1] [INFO] [1785099627.547172814] [telemetry_node]: pos_ned=[ 4293.84863281 -1616.03735352    71.08329773]  yaw=-0.766  armed=True  vtol=4  batt=15.30V/50%
[telemetry_node-1] [INFO] [1785099629.547617667] [telemetry_node]: pos_ned=[ 4314.31542969 -1636.91882324    71.08973694]  yaw=-0.778  armed=True  vtol=4  batt=15.30V/50%
[telemetry_node-1] [INFO] [1785099631.547839475] [telemetry_node]: pos_ned=[ 4334.54931641 -1657.99597168    71.13152313]  yaw=-0.790  armed=True  vtol=4  batt=15.30V/50%
[telemetry_node-1] [INFO] [1785099633.547349758] [telemetry_node]: pos_ned=[ 4354.5078125  -1679.33837891    71.10054016]  yaw=-0.804  armed=True  vtol=4  batt=15.30V/50%
[telemetry_node-1] [INFO] [1785099635.547397504] [telemetry_node]: pos_ned=[ 4374.13867188 -1700.93737793    71.09075165]  yaw=-0.819  armed=True  vtol=4  batt=15.30V/50%
[telemetry_node-1] [INFO] [1785099637.547729225] [telemetry_node]: pos_ned=[ 4393.49853516 -1722.89453125    71.0486145 ]  yaw=-0.835  armed=True  vtol=4  batt=15.30V/50%
[telemetry_node-1] [INFO] [1785099639.547288425] [telemetry_node]: pos_ned=[ 4412.59375    -1745.05444336    71.04086304]  yaw=-0.848  armed=True  vtol=4  batt=15.30V/50%
[telemetry_node-1] [INFO] [1785099641.547681476] [telemetry_node]: pos_ned=[ 4431.37402344 -1767.46606445    70.97704315]  yaw=-0.860  armed=True  vtol=4  batt=15.30V/50%
[telemetry_node-1] [INFO] [1785099643.548340211] [telemetry_node]: pos_ned=[ 4449.85986328 -1790.0703125     70.90888214]  yaw=-0.871  armed=True  vtol=4  batt=15.30V/50%
[telemetry_node-1] [INFO] [1785099645.547841952] [telemetry_node]: pos_ned=[ 4467.80761719 -1812.46484375    70.85430908]  yaw=-0.882  armed=True  vtol=4  batt=15.30V/50%
[telemetry_node-1] [INFO] [1785099647.548079521] [telemetry_node]: pos_ned=[ 4485.88085938 -1835.4395752     70.80587769]  yaw=-0.894  armed=True  vtol=4  batt=15.30V/50%
[telemetry_node-1] [INFO] [1785099649.547647303] [telemetry_node]: pos_ned=[ 4503.68505859 -1858.56896973    70.75020599]  yaw=-0.906  armed=True  vtol=4  batt=15.30V/50%
[telemetry_node-1] [INFO] [1785099651.547831148] [telemetry_node]: pos_ned=[ 4521.18994141 -1881.89331055    70.6656189 ]  yaw=-0.916  armed=True  vtol=4  batt=15.30V/50%
[telemetry_node-1] [INFO] [1785099653.548177134] [telemetry_node]: pos_ned=[ 4538.5078125  -1905.3815918     70.51886749]  yaw=-0.927  armed=True  vtol=4  batt=15.30V/50%
[telemetry_node-1] [INFO] [1785099655.549022772] [telemetry_node]: pos_ned=[ 4555.54589844 -1929.11694336    70.320755  ]  yaw=-0.940  armed=True  vtol=4  batt=15.30V/50%
[telemetry_node-1] [INFO] [1785099657.547865829] [telemetry_node]: pos_ned=[ 4572.34277344 -1953.03686523    70.13794708]  yaw=-0.953  armed=True  vtol=4  batt=15.30V/50%
[telemetry_node-1] [INFO] [1785099659.548157698] [telemetry_node]: pos_ned=[ 4588.80566406 -1977.11108398    69.98214722]  yaw=-0.966  armed=True  vtol=4  batt=15.30V/50%
[telemetry_node-1] [INFO] [1785099661.548192822] [telemetry_node]: pos_ned=[ 4604.97558594 -2001.36706543    69.7411499 ]  yaw=-0.980  armed=True  vtol=4  batt=15.30V/50%
[telemetry_node-1] [INFO] [1785099663.547714073] [telemetry_node]: pos_ned=[ 4620.90478516 -2025.8347168     69.596138  ]  yaw=-0.991  armed=True  vtol=4  batt=15.30V/50%
[telemetry_node-1] [INFO] [1785099665.547389142] [telemetry_node]: pos_ned=[ 4636.59033203 -2050.45727539    69.41864014]  yaw=-1.003  armed=True  vtol=4  batt=15.30V/50%
[telemetry_node-1] [INFO] [1785099667.547671440] [telemetry_node]: pos_ned=[ 4652.04736328 -2075.22216797    69.2695694 ]  yaw=-1.013  armed=True  vtol=4  batt=15.30V/50%
[telemetry_node-1] [INFO] [1785099669.547649217] [telemetry_node]: pos_ned=[ 4667.25683594 -2100.14794922    69.07639313]  yaw=-1.023  armed=True  vtol=4  batt=15.30V/50%
[telemetry_node-1] [INFO] [1785099671.547880495] [telemetry_node]: pos_ned=[ 4682.28955078 -2125.15551758    68.82427979]  yaw=-1.032  armed=True  vtol=4  batt=15.30V/50%
[telemetry_node-1] [INFO] [1785099673.548363149] [telemetry_node]: pos_ned=[ 4697.17724609 -2150.26904297    68.48616028]  yaw=-1.039  armed=True  vtol=4  batt=15.30V/50%
[telemetry_node-1] [INFO] [1785099675.548204458] [telemetry_node]: pos_ned=[ 4711.73242188 -2175.0378418     68.16030884]  yaw=-1.046  armed=True  vtol=4  batt=15.30V/50%
[telemetry_node-1] [INFO] [1785099677.548200355] [telemetry_node]: pos_ned=[ 4726.39111328 -2200.28979492    67.86917877]  yaw=-1.053  armed=True  vtol=4  batt=15.30V/50%
[telemetry_node-1] [INFO] [1785099679.548089498] [telemetry_node]: pos_ned=[ 4740.65820312 -2225.18530273    67.62560272]  yaw=-1.059  armed=True  vtol=4  batt=15.30V/50%
[telemetry_node-1] [INFO] [1785099681.547793748] [telemetry_node]: pos_ned=[ 4754.98242188 -2250.51538086    67.36353302]  yaw=-1.066  armed=True  vtol=4  batt=15.30V/50%
[telemetry_node-1] [INFO] [1785099683.547854221] [telemetry_node]: pos_ned=[ 4769.14355469 -2276.01733398    67.22723389]  yaw=-1.073  armed=True  vtol=4  batt=15.30V/50%
[telemetry_node-1] [INFO] [1785099685.548087077] [telemetry_node]: pos_ned=[ 4783.20507812 -2301.59912109    67.16322327]  yaw=-1.080  armed=True  vtol=4  batt=15.30V/50%
[telemetry_node-1] [INFO] [1785099687.547294361] [telemetry_node]: pos_ned=[ 4796.97802734 -2327.31103516    67.17315674]  yaw=-1.086  armed=True  vtol=4  batt=15.30V/50%
[telemetry_node-1] [INFO] [1785099689.548150357] [telemetry_node]: pos_ned=[ 4810.55957031 -2353.12353516    67.26794434]  yaw=-1.093  armed=True  vtol=4  batt=15.30V/50%
[telemetry_node-1] [INFO] [1785099691.547790012] [telemetry_node]: pos_ned=[ 4823.96191406 -2379.01220703    67.40972137]  yaw=-1.099  armed=True  vtol=4  batt=15.30V/50%
[telemetry_node-1] [INFO] [1785099693.547585057] [telemetry_node]: pos_ned=[ 4837.07177734 -2404.9934082     67.52441406]  yaw=-1.107  armed=True  vtol=4  batt=15.30V/50%
[telemetry_node-1] [INFO] [1785099695.547774056] [telemetry_node]: pos_ned=[ 4849.91015625 -2431.11376953    67.66072083]  yaw=-1.116  armed=True  vtol=4  batt=15.30V/50%
[telemetry_node-1] [INFO] [1785099697.547552190] [telemetry_node]: pos_ned=[ 4862.50830078 -2457.35058594    67.83090973]  yaw=-1.126  armed=True  vtol=4  batt=15.30V/50%
[telemetry_node-1] [INFO] [1785099699.547376777] [telemetry_node]: pos_ned=[ 4874.75976562 -2483.6862793     68.04560852]  yaw=-1.137  armed=True  vtol=4  batt=15.30V/50%
[telemetry_node-1] [INFO] [1785099701.547899052] [telemetry_node]: pos_ned=[ 4886.63769531 -2510.13134766    68.26398468]  yaw=-1.147  armed=True  vtol=4  batt=15.30V/50%
[telemetry_node-1] [INFO] [1785099703.548072288] [telemetry_node]: pos_ned=[ 4898.23339844 -2536.75048828    68.48531342]  yaw=-1.159  armed=True  vtol=4  batt=15.30V/50%
[telemetry_node-1] [INFO] [1785099705.547680851] [telemetry_node]: pos_ned=[ 4909.32666016 -2563.08374023    68.73238373]  yaw=-1.170  armed=True  vtol=4  batt=15.30V/50%
[telemetry_node-1] [INFO] [1785099707.547962924] [telemetry_node]: pos_ned=[ 4920.18505859 -2590.01293945    68.95847321]  yaw=-1.183  armed=True  vtol=4  batt=15.30V/50%
[telemetry_node-1] [INFO] [1785099709.547907773] [telemetry_node]: pos_ned=[ 4930.69824219 -2617.11132812    69.08945465]  yaw=-1.197  armed=True  vtol=4  batt=15.30V/50%
[telemetry_node-1] [INFO] [1785099711.548224056] [telemetry_node]: pos_ned=[ 4940.70068359 -2643.97973633    69.14078522]  yaw=-1.211  armed=True  vtol=4  batt=15.30V/50%
[telemetry_node-1] [INFO] [1785099713.548837075] [telemetry_node]: pos_ned=[ 4950.54003906 -2671.39672852    69.21772766]  yaw=-1.223  armed=True  vtol=4  batt=15.30V/50%
[telemetry_node-1] [INFO] [1785099715.547736928] [telemetry_node]: pos_ned=[ 4960.06884766 -2698.96899414    69.23051453]  yaw=-1.234  armed=True  vtol=4  batt=15.30V/50%
[telemetry_node-1] [INFO] [1785099717.547668863] [telemetry_node]: pos_ned=[ 4969.06347656 -2726.15527344    69.11807251]  yaw=-1.246  armed=True  vtol=4  batt=15.30V/50%
[telemetry_node-1] [INFO] [1785099719.547855942] [telemetry_node]: pos_ned=[ 4977.97119141 -2753.91967773    68.99811554]  yaw=-1.259  armed=True  vtol=4  batt=15.30V/50%
[telemetry_node-1] [INFO] [1785099721.547563064] [telemetry_node]: pos_ned=[ 4986.51660156 -2781.79199219    68.9716568 ]  yaw=-1.272  armed=True  vtol=4  batt=15.30V/50%
[telemetry_node-1] [INFO] [1785099723.547843704] [telemetry_node]: pos_ned=[ 4994.74462891 -2809.82397461    69.07584381]  yaw=-1.284  armed=True  vtol=4  batt=15.30V/50%
[telemetry_node-1] [INFO] [1785099725.547925692] [telemetry_node]: pos_ned=[ 5002.70800781 -2837.92138672    69.24459076]  yaw=-1.295  armed=True  vtol=4  batt=15.30V/50%
[telemetry_node-1] [INFO] [1785099727.547395043] [telemetry_node]: pos_ned=[ 5010.30859375 -2866.0859375     69.48182678]  yaw=-1.305  armed=True  vtol=4  batt=15.30V/50%
[telemetry_node-1] [INFO] [1785099729.547225977] [telemetry_node]: pos_ned=[ 5017.60839844 -2894.18603516    69.69251251]  yaw=-1.315  armed=True  vtol=4  batt=15.30V/50%
[telemetry_node-1] [INFO] [1785099731.547847053] [telemetry_node]: pos_ned=[ 5024.67041016 -2922.43164062    69.92516327]  yaw=-1.324  armed=True  vtol=4  batt=15.30V/50%
[telemetry_node-1] [INFO] [1785099733.547677894] [telemetry_node]: pos_ned=[ 5031.46484375 -2950.74487305    70.13495636]  yaw=-1.332  armed=True  vtol=4  batt=15.30V/50%
[telemetry_node-1] [INFO] [1785099735.548127595] [telemetry_node]: pos_ned=[ 5038.06689453 -2979.11083984    70.40437317]  yaw=-1.339  armed=True  vtol=4  batt=15.30V/50%
[WARNING] [launch]: user interrupted with ctrl-c (SIGINT)
[INFO] [offboard_node-2]: sending signal 'SIGINT' to process[offboard_node-2]
[INFO] [telemetry_node-1]: sending signal 'SIGINT' to process[telemetry_node-1]
[offboard_node-2] Traceback (most recent call last):
[offboard_node-2]   File "/root/drone_ws/install/fc_ros/lib/python3.10/site-packages/fc_ros/nodes/offboard_node.py", line 1204, in main
[telemetry_node-1] Traceback (most recent call last):
[telemetry_node-1]   File "/root/drone_ws/install/fc_ros/lib/python3.10/site-packages/fc_ros/nodes/telemetry_node.py", line 109, in main
[telemetry_node-1]     rclpy.spin(node)
[telemetry_node-1]   File "/opt/ros/humble/local/lib/python3.10/dist-packages/rclpy/__init__.py", line 229, in spin
[offboard_node-2]     rclpy.spin(node)
[offboard_node-2]   File "/opt/ros/humble/local/lib/python3.10/dist-packages/rclpy/__init__.py", line 229, in spin
[telemetry_node-1]     executor.spin_once()
[telemetry_node-1]   File "/opt/ros/humble/local/lib/python3.10/dist-packages/rclpy/executors.py", line 808, in spin_once
[offboard_node-2]     executor.spin_once()
[offboard_node-2]   File "/opt/ros/humble/local/lib/python3.10/dist-packages/rclpy/executors.py", line 808, in spin_once
[offboard_node-2]     self._spin_once_impl(timeout_sec)
[offboard_node-2]   File "/opt/ros/humble/local/lib/python3.10/dist-packages/rclpy/executors.py", line 797, in _spin_once_impl
[telemetry_node-1]     self._spin_once_impl(timeout_sec)
[telemetry_node-1]   File "/opt/ros/humble/local/lib/python3.10/dist-packages/rclpy/executors.py", line 797, in _spin_once_impl
[offboard_node-2]     handler, entity, node = self.wait_for_ready_callbacks(timeout_sec=timeout_sec)
[offboard_node-2]   File "/opt/ros/humble/local/lib/python3.10/dist-packages/rclpy/executors.py", line 780, in wait_for_ready_callbacks
[offboard_node-2]     return next(self._cb_iter)
[offboard_node-2]   File "/opt/ros/humble/local/lib/python3.10/dist-packages/rclpy/executors.py", line 677, in _wait_for_ready_callbacks
[offboard_node-2]     wait_set.wait(timeout_nsec)
[offboard_node-2] KeyboardInterrupt
[offboard_node-2] 
[offboard_node-2] During handling of the above exception, another exception occurred:
[offboard_node-2] 
[offboard_node-2] Traceback (most recent call last):
[offboard_node-2]   File "/root/drone_ws/install/fc_ros/lib/fc_ros/offboard_node", line 33, in <module>
[offboard_node-2]     sys.exit(load_entry_point('fc-ros==0.1.0', 'console_scripts', 'offboard_node')())
[offboard_node-2]   File "/root/drone_ws/install/fc_ros/lib/python3.10/site-packages/fc_ros/nodes/offboard_node.py", line 1206, in main
[telemetry_node-1]     handler, entity, node = self.wait_for_ready_callbacks(timeout_sec=timeout_sec)
[telemetry_node-1]   File "/opt/ros/humble/local/lib/python3.10/dist-packages/rclpy/executors.py", line 780, in wait_for_ready_callbacks
[telemetry_node-1]     return next(self._cb_iter)
[telemetry_node-1]   File "/opt/ros/humble/local/lib/python3.10/dist-packages/rclpy/executors.py", line 677, in _wait_for_ready_callbacks
[telemetry_node-1]     wait_set.wait(timeout_nsec)
[telemetry_node-1] KeyboardInterrupt
[telemetry_node-1] 
[telemetry_node-1] During handling of the above exception, another exception occurred:
[telemetry_node-1] 
[telemetry_node-1] Traceback (most recent call last):
[telemetry_node-1]   File "/root/drone_ws/install/fc_ros/lib/fc_ros/telemetry_node", line 33, in <module>
[telemetry_node-1]     sys.exit(load_entry_point('fc-ros==0.1.0', 'console_scripts', 'telemetry_node')())
[telemetry_node-1]   File "/root/drone_ws/install/fc_ros/lib/python3.10/site-packages/fc_ros/nodes/telemetry_node.py", line 111, in main
[telemetry_node-1]     node.destroy_node()
[telemetry_node-1]   File "/opt/ros/humble/local/lib/python3.10/dist-packages/rclpy/node.py", line 1691, in destroy_node
[offboard_node-2]     node.destroy_node()
[offboard_node-2]   File "/opt/ros/humble/local/lib/python3.10/dist-packages/rclpy/node.py", line 1687, in destroy_node
[telemetry_node-1]     self.destroy_service(self._services[0])
[telemetry_node-1]   File "/opt/ros/humble/local/lib/python3.10/dist-packages/rclpy/node.py", line 1615, in destroy_service
[telemetry_node-1]     service.destroy()
[telemetry_node-1]   File "/opt/ros/humble/local/lib/python3.10/dist-packages/rclpy/service.py", line 93, in destroy
[telemetry_node-1]     self.__service.destroy_when_not_in_use()
[telemetry_node-1] KeyboardInterrupt
[offboard_node-2]     self.destroy_subscription(self._subscriptions[0])
[offboard_node-2]   File "/opt/ros/humble/local/lib/python3.10/dist-packages/rclpy/node.py", line 1583, in destroy_subscription
[offboard_node-2]     subscription.destroy()
[offboard_node-2]   File "/opt/ros/humble/local/lib/python3.10/dist-packages/rclpy/subscription.py", line 80, in destroy
[offboard_node-2]     self.handle.destroy_when_not_in_use()
[offboard_node-2] KeyboardInterrupt
[ERROR] [telemetry_node-1]: process has died [pid 1134, exit code -2, cmd '/root/drone_ws/install/fc_ros/lib/fc_ros/telemetry_node --ros-args -r __node:=telemetry_node'].
[ERROR] [offboard_node-2]: process has died [pid 1136, exit code -2, cmd '/root/drone_ws/install/fc_ros/lib/fc_ros/offboard_node --ros-args -r __node:=offboard_node --params-file /root/drone_ws/install/fc_ros/share/fc_ros/params/fc_ros_params.yaml --params-file /tmp/launch_params_pnbco09w'].
