[INFO] [launch]: All log files can be found below /root/.ros/log/2026-07-29-12-26-15-395198-DESKTOP-Kilogram-6769
[INFO] [launch]: Default logging verbosity is set to INFO
[INFO] [telemetry_node-1]: process started with pid [6780]
[INFO] [offboard_node-2]: process started with pid [6782]
[offboard_node-2] [INFO] [1785295576.105479019] [offboard_node]: 경로 계획 시작 — planner=eta3 WP 3개 v_cruise=18.0 → 예상 약 90s 블로킹. 이 동안 노드는 응답하지 않는다 — 죽은 것이 아니니 재기동 금지 (재기동하면 중복 인스턴스가 된다).
[offboard_node-2] [Eta3ClothoidPlannerV3] WARNING: NR pos residual 9.593m is large. affine correction guarantees WP passage but curve may be deformed.
[offboard_node-2] [INFO] [1785295576.793955696] [offboard_node]: 경로 계획 완료 — 소요 0.7s (예상 90s), 경로점 477개, 전장 462.2m
[offboard_node-2] [INFO] [1785295576.917712244] [offboard_node]: ARM 요청
[offboard_node-2] [WARN] [1785295577.017366632] [offboard_node]: home_position AMSL 미수렴(최근 2개: ['0.0', '0.0'], tol=0.5) — 이륙 보류, 수렴 대기
[offboard_node-2] [INFO] [1785295577.117671731] [offboard_node]: 경로 원점 = 이륙지점 [N=-0.06, E=-0.03, h_up=-0.09] 적용 (frame=takeoff) → WP0=[-0.06,-0.03] 순항고도 h_up=49.91
[offboard_node-2] [INFO] [1785295577.118187375] [offboard_node]: 거리 상한 감시 활성 300m (이륙지점 기준 수평, 경로 최원점 250m)
[offboard_node-2] [INFO] [1785295577.118777611] [offboard_node]: CommandTOL 이륙 요청 alt=50.0m AMSL (지면 0.0+50.0) -> CLIMBING
[telemetry_node-1] [INFO] [1785295577.966759022] [telemetry_node]: pos_ned=[-0.05151058 -0.00639692 -0.07367995]  yaw=1.651  armed=True  vtol=3  batt=0.00V/100%
[telemetry_node-1] [INFO] [1785295579.937159200] [telemetry_node]: pos_ned=[-0.05210386  0.01288061 -0.05725861]  yaw=1.651  armed=True  vtol=3  batt=16.17V/99%
[telemetry_node-1] [INFO] [1785295581.937441284] [telemetry_node]: pos_ned=[ 0.06883661 -0.14416957  0.60159063]  yaw=1.655  armed=True  vtol=3  batt=16.11V/97%
[telemetry_node-1] [INFO] [1785295583.936951982] [telemetry_node]: pos_ned=[ 0.06877004 -0.09943185  3.14421153]  yaw=1.642  armed=True  vtol=3  batt=16.05V/93%
[telemetry_node-1] [INFO] [1785295585.937168116] [telemetry_node]: pos_ned=[ 0.03292816 -0.05935331  5.96642208]  yaw=1.645  armed=True  vtol=3  batt=15.99V/90%
[telemetry_node-1] [INFO] [1785295587.936963969] [telemetry_node]: pos_ned=[-3.99406627e-03 -4.83065322e-02  8.88474178e+00]  yaw=1.644  armed=True  vtol=3  batt=15.93V/87%
[telemetry_node-1] [INFO] [1785295589.936952179] [telemetry_node]: pos_ned=[-0.01508425 -0.04075903 13.06979084]  yaw=1.640  armed=True  vtol=3  batt=15.87V/83%
[telemetry_node-1] [INFO] [1785295591.937247457] [telemetry_node]: pos_ned=[-1.82746649e-02 -1.39080035e-02  1.88392792e+01]  yaw=1.634  armed=True  vtol=3  batt=15.81V/80%
[telemetry_node-1] [INFO] [1785295593.937292609] [telemetry_node]: pos_ned=[-2.10376196e-02 -1.83211770e-02  2.47126675e+01]  yaw=1.633  armed=True  vtol=3  batt=15.75V/77%
[telemetry_node-1] [INFO] [1785295595.937152996] [telemetry_node]: pos_ned=[-6.37455797e-03 -1.17528895e-02  3.05992794e+01]  yaw=1.636  armed=True  vtol=3  batt=15.69V/73%
[telemetry_node-1] [INFO] [1785295597.937263493] [telemetry_node]: pos_ned=[ 5.21882251e-03 -1.40341213e-02  3.65092964e+01]  yaw=1.635  armed=True  vtol=3  batt=15.63V/70%
[telemetry_node-1] [INFO] [1785295599.936991060] [telemetry_node]: pos_ned=[-6.53981883e-03  1.22438492e-02  4.25604057e+01]  yaw=1.635  armed=True  vtol=3  batt=15.57V/67%
[telemetry_node-1] [INFO] [1785295601.937136220] [telemetry_node]: pos_ned=[-4.62871604e-02  2.46431325e-02  4.69402122e+01]  yaw=1.638  armed=True  vtol=3  batt=15.51V/63%
[telemetry_node-1] [INFO] [1785295606.368737417] [telemetry_node]: pos_ned=[-5.04522361e-02  2.03235596e-02  4.76976318e+01]  yaw=1.638  armed=True  vtol=3  batt=15.45V/60%
[telemetry_node-1] [INFO] [1785295607.937062247] [telemetry_node]: pos_ned=[-6.37633577e-02 -2.31930753e-04  4.89319382e+01]  yaw=1.637  armed=True  vtol=3  batt=15.39V/57%
[offboard_node-2] [INFO] [1785295609.217005221] [offboard_node]: 운용 고도 50.0m 도달 → transition_fw
[telemetry_node-1] [INFO] [1785295609.937175511] [telemetry_node]: pos_ned=[-7.12650642e-02 -2.18169112e-02  4.95867233e+01]  yaw=1.639  armed=True  vtol=3  batt=15.33V/53%
[offboard_node-2] [INFO] [1785295611.217994398] [offboard_node]: 천이 전 MC OFFBOARD 요청 (헤딩 정렬 대기)
[offboard_node-2] [WARN] [1785295611.317986220] [offboard_node]: 정렬 구간 OFFBOARD 이탈 → 재요청 (mode=AUTO.LOITER)
[telemetry_node-1] [INFO] [1785295611.937992724] [telemetry_node]: pos_ned=[-7.44494274e-02 -3.73464897e-02  4.97822495e+01]  yaw=1.641  armed=True  vtol=3  batt=15.30V/51%
[telemetry_node-1] [INFO] [1785295613.937079264] [telemetry_node]: pos_ned=[-9.27739218e-02  1.40375188e-02  4.98146210e+01]  yaw=0.868  armed=True  vtol=3  batt=15.30V/50%
[telemetry_node-1] [INFO] [1785295615.937103295] [telemetry_node]: pos_ned=[1.34417573e-02 5.80795147e-02 4.98552017e+01]  yaw=0.439  armed=True  vtol=3  batt=15.30V/50%
[telemetry_node-1] [INFO] [1785295617.937195270] [telemetry_node]: pos_ned=[ 0.10558199  0.11528707 49.89357758]  yaw=0.239  armed=True  vtol=3  batt=15.30V/50%
[offboard_node-2] [INFO] [1785295619.517994519] [offboard_node]: 헤딩 정렬 완료 target=-0.0° current=12.4° err=-12.4° (20틱 안정) → 전진 + 천이 명령
[offboard_node-2] [INFO] [1785295619.518960276] [offboard_node]: FW 고도 램프 시작 49.9 → 49.9m (계단 -0.0m, 3.0m/s, 0.0s 소요)
[offboard_node-2] [INFO] [1785295619.520420495] [offboard_node]: MC→FW 천이 명령 요청 (위치 setpoint 직선 천이)
[telemetry_node-1] [INFO] [1785295619.937054839] [telemetry_node]: pos_ned=[ 0.15137155  0.14979988 49.96477127]  yaw=0.213  armed=True  vtol=1  batt=15.30V/50%
[telemetry_node-1] [INFO] [1785295621.937014868] [telemetry_node]: pos_ned=[ 6.76213408  1.26809537 50.15824127]  yaw=0.183  armed=True  vtol=1  batt=15.30V/50%
[offboard_node-2] [INFO] [1785295622.016986320] [offboard_node]: FW 전환 완료 -> STREAMING
[offboard_node-2] [INFO] [1785295622.118793770] [offboard_node]: OFFBOARD 확인 → FOLLOWING
[offboard_node-2] [INFO] [1785295622.219343221] [offboard_node]: FOLLOWING 시작 pos=[10.6,2.0] tgt=[80.6,-0.0] cte=2.0m mode=OFFBOARD seg=10/476
[telemetry_node-1] [INFO] [1785295623.937200771] [telemetry_node]: pos_ned=[38.68541336  3.8985908  50.42166519]  yaw=0.058  armed=True  vtol=4  batt=15.30V/50%
[offboard_node-2] [INFO] [1785295624.121850640] [offboard_node]: FOLLOWING tick=20 mode=OFFBOARD cte=3.7m pos=[41.6,3.7] tgt=[111.6,-0.0] seg=42/476
[telemetry_node-1] [INFO] [1785295625.937139086] [telemetry_node]: pos_ned=[67.67061615  2.63408732 49.20466232]  yaw=-0.002  armed=True  vtol=4  batt=15.30V/50%
[offboard_node-2] [INFO] [1785295626.119809369] [offboard_node]: FOLLOWING tick=40 mode=OFFBOARD cte=2.5m pos=[70.7,2.5] tgt=[140.7,-0.0] seg=72/476
[telemetry_node-1] [INFO] [1785295627.937134741] [telemetry_node]: pos_ned=[98.29847717  1.34801543 48.88293457]  yaw=-0.138  armed=True  vtol=4  batt=15.30V/50%
[offboard_node-2] [INFO] [1785295628.120261304] [offboard_node]: FOLLOWING tick=60 mode=OFFBOARD cte=1.3m pos=[101.3,1.2] tgt=[171.3,-0.0] seg=103/476
[telemetry_node-1] [INFO] [1785295629.936893015] [telemetry_node]: pos_ned=[127.66764069   0.416215    48.89279556]  yaw=-0.178  armed=True  vtol=4  batt=15.30V/50%
[offboard_node-2] [INFO] [1785295630.119918071] [offboard_node]: FOLLOWING tick=80 mode=OFFBOARD cte=0.4m pos=[130.6,0.3] tgt=[200.6,0.1] seg=133/476
[telemetry_node-1] [INFO] [1785295631.937149904] [telemetry_node]: pos_ned=[1.56952347e+02 7.03886151e-02 4.92441635e+01]  yaw=-0.079  armed=True  vtol=4  batt=15.30V/50%
[offboard_node-2] [INFO] [1785295632.119450501] [offboard_node]: FOLLOWING tick=100 mode=OFFBOARD cte=0.1m pos=[159.8,0.1] tgt=[229.8,-0.2] seg=163/476
[telemetry_node-1] [INFO] [1785295633.936960668] [telemetry_node]: pos_ned=[ 1.85219238e+02 -4.36992124e-02  4.94498825e+01]  yaw=0.030  armed=True  vtol=4  batt=15.30V/50%
[offboard_node-2] [INFO] [1785295634.121561877] [offboard_node]: FOLLOWING tick=120 mode=OFFBOARD cte=-0.0m pos=[188.0,-0.0] tgt=[213.4,36.5] seg=192/476
[telemetry_node-1] [INFO] [1785295635.937196942] [telemetry_node]: pos_ned=[210.92288208  10.13857079  47.31908417]  yaw=0.660  armed=True  vtol=4  batt=15.30V/50%
[offboard_node-2] [INFO] [1785295636.120167554] [offboard_node]: FOLLOWING tick=140 mode=OFFBOARD cte=12.5m pos=[212.3,12.4] tgt=[202.0,47.9] seg=217/476
[offboard_node-2] [WARN] [1785295636.319397388] [offboard_node]: 세그먼트 인덱스 급변 218→290 (Δ+72, 전체 476) pos=[213.8,15.3] — 경로상 전진이 아니라 다른 레그 선택일 수 있다
[telemetry_node-1] [INFO] [1785295637.936970801] [telemetry_node]: pos_ned=[212.44993591  42.93009186  43.75432587]  yaw=1.952  armed=True  vtol=4  batt=15.30V/50%
[offboard_node-2] [INFO] [1785295638.120678505] [offboard_node]: FOLLOWING tick=160 mode=OFFBOARD cte=-4.3m pos=[210.6,45.4] tgt=[158.1,91.8] seg=315/476
[telemetry_node-1] [INFO] [1785295639.937452198] [telemetry_node]: pos_ned=[190.359375    62.96640015  51.84889603]  yaw=2.896  armed=True  vtol=4  batt=15.30V/50%
[offboard_node-2] [INFO] [1785295640.120204509] [offboard_node]: FOLLOWING tick=180 mode=OFFBOARD cte=-2.3m pos=[188.8,64.4] tgt=[137.7,112.2] seg=345/476
[telemetry_node-1] [INFO] [1785295641.937003368] [telemetry_node]: pos_ned=[168.03639221  80.64496613  47.79952621]  yaw=3.000  armed=True  vtol=4  batt=15.30V/50%
[offboard_node-2] [INFO] [1785295642.121339055] [offboard_node]: FOLLOWING tick=200 mode=OFFBOARD cte=1.2m pos=[165.8,82.4] tgt=[117.2,132.7] seg=376/476
[telemetry_node-1] [INFO] [1785295643.937114968] [telemetry_node]: pos_ned=[146.12458801 102.24646759  50.96699524]  yaw=2.435  armed=True  vtol=4  batt=15.30V/50%
[offboard_node-2] [INFO] [1785295644.121465495] [offboard_node]: FOLLOWING tick=220 mode=OFFBOARD cte=1.1m pos=[144.3,104.2] tgt=[99.9,150.0] seg=408/476
[telemetry_node-1] [INFO] [1785295645.937252651] [telemetry_node]: pos_ned=[127.21636963 121.17192841  50.31031418]  yaw=2.023  armed=True  vtol=4  batt=15.30V/50%
[offboard_node-2] [INFO] [1785295646.119802413] [offboard_node]: FOLLOWING tick=240 mode=OFFBOARD cte=1.0m pos=[125.6,122.9] tgt=[99.9,150.0] seg=436/476
[telemetry_node-1] [INFO] [1785295647.937148319] [telemetry_node]: pos_ned=[107.21144104 142.74259949  49.969944  ]  yaw=2.168  armed=True  vtol=4  batt=15.30V/50%
[offboard_node-2] [INFO] [1785295648.018218417] [offboard_node]: 경로 추종 완료 -> transition_mc
[offboard_node-2] [INFO] [1785295648.118018315] [offboard_node]: FW->MC 역천이 명령 요청
[telemetry_node-1] [INFO] [1785295649.936953432] [telemetry_node]: pos_ned=[ 88.88804626 160.72306824  50.64303207]  yaw=2.455  armed=True  vtol=2  batt=15.30V/50%
[telemetry_node-1] [INFO] [1785295651.937002737] [telemetry_node]: pos_ned=[ 76.22064209 173.16233826  51.7552681 ]  yaw=2.321  armed=True  vtol=2  batt=15.30V/50%
[offboard_node-2] [INFO] [1785295653.517165884] [offboard_node]: MC 전환 완료 -> HOLD (WP1 복귀)
[telemetry_node-1] [INFO] [1785295653.936999330] [telemetry_node]: pos_ned=[ 67.4401474  181.46835327  51.88680267]  yaw=2.194  armed=True  vtol=3  batt=15.30V/50%
[offboard_node-2] [INFO] [1785295655.517887063] [offboard_node]: WP1 홀드 dist=42.4m speed=7.8m/s stable=0/10
[telemetry_node-1] [INFO] [1785295655.937285090] [telemetry_node]: pos_ned=[ 71.57324219 176.75860596  51.36126709]  yaw=2.248  armed=True  vtol=3  batt=15.30V/50%
[offboard_node-2] [INFO] [1785295657.517299255] [offboard_node]: WP1 홀드 dist=31.3m speed=4.6m/s stable=0/10
[telemetry_node-1] [INFO] [1785295657.937219235] [telemetry_node]: pos_ned=[ 79.16834259 170.37858582  50.91301727]  yaw=2.217  armed=True  vtol=3  batt=15.30V/50%
[offboard_node-2] [INFO] [1785295659.517769769] [offboard_node]: WP1 홀드 dist=20.5m speed=4.7m/s stable=0/10
[telemetry_node-1] [INFO] [1785295659.937239014] [telemetry_node]: pos_ned=[ 86.87420654 163.07983398  50.53038788]  yaw=2.207  armed=True  vtol=3  batt=15.30V/50%
[offboard_node-2] [INFO] [1785295661.518349333] [offboard_node]: WP1 홀드 dist=10.2m speed=4.9m/s stable=0/10
[telemetry_node-1] [INFO] [1785295661.937925823] [telemetry_node]: pos_ned=[ 94.20968628 155.79621887  50.09909058]  yaw=2.204  armed=True  vtol=3  batt=15.30V/50%
[offboard_node-2] [INFO] [1785295663.518675231] [offboard_node]: WP1 홀드 dist=1.5m speed=2.3m/s stable=0/10
[telemetry_node-1] [INFO] [1785295663.938335025] [telemetry_node]: pos_ned=[ 99.3327179  150.56057739  50.07593536]  yaw=2.193  armed=True  vtol=3  batt=15.30V/50%
[offboard_node-2] [INFO] [1785295664.718845894] [offboard_node]: WP1 도달·안정 (dist=0.5m speed=0.1m/s) → LANDING
[offboard_node-2] [INFO] [1785295664.818503739] [offboard_node]: AUTO.LAND 요청
[telemetry_node-1] [INFO] [1785295665.938533523] [telemetry_node]: pos_ned=[ 99.45389557 150.66963196  48.94859314]  yaw=2.204  armed=True  vtol=3  batt=15.30V/50%
[telemetry_node-1] [INFO] [1785295667.938012820] [telemetry_node]: pos_ned=[ 99.63391876 150.33688354  46.1069603 ]  yaw=2.191  armed=True  vtol=3  batt=15.30V/50%
[telemetry_node-1] [INFO] [1785295669.938400064] [telemetry_node]: pos_ned=[ 99.49822235 150.53657532  43.17449951]  yaw=2.187  armed=True  vtol=3  batt=15.30V/50%
[telemetry_node-1] [INFO] [1785295672.966155526] [telemetry_node]: pos_ned=[ 99.43254089 150.6104126   41.77973557]  yaw=2.187  armed=True  vtol=3  batt=15.30V/50%
[telemetry_node-1] [INFO] [1785295673.937138042] [telemetry_node]: pos_ned=[ 99.48120117 150.5385437   40.31663513]  yaw=2.186  armed=True  vtol=3  batt=15.30V/50%
[telemetry_node-1] [INFO] [1785295675.937118975] [telemetry_node]: pos_ned=[ 99.53252411 150.47964478  37.2947998 ]  yaw=2.187  armed=True  vtol=3  batt=15.30V/50%
[telemetry_node-1] [INFO] [1785295677.937160524] [telemetry_node]: pos_ned=[ 99.51773834 150.55189514  34.27180099]  yaw=2.188  armed=True  vtol=3  batt=15.30V/50%
[telemetry_node-1] [INFO] [1785295679.937309586] [telemetry_node]: pos_ned=[ 99.59861755 150.48298645  31.3123188 ]  yaw=2.189  armed=True  vtol=3  batt=15.30V/50%
[telemetry_node-1] [INFO] [1785295681.937319800] [telemetry_node]: pos_ned=[ 99.60116577 150.46607971  28.33974648]  yaw=2.190  armed=True  vtol=3  batt=15.30V/50%
[telemetry_node-1] [INFO] [1785295683.937354896] [telemetry_node]: pos_ned=[ 99.55336761 150.55265808  25.35834885]  yaw=2.191  armed=True  vtol=3  batt=15.30V/50%
[telemetry_node-1] [INFO] [1785295685.937405334] [telemetry_node]: pos_ned=[ 99.59069824 150.49453735  22.36841011]  yaw=2.191  armed=True  vtol=3  batt=15.30V/50%
[telemetry_node-1] [INFO] [1785295687.937867436] [telemetry_node]: pos_ned=[ 99.62723541 150.46643066  19.37852287]  yaw=2.192  armed=True  vtol=3  batt=15.30V/50%
[telemetry_node-1] [INFO] [1785295689.937144180] [telemetry_node]: pos_ned=[ 99.54385376 150.55358887  16.38834572]  yaw=2.193  armed=True  vtol=3  batt=15.30V/50%
[telemetry_node-1] [INFO] [1785295691.937180546] [telemetry_node]: pos_ned=[ 99.59738922 150.48419189  13.37487602]  yaw=2.192  armed=True  vtol=3  batt=15.30V/50%
[telemetry_node-1] [INFO] [1785295693.937262087] [telemetry_node]: pos_ned=[ 99.62225342 150.50616455  10.39626884]  yaw=2.192  armed=True  vtol=3  batt=15.30V/50%
[telemetry_node-1] [INFO] [1785295695.937969479] [telemetry_node]: pos_ned=[ 99.56216431 150.58105469   7.74403858]  yaw=2.193  armed=True  vtol=3  batt=15.30V/50%
[telemetry_node-1] [INFO] [1785295697.937560328] [telemetry_node]: pos_ned=[ 99.61560059 150.54724121   5.74516869]  yaw=2.193  armed=True  vtol=3  batt=15.30V/50%
[telemetry_node-1] [INFO] [1785295699.937147296] [telemetry_node]: pos_ned=[ 99.61687469 150.53076172   4.26969433]  yaw=2.193  armed=True  vtol=3  batt=15.30V/50%
[telemetry_node-1] [INFO] [1785295701.936992882] [telemetry_node]: pos_ned=[ 99.58447266 150.55232239   2.87625456]  yaw=2.192  armed=True  vtol=3  batt=15.30V/50%
[telemetry_node-1] [INFO] [1785295703.937036715] [telemetry_node]: pos_ned=[ 99.57359314 150.53215027   1.47463286]  yaw=2.196  armed=True  vtol=3  batt=15.30V/50%
[telemetry_node-1] [INFO] [1785295705.937205604] [telemetry_node]: pos_ned=[ 9.95554810e+01  1.50553497e+02 -2.36734971e-02]  yaw=2.195  armed=True  vtol=3  batt=15.30V/50%
[telemetry_node-1] [INFO] [1785295707.937093163] [telemetry_node]: pos_ned=[ 9.95272446e+01  1.50571136e+02 -4.90997285e-02]  yaw=2.196  armed=True  vtol=3  batt=15.30V/50%
[offboard_node-2] [INFO] [1785295709.317005912] [offboard_node]: 착륙 완료 (disarmed) -> DONE
[telemetry_node-1] [INFO] [1785295709.937541907] [telemetry_node]: pos_ned=[ 9.95173798e+01  1.50563293e+02 -2.11486071e-02]  yaw=2.197  armed=False  vtol=3  batt=16.20V/79%
[telemetry_node-1] [INFO] [1785295711.937594606] [telemetry_node]: pos_ned=[ 9.95371399e+01  1.50547440e+02 -9.10869986e-03]  yaw=2.198  armed=False  vtol=3  batt=16.20V/97%
[telemetry_node-1] [INFO] [1785295713.937238125] [telemetry_node]: pos_ned=[ 9.95145721e+01  1.50539337e+02 -4.18753400e-02]  yaw=2.199  armed=False  vtol=3  batt=16.20V/100%
[WARNING] [launch]: user interrupted with ctrl-c (SIGINT)
[INFO] [offboard_node-2]: sending signal 'SIGINT' to process[offboard_node-2]
[INFO] [telemetry_node-1]: sending signal 'SIGINT' to process[telemetry_node-1]
[offboard_node-2] Traceback (most recent call last):
[offboard_node-2]   File "/root/ws_f5/install/fc_ros/lib/python3.10/site-packages/fc_ros/nodes/offboard_node.py", line 2320, in main
[telemetry_node-1] Traceback (most recent call last):
[telemetry_node-1]   File "/root/ws_f5/install/fc_ros/lib/python3.10/site-packages/fc_ros/nodes/telemetry_node.py", line 109, in main
[telemetry_node-1]     rclpy.spin(node)
[telemetry_node-1]   File "/opt/ros/humble/local/lib/python3.10/dist-packages/rclpy/__init__.py", line 229, in spin
[telemetry_node-1]     executor.spin_once()
[telemetry_node-1]   File "/opt/ros/humble/local/lib/python3.10/dist-packages/rclpy/executors.py", line 808, in spin_once
[offboard_node-2]     rclpy.spin(node)
[offboard_node-2]   File "/opt/ros/humble/local/lib/python3.10/dist-packages/rclpy/__init__.py", line 229, in spin
[offboard_node-2]     executor.spin_once()
[offboard_node-2]   File "/opt/ros/humble/local/lib/python3.10/dist-packages/rclpy/executors.py", line 808, in spin_once
[offboard_node-2]     self._spin_once_impl(timeout_sec)
[offboard_node-2]   File "/opt/ros/humble/local/lib/python3.10/dist-packages/rclpy/executors.py", line 797, in _spin_once_impl
[offboard_node-2]     handler, entity, node = self.wait_for_ready_callbacks(timeout_sec=timeout_sec)
[offboard_node-2]   File "/opt/ros/humble/local/lib/python3.10/dist-packages/rclpy/executors.py", line 780, in wait_for_ready_callbacks
[telemetry_node-1]     self._spin_once_impl(timeout_sec)
[telemetry_node-1]   File "/opt/ros/humble/local/lib/python3.10/dist-packages/rclpy/executors.py", line 797, in _spin_once_impl
[telemetry_node-1]     handler, entity, node = self.wait_for_ready_callbacks(timeout_sec=timeout_sec)
[telemetry_node-1]   File "/opt/ros/humble/local/lib/python3.10/dist-packages/rclpy/executors.py", line 780, in wait_for_ready_callbacks
[telemetry_node-1]     return next(self._cb_iter)
[telemetry_node-1]   File "/opt/ros/humble/local/lib/python3.10/dist-packages/rclpy/executors.py", line 677, in _wait_for_ready_callbacks
[offboard_node-2]     return next(self._cb_iter)
[offboard_node-2]   File "/opt/ros/humble/local/lib/python3.10/dist-packages/rclpy/executors.py", line 677, in _wait_for_ready_callbacks
[offboard_node-2]     wait_set.wait(timeout_nsec)
[offboard_node-2] KeyboardInterrupt
[offboard_node-2] 
[offboard_node-2] During handling of the above exception, another exception occurred:
[offboard_node-2] 
[offboard_node-2] Traceback (most recent call last):
[offboard_node-2]   File "/root/ws_f5/install/fc_ros/lib/fc_ros/offboard_node", line 33, in <module>
[offboard_node-2]     sys.exit(load_entry_point('fc-ros==0.1.0', 'console_scripts', 'offboard_node')())
[offboard_node-2]   File "/root/ws_f5/install/fc_ros/lib/python3.10/site-packages/fc_ros/nodes/offboard_node.py", line 2322, in main
[telemetry_node-1]     wait_set.wait(timeout_nsec)
[telemetry_node-1] KeyboardInterrupt
[telemetry_node-1] 
[telemetry_node-1] During handling of the above exception, another exception occurred:
[telemetry_node-1] 
[telemetry_node-1] Traceback (most recent call last):
[telemetry_node-1]   File "/root/ws_f5/install/fc_ros/lib/fc_ros/telemetry_node", line 33, in <module>
[telemetry_node-1]     sys.exit(load_entry_point('fc-ros==0.1.0', 'console_scripts', 'telemetry_node')())
[telemetry_node-1]   File "/root/ws_f5/install/fc_ros/lib/python3.10/site-packages/fc_ros/nodes/telemetry_node.py", line 111, in main
[telemetry_node-1]     node.destroy_node()
[telemetry_node-1]   File "/opt/ros/humble/local/lib/python3.10/dist-packages/rclpy/node.py", line 1691, in destroy_node
[telemetry_node-1]     self.destroy_service(self._services[0])
[telemetry_node-1]   File "/opt/ros/humble/local/lib/python3.10/dist-packages/rclpy/node.py", line 1615, in destroy_service
[telemetry_node-1]     service.destroy()
[telemetry_node-1]   File "/opt/ros/humble/local/lib/python3.10/dist-packages/rclpy/service.py", line 93, in destroy
[offboard_node-2]     node.destroy_node()
[offboard_node-2]   File "/opt/ros/humble/local/lib/python3.10/dist-packages/rclpy/node.py", line 1687, in destroy_node
[offboard_node-2]     self.destroy_subscription(self._subscriptions[0])
[offboard_node-2]   File "/opt/ros/humble/local/lib/python3.10/dist-packages/rclpy/node.py", line 1583, in destroy_subscription
[offboard_node-2]     subscription.destroy()
[offboard_node-2]   File "/opt/ros/humble/local/lib/python3.10/dist-packages/rclpy/subscription.py", line 80, in destroy
[offboard_node-2]     self.handle.destroy_when_not_in_use()
[offboard_node-2] KeyboardInterrupt
[telemetry_node-1]     self.__service.destroy_when_not_in_use()
[telemetry_node-1] KeyboardInterrupt
[ERROR] [telemetry_node-1]: process has died [pid 6780, exit code -2, cmd '/root/ws_f5/install/fc_ros/lib/fc_ros/telemetry_node --ros-args -r __node:=telemetry_node'].
[ERROR] [offboard_node-2]: process has died [pid 6782, exit code -2, cmd '/root/ws_f5/install/fc_ros/lib/fc_ros/offboard_node --ros-args -r __node:=offboard_node --params-file /root/ws_f5/install/fc_ros/share/fc_ros/params/fc_ros_params.yaml --params-file /tmp/launch_params_svqp4otb'].
