[INFO] [launch]: All log files can be found below /root/.ros/log/2026-07-27-23-28-44-204736-DESKTOP-Kilogram-1115
[INFO] [launch]: Default logging verbosity is set to INFO
[INFO] [telemetry_node-1]: process started with pid [1128]
[INFO] [offboard_node-2]: process started with pid [1130]
[offboard_node-2] [INFO] [1785162525.071398882] [offboard_node]: 경로 계획 시작 — planner=eta3 WP 5개 (폐회로) v_cruise=20.0 → 예상 약 225s 블로킹. 이 동안 노드는 응답하지 않는다 — 죽은 것이 아니니 재기동 금지 (재기동하면 중복 인스턴스가 된다).
[telemetry_node-1] [INFO] [1785162530.388448645] [telemetry_node]: pos_ned=[-0.04344115 -0.00786204 -0.05176854]  yaw=1.637  armed=False  vtol=3  batt=16.20V/100%
[telemetry_node-1] [INFO] [1785162530.947720384] [telemetry_node]: pos_ned=[-0.04196881 -0.01327553 -0.06201082]  yaw=1.636  armed=False  vtol=3  batt=16.20V/100%
[telemetry_node-1] [INFO] [1785162532.947290612] [telemetry_node]: pos_ned=[-0.03606482  0.00094386 -0.06389618]  yaw=1.635  armed=False  vtol=3  batt=16.20V/100%
[telemetry_node-1] [INFO] [1785162534.947714615] [telemetry_node]: pos_ned=[-0.01992298  0.0071576  -0.10573234]  yaw=1.632  armed=False  vtol=3  batt=16.20V/100%
[telemetry_node-1] [INFO] [1785162536.948113341] [telemetry_node]: pos_ned=[-0.02840808 -0.00817818 -0.12436692]  yaw=1.628  armed=False  vtol=3  batt=16.20V/100%
[telemetry_node-1] [INFO] [1785162538.948141150] [telemetry_node]: pos_ned=[-0.01024026 -0.00562841 -0.12189579]  yaw=1.628  armed=False  vtol=3  batt=16.20V/100%
[telemetry_node-1] [INFO] [1785162540.947543408] [telemetry_node]: pos_ned=[-0.04675095 -0.00347278 -0.12832224]  yaw=1.626  armed=False  vtol=3  batt=16.20V/100%
[telemetry_node-1] [INFO] [1785162542.947305664] [telemetry_node]: pos_ned=[-0.06099047 -0.01311449 -0.15642609]  yaw=1.624  armed=False  vtol=3  batt=16.20V/100%
[telemetry_node-1] [INFO] [1785162544.947571008] [telemetry_node]: pos_ned=[-0.03917792 -0.00734744 -0.17035387]  yaw=1.622  armed=False  vtol=3  batt=16.20V/100%
[telemetry_node-1] [INFO] [1785162546.948705802] [telemetry_node]: pos_ned=[-0.05356566 -0.00313088 -0.18815085]  yaw=1.622  armed=False  vtol=3  batt=16.20V/100%
[telemetry_node-1] [INFO] [1785162548.947971929] [telemetry_node]: pos_ned=[-0.04573532  0.01538382 -0.15836325]  yaw=1.618  armed=False  vtol=3  batt=16.20V/100%
[telemetry_node-1] [INFO] [1785162550.948054309] [telemetry_node]: pos_ned=[-0.03978218 -0.00843251 -0.12214208]  yaw=1.615  armed=False  vtol=3  batt=16.20V/100%
[telemetry_node-1] [INFO] [1785162552.948119509] [telemetry_node]: pos_ned=[-0.04288396 -0.0155925  -0.06412254]  yaw=1.617  armed=False  vtol=3  batt=16.20V/100%
[telemetry_node-1] [INFO] [1785162554.947360527] [telemetry_node]: pos_ned=[-0.02686406 -0.04069953 -0.05208557]  yaw=1.620  armed=False  vtol=3  batt=16.20V/100%
[telemetry_node-1] [INFO] [1785162556.947425372] [telemetry_node]: pos_ned=[-0.03703294 -0.0176429  -0.03430621]  yaw=1.622  armed=False  vtol=3  batt=16.20V/100%
[telemetry_node-1] [INFO] [1785162558.947745239] [telemetry_node]: pos_ned=[-0.05293751 -0.01996466 -0.05977091]  yaw=1.622  armed=False  vtol=3  batt=16.20V/100%
[telemetry_node-1] [INFO] [1785162560.947414459] [telemetry_node]: pos_ned=[-0.02801225  0.01051012 -0.05252522]  yaw=1.621  armed=False  vtol=3  batt=16.20V/100%
[telemetry_node-1] [INFO] [1785162566.488079359] [telemetry_node]: pos_ned=[-0.01925508  0.00330073 -0.0418617 ]  yaw=1.619  armed=False  vtol=3  batt=16.20V/100%
[telemetry_node-1] [INFO] [1785162566.947531859] [telemetry_node]: pos_ned=[-0.02325824 -0.00873028 -0.04192576]  yaw=1.619  armed=False  vtol=3  batt=16.20V/100%
[telemetry_node-1] [INFO] [1785162568.947732928] [telemetry_node]: pos_ned=[-0.04898107 -0.01457187 -0.02165225]  yaw=1.619  armed=False  vtol=3  batt=16.20V/100%
[telemetry_node-1] [INFO] [1785162570.947791105] [telemetry_node]: pos_ned=[-0.07897846  0.00503659 -0.02229316]  yaw=1.620  armed=False  vtol=3  batt=16.20V/100%
[telemetry_node-1] [INFO] [1785162572.947998904] [telemetry_node]: pos_ned=[-0.0506813   0.0112793  -0.01932144]  yaw=1.626  armed=False  vtol=3  batt=16.20V/100%
[telemetry_node-1] [INFO] [1785162574.948081142] [telemetry_node]: pos_ned=[-0.05436201  0.00165048  0.01405372]  yaw=1.628  armed=False  vtol=3  batt=16.20V/100%
[telemetry_node-1] [INFO] [1785162576.947588870] [telemetry_node]: pos_ned=[-0.04629076 -0.0213422   0.07188307]  yaw=1.631  armed=False  vtol=3  batt=16.20V/100%
[telemetry_node-1] [INFO] [1785162578.948807705] [telemetry_node]: pos_ned=[-0.01181329 -0.0083566   0.08934727]  yaw=1.631  armed=False  vtol=3  batt=16.20V/100%
[telemetry_node-1] [INFO] [1785162580.948228277] [telemetry_node]: pos_ned=[-0.03743169  0.00740181  0.07068145]  yaw=1.633  armed=False  vtol=3  batt=16.20V/100%
[telemetry_node-1] [INFO] [1785162582.947791005] [telemetry_node]: pos_ned=[-0.03084127  0.01026315  0.04122268]  yaw=1.633  armed=False  vtol=3  batt=16.20V/100%
[telemetry_node-1] [INFO] [1785162584.948128598] [telemetry_node]: pos_ned=[-0.01642615 -0.00271057  0.00824564]  yaw=1.632  armed=False  vtol=3  batt=16.20V/100%
[telemetry_node-1] [INFO] [1785162586.947731624] [telemetry_node]: pos_ned=[ 0.00776229 -0.006767   -0.00764271]  yaw=1.630  armed=False  vtol=3  batt=16.20V/100%
[telemetry_node-1] [INFO] [1785162588.948037316] [telemetry_node]: pos_ned=[ 0.01607469 -0.04806825 -0.02936482]  yaw=1.625  armed=False  vtol=3  batt=16.20V/100%
[telemetry_node-1] [INFO] [1785162590.947425357] [telemetry_node]: pos_ned=[-0.03130745 -0.04768334 -0.04292792]  yaw=1.618  armed=False  vtol=3  batt=16.20V/100%
[telemetry_node-1] [INFO] [1785162592.947632343] [telemetry_node]: pos_ned=[-0.01566348 -0.00077231 -0.07173911]  yaw=1.618  armed=False  vtol=3  batt=16.20V/100%
[telemetry_node-1] [INFO] [1785162594.947371619] [telemetry_node]: pos_ned=[-0.00137423 -0.03447112 -0.08216092]  yaw=1.621  armed=False  vtol=3  batt=16.20V/100%
[telemetry_node-1] [INFO] [1785162596.948184787] [telemetry_node]: pos_ned=[-0.0208905  -0.02589018 -0.09440132]  yaw=1.622  armed=False  vtol=3  batt=16.20V/100%
[telemetry_node-1] [INFO] [1785162598.947752237] [telemetry_node]: pos_ned=[-0.03704866 -0.01105224 -0.11841621]  yaw=1.620  armed=False  vtol=3  batt=16.20V/100%
[telemetry_node-1] [INFO] [1785162602.555053802] [telemetry_node]: pos_ned=[-0.03704866 -0.01105224 -0.11841621]  yaw=1.620  armed=False  vtol=3  batt=16.20V/100%
[telemetry_node-1] [INFO] [1785162602.947344949] [telemetry_node]: pos_ned=[-0.03352893 -0.00968286 -0.11892553]  yaw=1.620  armed=False  vtol=3  batt=16.20V/100%
[telemetry_node-1] [INFO] [1785162604.947245915] [telemetry_node]: pos_ned=[-0.02714214  0.01249332 -0.1235925 ]  yaw=1.621  armed=False  vtol=3  batt=16.20V/100%
[telemetry_node-1] [INFO] [1785162606.947574803] [telemetry_node]: pos_ned=[-0.02764891  0.01306006 -0.14897963]  yaw=1.620  armed=False  vtol=3  batt=16.20V/100%
[telemetry_node-1] [INFO] [1785162608.948251139] [telemetry_node]: pos_ned=[-0.0308201   0.00817993 -0.16520952]  yaw=1.621  armed=False  vtol=3  batt=16.20V/100%
[telemetry_node-1] [INFO] [1785162610.947313917] [telemetry_node]: pos_ned=[-0.03631341  0.00491176 -0.17820618]  yaw=1.624  armed=False  vtol=3  batt=16.20V/100%
[telemetry_node-1] [INFO] [1785162612.947275623] [telemetry_node]: pos_ned=[-0.01506606 -0.00801704 -0.13938524]  yaw=1.626  armed=False  vtol=3  batt=16.20V/100%
[telemetry_node-1] [INFO] [1785162614.947429975] [telemetry_node]: pos_ned=[-0.02374814  0.00402626 -0.12568253]  yaw=1.624  armed=False  vtol=3  batt=16.20V/100%
[telemetry_node-1] [INFO] [1785162616.947326188] [telemetry_node]: pos_ned=[-0.02496853 -0.00465113 -0.10558444]  yaw=1.619  armed=False  vtol=3  batt=16.20V/100%
[telemetry_node-1] [INFO] [1785162618.948077488] [telemetry_node]: pos_ned=[-0.0284599   0.01084677 -0.10546903]  yaw=1.616  armed=False  vtol=3  batt=16.20V/100%
[telemetry_node-1] [INFO] [1785162620.947653761] [telemetry_node]: pos_ned=[-0.0199853   0.00951983 -0.11400225]  yaw=1.611  armed=False  vtol=3  batt=16.20V/100%
[telemetry_node-1] [INFO] [1785162622.947327164] [telemetry_node]: pos_ned=[-0.01546568  0.00061926 -0.11979172]  yaw=1.610  armed=False  vtol=3  batt=16.20V/100%
[telemetry_node-1] [INFO] [1785162624.947340724] [telemetry_node]: pos_ned=[-0.03581632 -0.00295439 -0.09169375]  yaw=1.608  armed=False  vtol=3  batt=16.20V/100%
[telemetry_node-1] [INFO] [1785162626.947868311] [telemetry_node]: pos_ned=[-0.06248077 -0.00516353 -0.07635047]  yaw=1.607  armed=False  vtol=3  batt=16.20V/100%
[telemetry_node-1] [INFO] [1785162628.947367253] [telemetry_node]: pos_ned=[-0.05271864 -0.00143894 -0.07597537]  yaw=1.607  armed=False  vtol=3  batt=16.20V/100%
[telemetry_node-1] [INFO] [1785162630.947777869] [telemetry_node]: pos_ned=[-0.02284325  0.00211277 -0.08748224]  yaw=1.608  armed=False  vtol=3  batt=16.20V/100%
[telemetry_node-1] [INFO] [1785162632.948098830] [telemetry_node]: pos_ned=[-0.01000689 -0.01603522 -0.09713247]  yaw=1.607  armed=False  vtol=3  batt=16.20V/100%
[telemetry_node-1] [INFO] [1785162634.947532676] [telemetry_node]: pos_ned=[-0.0522783  -0.01177295 -0.08141471]  yaw=1.605  armed=False  vtol=3  batt=16.20V/100%
[telemetry_node-1] [INFO] [1785162638.777049201] [telemetry_node]: pos_ned=[-0.05670441 -0.01469854 -0.08245044]  yaw=1.605  armed=False  vtol=3  batt=16.20V/100%
[telemetry_node-1] [INFO] [1785162638.947560980] [telemetry_node]: pos_ned=[-0.05996715 -0.02081996 -0.07286271]  yaw=1.605  armed=False  vtol=3  batt=16.20V/100%
[telemetry_node-1] [INFO] [1785162640.948012506] [telemetry_node]: pos_ned=[-0.05399181  0.00197992  0.04843859]  yaw=1.594  armed=False  vtol=3  batt=16.20V/100%
[telemetry_node-1] [INFO] [1785162642.947537989] [telemetry_node]: pos_ned=[-0.01687268  0.00108185  0.05019315]  yaw=1.581  armed=False  vtol=3  batt=16.20V/100%
[telemetry_node-1] [INFO] [1785162644.948009878] [telemetry_node]: pos_ned=[-0.03555887 -0.01165444  0.02326015]  yaw=1.571  armed=False  vtol=3  batt=16.20V/100%
[telemetry_node-1] [INFO] [1785162646.947461481] [telemetry_node]: pos_ned=[-0.02421399 -0.0124471   0.02369618]  yaw=1.565  armed=False  vtol=3  batt=16.20V/100%
[telemetry_node-1] [INFO] [1785162648.947267948] [telemetry_node]: pos_ned=[-0.02428543 -0.0186673   0.0114119 ]  yaw=1.559  armed=False  vtol=3  batt=16.20V/100%
[telemetry_node-1] [INFO] [1785162650.947944076] [telemetry_node]: pos_ned=[-0.01761231  0.00373329  0.01057205]  yaw=1.557  armed=False  vtol=3  batt=16.20V/100%
[telemetry_node-1] [INFO] [1785162652.947835870] [telemetry_node]: pos_ned=[ 0.01131908  0.00415863 -0.01268213]  yaw=1.557  armed=False  vtol=3  batt=16.20V/100%
[telemetry_node-1] [INFO] [1785162654.948719839] [telemetry_node]: pos_ned=[-0.00754611 -0.00161858 -0.06080941]  yaw=1.560  armed=False  vtol=3  batt=16.20V/100%
[telemetry_node-1] [INFO] [1785162656.948333616] [telemetry_node]: pos_ned=[-0.03368156 -0.00958877 -0.10306443]  yaw=1.561  armed=False  vtol=3  batt=16.20V/100%
[telemetry_node-1] [INFO] [1785162658.947927332] [telemetry_node]: pos_ned=[-0.00205662 -0.02582645 -0.13551961]  yaw=1.560  armed=False  vtol=3  batt=16.20V/100%
[telemetry_node-1] [INFO] [1785162660.948246950] [telemetry_node]: pos_ned=[ 0.00655555 -0.01553607 -0.13991767]  yaw=1.561  armed=False  vtol=3  batt=16.20V/100%
[telemetry_node-1] [INFO] [1785162662.947752701] [telemetry_node]: pos_ned=[-0.01494057  0.0103475  -0.13449259]  yaw=1.564  armed=False  vtol=3  batt=16.20V/100%
[telemetry_node-1] [INFO] [1785162664.948061385] [telemetry_node]: pos_ned=[-0.0195826  -0.00192509 -0.12556781]  yaw=1.566  armed=False  vtol=3  batt=16.20V/100%
[telemetry_node-1] [INFO] [1785162666.947681643] [telemetry_node]: pos_ned=[-0.04168121  0.02642617 -0.1112227 ]  yaw=1.570  armed=False  vtol=3  batt=16.20V/100%
[telemetry_node-1] [INFO] [1785162668.948163179] [telemetry_node]: pos_ned=[-0.03827703  0.02134786 -0.05934367]  yaw=1.573  armed=False  vtol=3  batt=16.20V/100%
[telemetry_node-1] [INFO] [1785162670.948417754] [telemetry_node]: pos_ned=[-0.01666374 -0.00259455 -0.06760355]  yaw=1.574  armed=False  vtol=3  batt=16.20V/100%
[telemetry_node-1] [INFO] [1785162674.656389129] [telemetry_node]: pos_ned=[-0.01918283  0.00310452 -0.06639126]  yaw=1.575  armed=False  vtol=3  batt=16.20V/100%
[telemetry_node-1] [INFO] [1785162674.947385071] [telemetry_node]: pos_ned=[-0.01979015  0.00945966 -0.06584141]  yaw=1.575  armed=False  vtol=3  batt=16.20V/100%
[telemetry_node-1] [INFO] [1785162676.947677874] [telemetry_node]: pos_ned=[-0.01668992 -0.00763116 -0.04349356]  yaw=1.577  armed=False  vtol=3  batt=16.20V/100%
[telemetry_node-1] [INFO] [1785162678.947594973] [telemetry_node]: pos_ned=[-0.02595484 -0.01246917 -0.04249462]  yaw=1.578  armed=False  vtol=3  batt=16.20V/100%
[telemetry_node-1] [INFO] [1785162680.947839544] [telemetry_node]: pos_ned=[-0.05568155 -0.0244142  -0.04521702]  yaw=1.579  armed=False  vtol=3  batt=16.20V/100%
[telemetry_node-1] [INFO] [1785162682.947817276] [telemetry_node]: pos_ned=[-0.03881774 -0.01819359 -0.07713918]  yaw=1.581  armed=False  vtol=3  batt=16.20V/100%
[telemetry_node-1] [INFO] [1785162684.947977549] [telemetry_node]: pos_ned=[-0.02551673 -0.00746863 -0.09402332]  yaw=1.581  armed=False  vtol=3  batt=16.20V/100%
[telemetry_node-1] [INFO] [1785162686.948470180] [telemetry_node]: pos_ned=[-0.05839409 -0.00163807 -0.08303407]  yaw=1.581  armed=False  vtol=3  batt=16.20V/100%
[telemetry_node-1] [INFO] [1785162688.947520065] [telemetry_node]: pos_ned=[-0.03287273 -0.01299121 -0.07222823]  yaw=1.580  armed=False  vtol=3  batt=16.20V/100%
[telemetry_node-1] [INFO] [1785162690.947701703] [telemetry_node]: pos_ned=[-0.02563048  0.01539908 -0.06875785]  yaw=1.581  armed=False  vtol=3  batt=16.20V/100%
[telemetry_node-1] [INFO] [1785162692.948675630] [telemetry_node]: pos_ned=[-0.02776509  0.01245072 -0.04634254]  yaw=1.581  armed=False  vtol=3  batt=16.20V/100%
[telemetry_node-1] [INFO] [1785162694.947312339] [telemetry_node]: pos_ned=[-0.046918    0.00411806 -0.04638828]  yaw=1.581  armed=False  vtol=3  batt=16.20V/100%
[telemetry_node-1] [INFO] [1785162696.947357598] [telemetry_node]: pos_ned=[-0.05764591  0.0101282  -0.05312866]  yaw=1.580  armed=False  vtol=3  batt=16.20V/100%
[telemetry_node-1] [INFO] [1785162698.947745850] [telemetry_node]: pos_ned=[-0.02577122 -0.00904284 -0.05431775]  yaw=1.577  armed=False  vtol=3  batt=16.20V/100%
[telemetry_node-1] [INFO] [1785162700.948059480] [telemetry_node]: pos_ned=[ 0.00913054 -0.00899387 -0.07618899]  yaw=1.578  armed=False  vtol=3  batt=16.20V/100%
[telemetry_node-1] [INFO] [1785162702.947844505] [telemetry_node]: pos_ned=[ 0.01267788 -0.01829777 -0.11922619]  yaw=1.578  armed=False  vtol=3  batt=16.20V/100%
[telemetry_node-1] [INFO] [1785162704.948365625] [telemetry_node]: pos_ned=[-0.03127822 -0.01770314 -0.16357991]  yaw=1.577  armed=False  vtol=3  batt=16.20V/100%
[telemetry_node-1] [INFO] [1785162706.947278973] [telemetry_node]: pos_ned=[-0.01923421 -0.02604338 -0.1738489 ]  yaw=1.576  armed=False  vtol=3  batt=16.20V/100%
[telemetry_node-1] [INFO] [1785162710.595851554] [telemetry_node]: pos_ned=[-0.0144036  -0.02867543 -0.17516388]  yaw=1.576  armed=False  vtol=3  batt=16.20V/100%
[telemetry_node-1] [INFO] [1785162710.948110370] [telemetry_node]: pos_ned=[-0.00596464 -0.02981471 -0.17826937]  yaw=1.576  armed=False  vtol=3  batt=16.20V/100%
[telemetry_node-1] [INFO] [1785162712.947583374] [telemetry_node]: pos_ned=[-0.02572811 -0.00658867 -0.18980849]  yaw=1.577  armed=False  vtol=3  batt=16.20V/100%
[telemetry_node-1] [INFO] [1785162714.947732048] [telemetry_node]: pos_ned=[-0.00333822 -0.00732531 -0.18703821]  yaw=1.576  armed=False  vtol=3  batt=16.20V/100%
[telemetry_node-1] [INFO] [1785162716.947838214] [telemetry_node]: pos_ned=[ 0.00864189 -0.02484368 -0.18346505]  yaw=1.578  armed=False  vtol=3  batt=16.20V/100%
[telemetry_node-1] [INFO] [1785162718.947640843] [telemetry_node]: pos_ned=[-0.01719346 -0.01357498 -0.14669852]  yaw=1.580  armed=False  vtol=3  batt=16.20V/100%
[telemetry_node-1] [INFO] [1785162720.947295318] [telemetry_node]: pos_ned=[-0.02998334  0.01436646 -0.07466934]  yaw=1.580  armed=False  vtol=3  batt=16.20V/100%
[telemetry_node-1] [INFO] [1785162722.947436046] [telemetry_node]: pos_ned=[-0.01708687 -0.02209921 -0.09236488]  yaw=1.581  armed=False  vtol=3  batt=16.20V/100%
[telemetry_node-1] [INFO] [1785162724.948009231] [telemetry_node]: pos_ned=[-0.02835852 -0.04048419 -0.12896138]  yaw=1.579  armed=False  vtol=3  batt=16.20V/100%
[telemetry_node-1] [INFO] [1785162726.947278566] [telemetry_node]: pos_ned=[-0.04649511 -0.02559635 -0.11518373]  yaw=1.577  armed=False  vtol=3  batt=16.20V/100%
[telemetry_node-1] [INFO] [1785162728.947505966] [telemetry_node]: pos_ned=[-0.04009283 -0.03115967 -0.12452821]  yaw=1.575  armed=False  vtol=3  batt=16.20V/100%
[telemetry_node-1] [INFO] [1785162730.947781091] [telemetry_node]: pos_ned=[-0.04884    -0.02073447 -0.12541562]  yaw=1.575  armed=False  vtol=3  batt=16.20V/100%
[telemetry_node-1] [INFO] [1785162732.949324313] [telemetry_node]: pos_ned=[-0.04102844 -0.042838   -0.11529787]  yaw=1.576  armed=False  vtol=3  batt=16.20V/100%
[offboard_node-2] [Eta3ClothoidPlannerV3] WARNING: NR pos residual 5.051m is large. affine correction guarantees WP passage but curve may be deformed.
[offboard_node-2] [INFO] [1785162734.779231001] [offboard_node]: 경로 계획 완료 — 소요 188.5s (예상 225s), 경로점 827개, 전장 800.1m
[offboard_node-2] [INFO] [1785162734.902826962] [offboard_node]: ARM 요청
[telemetry_node-1] [INFO] [1785162734.947511026] [telemetry_node]: pos_ned=[-0.01840575 -0.02111553 -0.09415752]  yaw=1.580  armed=False  vtol=3  batt=16.20V/100%
[offboard_node-2] [INFO] [1785162735.503226810] [offboard_node]: 경로 원점 = 이륙지점 [N=-0.03, E=-0.01, h_up=-0.09] 적용 (frame=takeoff) → WP0=[-0.03,-0.01] 순항고도 h_up=49.91
[offboard_node-2] [INFO] [1785162735.503836423] [offboard_node]: 거리 상한 감시 활성 1500m (이륙지점 기준 수평, 경로 최원점 283m)
[offboard_node-2] [INFO] [1785162735.505250719] [offboard_node]: CommandTOL 이륙 요청 alt=50.0m AMSL (지면 0.0+50.0) -> CLIMBING
[telemetry_node-1] [INFO] [1785162736.947163019] [telemetry_node]: pos_ned=[-0.03589727  0.01096013 -0.04440351]  yaw=1.582  armed=True  vtol=3  batt=16.18V/100%
[telemetry_node-1] [INFO] [1785162738.947145094] [telemetry_node]: pos_ned=[-0.04653165  0.01616338 -0.00273503]  yaw=1.582  armed=True  vtol=3  batt=16.12V/97%
[telemetry_node-1] [INFO] [1785162740.947205344] [telemetry_node]: pos_ned=[-0.0562573  -0.00838085  1.77039576]  yaw=1.572  armed=True  vtol=3  batt=16.06V/94%
[telemetry_node-1] [INFO] [1785162742.947395376] [telemetry_node]: pos_ned=[-0.05474733  0.04144559  4.46637869]  yaw=1.566  armed=True  vtol=3  batt=16.00V/91%
[telemetry_node-1] [INFO] [1785162746.693421363] [telemetry_node]: pos_ned=[-0.05551415  0.03491205  4.65060949]  yaw=1.566  armed=True  vtol=3  batt=16.00V/91%
[telemetry_node-1] [INFO] [1785162746.947366759] [telemetry_node]: pos_ned=[-0.05998769  0.01638381  5.04793119]  yaw=1.565  armed=True  vtol=3  batt=16.00V/91%
[telemetry_node-1] [INFO] [1785162748.947184523] [telemetry_node]: pos_ned=[-2.40212437e-02  5.24407672e-03  8.05689240e+00]  yaw=1.570  armed=True  vtol=3  batt=15.94V/87%
[telemetry_node-1] [INFO] [1785162750.947049382] [telemetry_node]: pos_ned=[-1.27494778e-03  2.19229124e-02  1.14308329e+01]  yaw=1.568  armed=True  vtol=3  batt=15.88V/84%
[telemetry_node-1] [INFO] [1785162752.948199308] [telemetry_node]: pos_ned=[-7.14058196e-03  1.83903296e-02  1.71759701e+01]  yaw=1.569  armed=True  vtol=3  batt=15.82V/81%
[telemetry_node-1] [INFO] [1785162754.947226476] [telemetry_node]: pos_ned=[-1.73664596e-02 -1.26496656e-02  2.31400814e+01]  yaw=1.569  armed=True  vtol=3  batt=15.76V/77%
[telemetry_node-1] [INFO] [1785162756.947546553] [telemetry_node]: pos_ned=[-2.56084334e-02  1.05567938e-02  2.92373409e+01]  yaw=1.568  armed=True  vtol=3  batt=15.70V/74%
[telemetry_node-1] [INFO] [1785162758.947380932] [telemetry_node]: pos_ned=[-4.37558368e-02  1.07567590e-02  3.52218819e+01]  yaw=1.571  armed=True  vtol=3  batt=15.64V/71%
[telemetry_node-1] [INFO] [1785162760.947504659] [telemetry_node]: pos_ned=[-4.72611599e-02 -8.85686092e-03  4.12870750e+01]  yaw=1.570  armed=True  vtol=3  batt=15.58V/67%
[telemetry_node-1] [INFO] [1785162762.947766730] [telemetry_node]: pos_ned=[-4.09416333e-02  5.13683585e-03  4.63450775e+01]  yaw=1.571  armed=True  vtol=3  batt=15.52V/64%
[telemetry_node-1] [INFO] [1785162764.947585904] [telemetry_node]: pos_ned=[-3.28441523e-02 -1.12734912e-02  4.87076836e+01]  yaw=1.573  armed=True  vtol=3  batt=15.46V/61%
[offboard_node-2] [INFO] [1785162766.302206770] [offboard_node]: 운용 고도 50.0m 도달 → transition_fw
[telemetry_node-1] [INFO] [1785162766.947423233] [telemetry_node]: pos_ned=[-3.39360014e-02 -1.22517813e-02  4.96211624e+01]  yaw=1.573  armed=True  vtol=3  batt=15.40V/57%
[offboard_node-2] [INFO] [1785162768.303591631] [offboard_node]: 천이 전 MC OFFBOARD 요청 (헤딩 정렬 대기)
[offboard_node-2] [WARN] [1785162768.403371830] [offboard_node]: 정렬 구간 OFFBOARD 이탈 → 재요청 (mode=AUTO.LOITER)
[telemetry_node-1] [INFO] [1785162768.947484709] [telemetry_node]: pos_ned=[-7.31002092e-02 -2.26713195e-02  4.99946442e+01]  yaw=1.571  armed=True  vtol=3  batt=15.34V/54%
[telemetry_node-1] [INFO] [1785162770.947424956] [telemetry_node]: pos_ned=[-1.21182762e-01 -1.11848386e-02  5.04187279e+01]  yaw=0.953  armed=True  vtol=3  batt=15.30V/51%
[telemetry_node-1] [INFO] [1785162772.947518311] [telemetry_node]: pos_ned=[-2.38405690e-02 -4.03543375e-02  5.07865601e+01]  yaw=0.470  armed=True  vtol=3  batt=15.30V/50%
[telemetry_node-1] [INFO] [1785162774.947583700] [telemetry_node]: pos_ned=[ 2.98435017e-02 -1.40742853e-01  5.11609154e+01]  yaw=0.253  armed=True  vtol=3  batt=15.30V/50%
[telemetry_node-1] [INFO] [1785162776.947086059] [telemetry_node]: pos_ned=[ 0.07367302 -0.2140418  51.5134964 ]  yaw=0.136  armed=True  vtol=3  batt=15.30V/50%
[telemetry_node-1] [INFO] [1785162778.947032638] [telemetry_node]: pos_ned=[ 0.1259508  -0.24061972 51.86246109]  yaw=0.077  armed=True  vtol=3  batt=15.30V/50%
[telemetry_node-1] [INFO] [1785162782.829178885] [telemetry_node]: pos_ned=[ 0.13290061 -0.24225008 51.9008522 ]  yaw=0.072  armed=True  vtol=3  batt=15.30V/50%
[telemetry_node-1] [INFO] [1785162782.947914299] [telemetry_node]: pos_ned=[ 0.13844876 -0.2416369  51.92049026]  yaw=0.070  armed=True  vtol=3  batt=15.30V/50%
[telemetry_node-1] [INFO] [1785162784.947342101] [telemetry_node]: pos_ned=[ 0.15140842 -0.28124574 52.17394257]  yaw=0.044  armed=True  vtol=3  batt=15.30V/50%
[offboard_node-2] [INFO] [1785162786.102625278] [offboard_node]: 헤딩 정렬 완료 target=0.0° current=2.4° err=-2.4° (20틱 안정) → 전진 + 천이 명령
[offboard_node-2] [INFO] [1785162786.104420629] [offboard_node]: MC→FW 천이 명령 요청 (위치 setpoint 직선 천이)
[telemetry_node-1] [INFO] [1785162786.947165757] [telemetry_node]: pos_ned=[ 0.25666171 -0.24746802 52.35886383]  yaw=0.043  armed=True  vtol=1  batt=15.30V/50%
[offboard_node-2] [INFO] [1785162788.802106345] [offboard_node]: FW 전환 완료 -> STREAMING
[offboard_node-2] [INFO] [1785162788.904671173] [offboard_node]: OFFBOARD 확인 → FOLLOWING
[telemetry_node-1] [INFO] [1785162788.947281239] [telemetry_node]: pos_ned=[12.91338253 -0.11883324 52.07282639]  yaw=0.004  armed=True  vtol=4  batt=15.30V/50%
[offboard_node-2] [INFO] [1785162789.004608776] [offboard_node]: FOLLOWING 시작 pos=[14.0,-0.1] tgt=[84.0,-0.0] cte=-0.1m mode=OFFBOARD seg=14/826
[offboard_node-2] [INFO] [1785162790.904781864] [offboard_node]: FOLLOWING tick=20 mode=OFFBOARD cte=0.7m pos=[47.3,0.7] tgt=[117.3,-0.0] seg=49/826
[telemetry_node-1] [INFO] [1785162790.947200810] [telemetry_node]: pos_ned=[47.82900238  0.67929572 52.75055695]  yaw=-0.022  armed=True  vtol=4  batt=15.30V/50%
[offboard_node-2] [INFO] [1785162792.906170675] [offboard_node]: FOLLOWING tick=40 mode=OFFBOARD cte=0.7m pos=[77.3,0.7] tgt=[147.3,-0.0] seg=80/826
[telemetry_node-1] [INFO] [1785162792.947068551] [telemetry_node]: pos_ned=[78.38825989  0.67271399 50.60092926]  yaw=-0.019  armed=True  vtol=4  batt=15.30V/50%
[offboard_node-2] [INFO] [1785162794.904612588] [offboard_node]: FOLLOWING tick=60 mode=OFFBOARD cte=0.4m pos=[108.2,0.4] tgt=[178.2,-0.1] seg=112/826
[telemetry_node-1] [INFO] [1785162794.947062221] [telemetry_node]: pos_ned=[109.2392807    0.37186921  49.75803757]  yaw=-0.009  armed=True  vtol=4  batt=15.30V/50%
[offboard_node-2] [INFO] [1785162796.906751470] [offboard_node]: FOLLOWING tick=80 mode=OFFBOARD cte=0.4m pos=[137.8,0.4] tgt=[200.1,7.8] seg=143/826
[telemetry_node-1] [INFO] [1785162796.947484148] [telemetry_node]: pos_ned=[138.84777832   0.37248433  49.47781372]  yaw=0.005  armed=True  vtol=4  batt=15.30V/50%
[offboard_node-2] [INFO] [1785162798.905438017] [offboard_node]: FOLLOWING tick=100 mode=OFFBOARD cte=3.7m pos=[166.7,3.6] tgt=[200.0,39.8] seg=173/826
[telemetry_node-1] [INFO] [1785162798.947158344] [telemetry_node]: pos_ned=[167.67170715   3.9664762   49.05735016]  yaw=0.160  armed=True  vtol=4  batt=15.30V/50%
[offboard_node-2] [WARN] [1785162800.405324525] [offboard_node]: 세그먼트 인덱스 급변 192→222 (Δ+30, 전체 826) pos=[185.9,16.1] — 경로상 전진이 아니라 다른 레그 선택일 수 있다
[offboard_node-2] [INFO] [1785162800.904059525] [offboard_node]: FOLLOWING tick=120 mode=OFFBOARD cte=9.2m pos=[190.8,22.6] tgt=[200.0,92.8] seg=229/826
[telemetry_node-1] [INFO] [1785162800.947093726] [telemetry_node]: pos_ned=[191.46798706  23.65724564  45.921772  ]  yaw=0.742  armed=True  vtol=4  batt=15.30V/50%
[offboard_node-2] [INFO] [1785162802.905217154] [offboard_node]: FOLLOWING tick=140 mode=OFFBOARD cte=1.7m pos=[198.3,53.9] tgt=[200.0,123.9] seg=262/826
[telemetry_node-1] [INFO] [1785162802.947256595] [telemetry_node]: pos_ned=[198.37733459  54.88433075  47.96434402]  yaw=1.557  armed=True  vtol=4  batt=15.30V/50%
[offboard_node-2] [INFO] [1785162804.904579195] [offboard_node]: FOLLOWING tick=160 mode=OFFBOARD cte=0.3m pos=[199.7,81.1] tgt=[200.0,151.1] seg=290/826
[telemetry_node-1] [INFO] [1785162804.947227818] [telemetry_node]: pos_ned=[199.72674561  81.69467163  49.66223907]  yaw=1.976  armed=True  vtol=4  batt=15.30V/50%
[offboard_node-2] [INFO] [1785162806.904963053] [offboard_node]: FOLLOWING tick=180 mode=OFFBOARD cte=0.8m pos=[199.2,110.4] tgt=[200.1,180.4] seg=320/826
[telemetry_node-1] [INFO] [1785162806.947138638] [telemetry_node]: pos_ned=[199.2020874  110.943367    49.34002686]  yaw=1.838  armed=True  vtol=4  batt=15.30V/50%
[offboard_node-2] [INFO] [1785162808.905624104] [offboard_node]: FOLLOWING tick=200 mode=OFFBOARD cte=0.6m pos=[199.3,137.9] tgt=[192.1,200.1] seg=349/826
[telemetry_node-1] [INFO] [1785162808.947211418] [telemetry_node]: pos_ned=[199.34599304 138.43708801  50.74432373]  yaw=1.462  armed=True  vtol=4  batt=15.30V/50%
[offboard_node-2] [INFO] [1785162810.904817681] [offboard_node]: FOLLOWING tick=220 mode=OFFBOARD cte=3.5m pos=[196.5,165.8] tgt=[161.5,200.0] seg=378/826
[telemetry_node-1] [INFO] [1785162810.947733055] [telemetry_node]: pos_ned=[196.37809753 166.34205627  48.46877289]  yaw=1.463  armed=True  vtol=4  batt=15.30V/50%
[offboard_node-2] [WARN] [1785162812.304615263] [offboard_node]: 세그먼트 인덱스 급변 398→426 (Δ+28, 전체 826) pos=[185.5,186.1] — 경로상 전진이 아니라 다른 레그 선택일 수 있다
[offboard_node-2] [INFO] [1785162812.904300046] [offboard_node]: FOLLOWING tick=240 mode=OFFBOARD cte=7.4m pos=[176.5,192.6] tgt=[106.3,200.0] seg=436/826
[telemetry_node-1] [INFO] [1785162812.947464512] [telemetry_node]: pos_ned=[175.81761169 192.93045044  43.19307709]  yaw=2.464  armed=True  vtol=4  batt=15.30V/50%
[offboard_node-2] [INFO] [1785162814.904564036] [offboard_node]: FOLLOWING tick=260 mode=OFFBOARD cte=3.8m pos=[145.8,196.2] tgt=[75.7,200.0] seg=468/826
[telemetry_node-1] [INFO] [1785162814.947478282] [telemetry_node]: pos_ned=[144.92105103 196.27230835  50.00769806]  yaw=-2.838  armed=True  vtol=4  batt=15.30V/50%
[telemetry_node-1] [INFO] [1785162818.910426745] [telemetry_node]: pos_ned=[140.58778381 196.65313721  50.91162491]  yaw=-2.735  armed=True  vtol=4  batt=15.30V/50%
[telemetry_node-1] [INFO] [1785162818.947508787] [telemetry_node]: pos_ned=[139.76325989 196.72470093  51.01792908]  yaw=-2.719  armed=True  vtol=4  batt=15.30V/50%
[offboard_node-2] [INFO] [1785162820.505425550] [offboard_node]: FOLLOWING tick=280 mode=OFFBOARD cte=3.2m pos=[118.4,196.8] tgt=[48.3,200.0] seg=496/826
[telemetry_node-1] [INFO] [1785162820.947158822] [telemetry_node]: pos_ned=[111.08764648 196.57278442  48.8555603 ]  yaw=-2.655  armed=True  vtol=4  batt=15.30V/50%
[offboard_node-2] [INFO] [1785162822.504942609] [offboard_node]: FOLLOWING tick=300 mode=OFFBOARD cte=2.5m pos=[87.9,197.5] tgt=[17.9,200.1] seg=528/826
[telemetry_node-1] [INFO] [1785162822.947025759] [telemetry_node]: pos_ned=[ 81.61064148 197.83526611  51.5741539 ]  yaw=3.136  armed=True  vtol=4  batt=15.30V/50%
[offboard_node-2] [INFO] [1785162824.505692394] [offboard_node]: FOLLOWING tick=320 mode=OFFBOARD cte=1.6m pos=[61.3,198.4] tgt=[-0.1,191.3] seg=556/826
[telemetry_node-1] [INFO] [1785162824.947209121] [telemetry_node]: pos_ned=[ 54.77761841 198.64019775  50.9119072 ]  yaw=2.830  armed=True  vtol=4  batt=15.30V/50%
[offboard_node-2] [INFO] [1785162826.506116090] [offboard_node]: FOLLOWING tick=340 mode=OFFBOARD cte=3.9m pos=[31.9,196.2] tgt=[-0.1,158.5] seg=586/826
[telemetry_node-1] [INFO] [1785162826.946997171] [telemetry_node]: pos_ned=[ 24.68898773 193.49768066  46.90808487]  yaw=-3.017  armed=True  vtol=4  batt=15.30V/50%
[offboard_node-2] [WARN] [1785162827.805119713] [offboard_node]: 세그먼트 인덱스 급변 605→633 (Δ+28, 전체 826) pos=[12.9,184.9] — 경로상 전진이 아니라 다른 레그 선택일 수 있다
[offboard_node-2] [INFO] [1785162828.506437718] [offboard_node]: FOLLOWING tick=360 mode=OFFBOARD cte=6.7m pos=[6.6,173.8] tgt=[-0.0,104.0] seg=645/826
[telemetry_node-1] [INFO] [1785162828.947564428] [telemetry_node]: pos_ned=[  5.06107807 166.5471344   45.85543823]  yaw=-1.793  armed=True  vtol=4  batt=15.30V/50%
[offboard_node-2] [INFO] [1785162830.505202550] [offboard_node]: FOLLOWING tick=380 mode=OFFBOARD cte=3.4m pos=[3.4,144.7] tgt=[-0.0,74.7] seg=675/826
[telemetry_node-1] [INFO] [1785162830.947484613] [telemetry_node]: pos_ned=[  2.9040761  139.13827515  51.92965698]  yaw=-1.108  armed=True  vtol=4  batt=15.30V/50%
[offboard_node-2] [INFO] [1785162832.504539681] [offboard_node]: FOLLOWING tick=400 mode=OFFBOARD cte=3.1m pos=[3.1,116.6] tgt=[-0.0,46.6] seg=704/826
[telemetry_node-1] [INFO] [1785162832.947897414] [telemetry_node]: pos_ned=[  2.99283123 109.44520569  49.95834351]  yaw=-1.167  armed=True  vtol=4  batt=15.30V/50%
[offboard_node-2] [INFO] [1785162834.504441582] [offboard_node]: FOLLOWING tick=420 mode=OFFBOARD cte=2.0m pos=[2.0,87.4] tgt=[-0.0,17.4] seg=735/826
[telemetry_node-1] [INFO] [1785162834.948162189] [telemetry_node]: pos_ned=[ 1.729092   81.29711151 52.52871323]  yaw=-1.631  armed=True  vtol=4  batt=15.30V/50%
[offboard_node-2] [INFO] [1785162836.504496662] [offboard_node]: FOLLOWING tick=440 mode=OFFBOARD cte=1.1m pos=[1.1,60.7] tgt=[-0.0,-0.0] seg=762/826
[telemetry_node-1] [INFO] [1785162836.947764244] [telemetry_node]: pos_ned=[ 0.79764766 54.21230316 51.3275795 ]  yaw=-1.850  armed=True  vtol=4  batt=15.30V/50%
[offboard_node-2] [INFO] [1785162838.503931043] [offboard_node]: FOLLOWING tick=460 mode=OFFBOARD cte=-0.1m pos=[-0.1,32.4] tgt=[-0.0,-0.0] seg=792/826
[telemetry_node-1] [INFO] [1785162838.947250156] [telemetry_node]: pos_ned=[-0.21149197 26.43930626 51.55165482]  yaw=-1.641  armed=True  vtol=4  batt=15.30V/50%
[offboard_node-2] [INFO] [1785162840.203577946] [offboard_node]: 경로 추종 완료 -> transition_mc
[offboard_node-2] [INFO] [1785162840.303104459] [offboard_node]: FW->MC 역천이 명령 요청
[telemetry_node-1] [INFO] [1785162840.947553077] [telemetry_node]: pos_ned=[-0.39288804 -0.5455153  51.84753036]  yaw=-1.308  armed=True  vtol=2  batt=15.30V/50%
[telemetry_node-1] [INFO] [1785162842.947643960] [telemetry_node]: pos_ned=[ -1.06348705 -22.89107513  52.07203293]  yaw=-1.173  armed=True  vtol=2  batt=15.30V/50%
[offboard_node-2] [INFO] [1785162844.902544187] [offboard_node]: MC 전환 완료 -> HOLD (WP1 복귀)
[telemetry_node-1] [INFO] [1785162844.947435367] [telemetry_node]: pos_ned=[ -1.93242776 -37.16221237  52.70829773]  yaw=-1.156  armed=True  vtol=3  batt=15.30V/50%
[offboard_node-2] [INFO] [1785162846.902422181] [offboard_node]: WP1 홀드 dist=37.1m speed=7.9m/s stable=0/10
[telemetry_node-1] [INFO] [1785162846.947427276] [telemetry_node]: pos_ned=[ -1.26095569 -36.82164383  52.20254135]  yaw=-1.311  armed=True  vtol=3  batt=15.30V/50%
[offboard_node-2] [INFO] [1785162848.902370573] [offboard_node]: WP1 홀드 dist=25.2m speed=5.0m/s stable=0/10
[telemetry_node-1] [INFO] [1785162848.947180120] [telemetry_node]: pos_ned=[ -1.36335313 -25.03507042  51.53672028]  yaw=-1.266  armed=True  vtol=3  batt=15.30V/50%
[offboard_node-2] [INFO] [1785162850.902260420] [offboard_node]: WP1 홀드 dist=14.4m speed=5.0m/s stable=0/10
[telemetry_node-1] [INFO] [1785162850.947084541] [telemetry_node]: pos_ned=[ -1.12732625 -14.16786575  50.77820969]  yaw=-1.309  armed=True  vtol=3  batt=15.30V/50%
[telemetry_node-1] [INFO] [1785162854.992002847] [telemetry_node]: pos_ned=[ -0.94522399 -11.99958038  50.61053085]  yaw=-1.314  armed=True  vtol=3  batt=15.30V/50%
[offboard_node-2] [INFO] [1785162856.402540320] [offboard_node]: WP1 홀드 dist=4.2m speed=5.0m/s stable=0/10
[telemetry_node-1] [INFO] [1785162856.947677641] [telemetry_node]: pos_ned=[-0.44463649 -2.10639238 50.2301445 ]  yaw=-1.317  armed=True  vtol=3  batt=15.30V/50%
[offboard_node-2] [INFO] [1785162858.302290611] [offboard_node]: WP1 도달·안정 → LANDING (dist=0.7m speed=0.4m/s)
[offboard_node-2] [INFO] [1785162858.402416130] [offboard_node]: AUTO.LAND 요청
[telemetry_node-1] [INFO] [1785162858.947529041] [telemetry_node]: pos_ned=[-0.18525136 -0.63472283 49.78484726]  yaw=-1.328  armed=True  vtol=3  batt=15.30V/50%
[telemetry_node-1] [INFO] [1785162860.946972669] [telemetry_node]: pos_ned=[-0.07277997 -0.57263047 46.99103165]  yaw=-1.358  armed=True  vtol=3  batt=15.30V/50%
[telemetry_node-1] [INFO] [1785162862.947053419] [telemetry_node]: pos_ned=[-0.05651918 -0.50942618 44.04187012]  yaw=-1.378  armed=True  vtol=3  batt=15.30V/50%
[telemetry_node-1] [INFO] [1785162864.947076110] [telemetry_node]: pos_ned=[-0.05772118 -0.752442   41.04611969]  yaw=-1.381  armed=True  vtol=3  batt=15.30V/50%
[telemetry_node-1] [INFO] [1785162866.947121766] [telemetry_node]: pos_ned=[-0.11323074 -0.54279041 38.03907394]  yaw=-1.379  armed=True  vtol=3  batt=15.30V/50%
[telemetry_node-1] [INFO] [1785162868.947069690] [telemetry_node]: pos_ned=[-0.09016857 -0.62039351 35.04108429]  yaw=-1.377  armed=True  vtol=3  batt=15.30V/50%
[telemetry_node-1] [INFO] [1785162870.947068017] [telemetry_node]: pos_ned=[-0.08337533 -0.67528659 32.35459518]  yaw=-1.376  armed=True  vtol=3  batt=15.30V/50%
[telemetry_node-1] [INFO] [1785162872.946897647] [telemetry_node]: pos_ned=[-0.09145322 -0.53303671 29.00561714]  yaw=-1.373  armed=True  vtol=3  batt=15.30V/50%
[telemetry_node-1] [INFO] [1785162874.947272178] [telemetry_node]: pos_ned=[-0.08313345 -0.62647837 26.01306534]  yaw=-1.372  armed=True  vtol=3  batt=15.30V/50%
[telemetry_node-1] [INFO] [1785162876.947768023] [telemetry_node]: pos_ned=[-0.07145812 -0.63491118 23.00694275]  yaw=-1.370  armed=True  vtol=3  batt=15.30V/50%
[telemetry_node-1] [INFO] [1785162878.947615150] [telemetry_node]: pos_ned=[-0.0941701  -0.5803557  19.97849083]  yaw=-1.368  armed=True  vtol=3  batt=15.30V/50%
[telemetry_node-1] [INFO] [1785162880.947917012] [telemetry_node]: pos_ned=[-0.08751983 -0.57518637 17.01690483]  yaw=-1.367  armed=True  vtol=3  batt=15.30V/50%
[telemetry_node-1] [INFO] [1785162882.947985847] [telemetry_node]: pos_ned=[-0.05829834 -0.63565242 14.01796818]  yaw=-1.365  armed=True  vtol=3  batt=15.30V/50%
[telemetry_node-1] [INFO] [1785162884.947709271] [telemetry_node]: pos_ned=[-0.10165156 -0.58997941 10.99308491]  yaw=-1.363  armed=True  vtol=3  batt=15.30V/50%
[telemetry_node-1] [INFO] [1785162886.947735396] [telemetry_node]: pos_ned=[-0.0824445  -0.56357855  8.21261787]  yaw=-1.362  armed=True  vtol=3  batt=15.30V/50%
[telemetry_node-1] [INFO] [1785162891.061717509] [telemetry_node]: pos_ned=[-0.07429818 -0.57871318  7.62747765]  yaw=-1.361  armed=True  vtol=3  batt=15.30V/50%
[telemetry_node-1] [INFO] [1785162892.947122890] [telemetry_node]: pos_ned=[-0.05120508 -0.63667005  5.75602818]  yaw=-1.360  armed=True  vtol=3  batt=15.30V/50%
[telemetry_node-1] [INFO] [1785162894.947159205] [telemetry_node]: pos_ned=[-0.08608837 -0.59514672  4.24933863]  yaw=-1.358  armed=True  vtol=3  batt=15.30V/50%
[telemetry_node-1] [INFO] [1785162896.947105753] [telemetry_node]: pos_ned=[-0.10632858 -0.56589025  2.87836933]  yaw=-1.357  armed=True  vtol=3  batt=15.30V/50%
[telemetry_node-1] [INFO] [1785162898.947142590] [telemetry_node]: pos_ned=[-0.07505646 -0.6827212   1.46879435]  yaw=-1.355  armed=True  vtol=3  batt=15.30V/50%
[telemetry_node-1] [INFO] [1785162900.947125340] [telemetry_node]: pos_ned=[-0.07692995 -0.57768565  0.07400513]  yaw=-1.354  armed=True  vtol=3  batt=15.30V/50%
[telemetry_node-1] [INFO] [1785162902.947620020] [telemetry_node]: pos_ned=[-0.05846566 -0.59725463 -0.02393516]  yaw=-1.353  armed=True  vtol=3  batt=15.30V/50%
[offboard_node-2] [INFO] [1785162904.702068304] [offboard_node]: 착륙 완료 (disarmed) -> DONE
[telemetry_node-1] [INFO] [1785162904.947203495] [telemetry_node]: pos_ned=[-0.04865083 -0.58383149 -0.011907  ]  yaw=-1.297  armed=False  vtol=3  batt=15.30V/50%
[telemetry_node-1] [INFO] [1785162906.947317801] [telemetry_node]: pos_ned=[-0.06299689 -0.57024521 -0.04195616]  yaw=-1.296  armed=False  vtol=3  batt=16.20V/87%
[telemetry_node-1] [INFO] [1785162908.947099442] [telemetry_node]: pos_ned=[-0.06929526 -0.58579886 -0.02643185]  yaw=-1.295  armed=False  vtol=3  batt=16.20V/98%
[telemetry_node-1] [INFO] [1785162910.947169922] [telemetry_node]: pos_ned=[-0.0600621  -0.5962103  -0.01238107]  yaw=-1.294  armed=False  vtol=3  batt=16.20V/100%
[WARNING] [launch]: user interrupted with ctrl-c (SIGINT)
[INFO] [offboard_node-2]: sending signal 'SIGINT' to process[offboard_node-2]
[INFO] [telemetry_node-1]: sending signal 'SIGINT' to process[telemetry_node-1]
[telemetry_node-1] Traceback (most recent call last):
[telemetry_node-1]   File "/root/drone_ws/install/fc_ros/lib/python3.10/site-packages/fc_ros/nodes/telemetry_node.py", line 109, in main
[telemetry_node-1]     rclpy.spin(node)
[telemetry_node-1]   File "/opt/ros/humble/local/lib/python3.10/dist-packages/rclpy/__init__.py", line 229, in spin
[telemetry_node-1]     executor.spin_once()
[telemetry_node-1]   File "/opt/ros/humble/local/lib/python3.10/dist-packages/rclpy/executors.py", line 808, in spin_once
[telemetry_node-1]     self._spin_once_impl(timeout_sec)
[telemetry_node-1]   File "/opt/ros/humble/local/lib/python3.10/dist-packages/rclpy/executors.py", line 797, in _spin_once_impl
[telemetry_node-1]     handler, entity, node = self.wait_for_ready_callbacks(timeout_sec=timeout_sec)
[telemetry_node-1]   File "/opt/ros/humble/local/lib/python3.10/dist-packages/rclpy/executors.py", line 780, in wait_for_ready_callbacks
[telemetry_node-1]     return next(self._cb_iter)
[telemetry_node-1]   File "/opt/ros/humble/local/lib/python3.10/dist-packages/rclpy/executors.py", line 677, in _wait_for_ready_callbacks
[telemetry_node-1]     wait_set.wait(timeout_nsec)
[telemetry_node-1] KeyboardInterrupt
[telemetry_node-1] 
[telemetry_node-1] During handling of the above exception, another exception occurred:
[telemetry_node-1] 
[telemetry_node-1] Traceback (most recent call last):
[telemetry_node-1]   File "/root/drone_ws/install/fc_ros/lib/fc_ros/telemetry_node", line 33, in <module>
[telemetry_node-1]     sys.exit(load_entry_point('fc-ros==0.1.0', 'console_scripts', 'telemetry_node')())
[telemetry_node-1]   File "/root/drone_ws/install/fc_ros/lib/python3.10/site-packages/fc_ros/nodes/telemetry_node.py", line 111, in main
[telemetry_node-1]     node.destroy_node()
[telemetry_node-1]   File "/opt/ros/humble/local/lib/python3.10/dist-packages/rclpy/node.py", line 1691, in destroy_node
[telemetry_node-1]     self.destroy_service(self._services[0])
[telemetry_node-1]   File "/opt/ros/humble/local/lib/python3.10/dist-packages/rclpy/node.py", line 1615, in destroy_service
[telemetry_node-1]     service.destroy()
[telemetry_node-1]   File "/opt/ros/humble/local/lib/python3.10/dist-packages/rclpy/service.py", line 93, in destroy
[telemetry_node-1]     self.__service.destroy_when_not_in_use()
[telemetry_node-1] KeyboardInterrupt
[ERROR] [telemetry_node-1]: process has died [pid 1128, exit code -2, cmd '/root/drone_ws/install/fc_ros/lib/fc_ros/telemetry_node --ros-args -r __node:=telemetry_node'].
[offboard_node-2] Traceback (most recent call last):
[offboard_node-2]   File "/root/drone_ws/install/fc_ros/lib/python3.10/site-packages/fc_ros/nodes/offboard_node.py", line 1511, in main
[offboard_node-2]     rclpy.spin(node)
[offboard_node-2]   File "/opt/ros/humble/local/lib/python3.10/dist-packages/rclpy/__init__.py", line 229, in spin
[offboard_node-2]     executor.spin_once()
[offboard_node-2]   File "/opt/ros/humble/local/lib/python3.10/dist-packages/rclpy/executors.py", line 808, in spin_once
[offboard_node-2]     self._spin_once_impl(timeout_sec)
[offboard_node-2]   File "/opt/ros/humble/local/lib/python3.10/dist-packages/rclpy/executors.py", line 797, in _spin_once_impl
[offboard_node-2]     handler, entity, node = self.wait_for_ready_callbacks(timeout_sec=timeout_sec)
[offboard_node-2]   File "/opt/ros/humble/local/lib/python3.10/dist-packages/rclpy/executors.py", line 780, in wait_for_ready_callbacks
[offboard_node-2]     return next(self._cb_iter)
[offboard_node-2]   File "/opt/ros/humble/local/lib/python3.10/dist-packages/rclpy/executors.py", line 677, in _wait_for_ready_callbacks
[offboard_node-2]     wait_set.wait(timeout_nsec)
[offboard_node-2] KeyboardInterrupt
[offboard_node-2] 
[offboard_node-2] During handling of the above exception, another exception occurred:
[offboard_node-2] 
[offboard_node-2] Traceback (most recent call last):
[offboard_node-2]   File "/root/drone_ws/install/fc_ros/lib/fc_ros/offboard_node", line 33, in <module>
[offboard_node-2]     sys.exit(load_entry_point('fc-ros==0.1.0', 'console_scripts', 'offboard_node')())
[offboard_node-2]   File "/root/drone_ws/install/fc_ros/lib/python3.10/site-packages/fc_ros/nodes/offboard_node.py", line 1514, in main
[offboard_node-2]     rclpy.shutdown()
[offboard_node-2]   File "/opt/ros/humble/local/lib/python3.10/dist-packages/rclpy/__init__.py", line 130, in shutdown
[offboard_node-2]     _shutdown(context=context)
[offboard_node-2]   File "/opt/ros/humble/local/lib/python3.10/dist-packages/rclpy/utilities.py", line 58, in shutdown
[offboard_node-2]     return context.shutdown()
[offboard_node-2]   File "/opt/ros/humble/local/lib/python3.10/dist-packages/rclpy/context.py", line 102, in shutdown
[offboard_node-2]     self.__context.shutdown()
[offboard_node-2] rclpy._rclpy_pybind11.RCLError: failed to shutdown: rcl_shutdown already called on the given context, at ./src/rcl/init.c:241
[ERROR] [offboard_node-2]: process has died [pid 1130, exit code 1, cmd '/root/drone_ws/install/fc_ros/lib/fc_ros/offboard_node --ros-args -r __node:=offboard_node --params-file /root/drone_ws/install/fc_ros/share/fc_ros/params/fc_ros_params.yaml --params-file /tmp/launch_params_o5119giw'].
