[INFO] [launch]: All log files can be found below /root/.ros/log/2026-07-27-22-49-50-506379-DESKTOP-Kilogram-1157
[INFO] [launch]: Default logging verbosity is set to INFO
[INFO] [telemetry_node-1]: process started with pid [1168]
[INFO] [offboard_node-2]: process started with pid [1170]
[offboard_node-2] [INFO] [1785160191.716836488] [offboard_node]: 경로 계획 시작 — planner=eta3 WP 3개 v_cruise=20.0 → 예상 약 75s 블로킹. 이 동안 노드는 응답하지 않는다 — 죽은 것이 아니니 재기동 금지 (재기동하면 중복 인스턴스가 된다).
[telemetry_node-1] [INFO] [1785160193.692411041] [telemetry_node]: pos_ned=[0.01953877 0.00042079 0.01444269]  yaw=1.680  armed=False  vtol=3  batt=16.20V/100%
[telemetry_node-1] [INFO] [1785160195.647796982] [telemetry_node]: pos_ned=[-0.01912613 -0.00086182 -0.00012239]  yaw=1.679  armed=False  vtol=3  batt=16.20V/100%
[telemetry_node-1] [INFO] [1785160197.648688005] [telemetry_node]: pos_ned=[-0.00627087 -0.00691581 -0.02570424]  yaw=1.676  armed=False  vtol=3  batt=16.20V/100%
[telemetry_node-1] [INFO] [1785160199.647863372] [telemetry_node]: pos_ned=[-0.00914064 -0.01880317 -0.0391108 ]  yaw=1.677  armed=False  vtol=3  batt=16.20V/100%
[telemetry_node-1] [INFO] [1785160201.647781604] [telemetry_node]: pos_ned=[-0.00598274  0.01615167 -0.06790098]  yaw=1.678  armed=False  vtol=3  batt=16.20V/100%
[telemetry_node-1] [INFO] [1785160203.648738341] [telemetry_node]: pos_ned=[-0.00541143 -0.01149101 -0.06364189]  yaw=1.675  armed=False  vtol=3  batt=16.20V/100%
[telemetry_node-1] [INFO] [1785160205.648192617] [telemetry_node]: pos_ned=[-0.01062041  0.00076702 -0.00583802]  yaw=1.671  armed=False  vtol=3  batt=16.20V/100%
[telemetry_node-1] [INFO] [1785160207.647590426] [telemetry_node]: pos_ned=[-0.05057822  0.00435639  0.06251068]  yaw=1.670  armed=False  vtol=3  batt=16.20V/100%
[telemetry_node-1] [INFO] [1785160209.647826439] [telemetry_node]: pos_ned=[-0.04664784 -0.01422099  0.0677979 ]  yaw=1.672  armed=False  vtol=3  batt=16.20V/100%
[telemetry_node-1] [INFO] [1785160211.648957009] [telemetry_node]: pos_ned=[-0.03513087 -0.01951211  0.04247499]  yaw=1.673  armed=False  vtol=3  batt=16.20V/100%
[telemetry_node-1] [INFO] [1785160213.648248165] [telemetry_node]: pos_ned=[-0.02776962  0.02222674  0.03934632]  yaw=1.676  armed=False  vtol=3  batt=16.20V/100%
[telemetry_node-1] [INFO] [1785160215.648658514] [telemetry_node]: pos_ned=[-0.01780395 -0.01304248  0.02155262]  yaw=1.670  armed=False  vtol=3  batt=16.20V/100%
[telemetry_node-1] [INFO] [1785160217.648422165] [telemetry_node]: pos_ned=[ 0.01495979 -0.01768235  0.01984707]  yaw=1.670  armed=False  vtol=3  batt=16.20V/100%
[telemetry_node-1] [INFO] [1785160219.648416408] [telemetry_node]: pos_ned=[0.02250254 0.01109914 0.01295391]  yaw=1.670  armed=False  vtol=3  batt=16.20V/100%
[telemetry_node-1] [INFO] [1785160224.324521225] [telemetry_node]: pos_ned=[0.02097332 0.00482428 0.00870395]  yaw=1.670  armed=False  vtol=3  batt=16.20V/100%
[telemetry_node-1] [INFO] [1785160225.648657722] [telemetry_node]: pos_ned=[-0.01360166 -0.01589029 -0.01013769]  yaw=1.668  armed=False  vtol=3  batt=16.20V/100%
[telemetry_node-1] [INFO] [1785160227.648082098] [telemetry_node]: pos_ned=[ 0.01927874 -0.01148328 -0.01827905]  yaw=1.669  armed=False  vtol=3  batt=16.20V/100%
[telemetry_node-1] [INFO] [1785160229.648132367] [telemetry_node]: pos_ned=[0.0318607  0.00599628 0.01472323]  yaw=1.667  armed=False  vtol=3  batt=16.20V/100%
[telemetry_node-1] [INFO] [1785160231.648107777] [telemetry_node]: pos_ned=[ 0.00524873 -0.00673748  0.05900942]  yaw=1.667  armed=False  vtol=3  batt=16.20V/100%
[telemetry_node-1] [INFO] [1785160233.648336854] [telemetry_node]: pos_ned=[0.0204885  0.00874829 0.04948555]  yaw=1.663  armed=False  vtol=3  batt=16.20V/100%
[telemetry_node-1] [INFO] [1785160235.647929180] [telemetry_node]: pos_ned=[-0.00095074  0.01790621  0.04215753]  yaw=1.663  armed=False  vtol=3  batt=16.20V/100%
[telemetry_node-1] [INFO] [1785160237.648480466] [telemetry_node]: pos_ned=[0.00203744 0.02489997 0.05194569]  yaw=1.662  armed=False  vtol=3  batt=16.20V/100%
[telemetry_node-1] [INFO] [1785160239.648972918] [telemetry_node]: pos_ned=[-0.00910741  0.00215165  0.04245138]  yaw=1.661  armed=False  vtol=3  batt=16.20V/100%
[telemetry_node-1] [INFO] [1785160241.647966918] [telemetry_node]: pos_ned=[-0.0116417  -0.00617592  0.06723417]  yaw=1.661  armed=False  vtol=3  batt=16.20V/100%
[telemetry_node-1] [INFO] [1785160243.648665810] [telemetry_node]: pos_ned=[0.00894904 0.00067503 0.09713577]  yaw=1.661  armed=False  vtol=3  batt=16.20V/100%
[telemetry_node-1] [INFO] [1785160245.648118870] [telemetry_node]: pos_ned=[0.01730371 0.03357511 0.11101884]  yaw=1.660  armed=False  vtol=3  batt=16.20V/100%
[telemetry_node-1] [INFO] [1785160247.647882690] [telemetry_node]: pos_ned=[0.01153802 0.03893797 0.09922567]  yaw=1.658  armed=False  vtol=3  batt=16.20V/100%
[offboard_node-2] [Eta3ClothoidPlannerV3] WARNING: NR pos residual 9.776m is large. affine correction guarantees WP passage but curve may be deformed.
[offboard_node-2] [INFO] [1785160248.547494834] [offboard_node]: 경로 계획 완료 — 소요 53.2s (예상 75s), 경로점 473개, 전장 462.1m
[offboard_node-2] [INFO] [1785160248.677945989] [offboard_node]: ARM 요청
[offboard_node-2] [INFO] [1785160249.277392551] [offboard_node]: 경로 원점 = 이륙지점 [N=0.01, E=0.05, h_up=0.08] 적용 (frame=takeoff) → WP0=[0.01,0.05] 순항고도 h_up=50.08
[offboard_node-2] [INFO] [1785160249.278263592] [offboard_node]: 거리 상한 감시 활성 1500m (이륙지점 기준 수평, 경로 최원점 250m)
[offboard_node-2] [INFO] [1785160249.286436647] [offboard_node]: CommandTOL 이륙 요청 alt=50.2m AMSL (지면 0.2+50.0) -> CLIMBING
[telemetry_node-1] [INFO] [1785160249.648172210] [telemetry_node]: pos_ned=[0.00992152 0.04040979 0.07062562]  yaw=1.656  armed=True  vtol=3  batt=16.20V/100%
[telemetry_node-1] [INFO] [1785160251.647551698] [telemetry_node]: pos_ned=[-4.36291890e-03  9.26453213e-05  2.47409642e-02]  yaw=1.655  armed=True  vtol=3  batt=16.15V/99%
[telemetry_node-1] [INFO] [1785160253.647479463] [telemetry_node]: pos_ned=[-0.02242094 -0.09515923  0.56615585]  yaw=1.658  armed=True  vtol=3  batt=16.09V/96%
[telemetry_node-1] [INFO] [1785160255.647819487] [telemetry_node]: pos_ned=[-0.03798272 -0.12536053  3.07238102]  yaw=1.625  armed=True  vtol=3  batt=16.03V/92%
[telemetry_node-1] [INFO] [1785160260.371257425] [telemetry_node]: pos_ned=[0.0062169  0.01307716 4.67741346]  yaw=1.626  armed=True  vtol=3  batt=15.97V/89%
[telemetry_node-1] [INFO] [1785160261.647511859] [telemetry_node]: pos_ned=[-0.00775819 -0.0087113   6.56048441]  yaw=1.623  armed=True  vtol=3  batt=15.97V/89%
[telemetry_node-1] [INFO] [1785160263.647496199] [telemetry_node]: pos_ned=[0.01616896 0.02005409 9.49571991]  yaw=1.623  armed=True  vtol=3  batt=15.91V/86%
[telemetry_node-1] [INFO] [1785160265.647364971] [telemetry_node]: pos_ned=[-0.01408419  0.01692798 14.01885128]  yaw=1.624  armed=True  vtol=3  batt=15.85V/82%
[telemetry_node-1] [INFO] [1785160267.647513221] [telemetry_node]: pos_ned=[-1.87924430e-02  2.08266433e-02  1.97421818e+01]  yaw=1.626  armed=True  vtol=3  batt=15.79V/79%
[telemetry_node-1] [INFO] [1785160269.647364925] [telemetry_node]: pos_ned=[-1.06243254e-03  6.51173107e-03  2.56254063e+01]  yaw=1.627  armed=True  vtol=3  batt=15.73V/76%
[telemetry_node-1] [INFO] [1785160271.647435670] [telemetry_node]: pos_ned=[-9.36167780e-03  7.32464425e-04  3.14657326e+01]  yaw=1.631  armed=True  vtol=3  batt=15.67V/72%
[telemetry_node-1] [INFO] [1785160273.647539257] [telemetry_node]: pos_ned=[-1.98032539e-02 -3.01595721e-02  3.74022713e+01]  yaw=1.630  armed=True  vtol=3  batt=15.61V/69%
[telemetry_node-1] [INFO] [1785160275.648114249] [telemetry_node]: pos_ned=[-7.37811252e-03  5.70707722e-03  4.32952423e+01]  yaw=1.633  armed=True  vtol=3  batt=15.55V/66%
[telemetry_node-1] [INFO] [1785160277.648141594] [telemetry_node]: pos_ned=[ 1.95750184e-02 -4.40241536e-03  4.73768234e+01]  yaw=1.631  armed=True  vtol=3  batt=15.49V/62%
[telemetry_node-1] [INFO] [1785160279.648101718] [telemetry_node]: pos_ned=[ 5.01644192e-03 -5.83865028e-03  4.90988693e+01]  yaw=1.632  armed=True  vtol=3  batt=15.43V/59%
[offboard_node-2] [INFO] [1785160280.876740589] [offboard_node]: 운용 고도 50.0m 도달 → transition_fw
[telemetry_node-1] [INFO] [1785160281.647877401] [telemetry_node]: pos_ned=[1.14668598e-02 1.38733778e-02 4.97539330e+01]  yaw=1.631  armed=True  vtol=3  batt=15.37V/56%
[offboard_node-2] [INFO] [1785160282.878016843] [offboard_node]: 천이 전 MC OFFBOARD 요청 (헤딩 정렬 대기)
[offboard_node-2] [WARN] [1785160282.977978874] [offboard_node]: 정렬 구간 OFFBOARD 이탈 → 재요청 (mode=AUTO.LOITER)
[telemetry_node-1] [INFO] [1785160283.647740205] [telemetry_node]: pos_ned=[7.77365314e-03 1.60378460e-02 4.99317398e+01]  yaw=1.631  armed=True  vtol=3  batt=15.31V/52%
[telemetry_node-1] [INFO] [1785160285.647964590] [telemetry_node]: pos_ned=[-4.49643545e-02 -1.49479611e-02  4.99821739e+01]  yaw=0.976  armed=True  vtol=3  batt=15.30V/50%
[telemetry_node-1] [INFO] [1785160287.647622255] [telemetry_node]: pos_ned=[ 0.05023285 -0.12281951 49.99679947]  yaw=0.473  armed=True  vtol=3  batt=15.30V/50%
[telemetry_node-1] [INFO] [1785160289.647609716] [telemetry_node]: pos_ned=[ 0.16512942 -0.23391774 50.05020142]  yaw=0.258  armed=True  vtol=3  batt=15.30V/50%
[telemetry_node-1] [INFO] [1785160291.647515196] [telemetry_node]: pos_ned=[ 0.23597415 -0.31021848 50.1218071 ]  yaw=0.144  armed=True  vtol=3  batt=15.30V/50%
[telemetry_node-1] [INFO] [1785160296.387072273] [telemetry_node]: pos_ned=[ 0.27238992 -0.34314081 50.14443588]  yaw=0.104  armed=True  vtol=3  batt=15.30V/50%
[telemetry_node-1] [INFO] [1785160297.647957307] [telemetry_node]: pos_ned=[ 0.25686866 -0.36337477 50.16682053]  yaw=0.071  armed=True  vtol=3  batt=15.30V/50%
[telemetry_node-1] [INFO] [1785160299.647812790] [telemetry_node]: pos_ned=[ 0.25364298 -0.40353864 50.18576813]  yaw=0.041  armed=True  vtol=3  batt=15.30V/50%
[offboard_node-2] [INFO] [1785160300.777572831] [offboard_node]: 헤딩 정렬 완료 target=0.0° current=2.2° err=-2.2° (20틱 안정) → 전진 + 천이 명령
[offboard_node-2] [INFO] [1785160300.779614292] [offboard_node]: MC→FW 천이 명령 요청 (위치 setpoint 직선 천이)
[telemetry_node-1] [INFO] [1785160301.648162922] [telemetry_node]: pos_ned=[ 0.30585426 -0.42281646 50.24468231]  yaw=0.036  armed=True  vtol=1  batt=15.30V/50%
[offboard_node-2] [INFO] [1785160303.376655444] [offboard_node]: FW 전환 완료 -> STREAMING
[offboard_node-2] [INFO] [1785160303.484956938] [offboard_node]: OFFBOARD 확인 → FOLLOWING
[offboard_node-2] [INFO] [1785160303.591504980] [offboard_node]: FOLLOWING 시작 pos=[12.0,-0.5] tgt=[82.0,0.0] cte=-0.6m mode=OFFBOARD seg=12/472
[telemetry_node-1] [INFO] [1785160303.647580620] [telemetry_node]: pos_ned=[12.9926424  -0.50948983 50.05744553]  yaw=-0.000  armed=True  vtol=4  batt=15.30V/50%
[offboard_node-2] [INFO] [1785160305.492954941] [offboard_node]: FOLLOWING tick=20 mode=OFFBOARD cte=0.1m pos=[42.1,0.1] tgt=[112.1,0.0] seg=43/472
[telemetry_node-1] [INFO] [1785160305.647692102] [telemetry_node]: pos_ned=[4.49754257e+01 2.59417556e-02 5.13496552e+01]  yaw=0.025  armed=True  vtol=4  batt=15.30V/50%
[offboard_node-2] [INFO] [1785160307.491731129] [offboard_node]: FOLLOWING tick=40 mode=OFFBOARD cte=0.2m pos=[71.0,0.3] tgt=[141.0,0.0] seg=72/472
[telemetry_node-1] [INFO] [1785160307.647567409] [telemetry_node]: pos_ned=[74.0812912   0.31604674 48.90910721]  yaw=0.025  armed=True  vtol=4  batt=15.30V/50%
[offboard_node-2] [INFO] [1785160309.544040500] [offboard_node]: FOLLOWING tick=60 mode=OFFBOARD cte=0.2m pos=[101.3,0.3] tgt=[171.3,0.1] seg=103/472
[telemetry_node-1] [INFO] [1785160309.648273694] [telemetry_node]: pos_ned=[103.69960022   0.30515492  48.97613525]  yaw=-0.003  armed=True  vtol=4  batt=15.30V/50%
[offboard_node-2] [INFO] [1785160311.493936780] [offboard_node]: FOLLOWING tick=80 mode=OFFBOARD cte=0.3m pos=[130.5,0.4] tgt=[200.5,0.1] seg=133/472
[telemetry_node-1] [INFO] [1785160311.647814897] [telemetry_node]: pos_ned=[133.00134277   0.38278484  48.85007095]  yaw=-0.023  armed=True  vtol=4  batt=15.30V/50%
[offboard_node-2] [INFO] [1785160313.492143112] [offboard_node]: FOLLOWING tick=100 mode=OFFBOARD cte=0.3m pos=[159.4,0.4] tgt=[229.4,-0.1] seg=163/472
[telemetry_node-1] [INFO] [1785160313.647527872] [telemetry_node]: pos_ned=[161.77540588   0.35868835  49.13746262]  yaw=-0.017  armed=True  vtol=4  batt=15.30V/50%
[offboard_node-2] [INFO] [1785160315.492031720] [offboard_node]: FOLLOWING tick=120 mode=OFFBOARD cte=0.3m pos=[187.7,0.3] tgt=[213.9,36.2] seg=192/472
[telemetry_node-1] [INFO] [1785160315.647725698] [telemetry_node]: pos_ned=[190.06182861   0.35247895  49.33802032]  yaw=0.007  armed=True  vtol=4  batt=15.30V/50%
[offboard_node-2] [INFO] [1785160317.503838150] [offboard_node]: FOLLOWING tick=140 mode=OFFBOARD cte=11.4m pos=[213.0,11.5] tgt=[202.4,47.6] seg=218/472
[telemetry_node-1] [INFO] [1785160317.648224000] [telemetry_node]: pos_ned=[214.49395752  13.87262535  45.66645432]  yaw=0.759  armed=True  vtol=4  batt=15.30V/50%
[offboard_node-2] [WARN] [1785160317.795743921] [offboard_node]: 세그먼트 인덱스 급변 219→285 (Δ+66, 전체 472) pos=[215.5,15.9] — 경로상 전진이 아니라 다른 레그 선택일 수 있다
[offboard_node-2] [INFO] [1785160319.499449120] [offboard_node]: FOLLOWING tick=160 mode=OFFBOARD cte=-4.4m pos=[211.7,44.5] tgt=[159.1,90.9] seg=309/472
[telemetry_node-1] [INFO] [1785160319.647479627] [telemetry_node]: pos_ned=[209.63197327  46.68655777  43.14159775]  yaw=2.209  armed=True  vtol=4  batt=15.30V/50%
[offboard_node-2] [INFO] [1785160321.502759216] [offboard_node]: FOLLOWING tick=180 mode=OFFBOARD cte=-2.6m pos=[189.9,63.9] tgt=[138.5,111.5] seg=340/472
[telemetry_node-1] [INFO] [1785160321.647478128] [telemetry_node]: pos_ned=[188.28712463  65.42713165  50.79285431]  yaw=2.949  armed=True  vtol=4  batt=15.30V/50%
[offboard_node-2] [INFO] [1785160323.492568570] [offboard_node]: FOLLOWING tick=200 mode=OFFBOARD cte=0.5m pos=[167.3,82.1] tgt=[118.1,131.9] seg=371/472
[telemetry_node-1] [INFO] [1785160323.648218050] [telemetry_node]: pos_ned=[165.2268219   83.8651886   48.22193527]  yaw=2.876  armed=True  vtol=4  batt=15.30V/50%
[offboard_node-2] [INFO] [1785160325.502029139] [offboard_node]: FOLLOWING tick=220 mode=OFFBOARD cte=0.9m pos=[145.9,102.9] tgt=[100.0,150.0] seg=402/472
[telemetry_node-1] [INFO] [1785160325.648275907] [telemetry_node]: pos_ned=[144.30131531 104.42773438  51.35632706]  yaw=2.343  armed=True  vtol=4  batt=15.30V/50%
[offboard_node-2] [INFO] [1785160327.515605464] [offboard_node]: FOLLOWING tick=240 mode=OFFBOARD cte=1.0m pos=[126.7,121.9] tgt=[100.0,150.0] seg=431/472
[telemetry_node-1] [INFO] [1785160327.648298227] [telemetry_node]: pos_ned=[125.38285065 123.26292419  50.61282349]  yaw=2.069  armed=True  vtol=4  batt=15.30V/50%
[telemetry_node-1] [INFO] [1785160332.026826062] [telemetry_node]: pos_ned=[115.55822754 133.7477417   50.42960358]  yaw=2.121  armed=True  vtol=4  batt=15.30V/50%
[offboard_node-2] [INFO] [1785160332.791928803] [offboard_node]: FOLLOWING tick=260 mode=OFFBOARD cte=0.3m pos=[108.1,141.6] tgt=[100.0,150.0] seg=459/472
[offboard_node-2] [INFO] [1785160332.991031080] [offboard_node]: 경로 추종 완료 -> transition_mc
[offboard_node-2] [INFO] [1785160333.077147890] [offboard_node]: FW->MC 역천이 명령 요청
[telemetry_node-1] [INFO] [1785160333.648104319] [telemetry_node]: pos_ned=[ 99.96069336 149.95132446  51.28076553]  yaw=2.375  armed=True  vtol=2  batt=15.30V/50%
[telemetry_node-1] [INFO] [1785160335.647988100] [telemetry_node]: pos_ned=[ 84.1865921  166.08618164  51.55980301]  yaw=2.511  armed=True  vtol=2  batt=15.30V/50%
[telemetry_node-1] [INFO] [1785160337.647949386] [telemetry_node]: pos_ned=[ 73.70863342 176.81445312  52.37012863]  yaw=2.392  armed=True  vtol=2  batt=15.30V/50%
[offboard_node-2] [INFO] [1785160338.376747540] [offboard_node]: MC 전환 완료 -> HOLD (WP1 복귀)
[telemetry_node-1] [INFO] [1785160339.647624983] [telemetry_node]: pos_ned=[ 68.65509033 181.88362122  50.95563889]  yaw=2.314  armed=True  vtol=3  batt=15.30V/50%
[offboard_node-2] [INFO] [1785160340.377338903] [offboard_node]: WP1 홀드 dist=40.3m speed=8.4m/s stable=0/10
[telemetry_node-1] [INFO] [1785160341.647987299] [telemetry_node]: pos_ned=[ 78.10230255 171.76092529  50.17359924]  yaw=2.329  armed=True  vtol=3  batt=15.30V/50%
[offboard_node-2] [INFO] [1785160342.377126853] [offboard_node]: WP1 홀드 dist=25.6m speed=8.1m/s stable=0/10
[telemetry_node-1] [INFO] [1785160343.648423492] [telemetry_node]: pos_ned=[ 89.11096954 161.56066895  50.04705429]  yaw=2.310  armed=True  vtol=3  batt=15.30V/50%
[offboard_node-2] [INFO] [1785160344.376956857] [offboard_node]: WP1 홀드 dist=10.5m speed=8.0m/s stable=0/10
[telemetry_node-1] [INFO] [1785160345.648335201] [telemetry_node]: pos_ned=[ 98.41143036 152.15498352  50.31871796]  yaw=2.280  armed=True  vtol=3  batt=15.30V/50%
[offboard_node-2] [INFO] [1785160346.376809325] [offboard_node]: WP1 홀드 dist=1.3m speed=1.3m/s stable=0/10
[offboard_node-2] [INFO] [1785160347.277465812] [offboard_node]: WP1 도달·안정 → LANDING (dist=0.8m speed=0.2m/s)
[offboard_node-2] [INFO] [1785160347.377045359] [offboard_node]: AUTO.LAND 요청
[telemetry_node-1] [INFO] [1785160347.648056675] [telemetry_node]: pos_ned=[ 99.66178131 150.68736267  49.95660019]  yaw=2.272  armed=True  vtol=3  batt=15.30V/50%
[telemetry_node-1] [INFO] [1785160349.647922838] [telemetry_node]: pos_ned=[ 99.56376648 150.67652893  47.5273819 ]  yaw=2.282  armed=True  vtol=3  batt=15.30V/50%
[telemetry_node-1] [INFO] [1785160351.647778050] [telemetry_node]: pos_ned=[ 99.69968414 150.41848755  44.63071442]  yaw=2.283  armed=True  vtol=3  batt=15.30V/50%
[telemetry_node-1] [INFO] [1785160353.647974986] [telemetry_node]: pos_ned=[ 99.55397797 150.58555603  41.65494537]  yaw=2.285  armed=True  vtol=3  batt=15.30V/50%
[telemetry_node-1] [INFO] [1785160355.647950101] [telemetry_node]: pos_ned=[ 99.55863953 150.60935974  38.64746094]  yaw=2.287  armed=True  vtol=3  batt=15.30V/50%
[telemetry_node-1] [INFO] [1785160357.648057228] [telemetry_node]: pos_ned=[ 99.61607361 150.53308105  35.69576645]  yaw=2.290  armed=True  vtol=3  batt=15.30V/50%
[telemetry_node-1] [INFO] [1785160359.647794678] [telemetry_node]: pos_ned=[ 99.52248383 150.67140198  32.71221542]  yaw=2.293  armed=True  vtol=3  batt=15.30V/50%
[telemetry_node-1] [INFO] [1785160361.647761101] [telemetry_node]: pos_ned=[ 99.55431366 150.64179993  29.69120598]  yaw=2.297  armed=True  vtol=3  batt=15.30V/50%
[telemetry_node-1] [INFO] [1785160363.647749289] [telemetry_node]: pos_ned=[ 99.59664154 150.58221436  26.67852402]  yaw=2.300  armed=True  vtol=3  batt=15.30V/50%
[telemetry_node-1] [INFO] [1785160367.818448988] [telemetry_node]: pos_ned=[ 99.57865906 150.59448242  25.78785133]  yaw=2.301  armed=True  vtol=3  batt=15.30V/50%
[telemetry_node-1] [INFO] [1785160369.647621340] [telemetry_node]: pos_ned=[ 99.51902008 150.69136047  23.03778458]  yaw=2.305  armed=True  vtol=3  batt=15.30V/50%
[telemetry_node-1] [INFO] [1785160371.647829609] [telemetry_node]: pos_ned=[ 99.53033447 150.6955719   20.02174377]  yaw=2.309  armed=True  vtol=3  batt=15.30V/50%
[telemetry_node-1] [INFO] [1785160373.647587338] [telemetry_node]: pos_ned=[ 99.53716278 150.62168884  17.02894783]  yaw=2.312  armed=True  vtol=3  batt=15.30V/50%
[telemetry_node-1] [INFO] [1785160375.647486815] [telemetry_node]: pos_ned=[ 99.56109619 150.58964539  14.10007095]  yaw=2.314  armed=True  vtol=3  batt=15.30V/50%
[telemetry_node-1] [INFO] [1785160377.647441734] [telemetry_node]: pos_ned=[ 99.56496429 150.6360321   11.14349556]  yaw=2.317  armed=True  vtol=3  batt=15.30V/50%
[telemetry_node-1] [INFO] [1785160379.647697757] [telemetry_node]: pos_ned=[ 99.51435852 150.65170288   8.33892059]  yaw=2.320  armed=True  vtol=3  batt=15.30V/50%
[telemetry_node-1] [INFO] [1785160381.647479224] [telemetry_node]: pos_ned=[ 99.5442276  150.63562012   6.24641466]  yaw=2.322  armed=True  vtol=3  batt=15.30V/50%
[telemetry_node-1] [INFO] [1785160383.647547345] [telemetry_node]: pos_ned=[ 99.55834198 150.63148499   4.70984936]  yaw=2.324  armed=True  vtol=3  batt=15.30V/50%
[telemetry_node-1] [INFO] [1785160385.647440800] [telemetry_node]: pos_ned=[ 99.4995575  150.70150757   3.30279064]  yaw=2.326  armed=True  vtol=3  batt=15.30V/50%
[telemetry_node-1] [INFO] [1785160387.647614724] [telemetry_node]: pos_ned=[ 99.5041275  150.69224548   1.91879714]  yaw=2.326  armed=True  vtol=3  batt=15.30V/50%
[telemetry_node-1] [INFO] [1785160389.648024575] [telemetry_node]: pos_ned=[ 99.54958344 150.62918091   0.5423162 ]  yaw=2.327  armed=True  vtol=3  batt=15.30V/50%
[telemetry_node-1] [INFO] [1785160391.647671019] [telemetry_node]: pos_ned=[ 9.95338364e+01  1.50616608e+02 -3.78780141e-02]  yaw=2.329  armed=True  vtol=3  batt=15.30V/50%
[telemetry_node-1] [INFO] [1785160393.647790124] [telemetry_node]: pos_ned=[ 9.95463943e+01  1.50620758e+02 -1.09729394e-02]  yaw=2.332  armed=True  vtol=3  batt=15.30V/50%
[offboard_node-2] [INFO] [1785160393.677420043] [offboard_node]: 착륙 완료 (disarmed) -> DONE
[telemetry_node-1] [INFO] [1785160395.647591419] [telemetry_node]: pos_ned=[9.95683823e+01 1.50624207e+02 2.00063586e-02]  yaw=2.335  armed=False  vtol=3  batt=16.20V/82%
[telemetry_node-1] [INFO] [1785160397.647423300] [telemetry_node]: pos_ned=[ 9.95388870e+01  1.50653458e+02 -3.20609659e-02]  yaw=2.338  armed=False  vtol=3  batt=16.20V/97%
[telemetry_node-1] [INFO] [1785160399.647480342] [telemetry_node]: pos_ned=[ 9.95670471e+01  1.50657120e+02 -3.76998857e-02]  yaw=2.340  armed=False  vtol=3  batt=16.20V/100%
[WARNING] [launch]: user interrupted with ctrl-c (SIGINT)
[INFO] [offboard_node-2]: sending signal 'SIGINT' to process[offboard_node-2]
[INFO] [telemetry_node-1]: sending signal 'SIGINT' to process[telemetry_node-1]
[offboard_node-2] Traceback (most recent call last):
[offboard_node-2]   File "/root/drone_ws/install/fc_ros/lib/python3.10/site-packages/fc_ros/nodes/offboard_node.py", line 1499, in main
[telemetry_node-1] Traceback (most recent call last):
[telemetry_node-1]   File "/root/drone_ws/install/fc_ros/lib/python3.10/site-packages/fc_ros/nodes/telemetry_node.py", line 109, in main
[telemetry_node-1]     rclpy.spin(node)
[telemetry_node-1]   File "/opt/ros/humble/local/lib/python3.10/dist-packages/rclpy/__init__.py", line 229, in spin
[offboard_node-2]     rclpy.spin(node)
[offboard_node-2]   File "/opt/ros/humble/local/lib/python3.10/dist-packages/rclpy/__init__.py", line 229, in spin
[offboard_node-2]     executor.spin_once()
[offboard_node-2]   File "/opt/ros/humble/local/lib/python3.10/dist-packages/rclpy/executors.py", line 808, in spin_once
[telemetry_node-1]     executor.spin_once()
[telemetry_node-1]   File "/opt/ros/humble/local/lib/python3.10/dist-packages/rclpy/executors.py", line 808, in spin_once
[telemetry_node-1]     self._spin_once_impl(timeout_sec)
[telemetry_node-1]   File "/opt/ros/humble/local/lib/python3.10/dist-packages/rclpy/executors.py", line 797, in _spin_once_impl
[offboard_node-2]     self._spin_once_impl(timeout_sec)
[offboard_node-2]   File "/opt/ros/humble/local/lib/python3.10/dist-packages/rclpy/executors.py", line 797, in _spin_once_impl
[offboard_node-2]     handler, entity, node = self.wait_for_ready_callbacks(timeout_sec=timeout_sec)
[offboard_node-2]   File "/opt/ros/humble/local/lib/python3.10/dist-packages/rclpy/executors.py", line 780, in wait_for_ready_callbacks
[offboard_node-2]     return next(self._cb_iter)
[offboard_node-2]   File "/opt/ros/humble/local/lib/python3.10/dist-packages/rclpy/executors.py", line 677, in _wait_for_ready_callbacks
[telemetry_node-1]     handler, entity, node = self.wait_for_ready_callbacks(timeout_sec=timeout_sec)
[telemetry_node-1]   File "/opt/ros/humble/local/lib/python3.10/dist-packages/rclpy/executors.py", line 780, in wait_for_ready_callbacks
[telemetry_node-1]     return next(self._cb_iter)
[telemetry_node-1]   File "/opt/ros/humble/local/lib/python3.10/dist-packages/rclpy/executors.py", line 677, in _wait_for_ready_callbacks
[telemetry_node-1]     wait_set.wait(timeout_nsec)
[telemetry_node-1] KeyboardInterrupt
[telemetry_node-1] 
[telemetry_node-1] During handling of the above exception, another exception occurred:
[telemetry_node-1] 
[telemetry_node-1] Traceback (most recent call last):
[telemetry_node-1]   File "/root/drone_ws/install/fc_ros/lib/fc_ros/telemetry_node", line 33, in <module>
[telemetry_node-1]     sys.exit(load_entry_point('fc-ros==0.1.0', 'console_scripts', 'telemetry_node')())
[telemetry_node-1]   File "/root/drone_ws/install/fc_ros/lib/python3.10/site-packages/fc_ros/nodes/telemetry_node.py", line 111, in main
[telemetry_node-1]     node.destroy_node()
[telemetry_node-1]   File "/opt/ros/humble/local/lib/python3.10/dist-packages/rclpy/node.py", line 1691, in destroy_node
[offboard_node-2]     wait_set.wait(timeout_nsec)
[offboard_node-2] KeyboardInterrupt
[offboard_node-2] 
[offboard_node-2] During handling of the above exception, another exception occurred:
[offboard_node-2] 
[offboard_node-2] Traceback (most recent call last):
[offboard_node-2]   File "/root/drone_ws/install/fc_ros/lib/fc_ros/offboard_node", line 33, in <module>
[offboard_node-2]     sys.exit(load_entry_point('fc-ros==0.1.0', 'console_scripts', 'offboard_node')())
[offboard_node-2]   File "/root/drone_ws/install/fc_ros/lib/python3.10/site-packages/fc_ros/nodes/offboard_node.py", line 1501, in main
[offboard_node-2]     node.destroy_node()
[offboard_node-2]   File "/opt/ros/humble/local/lib/python3.10/dist-packages/rclpy/node.py", line 1687, in destroy_node
[telemetry_node-1]     self.destroy_service(self._services[0])
[telemetry_node-1]   File "/opt/ros/humble/local/lib/python3.10/dist-packages/rclpy/node.py", line 1615, in destroy_service
[telemetry_node-1]     service.destroy()
[telemetry_node-1]   File "/opt/ros/humble/local/lib/python3.10/dist-packages/rclpy/service.py", line 93, in destroy
[offboard_node-2]     self.destroy_subscription(self._subscriptions[0])
[offboard_node-2]   File "/opt/ros/humble/local/lib/python3.10/dist-packages/rclpy/node.py", line 1583, in destroy_subscription
[telemetry_node-1]     self.__service.destroy_when_not_in_use()
[telemetry_node-1] KeyboardInterrupt
[offboard_node-2]     subscription.destroy()
[offboard_node-2]   File "/opt/ros/humble/local/lib/python3.10/dist-packages/rclpy/subscription.py", line 80, in destroy
[offboard_node-2]     self.handle.destroy_when_not_in_use()
[offboard_node-2] KeyboardInterrupt
[ERROR] [telemetry_node-1]: process has died [pid 1168, exit code -2, cmd '/root/drone_ws/install/fc_ros/lib/fc_ros/telemetry_node --ros-args -r __node:=telemetry_node'].
[ERROR] [offboard_node-2]: process has died [pid 1170, exit code -2, cmd '/root/drone_ws/install/fc_ros/lib/fc_ros/offboard_node --ros-args -r __node:=offboard_node --params-file /root/drone_ws/install/fc_ros/share/fc_ros/params/fc_ros_params.yaml --params-file /tmp/launch_params_yb53ewfw'].
