[INFO] [launch]: All log files can be found below /root/.ros/log/2026-07-27-03-07-54-463923-DESKTOP-Kilogram-1105
[INFO] [launch]: Default logging verbosity is set to INFO
[INFO] [telemetry_node-1]: process started with pid [1107]
[INFO] [offboard_node-2]: process started with pid [1109]
[offboard_node-2] [INFO] [1785089275.909311474] [offboard_node]: ARM 요청
[offboard_node-2] [INFO] [1785089276.898036830] [offboard_node]: 경로 원점 = 이륙지점 [N=-0.02, E=0.00, h_up=0.04] 적용 (frame=takeoff) → WP0=[-0.02,0.00] 순항고도 h_up=50.04
[offboard_node-2] [INFO] [1785089276.906935743] [offboard_node]: CommandTOL 이륙 요청 alt=50.1m AMSL (지면 0.1+50.0) -> CLIMBING
[telemetry_node-1] [INFO] [1785089277.436802340] [telemetry_node]: pos_ned=[-0.01462183  0.00875889  0.03899872]  yaw=1.704  armed=True  vtol=3  batt=16.20V/100%
[telemetry_node-1] [INFO] [1785089279.385328569] [telemetry_node]: pos_ned=[-0.03351685  0.01459584  0.02222341]  yaw=1.704  armed=True  vtol=3  batt=16.16V/99%
[telemetry_node-1] [INFO] [1785089281.385458344] [telemetry_node]: pos_ned=[-0.03578393  0.03081254  0.37760848]  yaw=1.704  armed=True  vtol=3  batt=16.10V/96%
[telemetry_node-1] [INFO] [1785089283.386101317] [telemetry_node]: pos_ned=[-0.04734845  0.00615998  2.68245983]  yaw=1.703  armed=True  vtol=3  batt=16.04V/93%
[telemetry_node-1] [INFO] [1785089285.385806662] [telemetry_node]: pos_ned=[-8.83536355e-04  2.46052984e-02  5.37737131e+00]  yaw=1.700  armed=True  vtol=3  batt=15.98V/90%
[telemetry_node-1] [INFO] [1785089287.385695228] [telemetry_node]: pos_ned=[-4.72538080e-03  5.94836324e-02  8.19781876e+00]  yaw=1.698  armed=True  vtol=3  batt=15.92V/86%
[telemetry_node-1] [INFO] [1785089289.384952251] [telemetry_node]: pos_ned=[-0.03948674  0.0457659  11.46063328]  yaw=1.698  armed=True  vtol=3  batt=15.86V/83%
[telemetry_node-1] [INFO] [1785089291.385684671] [telemetry_node]: pos_ned=[-0.03163387  0.04184137 17.16065025]  yaw=1.699  armed=True  vtol=3  batt=15.80V/80%
[telemetry_node-1] [INFO] [1785089293.385500008] [telemetry_node]: pos_ned=[-0.03592278  0.04508217 22.98243904]  yaw=1.703  armed=True  vtol=3  batt=15.74V/76%
[telemetry_node-1] [INFO] [1785089295.385031450] [telemetry_node]: pos_ned=[-1.54139074e-02  3.97379212e-02  2.88437119e+01]  yaw=1.703  armed=True  vtol=3  batt=15.68V/73%
[telemetry_node-1] [INFO] [1785089297.385438911] [telemetry_node]: pos_ned=[-3.08519416e-02  3.55054950e-03  3.47931824e+01]  yaw=1.698  armed=True  vtol=3  batt=15.62V/70%
[telemetry_node-1] [INFO] [1785089299.385268578] [telemetry_node]: pos_ned=[-6.80339010e-03  2.27014236e-02  4.07281494e+01]  yaw=1.697  armed=True  vtol=3  batt=15.56V/66%
[telemetry_node-1] [INFO] [1785089301.385067244] [telemetry_node]: pos_ned=[-2.74025667e-02  3.28041054e-02  4.60098267e+01]  yaw=1.699  armed=True  vtol=3  batt=15.50V/63%
[telemetry_node-1] [INFO] [1785089303.386553303] [telemetry_node]: pos_ned=[-1.85473058e-02  4.84086946e-02  4.85498924e+01]  yaw=1.703  armed=True  vtol=3  batt=15.44V/60%
[telemetry_node-1] [INFO] [1785089305.386112592] [telemetry_node]: pos_ned=[-2.32772473e-02  4.42598946e-02  4.95657005e+01]  yaw=1.706  armed=True  vtol=3  batt=15.38V/56%
[offboard_node-2] [INFO] [1785089305.397481065] [offboard_node]: 운용 고도 50.0m 도달 → transition_fw
[telemetry_node-1] [INFO] [1785089308.785778998] [telemetry_node]: pos_ned=[-2.07937043e-02  3.66382375e-02  4.96337967e+01]  yaw=1.707  armed=True  vtol=3  batt=15.38V/56%
[telemetry_node-1] [INFO] [1785089309.385841164] [telemetry_node]: pos_ned=[-2.27979738e-02  3.44249010e-02  4.97701988e+01]  yaw=1.710  armed=True  vtol=3  batt=15.32V/53%
[offboard_node-2] [INFO] [1785089310.398063667] [offboard_node]: 천이 전 MC OFFBOARD 요청 (헤딩 정렬 대기)
[telemetry_node-1] [INFO] [1785089311.387533705] [telemetry_node]: pos_ned=[-1.75372753e-02  4.22246419e-02  5.00146103e+01]  yaw=1.711  armed=True  vtol=3  batt=15.30V/50%
[telemetry_node-1] [INFO] [1785089313.385681412] [telemetry_node]: pos_ned=[-3.83171588e-02  6.54231608e-02  5.02312279e+01]  yaw=0.878  armed=True  vtol=3  batt=15.30V/50%
[telemetry_node-1] [INFO] [1785089315.386175066] [telemetry_node]: pos_ned=[-1.14564098e-01  1.35246916e-02  5.04371758e+01]  yaw=0.417  armed=True  vtol=3  batt=15.30V/50%
[telemetry_node-1] [INFO] [1785089317.385030891] [telemetry_node]: pos_ned=[-1.40987396e-01 -2.29542609e-02  5.06394119e+01]  yaw=0.227  armed=True  vtol=3  batt=15.30V/50%
[telemetry_node-1] [INFO] [1785089319.384996575] [telemetry_node]: pos_ned=[-1.72743782e-01  5.81753161e-03  5.08650475e+01]  yaw=0.127  armed=True  vtol=3  batt=15.30V/50%
[telemetry_node-1] [INFO] [1785089321.385197610] [telemetry_node]: pos_ned=[-1.10672928e-01  7.87226204e-03  5.11257820e+01]  yaw=0.071  armed=True  vtol=3  batt=15.30V/50%
[telemetry_node-1] [INFO] [1785089323.384995741] [telemetry_node]: pos_ned=[-1.23212427e-01 -4.71221842e-03  5.13644333e+01]  yaw=0.043  armed=True  vtol=3  batt=15.30V/50%
[offboard_node-2] [INFO] [1785089324.597015184] [offboard_node]: 헤딩 정렬 완료 target=0.0° current=2.3° err=-2.3° (20틱 안정) → 전진 + 천이 명령
[offboard_node-2] [INFO] [1785089324.598496597] [offboard_node]: MC→FW 천이 명령 요청 (위치 setpoint 직선 천이)
[telemetry_node-1] [INFO] [1785089325.385028175] [telemetry_node]: pos_ned=[ 4.34832368e-03 -5.94274327e-03  5.15276833e+01]  yaw=0.040  armed=True  vtol=1  batt=15.30V/50%
[telemetry_node-1] [INFO] [1785089327.385176222] [telemetry_node]: pos_ned=[11.60660839 -0.40869743 51.50911713]  yaw=-0.036  armed=True  vtol=4  batt=15.30V/50%
[offboard_node-2] [INFO] [1785089327.396649089] [offboard_node]: FW 전환 완료 -> STREAMING
[offboard_node-2] [INFO] [1785089327.502793035] [offboard_node]: OFFBOARD 확인 → FOLLOWING
[offboard_node-2] [INFO] [1785089327.611615957] [offboard_node]: FOLLOWING 시작 pos=[15.6,-0.6] tgt=[85.6,0.0] cte=-0.6m mode=OFFBOARD
[telemetry_node-1] [INFO] [1785089329.385176888] [telemetry_node]: pos_ned=[45.80293655 -1.21862555 51.9359169 ]  yaw=-0.002  armed=True  vtol=4  batt=15.30V/50%
[offboard_node-2] [INFO] [1785089329.511470634] [offboard_node]: FOLLOWING tick=20 mode=OFFBOARD cte=-1.2m pos=[47.4,-1.2] tgt=[117.4,0.0]
[telemetry_node-1] [INFO] [1785089331.385309678] [telemetry_node]: pos_ned=[75.81845093 -1.05010092 50.30278397]  yaw=0.011  armed=True  vtol=4  batt=15.30V/50%
[offboard_node-2] [INFO] [1785089331.514807288] [offboard_node]: FOLLOWING tick=40 mode=OFFBOARD cte=-1.0m pos=[77.3,-1.0] tgt=[147.3,0.0]
[telemetry_node-1] [INFO] [1785089333.384964692] [telemetry_node]: pos_ned=[106.67695618  -0.82257932  49.56972122]  yaw=0.011  armed=True  vtol=4  batt=15.30V/50%
[offboard_node-2] [INFO] [1785089333.508895819] [offboard_node]: FOLLOWING tick=60 mode=OFFBOARD cte=-0.8m pos=[108.1,-0.8] tgt=[178.1,0.0]
[telemetry_node-1] [INFO] [1785089335.385523898] [telemetry_node]: pos_ned=[136.61154175  -0.61829877  49.35771942]  yaw=0.002  armed=True  vtol=4  batt=15.30V/50%
[offboard_node-2] [INFO] [1785089335.507945768] [offboard_node]: FOLLOWING tick=80 mode=OFFBOARD cte=-0.6m pos=[138.0,-0.6] tgt=[208.0,0.0]
[telemetry_node-1] [INFO] [1785089337.385473369] [telemetry_node]: pos_ned=[166.09240723  -0.42255178  49.42028427]  yaw=-0.008  armed=True  vtol=4  batt=15.30V/50%
[offboard_node-2] [INFO] [1785089337.511668593] [offboard_node]: FOLLOWING tick=100 mode=OFFBOARD cte=-0.4m pos=[167.5,-0.4] tgt=[237.5,0.0]
[telemetry_node-1] [INFO] [1785089339.385342804] [telemetry_node]: pos_ned=[194.97322083  -0.24557358  49.49712372]  yaw=-0.010  armed=True  vtol=4  batt=15.30V/50%
[offboard_node-2] [INFO] [1785089339.511342777] [offboard_node]: FOLLOWING tick=120 mode=OFFBOARD cte=-0.2m pos=[196.4,-0.2] tgt=[266.4,0.0]
[telemetry_node-1] [INFO] [1785089344.054047022] [telemetry_node]: pos_ned=[ 2.18317032e+02 -1.31234705e-01  4.95828056e+01]  yaw=-0.006  armed=True  vtol=4  batt=15.30V/50%
[offboard_node-2] [INFO] [1785089344.408315952] [offboard_node]: FOLLOWING tick=140 mode=OFFBOARD cte=-0.1m pos=[223.5,-0.1] tgt=[293.5,0.0]
[telemetry_node-1] [INFO] [1785089345.385329645] [telemetry_node]: pos_ned=[ 2.37132584e+02 -5.77429198e-02  4.96628532e+01]  yaw=-0.002  armed=True  vtol=4  batt=15.30V/50%
[offboard_node-2] [INFO] [1785089346.414825436] [offboard_node]: FOLLOWING tick=160 mode=OFFBOARD cte=0.0m pos=[251.8,0.0] tgt=[300.0,0.0]
[telemetry_node-1] [INFO] [1785089347.385891860] [telemetry_node]: pos_ned=[2.65406097e+02 8.38886872e-02 4.97365265e+01]  yaw=0.001  armed=True  vtol=4  batt=15.30V/50%
[offboard_node-2] [INFO] [1785089348.415710568] [offboard_node]: FOLLOWING tick=180 mode=OFFBOARD cte=0.2m pos=[279.5,0.2] tgt=[300.0,0.0]
[offboard_node-2] [INFO] [1785089349.210888035] [offboard_node]: 경로 추종 완료 -> transition_mc
[offboard_node-2] [INFO] [1785089349.299664996] [offboard_node]: FW->MC 역천이 명령 요청
[telemetry_node-1] [INFO] [1785089349.385935068] [telemetry_node]: pos_ned=[2.93616547e+02 2.17329636e-01 4.97899208e+01]  yaw=-0.000  armed=True  vtol=2  batt=15.30V/50%
[telemetry_node-1] [INFO] [1785089351.385353038] [telemetry_node]: pos_ned=[318.68945312   0.32300919  50.00196075]  yaw=-0.006  armed=True  vtol=2  batt=15.30V/50%
[telemetry_node-1] [INFO] [1785089353.385538861] [telemetry_node]: pos_ned=[336.09970093   0.58825922  50.78222656]  yaw=-0.009  armed=True  vtol=2  batt=15.30V/50%
[offboard_node-2] [INFO] [1785089354.597335484] [offboard_node]: MC 전환 완료 -> HOLD (WP1 복귀)
[telemetry_node-1] [INFO] [1785089355.385931092] [telemetry_node]: pos_ned=[346.75430298   0.93687999  50.46844482]  yaw=-0.022  armed=True  vtol=3  batt=15.30V/50%
[offboard_node-2] [INFO] [1785089356.596909373] [offboard_node]: WP1 홀드 dist=41.0m speed=8.6m/s stable=0/10
[telemetry_node-1] [INFO] [1785089357.385299478] [telemetry_node]: pos_ned=[334.59924316   0.83889019  49.93421173]  yaw=-0.006  armed=True  vtol=3  batt=15.30V/50%
[offboard_node-2] [INFO] [1785089358.596718579] [offboard_node]: WP1 홀드 dist=25.9m speed=8.1m/s stable=0/10
[telemetry_node-1] [INFO] [1785089359.384769485] [telemetry_node]: pos_ned=[319.53991699   0.46543109  49.92702103]  yaw=-0.002  armed=True  vtol=3  batt=15.30V/50%
[offboard_node-2] [INFO] [1785089360.597174400] [offboard_node]: WP1 홀드 dist=10.0m speed=8.0m/s stable=0/10
[telemetry_node-1] [INFO] [1785089361.385454853] [telemetry_node]: pos_ned=[3.04204803e+02 8.24301243e-02 5.01710739e+01]  yaw=-0.003  armed=True  vtol=3  batt=15.30V/50%
[offboard_node-2] [INFO] [1785089362.596704326] [offboard_node]: WP1 홀드 dist=0.8m speed=0.9m/s stable=2/10
[offboard_node-2] [INFO] [1785089363.297153380] [offboard_node]: WP1 도달·안정 → LANDING (dist=0.5m speed=0.1m/s)
[telemetry_node-1] [INFO] [1785089363.384986694] [telemetry_node]: pos_ned=[ 3.00431305e+02 -3.25297588e-03  5.00082016e+01]  yaw=-0.009  armed=True  vtol=3  batt=15.30V/50%
[offboard_node-2] [INFO] [1785089363.396739150] [offboard_node]: AUTO.LAND 요청
[telemetry_node-1] [INFO] [1785089365.385237624] [telemetry_node]: pos_ned=[ 3.00660370e+02 -1.61424074e-02  4.77593613e+01]  yaw=-0.009  armed=True  vtol=3  batt=15.30V/50%
[telemetry_node-1] [INFO] [1785089367.384825782] [telemetry_node]: pos_ned=[ 3.00445099e+02 -8.00033472e-03  4.48477859e+01]  yaw=-0.008  armed=True  vtol=3  batt=15.30V/50%
[telemetry_node-1] [INFO] [1785089369.384802336] [telemetry_node]: pos_ned=[ 3.00728027e+02 -2.44340044e-03  4.18377533e+01]  yaw=-0.009  armed=True  vtol=3  batt=15.30V/50%
[telemetry_node-1] [INFO] [1785089371.384709037] [telemetry_node]: pos_ned=[3.00567902e+02 1.78244412e-02 3.88394318e+01]  yaw=-0.010  armed=True  vtol=3  batt=15.30V/50%
[telemetry_node-1] [INFO] [1785089373.385451591] [telemetry_node]: pos_ned=[3.00661102e+02 4.82786866e-03 3.58862000e+01]  yaw=-0.011  armed=True  vtol=3  batt=15.30V/50%
[telemetry_node-1] [INFO] [1785089375.385283168] [telemetry_node]: pos_ned=[ 3.00604980e+02 -3.44034773e-03  3.28558998e+01]  yaw=-0.011  armed=True  vtol=3  batt=15.30V/50%
[telemetry_node-1] [INFO] [1785089379.769659674] [telemetry_node]: pos_ned=[3.00557434e+02 2.56005861e-02 3.11221771e+01]  yaw=-0.012  armed=True  vtol=3  batt=15.30V/50%
[telemetry_node-1] [INFO] [1785089381.385644942] [telemetry_node]: pos_ned=[3.00591217e+02 7.86556955e-03 2.86702518e+01]  yaw=-0.012  armed=True  vtol=3  batt=15.30V/50%
[telemetry_node-1] [INFO] [1785089383.385342212] [telemetry_node]: pos_ned=[ 3.00608368e+02 -6.13405649e-03  2.56542301e+01]  yaw=-0.012  armed=True  vtol=3  batt=15.30V/50%
[telemetry_node-1] [INFO] [1785089385.385101351] [telemetry_node]: pos_ned=[ 3.00514801e+02 -1.29384268e-02  2.26488552e+01]  yaw=-0.013  armed=True  vtol=3  batt=15.30V/50%
[telemetry_node-1] [INFO] [1785089387.385083575] [telemetry_node]: pos_ned=[ 3.00621094e+02 -3.87531407e-02  1.96847115e+01]  yaw=-0.014  armed=True  vtol=3  batt=15.30V/50%
[telemetry_node-1] [INFO] [1785089389.384900886] [telemetry_node]: pos_ned=[ 3.00547852e+02 -3.76535505e-02  1.66627808e+01]  yaw=-0.013  armed=True  vtol=3  batt=15.30V/50%
[telemetry_node-1] [INFO] [1785089391.384796224] [telemetry_node]: pos_ned=[ 3.00535645e+02 -7.78867491e-03  1.36990223e+01]  yaw=-0.014  armed=True  vtol=3  batt=15.30V/50%
[telemetry_node-1] [INFO] [1785089393.384831524] [telemetry_node]: pos_ned=[ 3.00643585e+02 -1.37368450e-03  1.06886187e+01]  yaw=-0.015  armed=True  vtol=3  batt=15.30V/50%
[telemetry_node-1] [INFO] [1785089395.384829470] [telemetry_node]: pos_ned=[3.00531860e+02 2.00432749e-03 7.97980452e+00]  yaw=-0.015  armed=True  vtol=3  batt=15.30V/50%
[telemetry_node-1] [INFO] [1785089397.385098822] [telemetry_node]: pos_ned=[3.00619232e+02 9.37384646e-03 5.95733213e+00]  yaw=-0.016  armed=True  vtol=3  batt=15.30V/50%
[telemetry_node-1] [INFO] [1785089399.384929371] [telemetry_node]: pos_ned=[3.00564636e+02 2.90120263e-02 4.43876505e+00]  yaw=-0.015  armed=True  vtol=3  batt=15.30V/50%
[telemetry_node-1] [INFO] [1785089401.385277487] [telemetry_node]: pos_ned=[ 3.00594238e+02 -9.92362946e-03  3.03545022e+00]  yaw=-0.016  armed=True  vtol=3  batt=15.30V/50%
[telemetry_node-1] [INFO] [1785089403.385085100] [telemetry_node]: pos_ned=[ 3.00583710e+02 -4.58793761e-03  1.64774585e+00]  yaw=-0.015  armed=True  vtol=3  batt=15.30V/50%
[telemetry_node-1] [INFO] [1785089405.384910221] [telemetry_node]: pos_ned=[ 3.00508514e+02 -1.61367543e-02  2.61486202e-01]  yaw=-0.015  armed=True  vtol=3  batt=15.30V/50%
[telemetry_node-1] [INFO] [1785089407.385917949] [telemetry_node]: pos_ned=[ 3.00484375e+02 -2.65124608e-02  5.86177036e-02]  yaw=-0.016  armed=True  vtol=3  batt=15.30V/50%
[telemetry_node-1] [INFO] [1785089409.386775447] [telemetry_node]: pos_ned=[ 3.00476562e+02 -3.44037376e-02  2.73336694e-02]  yaw=-0.017  armed=True  vtol=3  batt=15.30V/50%
[offboard_node-2] [INFO] [1785089409.496876403] [offboard_node]: 착륙 완료 (disarmed) -> DONE
[telemetry_node-1] [INFO] [1785089411.385527907] [telemetry_node]: pos_ned=[ 3.00493774e+02 -4.85252626e-02 -2.91191041e-04]  yaw=-0.018  armed=False  vtol=3  batt=16.20V/70%
[telemetry_node-1] [INFO] [1785089415.101149837] [telemetry_node]: pos_ned=[ 3.00502258e+02 -3.29959206e-02  8.21718574e-03]  yaw=-0.018  armed=False  vtol=3  batt=16.20V/96%
[telemetry_node-1] [INFO] [1785089415.384977292] [telemetry_node]: pos_ned=[ 3.00497864e+02 -2.15207245e-02  6.30423427e-03]  yaw=-0.018  armed=False  vtol=3  batt=16.20V/96%
[telemetry_node-1] [INFO] [1785089417.384758231] [telemetry_node]: pos_ned=[ 3.00504120e+02 -1.54741772e-03  1.65499225e-02]  yaw=-0.018  armed=False  vtol=3  batt=16.20V/99%
[WARNING] [launch]: user interrupted with ctrl-c (SIGINT)
[INFO] [offboard_node-2]: sending signal 'SIGINT' to process[offboard_node-2]
[INFO] [telemetry_node-1]: sending signal 'SIGINT' to process[telemetry_node-1]
[offboard_node-2] Traceback (most recent call last):
[offboard_node-2]   File "/root/drone_ws/install/fc_ros/lib/python3.10/site-packages/fc_ros/nodes/offboard_node.py", line 1204, in main
[offboard_node-2]     rclpy.spin(node)
[offboard_node-2]   File "/opt/ros/humble/local/lib/python3.10/dist-packages/rclpy/__init__.py", line 229, in spin
[telemetry_node-1] Traceback (most recent call last):
[telemetry_node-1]   File "/root/drone_ws/install/fc_ros/lib/python3.10/site-packages/fc_ros/nodes/telemetry_node.py", line 109, in main
[telemetry_node-1]     rclpy.spin(node)
[telemetry_node-1]   File "/opt/ros/humble/local/lib/python3.10/dist-packages/rclpy/__init__.py", line 229, in spin
[offboard_node-2]     executor.spin_once()
[offboard_node-2]   File "/opt/ros/humble/local/lib/python3.10/dist-packages/rclpy/executors.py", line 808, in spin_once
[telemetry_node-1]     executor.spin_once()
[telemetry_node-1]   File "/opt/ros/humble/local/lib/python3.10/dist-packages/rclpy/executors.py", line 808, in spin_once
[telemetry_node-1]     self._spin_once_impl(timeout_sec)
[telemetry_node-1]   File "/opt/ros/humble/local/lib/python3.10/dist-packages/rclpy/executors.py", line 797, in _spin_once_impl
[offboard_node-2]     self._spin_once_impl(timeout_sec)
[offboard_node-2]   File "/opt/ros/humble/local/lib/python3.10/dist-packages/rclpy/executors.py", line 797, in _spin_once_impl
[telemetry_node-1]     handler, entity, node = self.wait_for_ready_callbacks(timeout_sec=timeout_sec)
[telemetry_node-1]   File "/opt/ros/humble/local/lib/python3.10/dist-packages/rclpy/executors.py", line 780, in wait_for_ready_callbacks
[offboard_node-2]     handler, entity, node = self.wait_for_ready_callbacks(timeout_sec=timeout_sec)
[offboard_node-2]   File "/opt/ros/humble/local/lib/python3.10/dist-packages/rclpy/executors.py", line 780, in wait_for_ready_callbacks
[offboard_node-2]     return next(self._cb_iter)
[offboard_node-2]   File "/opt/ros/humble/local/lib/python3.10/dist-packages/rclpy/executors.py", line 677, in _wait_for_ready_callbacks
[offboard_node-2]     wait_set.wait(timeout_nsec)
[offboard_node-2] KeyboardInterrupt
[offboard_node-2] 
[offboard_node-2] During handling of the above exception, another exception occurred:
[offboard_node-2] 
[offboard_node-2] Traceback (most recent call last):
[offboard_node-2]   File "/root/drone_ws/install/fc_ros/lib/fc_ros/offboard_node", line 33, in <module>
[telemetry_node-1]     return next(self._cb_iter)
[telemetry_node-1]   File "/opt/ros/humble/local/lib/python3.10/dist-packages/rclpy/executors.py", line 677, in _wait_for_ready_callbacks
[telemetry_node-1]     wait_set.wait(timeout_nsec)
[telemetry_node-1] KeyboardInterrupt
[telemetry_node-1] 
[telemetry_node-1] During handling of the above exception, another exception occurred:
[telemetry_node-1] 
[telemetry_node-1] Traceback (most recent call last):
[telemetry_node-1]   File "/root/drone_ws/install/fc_ros/lib/fc_ros/telemetry_node", line 33, in <module>
[telemetry_node-1]     sys.exit(load_entry_point('fc-ros==0.1.0', 'console_scripts', 'telemetry_node')())
[telemetry_node-1]   File "/root/drone_ws/install/fc_ros/lib/python3.10/site-packages/fc_ros/nodes/telemetry_node.py", line 111, in main
[telemetry_node-1]     node.destroy_node()
[telemetry_node-1]   File "/opt/ros/humble/local/lib/python3.10/dist-packages/rclpy/node.py", line 1691, in destroy_node
[offboard_node-2]     sys.exit(load_entry_point('fc-ros==0.1.0', 'console_scripts', 'offboard_node')())
[offboard_node-2]   File "/root/drone_ws/install/fc_ros/lib/python3.10/site-packages/fc_ros/nodes/offboard_node.py", line 1206, in main
[offboard_node-2]     node.destroy_node()
[offboard_node-2]   File "/opt/ros/humble/local/lib/python3.10/dist-packages/rclpy/node.py", line 1687, in destroy_node
[offboard_node-2]     self.destroy_subscription(self._subscriptions[0])
[offboard_node-2]   File "/opt/ros/humble/local/lib/python3.10/dist-packages/rclpy/node.py", line 1583, in destroy_subscription
[telemetry_node-1]     self.destroy_service(self._services[0])
[telemetry_node-1]   File "/opt/ros/humble/local/lib/python3.10/dist-packages/rclpy/node.py", line 1615, in destroy_service
[offboard_node-2]     subscription.destroy()
[offboard_node-2]   File "/opt/ros/humble/local/lib/python3.10/dist-packages/rclpy/subscription.py", line 80, in destroy
[telemetry_node-1]     service.destroy()
[telemetry_node-1]   File "/opt/ros/humble/local/lib/python3.10/dist-packages/rclpy/service.py", line 93, in destroy
[offboard_node-2]     self.handle.destroy_when_not_in_use()
[offboard_node-2] KeyboardInterrupt
[telemetry_node-1]     self.__service.destroy_when_not_in_use()
[telemetry_node-1] KeyboardInterrupt
[ERROR] [telemetry_node-1]: process has died [pid 1107, exit code -2, cmd '/root/drone_ws/install/fc_ros/lib/fc_ros/telemetry_node --ros-args -r __node:=telemetry_node'].
[ERROR] [offboard_node-2]: process has died [pid 1109, exit code -2, cmd '/root/drone_ws/install/fc_ros/lib/fc_ros/offboard_node --ros-args -r __node:=offboard_node --params-file /root/drone_ws/install/fc_ros/share/fc_ros/params/fc_ros_params.yaml --params-file /tmp/launch_params_gt0ga86a'].
