[INFO] [launch]: All log files can be found below /root/.ros/log/2026-07-27-04-52-26-715708-DESKTOP-Kilogram-1077
[INFO] [launch]: Default logging verbosity is set to INFO
[INFO] [telemetry_node-1]: process started with pid [1079]
[INFO] [offboard_node-2]: process started with pid [1081]
[telemetry_node-1] [INFO] [1785095549.853499278] [telemetry_node]: pos_ned=[ 0.01791698 -0.00289969 -0.002049  ]  yaw=1.677  armed=False  vtol=3  batt=16.20V/100%
[telemetry_node-1] [INFO] [1785095554.748582964] [telemetry_node]: pos_ned=[0.00965573 0.01111804 0.01132751]  yaw=1.678  armed=False  vtol=3  batt=16.20V/100%
[telemetry_node-1] [INFO] [1785095555.759433595] [telemetry_node]: pos_ned=[0.01283552 0.02098121 0.02817296]  yaw=1.678  armed=False  vtol=3  batt=16.20V/100%
[telemetry_node-1] [INFO] [1785095557.759069397] [telemetry_node]: pos_ned=[ 0.00165089 -0.01577915  0.04792715]  yaw=1.676  armed=False  vtol=3  batt=16.20V/100%
[telemetry_node-1] [INFO] [1785095559.760492102] [telemetry_node]: pos_ned=[ 0.00824187 -0.00172281  0.00153056]  yaw=1.677  armed=False  vtol=3  batt=16.20V/100%
[telemetry_node-1] [INFO] [1785095561.758452140] [telemetry_node]: pos_ned=[ 0.01120782 -0.01031439  0.01780256]  yaw=1.674  armed=False  vtol=3  batt=16.20V/100%
[telemetry_node-1] [INFO] [1785095563.758661003] [telemetry_node]: pos_ned=[-0.00815881 -0.00290551  0.04874336]  yaw=1.673  armed=False  vtol=3  batt=16.20V/100%
[telemetry_node-1] [INFO] [1785095565.758751489] [telemetry_node]: pos_ned=[-0.01992099 -0.00333585  0.08010138]  yaw=1.671  armed=False  vtol=3  batt=16.20V/100%
[telemetry_node-1] [INFO] [1785095567.759010099] [telemetry_node]: pos_ned=[-0.00575292 -0.00938192  0.09650388]  yaw=1.670  armed=False  vtol=3  batt=16.20V/100%
[telemetry_node-1] [INFO] [1785095569.759300317] [telemetry_node]: pos_ned=[-0.01776314 -0.01378273  0.08966085]  yaw=1.670  armed=False  vtol=3  batt=16.20V/100%
[telemetry_node-1] [INFO] [1785095571.758829264] [telemetry_node]: pos_ned=[0.01018176 0.00727501 0.05985578]  yaw=1.669  armed=False  vtol=3  batt=16.20V/100%
[telemetry_node-1] [INFO] [1785095573.758346832] [telemetry_node]: pos_ned=[0.01174175 0.0232742  0.0343369 ]  yaw=1.669  armed=False  vtol=3  batt=16.20V/100%
[telemetry_node-1] [INFO] [1785095575.758443089] [telemetry_node]: pos_ned=[0.00807565 0.00843061 0.05345487]  yaw=1.669  armed=False  vtol=3  batt=16.20V/100%
[telemetry_node-1] [INFO] [1785095577.758435643] [telemetry_node]: pos_ned=[-0.00140872 -0.00800251  0.03781595]  yaw=1.670  armed=False  vtol=3  batt=16.20V/100%
[telemetry_node-1] [INFO] [1785095579.759653065] [telemetry_node]: pos_ned=[ 0.01623871 -0.00949663  0.0189038 ]  yaw=1.673  armed=False  vtol=3  batt=16.20V/100%
[telemetry_node-1] [INFO] [1785095581.758515508] [telemetry_node]: pos_ned=[0.01547331 0.0140541  0.00496735]  yaw=1.674  armed=False  vtol=3  batt=16.20V/100%
[telemetry_node-1] [INFO] [1785095583.758304912] [telemetry_node]: pos_ned=[ 0.0149469   0.03379829 -0.04731249]  yaw=1.675  armed=False  vtol=3  batt=16.20V/100%
[telemetry_node-1] [INFO] [1785095585.759311048] [telemetry_node]: pos_ned=[-0.01328704  0.0420527  -0.08608903]  yaw=1.677  armed=False  vtol=3  batt=16.20V/100%
[telemetry_node-1] [INFO] [1785095590.642071426] [telemetry_node]: pos_ned=[-0.03534473  0.0408395  -0.09253668]  yaw=1.678  armed=False  vtol=3  batt=16.20V/100%
[telemetry_node-1] [INFO] [1785095591.758823786] [telemetry_node]: pos_ned=[-0.00687344  0.01983127 -0.09260526]  yaw=1.679  armed=False  vtol=3  batt=16.20V/100%
[telemetry_node-1] [INFO] [1785095593.758985882] [telemetry_node]: pos_ned=[-0.03265712  0.00728481 -0.07174921]  yaw=1.682  armed=False  vtol=3  batt=16.20V/100%
[telemetry_node-1] [INFO] [1785095595.758955342] [telemetry_node]: pos_ned=[ 0.00074945 -0.00052671 -0.09197134]  yaw=1.683  armed=False  vtol=3  batt=16.20V/100%
[telemetry_node-1] [INFO] [1785095597.758356161] [telemetry_node]: pos_ned=[-0.00188084 -0.01815747 -0.13038608]  yaw=1.681  armed=False  vtol=3  batt=16.20V/100%
[telemetry_node-1] [INFO] [1785095599.758717995] [telemetry_node]: pos_ned=[-0.0007424  -0.00720002 -0.12842485]  yaw=1.682  armed=False  vtol=3  batt=16.20V/100%
[telemetry_node-1] [INFO] [1785095601.758785620] [telemetry_node]: pos_ned=[ 0.01151144 -0.00076191 -0.11867769]  yaw=1.682  armed=False  vtol=3  batt=16.20V/100%
[telemetry_node-1] [INFO] [1785095603.758212563] [telemetry_node]: pos_ned=[-0.01090269 -0.01178369 -0.08432425]  yaw=1.681  armed=False  vtol=3  batt=16.20V/100%
[telemetry_node-1] [INFO] [1785095605.759064917] [telemetry_node]: pos_ned=[ 0.00561217 -0.00285127 -0.0897516 ]  yaw=1.682  armed=False  vtol=3  batt=16.20V/100%
[telemetry_node-1] [INFO] [1785095607.758803306] [telemetry_node]: pos_ned=[-0.00365365  0.01519436 -0.06759781]  yaw=1.682  armed=False  vtol=3  batt=16.20V/100%
[telemetry_node-1] [INFO] [1785095609.759986880] [telemetry_node]: pos_ned=[ 0.01570181  0.02571487 -0.06052693]  yaw=1.684  armed=False  vtol=3  batt=16.20V/100%
[telemetry_node-1] [INFO] [1785095611.758759094] [telemetry_node]: pos_ned=[ 0.05119349  0.03070743 -0.02090045]  yaw=1.683  armed=False  vtol=3  batt=16.20V/100%
[telemetry_node-1] [INFO] [1785095613.758948847] [telemetry_node]: pos_ned=[0.03151208 0.02417928 0.0174928 ]  yaw=1.681  armed=False  vtol=3  batt=16.20V/100%
[telemetry_node-1] [INFO] [1785095615.759112311] [telemetry_node]: pos_ned=[0.01235146 0.01456804 0.05626383]  yaw=1.678  armed=False  vtol=3  batt=16.20V/100%
[telemetry_node-1] [INFO] [1785095617.759191266] [telemetry_node]: pos_ned=[0.00156526 0.0089244  0.09963519]  yaw=1.675  armed=False  vtol=3  batt=16.20V/100%
[telemetry_node-1] [INFO] [1785095619.758996502] [telemetry_node]: pos_ned=[0.0057475  0.01046473 0.12411863]  yaw=1.672  armed=False  vtol=3  batt=16.20V/100%
[telemetry_node-1] [INFO] [1785095621.758762057] [telemetry_node]: pos_ned=[ 0.01121977 -0.00409234  0.12160268]  yaw=1.672  armed=False  vtol=3  batt=16.20V/100%
[offboard_node-2] [Eta3ClothoidPlannerV3] WARNING: NR pos residual 6.283m is large. affine correction guarantees WP passage but curve may be deformed.
[offboard_node-2] [INFO] [1785095622.400931903] [offboard_node]: ARM 요청
[offboard_node-2] [INFO] [1785095622.946830292] [offboard_node]: 경로 원점 = 이륙지점 [N=0.03, E=-0.02, h_up=0.12] 적용 (frame=takeoff) → WP0=[0.03,-0.02] 순항고도 h_up=50.12
[offboard_node-2] [INFO] [1785095622.955246037] [offboard_node]: CommandTOL 이륙 요청 alt=50.2m AMSL (지면 0.2+50.0) -> CLIMBING
[telemetry_node-1] [INFO] [1785095626.548979012] [telemetry_node]: pos_ned=[ 0.0313473  -0.0158696   0.11906015]  yaw=1.669  armed=True  vtol=3  batt=16.18V/100%
[telemetry_node-1] [INFO] [1785095627.758064333] [telemetry_node]: pos_ned=[ 0.030113   -0.02398658  0.12654579]  yaw=1.668  armed=True  vtol=3  batt=16.18V/100%
[telemetry_node-1] [INFO] [1785095629.757776640] [telemetry_node]: pos_ned=[0.00682917 0.0094727  0.13962477]  yaw=1.668  armed=True  vtol=3  batt=16.12V/97%
[telemetry_node-1] [INFO] [1785095631.757637289] [telemetry_node]: pos_ned=[-0.01660606  0.03522506  1.75743568]  yaw=1.655  armed=True  vtol=3  batt=16.06V/94%
[telemetry_node-1] [INFO] [1785095633.758174785] [telemetry_node]: pos_ned=[-0.01224589 -0.01426596  4.38808537]  yaw=1.641  armed=True  vtol=3  batt=16.00V/91%
[telemetry_node-1] [INFO] [1785095635.757752729] [telemetry_node]: pos_ned=[-0.01420669  0.01243073  7.26037502]  yaw=1.634  armed=True  vtol=3  batt=15.94V/87%
[telemetry_node-1] [INFO] [1785095637.757858820] [telemetry_node]: pos_ned=[-0.01634414  0.0188558  10.21635342]  yaw=1.625  armed=True  vtol=3  batt=15.88V/84%
[telemetry_node-1] [INFO] [1785095639.757615745] [telemetry_node]: pos_ned=[6.76323473e-03 5.94140999e-02 1.53683205e+01]  yaw=1.619  armed=True  vtol=3  batt=15.82V/81%
[telemetry_node-1] [INFO] [1785095641.757769712] [telemetry_node]: pos_ned=[-5.34116197e-03  3.57731655e-02  2.12613888e+01]  yaw=1.618  armed=True  vtol=3  batt=15.76V/77%
[telemetry_node-1] [INFO] [1785095643.757575038] [telemetry_node]: pos_ned=[5.88844810e-03 2.45130826e-02 2.72442055e+01]  yaw=1.619  armed=True  vtol=3  batt=15.70V/74%
[telemetry_node-1] [INFO] [1785095645.757734859] [telemetry_node]: pos_ned=[6.54454716e-03 4.16663028e-02 3.31792068e+01]  yaw=1.616  armed=True  vtol=3  batt=15.64V/71%
[telemetry_node-1] [INFO] [1785095647.757764159] [telemetry_node]: pos_ned=[ 1.53913395e-02 -4.11627861e-03  3.91913528e+01]  yaw=1.617  armed=True  vtol=3  batt=15.58V/67%
[telemetry_node-1] [INFO] [1785095649.758249295] [telemetry_node]: pos_ned=[ 4.39970084e-02 -6.22014049e-03  4.49517097e+01]  yaw=1.614  armed=True  vtol=3  batt=15.52V/64%
[telemetry_node-1] [INFO] [1785095651.758863082] [telemetry_node]: pos_ned=[6.42958507e-02 9.29029938e-03 4.80848961e+01]  yaw=1.611  armed=True  vtol=3  batt=15.46V/61%
[telemetry_node-1] [INFO] [1785095653.757925668] [telemetry_node]: pos_ned=[1.97214019e-02 2.02447008e-02 4.93879280e+01]  yaw=1.613  armed=True  vtol=3  batt=15.40V/57%
[offboard_node-2] [INFO] [1785095654.545469702] [offboard_node]: 운용 고도 50.0m 도달 → transition_fw
[telemetry_node-1] [INFO] [1785095655.758744894] [telemetry_node]: pos_ned=[1.65744964e-02 1.64830405e-02 4.98618164e+01]  yaw=1.606  armed=True  vtol=3  batt=15.34V/54%
[offboard_node-2] [INFO] [1785095656.545969869] [offboard_node]: 천이 전 MC OFFBOARD 요청 (헤딩 정렬 대기)
[telemetry_node-1] [INFO] [1785095657.757853858] [telemetry_node]: pos_ned=[2.29131076e-02 6.68653694e-04 4.99719086e+01]  yaw=1.544  armed=True  vtol=3  batt=15.30V/51%
[telemetry_node-1] [INFO] [1785095662.349249703] [telemetry_node]: pos_ned=[ 4.00151722e-02 -1.34606473e-02  4.99652863e+01]  yaw=1.089  armed=True  vtol=3  batt=15.30V/50%
[telemetry_node-1] [INFO] [1785095663.758302412] [telemetry_node]: pos_ned=[ 2.56069675e-02 -4.05412130e-02  4.99400101e+01]  yaw=0.652  armed=True  vtol=3  batt=15.30V/50%
[telemetry_node-1] [INFO] [1785095665.757795853] [telemetry_node]: pos_ned=[-0.05766115 -0.10304251 49.88897705]  yaw=0.349  armed=True  vtol=3  batt=15.30V/50%
[telemetry_node-1] [INFO] [1785095667.757644761] [telemetry_node]: pos_ned=[-0.16857667 -0.18529506 49.84210205]  yaw=0.193  armed=True  vtol=3  batt=15.30V/50%
[telemetry_node-1] [INFO] [1785095669.757792692] [telemetry_node]: pos_ned=[-0.24484639 -0.21635915 49.81096268]  yaw=0.108  armed=True  vtol=3  batt=15.30V/50%
[telemetry_node-1] [INFO] [1785095671.757805560] [telemetry_node]: pos_ned=[-0.26224223 -0.23115346 49.76241302]  yaw=0.061  armed=True  vtol=3  batt=15.30V/50%
[telemetry_node-1] [INFO] [1785095673.757603614] [telemetry_node]: pos_ned=[-0.27774537 -0.23926134 49.70504379]  yaw=0.042  armed=True  vtol=3  batt=15.30V/50%
[offboard_node-2] [INFO] [1785095674.445749002] [offboard_node]: 헤딩 정렬 완료 target=-0.0° current=2.4° err=-2.4° (20틱 안정) → 전진 + 천이 명령
[offboard_node-2] [INFO] [1785095674.446976876] [offboard_node]: MC→FW 천이 명령 요청 (위치 setpoint 직선 천이)
[telemetry_node-1] [INFO] [1785095675.758140557] [telemetry_node]: pos_ned=[ 0.305985   -0.21494596 49.75596237]  yaw=0.043  armed=True  vtol=1  batt=15.30V/50%
[offboard_node-2] [INFO] [1785095677.145380339] [offboard_node]: FW 전환 완료 -> STREAMING
[offboard_node-2] [INFO] [1785095677.255060144] [offboard_node]: OFFBOARD 확인 → FOLLOWING
[offboard_node-2] [INFO] [1785095677.366354441] [offboard_node]: FOLLOWING 시작 pos=[13.2,-0.8] tgt=[83.2,-0.0] cte=-0.8m mode=OFFBOARD
[telemetry_node-1] [INFO] [1785095677.758018782] [telemetry_node]: pos_ned=[20.9811573  -1.11608768 49.03138351]  yaw=-0.001  armed=True  vtol=4  batt=15.30V/50%
[offboard_node-2] [INFO] [1785095679.269713974] [offboard_node]: FOLLOWING tick=20 mode=OFFBOARD cte=-0.7m pos=[44.8,-0.7] tgt=[114.8,-0.0]
[telemetry_node-1] [INFO] [1785095679.757734653] [telemetry_node]: pos_ned=[52.61110687 -0.70151174 51.45137405]  yaw=0.009  armed=True  vtol=4  batt=15.30V/50%
[offboard_node-2] [INFO] [1785095681.281324076] [offboard_node]: FOLLOWING tick=40 mode=OFFBOARD cte=-0.1m pos=[72.5,-0.1] tgt=[142.5,-0.0]
[telemetry_node-1] [INFO] [1785095681.758400466] [telemetry_node]: pos_ned=[8.05814285e+01 6.01844676e-02 4.86841583e+01]  yaw=0.025  armed=True  vtol=4  batt=15.30V/50%
[offboard_node-2] [INFO] [1785095683.273703880] [offboard_node]: FOLLOWING tick=60 mode=OFFBOARD cte=0.2m pos=[103.5,0.2] tgt=[173.5,-0.0]
[telemetry_node-1] [INFO] [1785095683.758603087] [telemetry_node]: pos_ned=[111.65381622   0.26446924  49.16766739]  yaw=0.039  armed=True  vtol=4  batt=15.30V/50%
[offboard_node-2] [INFO] [1785095685.274423444] [offboard_node]: FOLLOWING tick=80 mode=OFFBOARD cte=0.4m pos=[133.6,0.4] tgt=[203.6,-0.0]
[telemetry_node-1] [INFO] [1785095685.758250617] [telemetry_node]: pos_ned=[141.20962524   0.38433424  48.91473389]  yaw=0.022  armed=True  vtol=4  batt=15.30V/50%
[offboard_node-2] [INFO] [1785095687.276055242] [offboard_node]: FOLLOWING tick=100 mode=OFFBOARD cte=0.4m pos=[163.3,0.3] tgt=[233.3,-0.1]
[telemetry_node-1] [INFO] [1785095687.758433690] [telemetry_node]: pos_ned=[170.53065491   0.29494774  49.2145462 ]  yaw=-0.011  armed=True  vtol=4  batt=15.30V/50%
[offboard_node-2] [INFO] [1785095689.271040468] [offboard_node]: FOLLOWING tick=120 mode=OFFBOARD cte=0.1m pos=[191.7,0.2] tgt=[250.1,11.7]
[telemetry_node-1] [INFO] [1785095689.758075978] [telemetry_node]: pos_ned=[199.44831848   0.37094662  49.24023819]  yaw=-0.007  armed=True  vtol=4  batt=15.30V/50%
[offboard_node-2] [INFO] [1785095691.276408768] [offboard_node]: FOLLOWING tick=140 mode=OFFBOARD cte=5.0m pos=[220.2,4.9] tgt=[250.0,44.4]
[telemetry_node-1] [INFO] [1785095691.758401050] [telemetry_node]: pos_ned=[227.0128479    8.4351511   47.86681747]  yaw=0.285  armed=True  vtol=4  batt=15.30V/50%
[offboard_node-2] [INFO] [1785095693.273098928] [offboard_node]: FOLLOWING tick=160 mode=OFFBOARD cte=7.0m pos=[243.2,26.2] tgt=[250.0,96.4]
[telemetry_node-1] [INFO] [1785095693.758895787] [telemetry_node]: pos_ned=[246.00804138  34.26521301  45.41989899]  yaw=1.092  armed=True  vtol=4  batt=15.30V/50%
[telemetry_node-1] [INFO] [1785095698.014587440] [telemetry_node]: pos_ned=[247.95021057  46.8827095   46.77988052]  yaw=1.414  armed=True  vtol=4  batt=15.30V/50%
[offboard_node-2] [INFO] [1785095698.577722581] [offboard_node]: FOLLOWING tick=180 mode=OFFBOARD cte=1.4m pos=[248.7,55.2] tgt=[250.0,125.2]
[telemetry_node-1] [INFO] [1785095699.758048789] [telemetry_node]: pos_ned=[250.00534058  71.4549942   50.13534927]  yaw=1.879  armed=True  vtol=4  batt=15.30V/50%
[offboard_node-2] [INFO] [1785095700.567061298] [offboard_node]: FOLLOWING tick=200 mode=OFFBOARD cte=-0.2m pos=[250.2,82.7] tgt=[250.0,152.7]
[telemetry_node-1] [INFO] [1785095701.758044690] [telemetry_node]: pos_ned=[249.74725342 100.78246307  49.11103439]  yaw=1.920  armed=True  vtol=4  batt=15.30V/50%
[offboard_node-2] [INFO] [1785095702.581048667] [offboard_node]: FOLLOWING tick=220 mode=OFFBOARD cte=0.3m pos=[249.7,112.0] tgt=[250.0,182.0]
[telemetry_node-1] [INFO] [1785095703.758806809] [telemetry_node]: pos_ned=[249.69203186 129.00247192  50.5016861 ]  yaw=1.577  armed=True  vtol=4  batt=15.30V/50%
[offboard_node-2] [INFO] [1785095704.567995653] [offboard_node]: FOLLOWING tick=240 mode=OFFBOARD cte=0.4m pos=[249.7,140.1] tgt=[250.0,210.1]
[telemetry_node-1] [INFO] [1785095705.758862184] [telemetry_node]: pos_ned=[249.68960571 156.94972229  50.19001007]  yaw=1.355  armed=True  vtol=4  batt=15.30V/50%
[offboard_node-2] [INFO] [1785095706.566512296] [offboard_node]: FOLLOWING tick=260 mode=OFFBOARD cte=0.2m pos=[249.8,168.4] tgt=[250.0,238.4]
[telemetry_node-1] [INFO] [1785095707.757893884] [telemetry_node]: pos_ned=[249.90258789 185.60192871  50.20272446]  yaw=1.478  armed=True  vtol=4  batt=15.30V/50%
[offboard_node-2] [INFO] [1785095708.568654548] [offboard_node]: FOLLOWING tick=280 mode=OFFBOARD cte=0.1m pos=[249.9,196.9] tgt=[250.0,250.0]
[telemetry_node-1] [INFO] [1785095709.757864808] [telemetry_node]: pos_ned=[249.95507812 213.66488647  50.61101151]  yaw=1.718  armed=True  vtol=4  batt=15.30V/50%
[offboard_node-2] [INFO] [1785095710.571010481] [offboard_node]: FOLLOWING tick=300 mode=OFFBOARD cte=0.1m pos=[250.0,224.9] tgt=[250.0,250.0]
[offboard_node-2] [INFO] [1785095711.668832101] [offboard_node]: 경로 추종 완료 -> transition_mc
[offboard_node-2] [INFO] [1785095711.746393475] [offboard_node]: FW->MC 역천이 명령 요청
[telemetry_node-1] [INFO] [1785095711.757929192] [telemetry_node]: pos_ned=[249.97801208 241.94729614  50.31246567]  yaw=1.767  armed=True  vtol=4  batt=15.30V/50%
[telemetry_node-1] [INFO] [1785095713.757869119] [telemetry_node]: pos_ned=[250.4901886  267.77700806  50.41278076]  yaw=1.702  armed=True  vtol=2  batt=15.30V/50%
[telemetry_node-1] [INFO] [1785095715.757704284] [telemetry_node]: pos_ned=[250.92877197 285.66394043  51.36925507]  yaw=1.765  armed=True  vtol=2  batt=15.30V/50%
[offboard_node-2] [INFO] [1785095716.945546411] [offboard_node]: MC 전환 완료 -> HOLD (WP1 복귀)
[telemetry_node-1] [INFO] [1785095717.757582141] [telemetry_node]: pos_ned=[251.22129822 296.87069702  50.62572098]  yaw=1.853  armed=True  vtol=3  batt=15.30V/50%
[offboard_node-2] [INFO] [1785095718.945919384] [offboard_node]: WP1 홀드 dist=41.1m speed=8.7m/s stable=0/10
[telemetry_node-1] [INFO] [1785095719.757687552] [telemetry_node]: pos_ned=[250.79203796 284.74142456  49.93529129]  yaw=1.782  armed=True  vtol=3  batt=15.30V/50%
[offboard_node-2] [INFO] [1785095720.945685542] [offboard_node]: WP1 홀드 dist=26.0m speed=8.2m/s stable=0/10
[telemetry_node-1] [INFO] [1785095721.757645252] [telemetry_node]: pos_ned=[250.48681641 269.66412354  49.89576721]  yaw=1.767  armed=True  vtol=3  batt=15.30V/50%
[offboard_node-2] [INFO] [1785095722.945663274] [offboard_node]: WP1 홀드 dist=10.2m speed=8.0m/s stable=0/10
[telemetry_node-1] [INFO] [1785095723.757780168] [telemetry_node]: pos_ned=[250.17243958 254.3625946   50.12876892]  yaw=1.769  armed=True  vtol=3  batt=15.30V/50%
[offboard_node-2] [INFO] [1785095724.945693894] [offboard_node]: WP1 홀드 dist=1.0m speed=1.0m/s stable=1/10
[offboard_node-2] [INFO] [1785095725.745473677] [offboard_node]: WP1 도달·안정 → LANDING (dist=0.5m speed=0.2m/s)
[telemetry_node-1] [INFO] [1785095725.757752828] [telemetry_node]: pos_ned=[250.16294861 250.51139832  50.00584793]  yaw=1.770  armed=True  vtol=3  batt=15.30V/50%
[offboard_node-2] [INFO] [1785095725.845825135] [offboard_node]: AUTO.LAND 요청
[telemetry_node-1] [INFO] [1785095727.757659165] [telemetry_node]: pos_ned=[249.9289856  250.6725769   47.90800476]  yaw=1.756  armed=True  vtol=3  batt=15.30V/50%
[telemetry_node-1] [INFO] [1785095729.757627530] [telemetry_node]: pos_ned=[249.99432373 250.44787598  44.97842789]  yaw=1.755  armed=True  vtol=3  batt=15.30V/50%
[telemetry_node-1] [INFO] [1785095733.823855238] [telemetry_node]: pos_ned=[249.97085571 250.48750305  44.23252487]  yaw=1.757  armed=True  vtol=3  batt=15.30V/50%
[telemetry_node-1] [INFO] [1785095735.758328641] [telemetry_node]: pos_ned=[249.96713257 250.72758484  41.31531525]  yaw=1.758  armed=True  vtol=3  batt=15.30V/50%
[telemetry_node-1] [INFO] [1785095737.757744502] [telemetry_node]: pos_ned=[250.02407837 250.56547546  38.30429459]  yaw=1.759  armed=True  vtol=3  batt=15.30V/50%
[telemetry_node-1] [INFO] [1785095739.757817657] [telemetry_node]: pos_ned=[250.00283813 250.64279175  35.33629227]  yaw=1.761  armed=True  vtol=3  batt=15.30V/50%
[telemetry_node-1] [INFO] [1785095741.757814239] [telemetry_node]: pos_ned=[250.00466919 250.58346558  32.27954865]  yaw=1.762  armed=True  vtol=3  batt=15.30V/50%
[telemetry_node-1] [INFO] [1785095743.757708623] [telemetry_node]: pos_ned=[250.00038147 250.56510925  29.2668705 ]  yaw=1.764  armed=True  vtol=3  batt=15.30V/50%
[telemetry_node-1] [INFO] [1785095745.757882650] [telemetry_node]: pos_ned=[249.96757507 250.64498901  26.23551559]  yaw=1.766  armed=True  vtol=3  batt=15.30V/50%
[telemetry_node-1] [INFO] [1785095747.757968177] [telemetry_node]: pos_ned=[249.98080444 250.58021545  23.20138168]  yaw=1.767  armed=True  vtol=3  batt=15.30V/50%
[telemetry_node-1] [INFO] [1785095749.757730906] [telemetry_node]: pos_ned=[249.94924927 250.67616272  20.21478653]  yaw=1.770  armed=True  vtol=3  batt=15.30V/50%
[telemetry_node-1] [INFO] [1785095751.757901170] [telemetry_node]: pos_ned=[249.96261597 250.56944275  17.2232399 ]  yaw=1.772  armed=True  vtol=3  batt=15.30V/50%
[telemetry_node-1] [INFO] [1785095753.757940575] [telemetry_node]: pos_ned=[249.96154785 250.6138916   14.26592827]  yaw=1.774  armed=True  vtol=3  batt=15.30V/50%
[telemetry_node-1] [INFO] [1785095755.757668381] [telemetry_node]: pos_ned=[249.97540283 250.55955505  11.27227306]  yaw=1.775  armed=True  vtol=3  batt=15.30V/50%
[telemetry_node-1] [INFO] [1785095757.757741044] [telemetry_node]: pos_ned=[249.98970032 250.5874176    8.4689846 ]  yaw=1.777  armed=True  vtol=3  batt=15.30V/50%
[telemetry_node-1] [INFO] [1785095759.757733883] [telemetry_node]: pos_ned=[249.9760437  250.64167786   6.33501673]  yaw=1.780  armed=True  vtol=3  batt=15.30V/50%
[telemetry_node-1] [INFO] [1785095761.758098494] [telemetry_node]: pos_ned=[249.94136047 250.59913635   4.78264141]  yaw=1.781  armed=True  vtol=3  batt=15.30V/50%
[telemetry_node-1] [INFO] [1785095763.757965629] [telemetry_node]: pos_ned=[249.94413757 250.64231873   3.39143515]  yaw=1.783  armed=True  vtol=3  batt=15.30V/50%
[telemetry_node-1] [INFO] [1785095765.758022115] [telemetry_node]: pos_ned=[249.96646118 250.5813446    2.01214623]  yaw=1.785  armed=True  vtol=3  batt=15.30V/50%
[telemetry_node-1] [INFO] [1785095769.592912993] [telemetry_node]: pos_ned=[249.96995544 250.58615112   1.78404522]  yaw=1.785  armed=True  vtol=3  batt=15.30V/50%
[telemetry_node-1] [INFO] [1785095769.757680841] [telemetry_node]: pos_ned=[249.97483826 250.59098816   1.66807187]  yaw=1.785  armed=True  vtol=3  batt=15.30V/50%
[telemetry_node-1] [INFO] [1785095771.757698728] [telemetry_node]: pos_ned=[249.97395325 250.6451416    0.28751382]  yaw=1.787  armed=True  vtol=3  batt=15.30V/50%
[telemetry_node-1] [INFO] [1785095773.757846046] [telemetry_node]: pos_ned=[249.97738647 250.66020203   0.28285676]  yaw=1.790  armed=True  vtol=3  batt=15.30V/50%
[offboard_node-2] [INFO] [1785095775.645568962] [offboard_node]: 착륙 완료 (disarmed) -> DONE
[telemetry_node-1] [INFO] [1785095775.758204446] [telemetry_node]: pos_ned=[249.95774841 250.67698669   0.29464743]  yaw=1.792  armed=False  vtol=3  batt=15.30V/50%
[telemetry_node-1] [INFO] [1785095777.757964649] [telemetry_node]: pos_ned=[2.49950226e+02 2.50670486e+02 1.19779579e-01]  yaw=1.794  armed=False  vtol=3  batt=16.20V/90%
[telemetry_node-1] [INFO] [1785095779.757783623] [telemetry_node]: pos_ned=[2.49930328e+02 2.50681198e+02 5.22446111e-02]  yaw=1.796  armed=False  vtol=3  batt=16.20V/99%
[telemetry_node-1] [INFO] [1785095781.757768942] [telemetry_node]: pos_ned=[2.49951248e+02 2.50662460e+02 3.08643654e-02]  yaw=1.797  armed=False  vtol=3  batt=16.20V/100%
[WARNING] [launch]: user interrupted with ctrl-c (SIGINT)
[INFO] [offboard_node-2]: sending signal 'SIGINT' to process[offboard_node-2]
[INFO] [telemetry_node-1]: sending signal 'SIGINT' to process[telemetry_node-1]
[offboard_node-2] Traceback (most recent call last):
[offboard_node-2]   File "/root/drone_ws/install/fc_ros/lib/python3.10/site-packages/fc_ros/nodes/offboard_node.py", line 1204, in main
[offboard_node-2]     rclpy.spin(node)
[offboard_node-2]   File "/opt/ros/humble/local/lib/python3.10/dist-packages/rclpy/__init__.py", line 229, in spin
[telemetry_node-1] Traceback (most recent call last):
[telemetry_node-1]   File "/root/drone_ws/install/fc_ros/lib/python3.10/site-packages/fc_ros/nodes/telemetry_node.py", line 109, in main
[telemetry_node-1]     rclpy.spin(node)
[telemetry_node-1]   File "/opt/ros/humble/local/lib/python3.10/dist-packages/rclpy/__init__.py", line 229, in spin
[offboard_node-2]     executor.spin_once()
[offboard_node-2]   File "/opt/ros/humble/local/lib/python3.10/dist-packages/rclpy/executors.py", line 808, in spin_once
[telemetry_node-1]     executor.spin_once()
[telemetry_node-1]   File "/opt/ros/humble/local/lib/python3.10/dist-packages/rclpy/executors.py", line 808, in spin_once
[telemetry_node-1]     self._spin_once_impl(timeout_sec)
[telemetry_node-1]   File "/opt/ros/humble/local/lib/python3.10/dist-packages/rclpy/executors.py", line 797, in _spin_once_impl
[telemetry_node-1]     handler, entity, node = self.wait_for_ready_callbacks(timeout_sec=timeout_sec)
[telemetry_node-1]   File "/opt/ros/humble/local/lib/python3.10/dist-packages/rclpy/executors.py", line 780, in wait_for_ready_callbacks
[telemetry_node-1]     return next(self._cb_iter)
[telemetry_node-1]   File "/opt/ros/humble/local/lib/python3.10/dist-packages/rclpy/executors.py", line 677, in _wait_for_ready_callbacks
[telemetry_node-1]     wait_set.wait(timeout_nsec)
[telemetry_node-1] KeyboardInterrupt
[telemetry_node-1] 
[telemetry_node-1] During handling of the above exception, another exception occurred:
[telemetry_node-1] 
[telemetry_node-1] Traceback (most recent call last):
[telemetry_node-1]   File "/root/drone_ws/install/fc_ros/lib/fc_ros/telemetry_node", line 33, in <module>
[telemetry_node-1]     sys.exit(load_entry_point('fc-ros==0.1.0', 'console_scripts', 'telemetry_node')())
[telemetry_node-1]   File "/root/drone_ws/install/fc_ros/lib/python3.10/site-packages/fc_ros/nodes/telemetry_node.py", line 111, in main
[telemetry_node-1]     node.destroy_node()
[telemetry_node-1]   File "/opt/ros/humble/local/lib/python3.10/dist-packages/rclpy/node.py", line 1691, in destroy_node
[offboard_node-2]     self._spin_once_impl(timeout_sec)
[offboard_node-2]   File "/opt/ros/humble/local/lib/python3.10/dist-packages/rclpy/executors.py", line 803, in _spin_once_impl
[offboard_node-2]     handler()
[offboard_node-2]   File "/opt/ros/humble/local/lib/python3.10/dist-packages/rclpy/task.py", line 256, in __call__
[offboard_node-2]     self._execute_coroutine_step(self._handler)
[offboard_node-2]   File "/opt/ros/humble/local/lib/python3.10/dist-packages/rclpy/task.py", line 272, in _execute_coroutine_step
[offboard_node-2]     result = coro.send(None)
[offboard_node-2]   File "/opt/ros/humble/local/lib/python3.10/dist-packages/rclpy/executors.py", line 488, in handler
[offboard_node-2]     await call_coroutine(entity, arg)
[offboard_node-2]   File "/opt/ros/humble/local/lib/python3.10/dist-packages/rclpy/executors.py", line 396, in _execute_timer
[offboard_node-2]     await await_or_execute(tmr.callback)
[offboard_node-2]   File "/opt/ros/humble/local/lib/python3.10/dist-packages/rclpy/executors.py", line 110, in await_or_execute
[offboard_node-2]     return callback(*args)
[offboard_node-2]   File "/root/drone_ws/install/fc_ros/lib/python3.10/site-packages/fc_ros/nodes/offboard_node.py", line 480, in _control_callback
[telemetry_node-1]     self.destroy_service(self._services[0])
[telemetry_node-1]   File "/opt/ros/humble/local/lib/python3.10/dist-packages/rclpy/node.py", line 1615, in destroy_service
[telemetry_node-1]     service.destroy()
[telemetry_node-1]   File "/opt/ros/humble/local/lib/python3.10/dist-packages/rclpy/service.py", line 93, in destroy
[offboard_node-2]     and self._sm not in (_State.PILOT_TAKEOVER, _State.DONE)
[offboard_node-2] KeyboardInterrupt
[offboard_node-2] 
[offboard_node-2] During handling of the above exception, another exception occurred:
[offboard_node-2] 
[offboard_node-2] Traceback (most recent call last):
[offboard_node-2]   File "/root/drone_ws/install/fc_ros/lib/fc_ros/offboard_node", line 33, in <module>
[telemetry_node-1]     self.__service.destroy_when_not_in_use()
[telemetry_node-1] KeyboardInterrupt
[offboard_node-2]     sys.exit(load_entry_point('fc-ros==0.1.0', 'console_scripts', 'offboard_node')())
[offboard_node-2]   File "/root/drone_ws/install/fc_ros/lib/python3.10/site-packages/fc_ros/nodes/offboard_node.py", line 1206, in main
[offboard_node-2]     node.destroy_node()
[offboard_node-2]   File "/opt/ros/humble/local/lib/python3.10/dist-packages/rclpy/node.py", line 1687, in destroy_node
[offboard_node-2]     self.destroy_subscription(self._subscriptions[0])
[offboard_node-2]   File "/opt/ros/humble/local/lib/python3.10/dist-packages/rclpy/node.py", line 1583, in destroy_subscription
[offboard_node-2]     subscription.destroy()
[offboard_node-2]   File "/opt/ros/humble/local/lib/python3.10/dist-packages/rclpy/subscription.py", line 80, in destroy
[offboard_node-2]     self.handle.destroy_when_not_in_use()
[offboard_node-2] KeyboardInterrupt
[ERROR] [telemetry_node-1]: process has died [pid 1079, exit code -2, cmd '/root/drone_ws/install/fc_ros/lib/fc_ros/telemetry_node --ros-args -r __node:=telemetry_node'].
[ERROR] [offboard_node-2]: process has died [pid 1081, exit code -2, cmd '/root/drone_ws/install/fc_ros/lib/fc_ros/offboard_node --ros-args -r __node:=offboard_node --params-file /root/drone_ws/install/fc_ros/share/fc_ros/params/fc_ros_params.yaml --params-file /tmp/launch_params_bx4ai60k'].
