[INFO] [launch]: All log files can be found below /root/.ros/log/2026-07-27-06-54-34-826263-DESKTOP-Kilogram-1169
[INFO] [launch]: Default logging verbosity is set to INFO
[INFO] [telemetry_node-1]: process started with pid [1198]
[INFO] [offboard_node-2]: process started with pid [1200]
[offboard_node-2] [INFO] [1785102876.731933450] [offboard_node]: ARM 요청
[offboard_node-2] [INFO] [1785102877.450781218] [offboard_node]: CommandTOL 이륙 요청 alt=50.1m AMSL (지면 0.1+50.0) -> CLIMBING
[telemetry_node-1] [INFO] [1785102878.351561368] [telemetry_node]: pos_ned=[ 0.04496489 -0.01003544 -0.00235718]  yaw=1.688  armed=True  vtol=3  batt=0.00V/100%
[telemetry_node-1] [INFO] [1785102880.298390262] [telemetry_node]: pos_ned=[ 0.02073632 -0.02306403 -0.05646996]  yaw=1.688  armed=True  vtol=3  batt=16.16V/99%
[telemetry_node-1] [INFO] [1785102882.298085706] [telemetry_node]: pos_ned=[-0.01007885  0.40604499  0.76573884]  yaw=1.659  armed=True  vtol=3  batt=16.10V/96%
[telemetry_node-1] [INFO] [1785102884.297639519] [telemetry_node]: pos_ned=[0.01228522 0.34593055 3.5522995 ]  yaw=1.657  armed=True  vtol=3  batt=16.04V/93%
[telemetry_node-1] [INFO] [1785102886.297112854] [telemetry_node]: pos_ned=[0.02120848 0.16249201 6.52024317]  yaw=1.640  armed=True  vtol=3  batt=15.98V/89%
[telemetry_node-1] [INFO] [1785102888.297325323] [telemetry_node]: pos_ned=[0.02135677 0.11160363 9.66484451]  yaw=1.639  armed=True  vtol=3  batt=15.92V/86%
[telemetry_node-1] [INFO] [1785102890.298871065] [telemetry_node]: pos_ned=[ 0.03597099  0.08487328 14.49046135]  yaw=1.633  armed=True  vtol=3  batt=15.86V/83%
[telemetry_node-1] [INFO] [1785102892.297830165] [telemetry_node]: pos_ned=[2.02402472e-02 4.66739461e-02 2.04056015e+01]  yaw=1.630  armed=True  vtol=3  batt=15.80V/79%
[telemetry_node-1] [INFO] [1785102894.297823378] [telemetry_node]: pos_ned=[3.12102400e-02 2.25482639e-02 2.62921562e+01]  yaw=1.627  armed=True  vtol=3  batt=15.74V/76%
[telemetry_node-1] [INFO] [1785102896.298038988] [telemetry_node]: pos_ned=[6.51640398e-03 2.56927181e-02 3.23023033e+01]  yaw=1.627  armed=True  vtol=3  batt=15.68V/73%
[telemetry_node-1] [INFO] [1785102898.297087161] [telemetry_node]: pos_ned=[2.33567655e-02 2.10717693e-02 3.83200150e+01]  yaw=1.627  armed=True  vtol=3  batt=15.62V/69%
[telemetry_node-1] [INFO] [1785102900.297416822] [telemetry_node]: pos_ned=[ 6.33671414e-03 -3.44115263e-03  4.21954765e+01]  yaw=1.627  armed=True  vtol=3  batt=15.56V/66%
[telemetry_node-1] [INFO] [1785102902.297185674] [telemetry_node]: pos_ned=[ 1.91269852e-02 -8.78604129e-03  4.68080978e+01]  yaw=1.627  armed=True  vtol=3  batt=15.50V/63%
[telemetry_node-1] [INFO] [1785102904.297372057] [telemetry_node]: pos_ned=[4.87919012e-03 1.13065513e-02 4.88655128e+01]  yaw=1.628  armed=True  vtol=3  batt=15.44V/59%
[offboard_node-2] [INFO] [1785102905.848925222] [offboard_node]: 운용 고도 50.0m 도달 → transition_fw
[telemetry_node-1] [INFO] [1785102906.298070512] [telemetry_node]: pos_ned=[ 3.18617672e-02 -1.82416700e-02  4.96484871e+01]  yaw=1.627  armed=True  vtol=3  batt=15.38V/56%
[offboard_node-2] [INFO] [1785102907.850462318] [offboard_node]: 천이 전 MC OFFBOARD 요청 (헤딩 정렬 대기)
[telemetry_node-1] [INFO] [1785102908.297803184] [telemetry_node]: pos_ned=[ 2.86425147e-02 -4.34625968e-02  4.99175949e+01]  yaw=1.626  armed=True  vtol=3  batt=15.32V/53%
[telemetry_node-1] [INFO] [1785102910.296787161] [telemetry_node]: pos_ned=[-5.94452256e-03 -9.17914696e-03  5.00536079e+01]  yaw=0.982  armed=True  vtol=3  batt=15.30V/50%
[telemetry_node-1] [INFO] [1785102912.298077514] [telemetry_node]: pos_ned=[-1.07219955e-02 -4.25163843e-02  5.01392441e+01]  yaw=0.480  armed=True  vtol=3  batt=15.30V/50%
[telemetry_node-1] [INFO] [1785102914.298016637] [telemetry_node]: pos_ned=[-3.00316960e-02 -8.45005587e-02  5.02359009e+01]  yaw=0.266  armed=True  vtol=3  batt=15.30V/50%
[telemetry_node-1] [INFO] [1785102916.298103220] [telemetry_node]: pos_ned=[-0.07202419 -0.06158099 50.29735565]  yaw=0.146  armed=True  vtol=3  batt=15.30V/50%
[telemetry_node-1] [INFO] [1785102918.297694225] [telemetry_node]: pos_ned=[-4.44453955e-02 -4.39400263e-02  5.03416824e+01]  yaw=0.083  armed=True  vtol=3  batt=15.30V/50%
[telemetry_node-1] [INFO] [1785102920.297022074] [telemetry_node]: pos_ned=[-1.58237945e-02 -3.99641879e-02  5.03760872e+01]  yaw=0.047  armed=True  vtol=3  batt=15.30V/50%
[offboard_node-2] [INFO] [1785102921.949393343] [offboard_node]: 헤딩 정렬 완료 target=0.0° current=2.5° err=-2.5° (20틱 안정) → 전진 + 천이 명령
[offboard_node-2] [INFO] [1785102921.950729205] [offboard_node]: MC→FW 천이 명령 요청 (위치 setpoint 직선 천이)
[telemetry_node-1] [INFO] [1785102922.296857869] [telemetry_node]: pos_ned=[-2.05336697e-02 -8.82458314e-02  5.03993378e+01]  yaw=0.037  armed=True  vtol=1  batt=15.30V/50%
[telemetry_node-1] [INFO] [1785102924.297265505] [telemetry_node]: pos_ned=[ 6.02812433  0.35556793 50.42412567]  yaw=-0.252  armed=True  vtol=1  batt=15.30V/50%
[offboard_node-2] [INFO] [1785102924.648728197] [offboard_node]: FW 전환 완료 -> STREAMING
[offboard_node-2] [INFO] [1785102924.755684747] [offboard_node]: OFFBOARD 확인 → FOLLOWING
[offboard_node-2] [INFO] [1785102924.861612268] [offboard_node]: FOLLOWING 시작 pos=[13.3,-0.2] tgt=[83.3,0.0] cte=-0.2m mode=OFFBOARD
[telemetry_node-1] [INFO] [1785102926.297405485] [telemetry_node]: pos_ned=[37.98912048 -1.71367514 52.19908905]  yaw=-0.767  armed=True  vtol=4  batt=15.30V/50%
[offboard_node-2] [INFO] [1785102926.763135393] [offboard_node]: FOLLOWING tick=20 mode=OFFBOARD cte=-1.6m pos=[45.4,-1.6] tgt=[115.4,0.0]
[telemetry_node-1] [INFO] [1785102928.298592613] [telemetry_node]: pos_ned=[71.74562836 -3.12779045 47.32793045]  yaw=-0.876  armed=True  vtol=4  batt=15.30V/50%
[offboard_node-2] [INFO] [1785102928.762103133] [offboard_node]: FOLLOWING tick=40 mode=OFFBOARD cte=-4.0m pos=[80.3,-4.0] tgt=[150.3,0.0]
[telemetry_node-1] [INFO] [1785102930.298239756] [telemetry_node]: pos_ned=[110.34898376  -2.55463433  50.09037018]  yaw=-0.183  armed=True  vtol=4  batt=15.30V/50%
[offboard_node-2] [INFO] [1785102930.765661190] [offboard_node]: FOLLOWING tick=60 mode=OFFBOARD cte=-1.8m pos=[117.7,-1.8] tgt=[187.7,0.0]
[telemetry_node-1] [INFO] [1785102932.598633207] [telemetry_node]: pos_ned=[134.9914856   -0.29412723  51.27019501]  yaw=0.050  armed=True  vtol=4  batt=15.30V/50%
[offboard_node-2] [INFO] [1785102933.469433589] [offboard_node]: FOLLOWING tick=80 mode=OFFBOARD cte=0.7m pos=[148.1,0.7] tgt=[218.1,0.0]
[telemetry_node-1] [INFO] [1785102934.297290280] [telemetry_node]: pos_ned=[161.2559967    1.26201034  48.78204346]  yaw=-0.056  armed=True  vtol=4  batt=15.30V/50%
[offboard_node-2] [INFO] [1785102935.466815274] [offboard_node]: FOLLOWING tick=100 mode=OFFBOARD cte=1.4m pos=[178.8,1.4] tgt=[248.8,0.0]
[telemetry_node-1] [INFO] [1785102936.298391171] [telemetry_node]: pos_ned=[189.95433044   1.65741932  50.33619308]  yaw=-0.540  armed=True  vtol=4  batt=15.30V/50%
[offboard_node-2] [INFO] [1785102937.480484615] [offboard_node]: FOLLOWING tick=120 mode=OFFBOARD cte=1.7m pos=[205.7,1.7] tgt=[275.7,0.0]
[telemetry_node-1] [INFO] [1785102938.297708542] [telemetry_node]: pos_ned=[217.79322815   1.01620686  48.43737793]  yaw=-0.818  armed=True  vtol=4  batt=15.30V/50%
[offboard_node-2] [INFO] [1785102939.465492800] [offboard_node]: FOLLOWING tick=140 mode=OFFBOARD cte=-0.5m pos=[237.2,-0.5] tgt=[300.0,0.0]
[telemetry_node-1] [INFO] [1785102940.298757335] [telemetry_node]: pos_ned=[250.98910522  -0.72955799  48.72354889]  yaw=-0.491  armed=True  vtol=4  batt=15.30V/50%
[offboard_node-2] [INFO] [1785102941.467157826] [offboard_node]: FOLLOWING tick=160 mode=OFFBOARD cte=-0.2m pos=[269.1,-0.2] tgt=[300.0,0.0]
[telemetry_node-1] [INFO] [1785102942.297716867] [telemetry_node]: pos_ned=[281.61254883   0.40174735  50.88851166]  yaw=-0.185  armed=True  vtol=4  batt=15.30V/50%
[offboard_node-2] [INFO] [1785102942.974261655] [offboard_node]: 경로 추종 완료 -> transition_mc
[offboard_node-2] [INFO] [1785102943.052081605] [offboard_node]: FW->MC 역천이 명령 요청
[telemetry_node-1] [INFO] [1785102944.300575180] [telemetry_node]: pos_ned=[308.8722229    0.97631598  50.0036087 ]  yaw=-0.215  armed=True  vtol=2  batt=15.30V/50%
[telemetry_node-1] [INFO] [1785102946.299262603] [telemetry_node]: pos_ned=[330.33285522   2.88093305  51.03868103]  yaw=-0.158  armed=True  vtol=2  batt=15.30V/50%
[offboard_node-2] [INFO] [1785102948.249791437] [offboard_node]: MC 전환 완료 -> HOLD (WP1 복귀)
[telemetry_node-1] [INFO] [1785102948.298225902] [telemetry_node]: pos_ned=[344.1307373    5.62173796  50.89881516]  yaw=-0.257  armed=True  vtol=3  batt=15.30V/50%
[offboard_node-2] [INFO] [1785102950.254105274] [offboard_node]: WP1 홀드 dist=43.6m speed=8.1m/s stable=0/10
[telemetry_node-1] [INFO] [1785102950.298521163] [telemetry_node]: pos_ned=[342.90808105   6.26388121  49.77612305]  yaw=-0.214  armed=True  vtol=3  batt=15.30V/50%
[offboard_node-2] [INFO] [1785102952.249545305] [offboard_node]: WP1 홀드 dist=28.7m speed=8.1m/s stable=0/10
[telemetry_node-1] [INFO] [1785102952.298072117] [telemetry_node]: pos_ned=[328.20782471   3.98805833  49.86239624]  yaw=-0.239  armed=True  vtol=3  batt=15.30V/50%
[offboard_node-2] [INFO] [1785102954.249392266] [offboard_node]: WP1 홀드 dist=12.9m speed=8.0m/s stable=0/10
[telemetry_node-1] [INFO] [1785102954.298121888] [telemetry_node]: pos_ned=[312.51559448   1.62854528  49.87405014]  yaw=-0.230  armed=True  vtol=3  batt=15.30V/50%
[offboard_node-2] [INFO] [1785102956.249822185] [offboard_node]: WP1 홀드 dist=1.5m speed=1.9m/s stable=0/10
[telemetry_node-1] [INFO] [1785102956.297781234] [telemetry_node]: pos_ned=[301.39187622   0.46477732  50.17557907]  yaw=-0.358  armed=True  vtol=3  batt=15.30V/50%
[offboard_node-2] [INFO] [1785102957.359806728] [offboard_node]: WP1 도달·안정 → LANDING (dist=0.6m speed=0.4m/s)
[offboard_node-2] [INFO] [1785102957.449843195] [offboard_node]: AUTO.LAND 요청
[telemetry_node-1] [INFO] [1785102958.297747068] [telemetry_node]: pos_ned=[ 3.00517456e+02 -1.46296799e-01  4.94014778e+01]  yaw=-0.348  armed=True  vtol=3  batt=15.30V/50%
[telemetry_node-1] [INFO] [1785102960.297293130] [telemetry_node]: pos_ned=[ 3.00408844e+02 -1.64852008e-01  4.65316315e+01]  yaw=-0.304  armed=True  vtol=3  batt=15.30V/50%
[telemetry_node-1] [INFO] [1785102962.298347840] [telemetry_node]: pos_ned=[ 3.00397675e+02 -7.12351352e-02  4.36218071e+01]  yaw=-0.373  armed=True  vtol=3  batt=15.30V/50%
[telemetry_node-1] [INFO] [1785102964.298157428] [telemetry_node]: pos_ned=[ 3.00616699e+02 -1.08013734e-01  4.06802330e+01]  yaw=-0.416  armed=True  vtol=3  batt=15.30V/50%
[telemetry_node-1] [INFO] [1785102966.297282743] [telemetry_node]: pos_ned=[ 3.00564667e+02 -6.19009957e-02  3.86588936e+01]  yaw=-0.433  armed=True  vtol=3  batt=15.30V/50%
[telemetry_node-1] [INFO] [1785102968.298301381] [telemetry_node]: pos_ned=[ 3.00469543e+02 -3.80734950e-02  3.57497177e+01]  yaw=-0.501  armed=True  vtol=3  batt=15.30V/50%
[telemetry_node-1] [INFO] [1785102970.297931303] [telemetry_node]: pos_ned=[ 3.00629578e+02 -1.49155185e-01  3.27263794e+01]  yaw=-0.533  armed=True  vtol=3  batt=15.30V/50%
[telemetry_node-1] [INFO] [1785102972.297436051] [telemetry_node]: pos_ned=[ 3.00450775e+02 -2.72079352e-02  2.97036228e+01]  yaw=-0.565  armed=True  vtol=3  batt=15.30V/50%
[telemetry_node-1] [INFO] [1785102974.298523637] [telemetry_node]: pos_ned=[ 3.00482605e+02 -5.93411103e-02  2.67821846e+01]  yaw=-0.626  armed=True  vtol=3  batt=15.30V/50%
[telemetry_node-1] [INFO] [1785102976.298012778] [telemetry_node]: pos_ned=[ 3.00616791e+02 -1.50173917e-01  2.38776932e+01]  yaw=-0.631  armed=True  vtol=3  batt=15.30V/50%
[telemetry_node-1] [INFO] [1785102978.297212242] [telemetry_node]: pos_ned=[3.00460022e+02 4.36446723e-03 2.08614998e+01]  yaw=-0.674  armed=True  vtol=3  batt=15.30V/50%
[telemetry_node-1] [INFO] [1785102980.298968699] [telemetry_node]: pos_ned=[ 3.00534912e+02 -9.09334123e-02  1.79168053e+01]  yaw=-0.710  armed=True  vtol=3  batt=15.30V/50%
[telemetry_node-1] [INFO] [1785102982.297349498] [telemetry_node]: pos_ned=[ 3.00526123e+02 -8.80290121e-02  1.48896589e+01]  yaw=-0.708  armed=True  vtol=3  batt=15.30V/50%
[telemetry_node-1] [INFO] [1785102984.297118062] [telemetry_node]: pos_ned=[ 3.00439972e+02 -3.05822529e-02  1.19067965e+01]  yaw=-0.751  armed=True  vtol=3  batt=15.30V/50%
[telemetry_node-1] [INFO] [1785102986.297694158] [telemetry_node]: pos_ned=[ 3.00562958e+02 -1.41865268e-01  9.04967690e+00]  yaw=-0.758  armed=True  vtol=3  batt=15.30V/50%
[telemetry_node-1] [INFO] [1785102988.297323955] [telemetry_node]: pos_ned=[3.00371338e+02 6.23983368e-02 6.72704077e+00]  yaw=-0.791  armed=True  vtol=3  batt=15.30V/50%
[telemetry_node-1] [INFO] [1785102990.297002381] [telemetry_node]: pos_ned=[ 3.00476257e+02 -2.41211895e-02  5.05360126e+00]  yaw=-0.857  armed=True  vtol=3  batt=15.30V/50%
[telemetry_node-1] [INFO] [1785102992.297764455] [telemetry_node]: pos_ned=[ 3.00491791e+02 -1.89791620e-02  3.67182279e+00]  yaw=-0.884  armed=True  vtol=3  batt=15.30V/50%
[telemetry_node-1] [INFO] [1785102994.296713308] [telemetry_node]: pos_ned=[3.00503876e+02 2.27037212e-03 2.30320621e+00]  yaw=-0.916  armed=True  vtol=3  batt=15.30V/50%
[telemetry_node-1] [INFO] [1785102996.297662403] [telemetry_node]: pos_ned=[ 3.00501007e+02 -1.70315653e-02  9.20247793e-01]  yaw=-0.933  armed=True  vtol=3  batt=15.30V/50%
[telemetry_node-1] [INFO] [1785102998.405280853] [telemetry_node]: pos_ned=[ 3.00522369e+02 -1.23969996e-02  1.54864758e-01]  yaw=-0.949  armed=True  vtol=3  batt=15.30V/50%
[telemetry_node-1] [INFO] [1785103000.297684419] [telemetry_node]: pos_ned=[ 3.00517303e+02 -1.14407912e-02  1.86761498e-01]  yaw=-0.950  armed=True  vtol=3  batt=15.30V/50%
[offboard_node-2] [INFO] [1785103001.549137830] [offboard_node]: 착륙 완료 (disarmed) -> DONE
[telemetry_node-1] [INFO] [1785103002.297870883] [telemetry_node]: pos_ned=[ 3.00519562e+02 -2.70669367e-02  1.68205172e-01]  yaw=-0.951  armed=False  vtol=3  batt=15.30V/50%
[telemetry_node-1] [INFO] [1785103004.303772106] [telemetry_node]: pos_ned=[3.00508453e+02 6.21183868e-03 6.32133335e-02]  yaw=-0.952  armed=False  vtol=3  batt=16.20V/87%
[telemetry_node-1] [INFO] [1785103006.297802413] [telemetry_node]: pos_ned=[3.00536621e+02 1.60135608e-03 1.50533617e-02]  yaw=-0.953  armed=False  vtol=3  batt=16.20V/98%
[WARNING] [launch]: user interrupted with ctrl-c (SIGINT)
[INFO] [offboard_node-2]: sending signal 'SIGINT' to process[offboard_node-2]
[INFO] [telemetry_node-1]: sending signal 'SIGINT' to process[telemetry_node-1]
[offboard_node-2] Traceback (most recent call last):
[offboard_node-2]   File "/root/drone_ws/install/fc_ros/lib/python3.10/site-packages/fc_ros/nodes/offboard_node.py", line 1204, in main
[offboard_node-2]     rclpy.spin(node)
[offboard_node-2]   File "/opt/ros/humble/local/lib/python3.10/dist-packages/rclpy/__init__.py", line 229, in spin
[offboard_node-2]     executor.spin_once()
[offboard_node-2]   File "/opt/ros/humble/local/lib/python3.10/dist-packages/rclpy/executors.py", line 808, in spin_once
[offboard_node-2]     self._spin_once_impl(timeout_sec)
[offboard_node-2]   File "/opt/ros/humble/local/lib/python3.10/dist-packages/rclpy/executors.py", line 797, in _spin_once_impl
[offboard_node-2]     handler, entity, node = self.wait_for_ready_callbacks(timeout_sec=timeout_sec)
[offboard_node-2]   File "/opt/ros/humble/local/lib/python3.10/dist-packages/rclpy/executors.py", line 780, in wait_for_ready_callbacks
[offboard_node-2]     return next(self._cb_iter)
[offboard_node-2]   File "/opt/ros/humble/local/lib/python3.10/dist-packages/rclpy/executors.py", line 677, in _wait_for_ready_callbacks
[offboard_node-2]     wait_set.wait(timeout_nsec)
[offboard_node-2] KeyboardInterrupt
[offboard_node-2] 
[offboard_node-2] During handling of the above exception, another exception occurred:
[offboard_node-2] 
[offboard_node-2] Traceback (most recent call last):
[offboard_node-2]   File "/root/drone_ws/install/fc_ros/lib/fc_ros/offboard_node", line 33, in <module>
[offboard_node-2]     sys.exit(load_entry_point('fc-ros==0.1.0', 'console_scripts', 'offboard_node')())
[offboard_node-2]   File "/root/drone_ws/install/fc_ros/lib/python3.10/site-packages/fc_ros/nodes/offboard_node.py", line 1206, in main
[offboard_node-2]     node.destroy_node()
[offboard_node-2]   File "/opt/ros/humble/local/lib/python3.10/dist-packages/rclpy/node.py", line 1691, in destroy_node
[offboard_node-2]     self.destroy_service(self._services[0])
[offboard_node-2]   File "/opt/ros/humble/local/lib/python3.10/dist-packages/rclpy/node.py", line 1618, in destroy_service
[offboard_node-2]     self._wake_executor()
[offboard_node-2]   File "/opt/ros/humble/local/lib/python3.10/dist-packages/rclpy/node.py", line 289, in _wake_executor
[offboard_node-2]     executor.wake()
[offboard_node-2]   File "/opt/ros/humble/local/lib/python3.10/dist-packages/rclpy/executors.py", line 313, in wake
[offboard_node-2]     self._guard.trigger()
[offboard_node-2]   File "/opt/ros/humble/local/lib/python3.10/dist-packages/rclpy/guard_condition.py", line 34, in trigger
[offboard_node-2]     self.__gc.trigger_guard_condition()
[offboard_node-2] KeyboardInterrupt
[telemetry_node-1] Traceback (most recent call last):
[telemetry_node-1]   File "/root/drone_ws/install/fc_ros/lib/python3.10/site-packages/fc_ros/nodes/telemetry_node.py", line 109, in main
[telemetry_node-1]     rclpy.spin(node)
[telemetry_node-1]   File "/opt/ros/humble/local/lib/python3.10/dist-packages/rclpy/__init__.py", line 229, in spin
[telemetry_node-1]     executor.spin_once()
[telemetry_node-1]   File "/opt/ros/humble/local/lib/python3.10/dist-packages/rclpy/executors.py", line 808, in spin_once
[telemetry_node-1]     self._spin_once_impl(timeout_sec)
[telemetry_node-1]   File "/opt/ros/humble/local/lib/python3.10/dist-packages/rclpy/executors.py", line 797, in _spin_once_impl
[telemetry_node-1]     handler, entity, node = self.wait_for_ready_callbacks(timeout_sec=timeout_sec)
[telemetry_node-1]   File "/opt/ros/humble/local/lib/python3.10/dist-packages/rclpy/executors.py", line 780, in wait_for_ready_callbacks
[telemetry_node-1]     return next(self._cb_iter)
[telemetry_node-1]   File "/opt/ros/humble/local/lib/python3.10/dist-packages/rclpy/executors.py", line 677, in _wait_for_ready_callbacks
[telemetry_node-1]     wait_set.wait(timeout_nsec)
[telemetry_node-1] KeyboardInterrupt
[telemetry_node-1] 
[telemetry_node-1] During handling of the above exception, another exception occurred:
[telemetry_node-1] 
[telemetry_node-1] Traceback (most recent call last):
[telemetry_node-1]   File "/root/drone_ws/install/fc_ros/lib/fc_ros/telemetry_node", line 33, in <module>
[telemetry_node-1]     sys.exit(load_entry_point('fc-ros==0.1.0', 'console_scripts', 'telemetry_node')())
[telemetry_node-1]   File "/root/drone_ws/install/fc_ros/lib/python3.10/site-packages/fc_ros/nodes/telemetry_node.py", line 111, in main
[telemetry_node-1]     node.destroy_node()
[telemetry_node-1]   File "/opt/ros/humble/local/lib/python3.10/dist-packages/rclpy/node.py", line 1696, in destroy_node
[telemetry_node-1]     self.__node.destroy_when_not_in_use()
[telemetry_node-1] KeyboardInterrupt
[ERROR] [telemetry_node-1]: process has died [pid 1198, exit code -2, cmd '/root/drone_ws/install/fc_ros/lib/fc_ros/telemetry_node --ros-args -r __node:=telemetry_node'].
[ERROR] [offboard_node-2]: process has died [pid 1200, exit code -2, cmd '/root/drone_ws/install/fc_ros/lib/fc_ros/offboard_node --ros-args -r __node:=offboard_node --params-file /root/drone_ws/install/fc_ros/share/fc_ros/params/fc_ros_params.yaml --params-file /tmp/launch_params_caanda0y'].
