[INFO] [launch]: All log files can be found below /root/.ros/log/2026-07-27-02-42-43-372501-DESKTOP-Kilogram-1095
[INFO] [launch]: Default logging verbosity is set to INFO
[INFO] [telemetry_node-1]: process started with pid [1099]
[INFO] [offboard_node-2]: process started with pid [1101]
[offboard_node-2] [INFO] [1785087764.319584438] [offboard_node]: ARM 요청
[offboard_node-2] [INFO] [1785087765.147343665] [offboard_node]: 경로 원점 = 이륙지점 [N=-0.06, E=-0.01, h_up=0.07] 적용 (frame=takeoff) → WP0=[-0.06,-0.01] 순항고도 h_up=50.07
[offboard_node-2] [INFO] [1785087765.148772956] [offboard_node]: CommandTOL 이륙 요청 alt=50.1m AMSL (지면 0.1+50.0) -> CLIMBING
[telemetry_node-1] [INFO] [1785087769.267104969] [telemetry_node]: pos_ned=[-0.06596995 -0.01718617  0.05168462]  yaw=1.700  armed=True  vtol=3  batt=0.00V/100%
[telemetry_node-1] [INFO] [1785087769.919247223] [telemetry_node]: pos_ned=[-0.06113956 -0.00655698  0.04414639]  yaw=1.698  armed=True  vtol=3  batt=16.17V/99%
[telemetry_node-1] [INFO] [1785087771.918982668] [telemetry_node]: pos_ned=[-0.05504808 -0.03069015  0.06284914]  yaw=1.697  armed=True  vtol=3  batt=16.11V/96%
[telemetry_node-1] [INFO] [1785087773.918963308] [telemetry_node]: pos_ned=[-0.06164886 -0.07634748  1.23599267]  yaw=1.696  armed=True  vtol=3  batt=16.05V/93%
[telemetry_node-1] [INFO] [1785087775.918853589] [telemetry_node]: pos_ned=[-0.06740841 -0.08713478  3.82152581]  yaw=1.690  armed=True  vtol=3  batt=15.99V/90%
[telemetry_node-1] [INFO] [1785087777.919158523] [telemetry_node]: pos_ned=[-0.037303   -0.06819753  6.62382793]  yaw=1.680  armed=True  vtol=3  batt=15.93V/87%
[telemetry_node-1] [INFO] [1785087779.918850743] [telemetry_node]: pos_ned=[-7.99872354e-03 -5.75107038e-02  9.49619770e+00]  yaw=1.674  armed=True  vtol=3  batt=15.87V/83%
[telemetry_node-1] [INFO] [1785087781.918844378] [telemetry_node]: pos_ned=[-0.01423778 -0.06725419 13.96927834]  yaw=1.671  armed=True  vtol=3  batt=15.81V/80%
[telemetry_node-1] [INFO] [1785087783.918890987] [telemetry_node]: pos_ned=[-0.04046008 -0.06441767 19.69561195]  yaw=1.667  armed=True  vtol=3  batt=15.75V/77%
[telemetry_node-1] [INFO] [1785087785.919126877] [telemetry_node]: pos_ned=[-0.02651183 -0.05405389 25.49503136]  yaw=1.672  armed=True  vtol=3  batt=15.69V/73%
[telemetry_node-1] [INFO] [1785087787.918877535] [telemetry_node]: pos_ned=[-7.40296170e-02 -3.08793820e-02  3.12276993e+01]  yaw=1.668  armed=True  vtol=3  batt=15.63V/70%
[telemetry_node-1] [INFO] [1785087789.918663072] [telemetry_node]: pos_ned=[-5.26907742e-02 -2.60920618e-02  3.71237755e+01]  yaw=1.668  armed=True  vtol=3  batt=15.57V/67%
[telemetry_node-1] [INFO] [1785087791.918645776] [telemetry_node]: pos_ned=[-0.05601332 -0.04870907 42.96541977]  yaw=1.668  armed=True  vtol=3  batt=15.51V/63%
[telemetry_node-1] [INFO] [1785087793.918685132] [telemetry_node]: pos_ned=[-0.05502971 -0.0480867  47.09434128]  yaw=1.667  armed=True  vtol=3  batt=15.45V/60%
[telemetry_node-1] [INFO] [1785087795.918698236] [telemetry_node]: pos_ned=[-0.06987667 -0.04958403 48.90228653]  yaw=1.666  armed=True  vtol=3  batt=15.39V/57%
[offboard_node-2] [INFO] [1785087797.646719211] [offboard_node]: 운용 고도 50.0m 도달 → transition_fw
[telemetry_node-1] [INFO] [1785087797.918828751] [telemetry_node]: pos_ned=[-7.70631060e-02 -2.60554049e-02  4.96312103e+01]  yaw=1.669  armed=True  vtol=3  batt=15.33V/53%
[offboard_node-2] [INFO] [1785087799.647561436] [offboard_node]: 천이 전 MC OFFBOARD 요청 (헤딩 정렬 대기)
[telemetry_node-1] [INFO] [1785087799.918729635] [telemetry_node]: pos_ned=[-8.62670392e-02 -2.65026726e-02  4.99074020e+01]  yaw=1.667  armed=True  vtol=3  batt=15.30V/51%
[telemetry_node-1] [INFO] [1785087804.374971043] [telemetry_node]: pos_ned=[-1.03265226e-01 -4.69966717e-02  4.99625473e+01]  yaw=1.225  armed=True  vtol=3  batt=15.30V/50%
[telemetry_node-1] [INFO] [1785087805.919111980] [telemetry_node]: pos_ned=[-0.18013731 -0.10373104 50.03285217]  yaw=0.683  armed=True  vtol=3  batt=15.30V/50%
[telemetry_node-1] [INFO] [1785087807.919091512] [telemetry_node]: pos_ned=[-0.2799271  -0.17311238 50.13963318]  yaw=0.356  armed=True  vtol=3  batt=15.30V/50%
[telemetry_node-1] [INFO] [1785087809.918888142] [telemetry_node]: pos_ned=[-0.3160584  -0.20609489 50.26150131]  yaw=0.195  armed=True  vtol=3  batt=15.30V/50%
[telemetry_node-1] [INFO] [1785087811.918859889] [telemetry_node]: pos_ned=[-0.34218016 -0.2130437  50.37102127]  yaw=0.109  armed=True  vtol=3  batt=15.30V/50%
[telemetry_node-1] [INFO] [1785087813.919206291] [telemetry_node]: pos_ned=[-0.37517476 -0.20501067 50.4882164 ]  yaw=0.061  armed=True  vtol=3  batt=15.30V/50%
[telemetry_node-1] [INFO] [1785087815.918765173] [telemetry_node]: pos_ned=[-0.39244816 -0.16573693 50.66385269]  yaw=0.043  armed=True  vtol=3  batt=15.30V/50%
[offboard_node-2] [INFO] [1785087816.547258678] [offboard_node]: 헤딩 정렬 완료 target=0.0° current=2.4° err=-2.4° (20틱 안정) → 전진 + 천이 명령
[offboard_node-2] [INFO] [1785087816.548238113] [offboard_node]: MC→FW 천이 명령 요청 (위치 setpoint 직선 천이)
[telemetry_node-1] [INFO] [1785087817.919063513] [telemetry_node]: pos_ned=[ 0.37861699 -0.14481577 50.83591843]  yaw=0.041  armed=True  vtol=1  batt=15.30V/50%
[offboard_node-2] [INFO] [1785087819.346955058] [offboard_node]: FW 전환 완료 -> STREAMING
[offboard_node-2] [INFO] [1785087819.454914884] [offboard_node]: OFFBOARD 확인 → FOLLOWING
[offboard_node-2] [INFO] [1785087819.559361695] [offboard_node]: FOLLOWING 시작 pos=[15.1,-0.8] tgt=[85.1,-0.0] cte=-0.8m mode=OFFBOARD
[telemetry_node-1] [INFO] [1785087819.918866838] [telemetry_node]: pos_ned=[22.90948677 -1.09070897 50.14940643]  yaw=-0.027  armed=True  vtol=4  batt=15.30V/50%
[offboard_node-2] [INFO] [1785087821.455950383] [offboard_node]: FOLLOWING tick=20 mode=OFFBOARD cte=-1.4m pos=[48.9,-1.4] tgt=[118.9,-0.0]
[telemetry_node-1] [INFO] [1785087821.918819390] [telemetry_node]: pos_ned=[56.65273666 -1.40422928 52.77700424]  yaw=-0.003  armed=True  vtol=4  batt=15.30V/50%
[offboard_node-2] [INFO] [1785087823.455806933] [offboard_node]: FOLLOWING tick=40 mode=OFFBOARD cte=-1.3m pos=[79.8,-1.3] tgt=[149.8,-0.0]
[telemetry_node-1] [INFO] [1785087823.919180404] [telemetry_node]: pos_ned=[87.8608551  -1.23299277 49.87170792]  yaw=0.001  armed=True  vtol=4  batt=15.30V/50%
[offboard_node-2] [INFO] [1785087825.453954542] [offboard_node]: FOLLOWING tick=60 mode=OFFBOARD cte=-1.1m pos=[111.3,-1.2] tgt=[181.3,-0.0]
[telemetry_node-1] [INFO] [1785087825.918731469] [telemetry_node]: pos_ned=[118.98218536  -1.12265301  49.6283989 ]  yaw=0.006  armed=True  vtol=4  batt=15.30V/50%
[offboard_node-2] [INFO] [1785087827.457950640] [offboard_node]: FOLLOWING tick=80 mode=OFFBOARD cte=-1.0m pos=[141.6,-1.0] tgt=[199.9,-0.0]
[telemetry_node-1] [INFO] [1785087827.918785778] [telemetry_node]: pos_ned=[149.17019653  -1.02887416  49.32872391]  yaw=0.003  armed=True  vtol=4  batt=15.30V/50%
[offboard_node-2] [INFO] [1785087829.454445267] [offboard_node]: FOLLOWING tick=100 mode=OFFBOARD cte=-1.0m pos=[171.3,-1.0] tgt=[199.9,-0.0]
[telemetry_node-1] [INFO] [1785087829.918941187] [telemetry_node]: pos_ned=[178.70417786  -1.03153956  49.42524338]  yaw=-0.009  armed=True  vtol=4  batt=15.30V/50%
[offboard_node-2] [INFO] [1785087830.752987775] [offboard_node]: 경로 추종 완료 -> transition_mc
[offboard_node-2] [INFO] [1785087830.847529666] [offboard_node]: FW->MC 역천이 명령 요청
[telemetry_node-1] [INFO] [1785087831.918897393] [telemetry_node]: pos_ned=[207.05715942  -1.02989817  49.31184769]  yaw=-0.020  armed=True  vtol=2  batt=15.30V/50%
[telemetry_node-1] [INFO] [1785087833.918954222] [telemetry_node]: pos_ned=[228.86248779  -1.03337824  50.39058304]  yaw=-0.022  armed=True  vtol=2  batt=15.30V/50%
[telemetry_node-1] [INFO] [1785087835.918975794] [telemetry_node]: pos_ned=[243.33547974  -0.9568966   50.72743225]  yaw=-0.017  armed=True  vtol=2  batt=15.30V/50%
[offboard_node-2] [INFO] [1785087836.547654404] [offboard_node]: MC 전환 완료 -> HOLD (WP1 복귀)
[telemetry_node-1] [INFO] [1785087839.810004924] [telemetry_node]: pos_ned=[247.01005554  -0.92702383  50.7156105 ]  yaw=-0.016  armed=True  vtol=3  batt=15.30V/50%
[telemetry_node-1] [INFO] [1785087839.918820802] [telemetry_node]: pos_ned=[247.7399292   -0.9221763   50.69677734]  yaw=-0.016  armed=True  vtol=3  batt=15.30V/50%
[offboard_node-2] [INFO] [1785087841.647290474] [offboard_node]: WP1 홀드 dist=45.4m speed=8.3m/s stable=0/10
[telemetry_node-1] [INFO] [1785087841.918995157] [telemetry_node]: pos_ned=[243.05065918  -0.60321277  49.90807343]  yaw=-0.005  armed=True  vtol=3  batt=15.30V/50%
[offboard_node-2] [INFO] [1785087843.647104415] [offboard_node]: WP1 홀드 dist=30.1m speed=8.1m/s stable=0/10
[telemetry_node-1] [INFO] [1785087843.918867783] [telemetry_node]: pos_ned=[227.9540863   -0.33369297  50.01930618]  yaw=-0.003  armed=True  vtol=3  batt=15.30V/50%
[offboard_node-2] [INFO] [1785087845.647209767] [offboard_node]: WP1 홀드 dist=14.2m speed=8.0m/s stable=0/10
[telemetry_node-1] [INFO] [1785087845.919011058] [telemetry_node]: pos_ned=[ 2.11988953e+02 -1.50466442e-01  5.00356178e+01]  yaw=-0.000  armed=True  vtol=3  batt=15.30V/50%
[offboard_node-2] [INFO] [1785087847.646952670] [offboard_node]: WP1 홀드 dist=1.6m speed=2.5m/s stable=0/10
[telemetry_node-1] [INFO] [1785087847.918723583] [telemetry_node]: pos_ned=[ 2.01022430e+02 -6.79223239e-02  5.03259773e+01]  yaw=-0.004  armed=True  vtol=3  batt=15.30V/50%
[offboard_node-2] [INFO] [1785087848.847133538] [offboard_node]: WP1 도달·안정 → LANDING (dist=0.4m speed=0.1m/s)
[offboard_node-2] [INFO] [1785087848.946998783] [offboard_node]: AUTO.LAND 요청
[telemetry_node-1] [INFO] [1785087849.919226419] [telemetry_node]: pos_ned=[ 2.00600891e+02 -2.46220361e-02  4.93286209e+01]  yaw=-0.007  armed=True  vtol=3  batt=15.30V/50%
[telemetry_node-1] [INFO] [1785087851.919222707] [telemetry_node]: pos_ned=[ 2.00293121e+02 -1.81917101e-02  4.64621506e+01]  yaw=-0.006  armed=True  vtol=3  batt=15.30V/50%
[telemetry_node-1] [INFO] [1785087853.918722912] [telemetry_node]: pos_ned=[ 2.00538483e+02 -5.93450516e-02  4.35138969e+01]  yaw=-0.006  armed=True  vtol=3  batt=15.30V/50%
[telemetry_node-1] [INFO] [1785087855.918737388] [telemetry_node]: pos_ned=[ 2.00523010e+02 -7.52167925e-02  4.05142517e+01]  yaw=-0.001  armed=True  vtol=3  batt=15.30V/50%
[telemetry_node-1] [INFO] [1785087857.919065419] [telemetry_node]: pos_ned=[ 2.00639069e+02 -6.40913621e-02  3.75377274e+01]  yaw=-0.000  armed=True  vtol=3  batt=15.30V/50%
[telemetry_node-1] [INFO] [1785087859.918775316] [telemetry_node]: pos_ned=[ 2.00543442e+02 -7.79200643e-02  3.45442810e+01]  yaw=-0.001  armed=True  vtol=3  batt=15.30V/50%
[telemetry_node-1] [INFO] [1785087861.918769710] [telemetry_node]: pos_ned=[ 2.00550003e+02 -8.65955651e-02  3.15291538e+01]  yaw=-0.001  armed=True  vtol=3  batt=15.30V/50%
[telemetry_node-1] [INFO] [1785087863.919071405] [telemetry_node]: pos_ned=[ 2.00557800e+02 -6.60668015e-02  2.85084476e+01]  yaw=-0.003  armed=True  vtol=3  batt=15.30V/50%
[telemetry_node-1] [INFO] [1785087865.918707687] [telemetry_node]: pos_ned=[ 2.00534042e+02 -8.82181227e-02  2.55001678e+01]  yaw=-0.003  armed=True  vtol=3  batt=15.30V/50%
[telemetry_node-1] [INFO] [1785087867.918685117] [telemetry_node]: pos_ned=[ 2.00496475e+02 -5.71044423e-02  2.24715672e+01]  yaw=-0.004  armed=True  vtol=3  batt=15.30V/50%
[telemetry_node-1] [INFO] [1785087869.919226957] [telemetry_node]: pos_ned=[ 2.00513260e+02 -5.35727441e-02  1.94605904e+01]  yaw=-0.004  armed=True  vtol=3  batt=15.30V/50%
[telemetry_node-1] [INFO] [1785087871.919072082] [telemetry_node]: pos_ned=[ 2.00537857e+02 -4.85979617e-02  1.64715328e+01]  yaw=-0.005  armed=True  vtol=3  batt=15.30V/50%
[telemetry_node-1] [INFO] [1785087874.194393550] [telemetry_node]: pos_ned=[ 2.00528061e+02 -6.64939061e-02  1.58743467e+01]  yaw=-0.005  armed=True  vtol=3  batt=15.30V/50%
[telemetry_node-1] [INFO] [1785087875.919050082] [telemetry_node]: pos_ned=[ 2.00537064e+02 -3.82762812e-02  1.32893705e+01]  yaw=-0.005  armed=True  vtol=3  batt=15.30V/50%
[telemetry_node-1] [INFO] [1785087877.919325846] [telemetry_node]: pos_ned=[ 2.00533905e+02 -7.16146976e-02  1.02869883e+01]  yaw=-0.005  armed=True  vtol=3  batt=15.30V/50%
[telemetry_node-1] [INFO] [1785087879.919011418] [telemetry_node]: pos_ned=[ 2.00546066e+02 -6.75544888e-02  7.66391945e+00]  yaw=-0.006  armed=True  vtol=3  batt=15.30V/50%
[telemetry_node-1] [INFO] [1785087881.919183580] [telemetry_node]: pos_ned=[ 2.00522247e+02 -4.51543108e-02  5.73091793e+00]  yaw=-0.004  armed=True  vtol=3  batt=15.30V/50%
[telemetry_node-1] [INFO] [1785087883.918885203] [telemetry_node]: pos_ned=[ 2.00505112e+02 -5.39138317e-02  4.26357079e+00]  yaw=-0.004  armed=True  vtol=3  batt=15.30V/50%
[telemetry_node-1] [INFO] [1785087885.918770179] [telemetry_node]: pos_ned=[ 2.00514816e+02 -3.11677959e-02  2.86512661e+00]  yaw=-0.003  armed=True  vtol=3  batt=15.30V/50%
[telemetry_node-1] [INFO] [1785087887.918746505] [telemetry_node]: pos_ned=[ 2.00525391e+02 -2.98363734e-02  1.46603084e+00]  yaw=-0.002  armed=True  vtol=3  batt=15.30V/50%
[telemetry_node-1] [INFO] [1785087889.918900025] [telemetry_node]: pos_ned=[ 2.00497238e+02 -3.80585380e-02  8.59269723e-02]  yaw=-0.002  armed=True  vtol=3  batt=15.30V/50%
[telemetry_node-1] [INFO] [1785087891.919330712] [telemetry_node]: pos_ned=[ 2.00527252e+02 -3.76542807e-02  4.83427197e-03]  yaw=-0.003  armed=True  vtol=3  batt=15.30V/50%
[telemetry_node-1] [INFO] [1785087893.918690669] [telemetry_node]: pos_ned=[ 2.00515930e+02 -8.11986476e-02 -1.63610689e-02]  yaw=-0.003  armed=True  vtol=3  batt=15.30V/50%
[offboard_node-2] [INFO] [1785087894.246727132] [offboard_node]: 착륙 완료 (disarmed) -> DONE
[telemetry_node-1] [INFO] [1785087895.918740472] [telemetry_node]: pos_ned=[ 2.00541885e+02 -6.94462955e-02  4.05557975e-02]  yaw=-0.002  armed=False  vtol=3  batt=16.20V/93%
[telemetry_node-1] [INFO] [1785087897.918671971] [telemetry_node]: pos_ned=[ 2.00515320e+02 -6.17627688e-02  6.06692210e-02]  yaw=-0.002  armed=False  vtol=3  batt=16.20V/99%
[telemetry_node-1] [INFO] [1785087899.918784312] [telemetry_node]: pos_ned=[ 2.00529114e+02 -3.15853208e-02  4.18770984e-02]  yaw=-0.001  armed=False  vtol=3  batt=16.20V/100%
[WARNING] [launch]: user interrupted with ctrl-c (SIGINT)
[INFO] [offboard_node-2]: sending signal 'SIGINT' to process[offboard_node-2]
[INFO] [telemetry_node-1]: sending signal 'SIGINT' to process[telemetry_node-1]
[offboard_node-2] Traceback (most recent call last):
[offboard_node-2]   File "/root/drone_ws/install/fc_ros/lib/python3.10/site-packages/fc_ros/nodes/offboard_node.py", line 1204, in main
[offboard_node-2]     rclpy.spin(node)
[offboard_node-2]   File "/opt/ros/humble/local/lib/python3.10/dist-packages/rclpy/__init__.py", line 229, in spin
[telemetry_node-1] Traceback (most recent call last):
[telemetry_node-1]   File "/root/drone_ws/install/fc_ros/lib/python3.10/site-packages/fc_ros/nodes/telemetry_node.py", line 109, in main
[telemetry_node-1]     rclpy.spin(node)
[telemetry_node-1]   File "/opt/ros/humble/local/lib/python3.10/dist-packages/rclpy/__init__.py", line 229, in spin
[offboard_node-2]     executor.spin_once()
[offboard_node-2]   File "/opt/ros/humble/local/lib/python3.10/dist-packages/rclpy/executors.py", line 808, in spin_once
[telemetry_node-1]     executor.spin_once()
[telemetry_node-1]   File "/opt/ros/humble/local/lib/python3.10/dist-packages/rclpy/executors.py", line 808, in spin_once
[telemetry_node-1]     self._spin_once_impl(timeout_sec)
[telemetry_node-1]   File "/opt/ros/humble/local/lib/python3.10/dist-packages/rclpy/executors.py", line 797, in _spin_once_impl
[offboard_node-2]     self._spin_once_impl(timeout_sec)
[offboard_node-2]   File "/opt/ros/humble/local/lib/python3.10/dist-packages/rclpy/executors.py", line 797, in _spin_once_impl
[telemetry_node-1]     handler, entity, node = self.wait_for_ready_callbacks(timeout_sec=timeout_sec)
[telemetry_node-1]   File "/opt/ros/humble/local/lib/python3.10/dist-packages/rclpy/executors.py", line 780, in wait_for_ready_callbacks
[telemetry_node-1]     return next(self._cb_iter)
[telemetry_node-1]   File "/opt/ros/humble/local/lib/python3.10/dist-packages/rclpy/executors.py", line 677, in _wait_for_ready_callbacks
[offboard_node-2]     handler, entity, node = self.wait_for_ready_callbacks(timeout_sec=timeout_sec)
[offboard_node-2]   File "/opt/ros/humble/local/lib/python3.10/dist-packages/rclpy/executors.py", line 780, in wait_for_ready_callbacks
[offboard_node-2]     return next(self._cb_iter)
[offboard_node-2]   File "/opt/ros/humble/local/lib/python3.10/dist-packages/rclpy/executors.py", line 677, in _wait_for_ready_callbacks
[offboard_node-2]     wait_set.wait(timeout_nsec)
[offboard_node-2] KeyboardInterrupt
[offboard_node-2] 
[offboard_node-2] During handling of the above exception, another exception occurred:
[offboard_node-2] 
[offboard_node-2] Traceback (most recent call last):
[offboard_node-2]   File "/root/drone_ws/install/fc_ros/lib/fc_ros/offboard_node", line 33, in <module>
[offboard_node-2]     sys.exit(load_entry_point('fc-ros==0.1.0', 'console_scripts', 'offboard_node')())
[offboard_node-2]   File "/root/drone_ws/install/fc_ros/lib/python3.10/site-packages/fc_ros/nodes/offboard_node.py", line 1206, in main
[telemetry_node-1]     wait_set.wait(timeout_nsec)
[telemetry_node-1] KeyboardInterrupt
[telemetry_node-1] 
[telemetry_node-1] During handling of the above exception, another exception occurred:
[telemetry_node-1] 
[telemetry_node-1] Traceback (most recent call last):
[telemetry_node-1]   File "/root/drone_ws/install/fc_ros/lib/fc_ros/telemetry_node", line 33, in <module>
[telemetry_node-1]     sys.exit(load_entry_point('fc-ros==0.1.0', 'console_scripts', 'telemetry_node')())
[telemetry_node-1]   File "/root/drone_ws/install/fc_ros/lib/python3.10/site-packages/fc_ros/nodes/telemetry_node.py", line 111, in main
[telemetry_node-1]     node.destroy_node()
[telemetry_node-1]   File "/opt/ros/humble/local/lib/python3.10/dist-packages/rclpy/node.py", line 1691, in destroy_node
[offboard_node-2]     node.destroy_node()
[offboard_node-2]   File "/opt/ros/humble/local/lib/python3.10/dist-packages/rclpy/node.py", line 1687, in destroy_node
[offboard_node-2]     self.destroy_subscription(self._subscriptions[0])
[offboard_node-2]   File "/opt/ros/humble/local/lib/python3.10/dist-packages/rclpy/node.py", line 1583, in destroy_subscription
[offboard_node-2]     subscription.destroy()
[offboard_node-2]   File "/opt/ros/humble/local/lib/python3.10/dist-packages/rclpy/subscription.py", line 80, in destroy
[telemetry_node-1]     self.destroy_service(self._services[0])
[telemetry_node-1]   File "/opt/ros/humble/local/lib/python3.10/dist-packages/rclpy/node.py", line 1615, in destroy_service
[telemetry_node-1]     service.destroy()
[telemetry_node-1]   File "/opt/ros/humble/local/lib/python3.10/dist-packages/rclpy/service.py", line 93, in destroy
[telemetry_node-1]     self.__service.destroy_when_not_in_use()
[telemetry_node-1] KeyboardInterrupt
[offboard_node-2]     self.handle.destroy_when_not_in_use()
[offboard_node-2] KeyboardInterrupt
[ERROR] [telemetry_node-1]: process has died [pid 1099, exit code -2, cmd '/root/drone_ws/install/fc_ros/lib/fc_ros/telemetry_node --ros-args -r __node:=telemetry_node'].
[ERROR] [offboard_node-2]: process has died [pid 1101, exit code -2, cmd '/root/drone_ws/install/fc_ros/lib/fc_ros/offboard_node --ros-args -r __node:=offboard_node --params-file /root/drone_ws/install/fc_ros/share/fc_ros/params/fc_ros_params.yaml --params-file /tmp/launch_params_hs56iv80'].
