[INFO] [launch]: All log files can be found below /root/.ros/log/2026-07-27-04-40-41-291861-DESKTOP-Kilogram-1226
[INFO] [launch]: Default logging verbosity is set to INFO
[INFO] [telemetry_node-1]: process started with pid [1228]
[INFO] [offboard_node-2]: process started with pid [1230]
[offboard_node-2] [INFO] [1785094842.652935343] [offboard_node]: ARM 요청
[telemetry_node-1] [INFO] [1785094844.264279954] [telemetry_node]: pos_ned=[-0.02361157  0.00530134 -0.0486377 ]  yaw=1.670  armed=False  vtol=3  batt=0.00V/100%
[offboard_node-2] [INFO] [1785094844.362737219] [offboard_node]: 경로 원점 = 이륙지점 [N=-0.03, E=0.01, h_up=-0.05] 적용 (frame=takeoff) → WP0=[-0.03,0.01] 순항고도 h_up=49.95
[offboard_node-2] [INFO] [1785094844.365503249] [offboard_node]: CommandTOL 이륙 요청 alt=50.1m AMSL (지면 0.1+50.0) -> CLIMBING
[telemetry_node-1] [INFO] [1785094846.213677543] [telemetry_node]: pos_ned=[-0.06366421  0.01215312 -0.03818516]  yaw=1.670  armed=True  vtol=3  batt=16.17V/99%
[telemetry_node-1] [INFO] [1785094848.213359311] [telemetry_node]: pos_ned=[-0.01230039 -0.04949859  0.35045013]  yaw=1.666  armed=True  vtol=3  batt=16.11V/97%
[telemetry_node-1] [INFO] [1785094850.213285128] [telemetry_node]: pos_ned=[-0.02560653 -0.03745496  2.65291095]  yaw=1.653  armed=True  vtol=3  batt=16.05V/94%
[telemetry_node-1] [INFO] [1785094852.213357932] [telemetry_node]: pos_ned=[-0.03817311 -0.04101961  5.32559299]  yaw=1.634  armed=True  vtol=3  batt=15.99V/90%
[telemetry_node-1] [INFO] [1785094857.281871772] [telemetry_node]: pos_ned=[-0.04787545 -0.02920838  7.47748661]  yaw=1.624  armed=True  vtol=3  batt=15.93V/87%
[telemetry_node-1] [INFO] [1785094858.213858333] [telemetry_node]: pos_ned=[-0.0404449  -0.03331847  8.80983925]  yaw=1.623  armed=True  vtol=3  batt=15.87V/84%
[telemetry_node-1] [INFO] [1785094860.213388674] [telemetry_node]: pos_ned=[-0.05194588 -0.01421306 12.7274189 ]  yaw=1.623  armed=True  vtol=3  batt=15.81V/80%
[telemetry_node-1] [INFO] [1785094862.213293247] [telemetry_node]: pos_ned=[-0.04412971 -0.03631112 18.38729477]  yaw=1.620  armed=True  vtol=3  batt=15.75V/77%
[telemetry_node-1] [INFO] [1785094864.213253861] [telemetry_node]: pos_ned=[-7.37984776e-02 -1.05562899e-02  2.41009693e+01]  yaw=1.620  armed=True  vtol=3  batt=15.69V/74%
[telemetry_node-1] [INFO] [1785094866.213547404] [telemetry_node]: pos_ned=[-6.34535179e-02  6.67225337e-03  2.99213409e+01]  yaw=1.621  armed=True  vtol=3  batt=15.63V/70%
[telemetry_node-1] [INFO] [1785094868.213525156] [telemetry_node]: pos_ned=[-6.78315759e-02 -1.41597586e-02  3.59241524e+01]  yaw=1.623  armed=True  vtol=3  batt=15.57V/67%
[telemetry_node-1] [INFO] [1785094870.213213707] [telemetry_node]: pos_ned=[-4.82415669e-02 -2.86064483e-02  4.18387794e+01]  yaw=1.623  armed=True  vtol=3  batt=15.51V/64%
[telemetry_node-1] [INFO] [1785094872.213239275] [telemetry_node]: pos_ned=[-2.99664736e-02 -3.20793055e-02  4.65798912e+01]  yaw=1.623  armed=True  vtol=3  batt=15.45V/60%
[telemetry_node-1] [INFO] [1785094874.213351283] [telemetry_node]: pos_ned=[1.54425465e-02 6.95089065e-03 4.86508293e+01]  yaw=1.623  armed=True  vtol=3  batt=15.39V/57%
[telemetry_node-1] [INFO] [1785094876.213803064] [telemetry_node]: pos_ned=[ 1.21562453e-02 -1.55347167e-03  4.94545403e+01]  yaw=1.624  armed=True  vtol=3  batt=15.33V/54%
[offboard_node-2] [INFO] [1785094876.255164817] [offboard_node]: 운용 고도 50.0m 도달 → transition_fw
[telemetry_node-1] [INFO] [1785094878.213607384] [telemetry_node]: pos_ned=[-1.02208862e-02  7.60131702e-03  4.97600365e+01]  yaw=1.620  armed=True  vtol=3  batt=15.30V/51%
[offboard_node-2] [INFO] [1785094878.255148385] [offboard_node]: 천이 전 MC OFFBOARD 요청 (헤딩 정렬 대기)
[telemetry_node-1] [INFO] [1785094880.213588330] [telemetry_node]: pos_ned=[ 8.21593683e-03 -5.11555299e-02  4.97102623e+01]  yaw=2.090  armed=True  vtol=3  batt=15.30V/50%
[telemetry_node-1] [INFO] [1785094882.213394473] [telemetry_node]: pos_ned=[ 1.22980345e-02 -7.96773359e-02  4.96206360e+01]  yaw=2.652  armed=True  vtol=3  batt=15.30V/50%
[telemetry_node-1] [INFO] [1785094884.213465518] [telemetry_node]: pos_ned=[-2.55057886e-02 -1.02957964e-01  4.94905281e+01]  yaw=2.900  armed=True  vtol=3  batt=15.30V/50%
[telemetry_node-1] [INFO] [1785094886.213445445] [telemetry_node]: pos_ned=[-0.10882246 -0.12038631 49.39455032]  yaw=3.010  armed=True  vtol=3  batt=15.30V/50%
[telemetry_node-1] [INFO] [1785094888.213542392] [telemetry_node]: pos_ned=[-0.16875577 -0.15237668 49.36731339]  yaw=3.068  armed=True  vtol=3  batt=15.30V/50%
[telemetry_node-1] [INFO] [1785094893.350834869] [telemetry_node]: pos_ned=[-0.21047661 -0.18269108 49.39426041]  yaw=3.094  armed=True  vtol=3  batt=15.30V/50%
[telemetry_node-1] [INFO] [1785094894.213391109] [telemetry_node]: pos_ned=[-0.21944951 -0.17163928 49.41029358]  yaw=3.099  armed=True  vtol=3  batt=15.30V/50%
[offboard_node-2] [INFO] [1785094894.954897625] [offboard_node]: 헤딩 정렬 완료 target=180.0° current=177.6° err=2.4° (20틱 안정) → 전진 + 천이 명령
[offboard_node-2] [INFO] [1785094894.955920044] [offboard_node]: MC→FW 천이 명령 요청 (위치 setpoint 직선 천이)
[telemetry_node-1] [INFO] [1785094896.213333770] [telemetry_node]: pos_ned=[-0.68562239 -0.15721944 49.70105362]  yaw=3.096  armed=True  vtol=1  batt=15.30V/50%
[offboard_node-2] [INFO] [1785094897.554817245] [offboard_node]: FW 전환 완료 -> STREAMING
[offboard_node-2] [INFO] [1785094897.662242627] [offboard_node]: OFFBOARD 확인 → FOLLOWING
[offboard_node-2] [INFO] [1785094897.766501821] [offboard_node]: FOLLOWING 시작 pos=[-12.3,1.4] tgt=[-82.3,0.0] cte=-1.4m mode=OFFBOARD
[telemetry_node-1] [INFO] [1785094898.213793159] [telemetry_node]: pos_ned=[-20.28007507   2.45808864  49.15531921]  yaw=3.032  armed=True  vtol=4  batt=15.30V/50%
[offboard_node-2] [INFO] [1785094899.668387235] [offboard_node]: FOLLOWING tick=20 mode=OFFBOARD cte=-2.6m pos=[-45.2,2.6] tgt=[-115.2,0.0]
[telemetry_node-1] [INFO] [1785094900.213610817] [telemetry_node]: pos_ned=[-53.23502731   2.28342628  52.02511597]  yaw=3.125  armed=True  vtol=4  batt=15.30V/50%
[offboard_node-2] [INFO] [1785094901.668106599] [offboard_node]: FOLLOWING tick=40 mode=OFFBOARD cte=-1.6m pos=[-75.7,1.6] tgt=[-145.7,0.0]
[telemetry_node-1] [INFO] [1785094902.213455652] [telemetry_node]: pos_ned=[-84.28006744   1.28946435  48.90377045]  yaw=-3.118  armed=True  vtol=4  batt=15.30V/50%
[offboard_node-2] [INFO] [1785094903.673476677] [offboard_node]: FOLLOWING tick=60 mode=OFFBOARD cte=-0.7m pos=[-107.2,0.7] tgt=[-177.2,0.0]
[telemetry_node-1] [INFO] [1785094904.213640447] [telemetry_node]: pos_ned=[-115.38175964    0.47356647   49.19187927]  yaw=-3.057  armed=True  vtol=4  batt=15.30V/50%
[offboard_node-2] [INFO] [1785094905.667706058] [offboard_node]: FOLLOWING tick=80 mode=OFFBOARD cte=0.0m pos=[-137.5,-0.0] tgt=[-207.5,0.0]
[telemetry_node-1] [INFO] [1785094906.213407069] [telemetry_node]: pos_ned=[-1.45563965e+02 -1.37109309e-01  4.88785553e+01]  yaw=-3.055  armed=True  vtol=4  batt=15.30V/50%
[offboard_node-2] [INFO] [1785094907.669484435] [offboard_node]: FOLLOWING tick=100 mode=OFFBOARD cte=0.3m pos=[-167.2,-0.3] tgt=[-237.2,0.0]
[telemetry_node-1] [INFO] [1785094908.213422748] [telemetry_node]: pos_ned=[-175.03860474   -0.34473112   49.19083023]  yaw=-3.119  armed=True  vtol=4  batt=15.30V/50%
[offboard_node-2] [INFO] [1785094909.666816160] [offboard_node]: FOLLOWING tick=120 mode=OFFBOARD cte=0.4m pos=[-196.2,-0.4] tgt=[-266.2,0.0]
[telemetry_node-1] [INFO] [1785094910.213696009] [telemetry_node]: pos_ned=[-203.91925049   -0.38094324   49.27892303]  yaw=3.112  armed=True  vtol=4  batt=15.30V/50%
[offboard_node-2] [INFO] [1785094911.669028784] [offboard_node]: FOLLOWING tick=140 mode=OFFBOARD cte=0.3m pos=[-224.8,-0.3] tgt=[-294.8,0.0]
[telemetry_node-1] [INFO] [1785094912.213334402] [telemetry_node]: pos_ned=[-232.39227295   -0.28728595   49.40257263]  yaw=3.120  armed=True  vtol=4  batt=15.30V/50%
[offboard_node-2] [INFO] [1785094913.668462068] [offboard_node]: FOLLOWING tick=160 mode=OFFBOARD cte=0.2m pos=[-253.1,-0.2] tgt=[-300.0,0.0]
[telemetry_node-1] [INFO] [1785094914.213477756] [telemetry_node]: pos_ned=[-2.60603729e+02 -2.09899902e-01  4.95153236e+01]  yaw=-3.121  armed=True  vtol=4  batt=15.30V/50%
[offboard_node-2] [INFO] [1785094915.669999751] [offboard_node]: FOLLOWING tick=180 mode=OFFBOARD cte=0.2m pos=[-281.2,-0.2] tgt=[-300.0,0.0]
[telemetry_node-1] [INFO] [1785094916.213607156] [telemetry_node]: pos_ned=[-2.88710602e+02 -1.53938845e-01  4.96404915e+01]  yaw=-3.105  armed=True  vtol=4  batt=15.30V/50%
[offboard_node-2] [INFO] [1785094916.369228028] [offboard_node]: 경로 추종 완료 -> transition_mc
[offboard_node-2] [INFO] [1785094916.456407477] [offboard_node]: FW->MC 역천이 명령 요청
[telemetry_node-1] [INFO] [1785094918.213411193] [telemetry_node]: pos_ned=[-3.14561096e+02  2.11661890e-01  4.96932602e+01]  yaw=-3.124  armed=True  vtol=2  batt=15.30V/50%
[telemetry_node-1] [INFO] [1785094920.213510713] [telemetry_node]: pos_ned=[-332.62969971    0.47540438   50.78393173]  yaw=-3.137  armed=True  vtol=2  batt=15.30V/50%
[offboard_node-2] [INFO] [1785094921.954964820] [offboard_node]: MC 전환 완료 -> HOLD (WP1 복귀)
[telemetry_node-1] [INFO] [1785094922.213630035] [telemetry_node]: pos_ned=[-344.71047974    0.51601684   50.90392685]  yaw=-3.129  armed=True  vtol=3  batt=15.30V/50%
[offboard_node-2] [INFO] [1785094923.955789832] [offboard_node]: WP1 홀드 dist=41.6m speed=8.5m/s stable=0/10
[telemetry_node-1] [INFO] [1785094924.214027316] [telemetry_node]: pos_ned=[-339.59014893    0.49847361   49.9780159 ]  yaw=-3.134  armed=True  vtol=3  batt=15.30V/50%
[telemetry_node-1] [INFO] [1785094929.374780905] [telemetry_node]: pos_ned=[-3.27407379e+02  3.18337798e-01  5.00599098e+01]  yaw=-3.131  armed=True  vtol=3  batt=15.30V/50%
[offboard_node-2] [INFO] [1785094929.455327220] [offboard_node]: WP1 홀드 dist=26.6m speed=8.1m/s stable=0/10
[telemetry_node-1] [INFO] [1785094930.214128357] [telemetry_node]: pos_ned=[-3.20516754e+02  2.34482959e-01  5.00418167e+01]  yaw=-3.133  armed=True  vtol=3  batt=15.30V/50%
[offboard_node-2] [INFO] [1785094931.455111784] [offboard_node]: WP1 홀드 dist=10.6m speed=8.0m/s stable=0/10
[telemetry_node-1] [INFO] [1785094932.213961451] [telemetry_node]: pos_ned=[-3.04881287e+02  3.65506634e-02  5.02339325e+01]  yaw=-3.130  armed=True  vtol=3  batt=15.30V/50%
[offboard_node-2] [INFO] [1785094933.454957031] [offboard_node]: WP1 홀드 dist=0.9m speed=1.1m/s stable=1/10
[telemetry_node-1] [INFO] [1785094934.213589877] [telemetry_node]: pos_ned=[-3.00507385e+02 -3.03342100e-03  5.01499863e+01]  yaw=-3.123  armed=True  vtol=3  batt=15.30V/50%
[offboard_node-2] [INFO] [1785094934.255075577] [offboard_node]: WP1 도달·안정 → LANDING (dist=0.5m speed=0.2m/s)
[offboard_node-2] [INFO] [1785094934.355334646] [offboard_node]: AUTO.LAND 요청
[telemetry_node-1] [INFO] [1785094936.213549145] [telemetry_node]: pos_ned=[-3.00713257e+02  3.82693745e-02  4.80786057e+01]  yaw=-3.122  armed=True  vtol=3  batt=15.30V/50%
[telemetry_node-1] [INFO] [1785094938.213711474] [telemetry_node]: pos_ned=[-3.00511322e+02  6.42576069e-02  4.52615700e+01]  yaw=-3.120  armed=True  vtol=3  batt=15.30V/50%
[telemetry_node-1] [INFO] [1785094940.213708005] [telemetry_node]: pos_ned=[-3.00792694e+02  1.61526408e-02  4.24368858e+01]  yaw=-3.118  armed=True  vtol=3  batt=15.30V/50%
[telemetry_node-1] [INFO] [1785094942.213613473] [telemetry_node]: pos_ned=[-3.00666199e+02  1.10733211e-02  3.96480827e+01]  yaw=-3.116  armed=True  vtol=3  batt=15.30V/50%
[telemetry_node-1] [INFO] [1785094944.213670355] [telemetry_node]: pos_ned=[-3.00691223e+02  2.38373186e-02  3.68853951e+01]  yaw=-3.114  armed=True  vtol=3  batt=15.30V/50%
[telemetry_node-1] [INFO] [1785094946.213878007] [telemetry_node]: pos_ned=[-3.00704102e+02  1.54492417e-02  3.41477318e+01]  yaw=-3.111  armed=True  vtol=3  batt=15.30V/50%
[telemetry_node-1] [INFO] [1785094948.215216149] [telemetry_node]: pos_ned=[-3.00659637e+02  3.19159813e-02  3.13959732e+01]  yaw=-3.108  armed=True  vtol=3  batt=15.30V/50%
[telemetry_node-1] [INFO] [1785094950.213678529] [telemetry_node]: pos_ned=[-3.00646637e+02 -4.75958642e-03  2.86550465e+01]  yaw=-3.106  armed=True  vtol=3  batt=15.30V/50%
[telemetry_node-1] [INFO] [1785094952.213739789] [telemetry_node]: pos_ned=[-3.00675964e+02  1.07068131e-02  2.58894958e+01]  yaw=-3.102  armed=True  vtol=3  batt=15.30V/50%
[telemetry_node-1] [INFO] [1785094954.214050010] [telemetry_node]: pos_ned=[-3.00643097e+02  1.02000199e-02  2.31012173e+01]  yaw=-3.101  armed=True  vtol=3  batt=15.30V/50%
[telemetry_node-1] [INFO] [1785094956.214359142] [telemetry_node]: pos_ned=[-3.00692627e+02  1.32268248e-02  2.03076897e+01]  yaw=-3.097  armed=True  vtol=3  batt=15.30V/50%
[telemetry_node-1] [INFO] [1785094958.215451800] [telemetry_node]: pos_ned=[-3.00656342e+02  1.77102219e-02  1.74731216e+01]  yaw=-3.096  armed=True  vtol=3  batt=15.30V/50%
[telemetry_node-1] [INFO] [1785094960.213943587] [telemetry_node]: pos_ned=[-3.00690826e+02  3.31895053e-02  1.46146011e+01]  yaw=-3.093  armed=True  vtol=3  batt=15.30V/50%
[telemetry_node-1] [INFO] [1785094965.069470291] [telemetry_node]: pos_ned=[-3.00684509e+02 -6.46451663e-04  1.26087809e+01]  yaw=-3.092  armed=True  vtol=3  batt=15.30V/50%
[telemetry_node-1] [INFO] [1785094966.213446645] [telemetry_node]: pos_ned=[-3.00653473e+02  2.38353293e-02  1.09316359e+01]  yaw=-3.091  armed=True  vtol=3  batt=15.30V/50%
[telemetry_node-1] [INFO] [1785094968.213549234] [telemetry_node]: pos_ned=[-3.00671387e+02  1.54126082e-02  8.27572536e+00]  yaw=-3.090  armed=True  vtol=3  batt=15.30V/50%
[telemetry_node-1] [INFO] [1785094970.213565552] [telemetry_node]: pos_ned=[-3.00691223e+02  2.95217223e-02  6.26751518e+00]  yaw=-3.089  armed=True  vtol=3  batt=15.30V/50%
[telemetry_node-1] [INFO] [1785094972.213260089] [telemetry_node]: pos_ned=[-3.00622986e+02  1.43603124e-02  4.81826067e+00]  yaw=-3.088  armed=True  vtol=3  batt=15.30V/50%
[telemetry_node-1] [INFO] [1785094974.213182530] [telemetry_node]: pos_ned=[-3.00627686e+02  1.12170102e-02  3.51321387e+00]  yaw=-3.087  armed=True  vtol=3  batt=15.30V/50%
[telemetry_node-1] [INFO] [1785094976.213599903] [telemetry_node]: pos_ned=[-3.00671143e+02  1.19535653e-02  2.24097276e+00]  yaw=-3.087  armed=True  vtol=3  batt=15.30V/50%
[telemetry_node-1] [INFO] [1785094978.213249619] [telemetry_node]: pos_ned=[-3.00658997e+02  5.42020774e-04  9.68758345e-01]  yaw=-3.087  armed=True  vtol=3  batt=15.30V/50%
[telemetry_node-1] [INFO] [1785094980.213639574] [telemetry_node]: pos_ned=[-3.00604309e+02  1.43118342e-02 -3.00028682e-01]  yaw=-3.088  armed=True  vtol=3  batt=15.30V/50%
[telemetry_node-1] [INFO] [1785094982.213563641] [telemetry_node]: pos_ned=[-3.00612213e+02  2.27293931e-02 -3.57119173e-01]  yaw=-3.086  armed=True  vtol=3  batt=15.30V/50%
[telemetry_node-1] [INFO] [1785094984.213910252] [telemetry_node]: pos_ned=[-3.00585083e+02  2.37888116e-02 -3.57475847e-01]  yaw=-3.084  armed=True  vtol=3  batt=15.30V/50%
[offboard_node-2] [INFO] [1785094984.354716103] [offboard_node]: 착륙 완료 (disarmed) -> DONE
[telemetry_node-1] [INFO] [1785094986.213175137] [telemetry_node]: pos_ned=[-3.00612122e+02  2.12713778e-02 -1.97805777e-01]  yaw=-3.082  armed=False  vtol=3  batt=16.20V/77%
[telemetry_node-1] [INFO] [1785094988.213313505] [telemetry_node]: pos_ned=[-3.00615570e+02  1.07901487e-02 -1.25517577e-01]  yaw=-3.080  armed=False  vtol=3  batt=16.20V/97%
[telemetry_node-1] [INFO] [1785094990.213242705] [telemetry_node]: pos_ned=[-3.00617676e+02  1.73167977e-02 -7.05366656e-02]  yaw=-3.079  armed=False  vtol=3  batt=16.20V/100%
[WARNING] [launch]: user interrupted with ctrl-c (SIGINT)
[INFO] [offboard_node-2]: sending signal 'SIGINT' to process[offboard_node-2]
[INFO] [telemetry_node-1]: sending signal 'SIGINT' to process[telemetry_node-1]
[offboard_node-2] Traceback (most recent call last):
[offboard_node-2]   File "/root/drone_ws/install/fc_ros/lib/python3.10/site-packages/fc_ros/nodes/offboard_node.py", line 1204, in main
[telemetry_node-1] Traceback (most recent call last):
[telemetry_node-1]   File "/root/drone_ws/install/fc_ros/lib/python3.10/site-packages/fc_ros/nodes/telemetry_node.py", line 109, in main
[offboard_node-2]     rclpy.spin(node)
[offboard_node-2]   File "/opt/ros/humble/local/lib/python3.10/dist-packages/rclpy/__init__.py", line 229, in spin
[telemetry_node-1]     rclpy.spin(node)
[telemetry_node-1]   File "/opt/ros/humble/local/lib/python3.10/dist-packages/rclpy/__init__.py", line 229, in spin
[telemetry_node-1]     executor.spin_once()
[telemetry_node-1]   File "/opt/ros/humble/local/lib/python3.10/dist-packages/rclpy/executors.py", line 808, in spin_once
[offboard_node-2]     executor.spin_once()
[offboard_node-2]   File "/opt/ros/humble/local/lib/python3.10/dist-packages/rclpy/executors.py", line 808, in spin_once
[offboard_node-2]     self._spin_once_impl(timeout_sec)
[offboard_node-2]   File "/opt/ros/humble/local/lib/python3.10/dist-packages/rclpy/executors.py", line 797, in _spin_once_impl
[offboard_node-2]     handler, entity, node = self.wait_for_ready_callbacks(timeout_sec=timeout_sec)
[offboard_node-2]   File "/opt/ros/humble/local/lib/python3.10/dist-packages/rclpy/executors.py", line 780, in wait_for_ready_callbacks
[telemetry_node-1]     self._spin_once_impl(timeout_sec)
[telemetry_node-1]   File "/opt/ros/humble/local/lib/python3.10/dist-packages/rclpy/executors.py", line 797, in _spin_once_impl
[telemetry_node-1]     handler, entity, node = self.wait_for_ready_callbacks(timeout_sec=timeout_sec)
[telemetry_node-1]   File "/opt/ros/humble/local/lib/python3.10/dist-packages/rclpy/executors.py", line 780, in wait_for_ready_callbacks
[offboard_node-2]     return next(self._cb_iter)
[offboard_node-2]   File "/opt/ros/humble/local/lib/python3.10/dist-packages/rclpy/executors.py", line 677, in _wait_for_ready_callbacks
[offboard_node-2]     wait_set.wait(timeout_nsec)
[offboard_node-2] KeyboardInterrupt
[offboard_node-2] 
[offboard_node-2] During handling of the above exception, another exception occurred:
[offboard_node-2] 
[offboard_node-2] Traceback (most recent call last):
[offboard_node-2]   File "/root/drone_ws/install/fc_ros/lib/fc_ros/offboard_node", line 33, in <module>
[offboard_node-2]     sys.exit(load_entry_point('fc-ros==0.1.0', 'console_scripts', 'offboard_node')())
[offboard_node-2]   File "/root/drone_ws/install/fc_ros/lib/python3.10/site-packages/fc_ros/nodes/offboard_node.py", line 1206, in main
[telemetry_node-1]     return next(self._cb_iter)
[telemetry_node-1]   File "/opt/ros/humble/local/lib/python3.10/dist-packages/rclpy/executors.py", line 677, in _wait_for_ready_callbacks
[telemetry_node-1]     wait_set.wait(timeout_nsec)
[telemetry_node-1] KeyboardInterrupt
[telemetry_node-1] 
[telemetry_node-1] During handling of the above exception, another exception occurred:
[telemetry_node-1] 
[telemetry_node-1] Traceback (most recent call last):
[telemetry_node-1]   File "/root/drone_ws/install/fc_ros/lib/fc_ros/telemetry_node", line 33, in <module>
[telemetry_node-1]     sys.exit(load_entry_point('fc-ros==0.1.0', 'console_scripts', 'telemetry_node')())
[telemetry_node-1]   File "/root/drone_ws/install/fc_ros/lib/python3.10/site-packages/fc_ros/nodes/telemetry_node.py", line 111, in main
[offboard_node-2]     node.destroy_node()
[offboard_node-2]   File "/opt/ros/humble/local/lib/python3.10/dist-packages/rclpy/node.py", line 1687, in destroy_node
[telemetry_node-1]     node.destroy_node()
[telemetry_node-1]   File "/opt/ros/humble/local/lib/python3.10/dist-packages/rclpy/node.py", line 1691, in destroy_node
[offboard_node-2]     self.destroy_subscription(self._subscriptions[0])
[offboard_node-2]   File "/opt/ros/humble/local/lib/python3.10/dist-packages/rclpy/node.py", line 1583, in destroy_subscription
[telemetry_node-1]     self.destroy_service(self._services[0])
[telemetry_node-1]   File "/opt/ros/humble/local/lib/python3.10/dist-packages/rclpy/node.py", line 1618, in destroy_service
[offboard_node-2]     subscription.destroy()
[offboard_node-2]   File "/opt/ros/humble/local/lib/python3.10/dist-packages/rclpy/subscription.py", line 80, in destroy
[telemetry_node-1]     self._wake_executor()
[telemetry_node-1]   File "/opt/ros/humble/local/lib/python3.10/dist-packages/rclpy/node.py", line 286, in _wake_executor
[telemetry_node-1]     def _wake_executor(self):
[telemetry_node-1] KeyboardInterrupt
[offboard_node-2]     self.handle.destroy_when_not_in_use()
[offboard_node-2] KeyboardInterrupt
[ERROR] [telemetry_node-1]: process has died [pid 1228, exit code -2, cmd '/root/drone_ws/install/fc_ros/lib/fc_ros/telemetry_node --ros-args -r __node:=telemetry_node'].
[ERROR] [offboard_node-2]: process has died [pid 1230, exit code -2, cmd '/root/drone_ws/install/fc_ros/lib/fc_ros/offboard_node --ros-args -r __node:=offboard_node --params-file /root/drone_ws/install/fc_ros/share/fc_ros/params/fc_ros_params.yaml --params-file /tmp/launch_params_qhlmcrib'].
