[INFO] [launch]: All log files can be found below /root/.ros/log/2026-07-27-05-09-34-860562-DESKTOP-Kilogram-1128
[INFO] [launch]: Default logging verbosity is set to INFO
[INFO] [telemetry_node-1]: process started with pid [1130]
[INFO] [offboard_node-2]: process started with pid [1132]
[telemetry_node-1] [INFO] [1785096577.705907541] [telemetry_node]: pos_ned=[-0.00519263  0.0227888  -0.08664732]  yaw=1.694  armed=False  vtol=3  batt=16.20V/100%
[telemetry_node-1] [INFO] [1785096579.641087465] [telemetry_node]: pos_ned=[ 0.0353488  0.0257923 -0.0734555]  yaw=1.698  armed=False  vtol=3  batt=16.20V/100%
[telemetry_node-1] [INFO] [1785096581.640708099] [telemetry_node]: pos_ned=[ 0.01173402  0.01938912 -0.09321214]  yaw=1.695  armed=False  vtol=3  batt=16.20V/100%
[telemetry_node-1] [INFO] [1785096583.639912063] [telemetry_node]: pos_ned=[-0.01314353 -0.00548642 -0.09847411]  yaw=1.697  armed=False  vtol=3  batt=16.20V/100%
[telemetry_node-1] [INFO] [1785096585.639942331] [telemetry_node]: pos_ned=[ 0.01936182  0.0108515  -0.08764295]  yaw=1.702  armed=False  vtol=3  batt=16.20V/100%
[telemetry_node-1] [INFO] [1785096587.640490237] [telemetry_node]: pos_ned=[ 0.03491203  0.0039129  -0.11184471]  yaw=1.703  armed=False  vtol=3  batt=16.20V/100%
[telemetry_node-1] [INFO] [1785096589.640500344] [telemetry_node]: pos_ned=[ 0.00828927  0.02685415 -0.10586918]  yaw=1.706  armed=False  vtol=3  batt=16.20V/100%
[telemetry_node-1] [INFO] [1785096591.640983997] [telemetry_node]: pos_ned=[ 0.00921427  0.01092651 -0.10019036]  yaw=1.707  armed=False  vtol=3  batt=16.20V/100%
[telemetry_node-1] [INFO] [1785096593.640662256] [telemetry_node]: pos_ned=[ 0.02162612  0.01468992 -0.0878392 ]  yaw=1.709  armed=False  vtol=3  batt=16.20V/100%
[telemetry_node-1] [INFO] [1785096595.640301680] [telemetry_node]: pos_ned=[ 0.01333824  0.00759001 -0.09358121]  yaw=1.711  armed=False  vtol=3  batt=16.20V/100%
[telemetry_node-1] [INFO] [1785096597.639548836] [telemetry_node]: pos_ned=[ 0.01802503  0.0279333  -0.08292004]  yaw=1.715  armed=False  vtol=3  batt=16.20V/100%
[telemetry_node-1] [INFO] [1785096599.639762811] [telemetry_node]: pos_ned=[ 0.02048123  0.03365645 -0.05750052]  yaw=1.715  armed=False  vtol=3  batt=16.20V/100%
[telemetry_node-1] [INFO] [1785096601.640342829] [telemetry_node]: pos_ned=[ 0.039974    0.00885183 -0.06755027]  yaw=1.717  armed=False  vtol=3  batt=16.20V/100%
[telemetry_node-1] [INFO] [1785096606.365257342] [telemetry_node]: pos_ned=[ 0.04511477  0.00340622 -0.10773352]  yaw=1.719  armed=False  vtol=3  batt=16.20V/100%
[telemetry_node-1] [INFO] [1785096607.640523333] [telemetry_node]: pos_ned=[ 0.04944115  0.02079609 -0.11325212]  yaw=1.720  armed=False  vtol=3  batt=16.20V/100%
[telemetry_node-1] [INFO] [1785096609.639531221] [telemetry_node]: pos_ned=[ 0.06012048  0.00813052 -0.08488505]  yaw=1.722  armed=False  vtol=3  batt=16.20V/100%
[telemetry_node-1] [INFO] [1785096611.641169911] [telemetry_node]: pos_ned=[ 0.03450647 -0.00244941 -0.07010661]  yaw=1.721  armed=False  vtol=3  batt=16.20V/100%
[telemetry_node-1] [INFO] [1785096613.640367471] [telemetry_node]: pos_ned=[ 0.02126099  0.01576608 -0.02070571]  yaw=1.721  armed=False  vtol=3  batt=16.20V/100%
[telemetry_node-1] [INFO] [1785096615.640660930] [telemetry_node]: pos_ned=[ 0.01986415 -0.00041512  0.00901618]  yaw=1.724  armed=False  vtol=3  batt=16.20V/100%
[telemetry_node-1] [INFO] [1785096617.639842966] [telemetry_node]: pos_ned=[ 0.02252174 -0.01263883  0.01323953]  yaw=1.729  armed=False  vtol=3  batt=16.20V/100%
[telemetry_node-1] [INFO] [1785096619.640054629] [telemetry_node]: pos_ned=[ 0.03499392 -0.00047469  0.05614268]  yaw=1.738  armed=False  vtol=3  batt=16.20V/100%
[telemetry_node-1] [INFO] [1785096621.640458004] [telemetry_node]: pos_ned=[0.04162285 0.01539739 0.08606365]  yaw=1.746  armed=False  vtol=3  batt=16.20V/100%
[telemetry_node-1] [INFO] [1785096623.640892982] [telemetry_node]: pos_ned=[0.03525278 0.04499676 0.10383265]  yaw=1.753  armed=False  vtol=3  batt=16.20V/100%
[telemetry_node-1] [INFO] [1785096625.640028964] [telemetry_node]: pos_ned=[0.02911553 0.04952201 0.11545486]  yaw=1.754  armed=False  vtol=3  batt=16.20V/100%
[telemetry_node-1] [INFO] [1785096627.639724893] [telemetry_node]: pos_ned=[0.01794562 0.02486791 0.11534735]  yaw=1.757  armed=False  vtol=3  batt=16.20V/100%
[telemetry_node-1] [INFO] [1785096629.640405580] [telemetry_node]: pos_ned=[0.04709389 0.02600764 0.13756359]  yaw=1.755  armed=False  vtol=3  batt=16.20V/100%
[telemetry_node-1] [INFO] [1785096631.639743547] [telemetry_node]: pos_ned=[0.03182706 0.02152492 0.13568127]  yaw=1.751  armed=False  vtol=3  batt=16.20V/100%
[telemetry_node-1] [INFO] [1785096633.639700390] [telemetry_node]: pos_ned=[0.03600346 0.02191555 0.14984342]  yaw=1.750  armed=False  vtol=3  batt=16.20V/100%
[telemetry_node-1] [INFO] [1785096635.639817321] [telemetry_node]: pos_ned=[4.71905284e-02 1.63329692e-04 1.73969895e-01]  yaw=1.746  armed=False  vtol=3  batt=16.20V/100%
[telemetry_node-1] [INFO] [1785096637.641627899] [telemetry_node]: pos_ned=[ 0.0047569  -0.00997793  0.20835865]  yaw=1.742  armed=False  vtol=3  batt=16.20V/100%
[telemetry_node-1] [INFO] [1785096641.970932586] [telemetry_node]: pos_ned=[0.01171421 0.00570329 0.20729285]  yaw=1.740  armed=False  vtol=3  batt=16.20V/100%
[telemetry_node-1] [INFO] [1785096643.640477582] [telemetry_node]: pos_ned=[ 0.01941438 -0.00279169  0.20928976]  yaw=1.739  armed=False  vtol=3  batt=16.20V/100%
[telemetry_node-1] [INFO] [1785096645.640096374] [telemetry_node]: pos_ned=[ 0.02005023 -0.00783634  0.18600836]  yaw=1.738  armed=False  vtol=3  batt=16.20V/100%
[telemetry_node-1] [INFO] [1785096647.640295453] [telemetry_node]: pos_ned=[ 0.030394   -0.00806242  0.14890179]  yaw=1.737  armed=False  vtol=3  batt=16.20V/100%
[telemetry_node-1] [INFO] [1785096649.640491863] [telemetry_node]: pos_ned=[ 0.01136354 -0.02156945  0.10552187]  yaw=1.735  armed=False  vtol=3  batt=16.20V/100%
[telemetry_node-1] [INFO] [1785096651.640644761] [telemetry_node]: pos_ned=[ 0.00788869 -0.00033628  0.06783736]  yaw=1.734  armed=False  vtol=3  batt=16.20V/100%
[telemetry_node-1] [INFO] [1785096653.640482492] [telemetry_node]: pos_ned=[0.04057616 0.00363534 0.04104055]  yaw=1.733  armed=False  vtol=3  batt=16.20V/100%
[telemetry_node-1] [INFO] [1785096655.639863490] [telemetry_node]: pos_ned=[-0.00546177  0.0147343   0.03126159]  yaw=1.732  armed=False  vtol=3  batt=16.20V/100%
[telemetry_node-1] [INFO] [1785096657.639830449] [telemetry_node]: pos_ned=[0.00171595 0.02103264 0.0300217 ]  yaw=1.731  armed=False  vtol=3  batt=16.20V/100%
[telemetry_node-1] [INFO] [1785096659.640282363] [telemetry_node]: pos_ned=[ 0.029491   -0.01147676 -0.00307263]  yaw=1.731  armed=False  vtol=3  batt=16.20V/100%
[telemetry_node-1] [INFO] [1785096661.640443773] [telemetry_node]: pos_ned=[ 0.04962451  0.01943565 -0.01704337]  yaw=1.731  armed=False  vtol=3  batt=16.20V/100%
[telemetry_node-1] [INFO] [1785096663.640487538] [telemetry_node]: pos_ned=[ 0.0263095   0.02324245 -0.02299874]  yaw=1.729  armed=False  vtol=3  batt=16.20V/100%
[telemetry_node-1] [INFO] [1785096665.640126394] [telemetry_node]: pos_ned=[ 0.01311059 -0.00374854  0.00380991]  yaw=1.728  armed=False  vtol=3  batt=16.20V/100%
[telemetry_node-1] [INFO] [1785096667.640062663] [telemetry_node]: pos_ned=[0.00863233 0.01851707 0.03721692]  yaw=1.728  armed=False  vtol=3  batt=16.20V/100%
[telemetry_node-1] [INFO] [1785096669.640617401] [telemetry_node]: pos_ned=[-0.01498361  0.02318532  0.03961969]  yaw=1.727  armed=False  vtol=3  batt=16.20V/100%
[telemetry_node-1] [INFO] [1785096671.642091930] [telemetry_node]: pos_ned=[-0.02859629 -0.01314235  0.0249108 ]  yaw=1.729  armed=False  vtol=3  batt=16.20V/100%
[telemetry_node-1] [INFO] [1785096673.640305363] [telemetry_node]: pos_ned=[-0.03064696  0.02431609 -0.00010849]  yaw=1.731  armed=False  vtol=3  batt=16.20V/100%
[telemetry_node-1] [INFO] [1785096677.294556583] [telemetry_node]: pos_ned=[-0.02802676  0.01286177 -0.01808901]  yaw=1.731  armed=False  vtol=3  batt=16.20V/100%
[telemetry_node-1] [INFO] [1785096677.640520740] [telemetry_node]: pos_ned=[-0.02234258  0.00764876 -0.03418789]  yaw=1.731  armed=False  vtol=3  batt=16.20V/100%
[telemetry_node-1] [INFO] [1785096679.640478523] [telemetry_node]: pos_ned=[ 0.02217791 -0.01955265 -0.05103502]  yaw=1.732  armed=False  vtol=3  batt=16.20V/100%
[telemetry_node-1] [INFO] [1785096681.640441748] [telemetry_node]: pos_ned=[ 0.00802503 -0.0336118  -0.04866381]  yaw=1.731  armed=False  vtol=3  batt=16.20V/100%
[telemetry_node-1] [INFO] [1785096683.641839587] [telemetry_node]: pos_ned=[ 0.00532578 -0.00223907 -0.06413554]  yaw=1.729  armed=False  vtol=3  batt=16.20V/100%
[telemetry_node-1] [INFO] [1785096685.640664324] [telemetry_node]: pos_ned=[ 0.01136054  0.0228118  -0.03801078]  yaw=1.725  armed=False  vtol=3  batt=16.20V/100%
[telemetry_node-1] [INFO] [1785096687.640275012] [telemetry_node]: pos_ned=[ 0.02175955  0.03441321 -0.00685003]  yaw=1.723  armed=False  vtol=3  batt=16.20V/100%
[telemetry_node-1] [INFO] [1785096689.640410947] [telemetry_node]: pos_ned=[ 0.01066395  0.01087654 -0.01704537]  yaw=1.723  armed=False  vtol=3  batt=16.20V/100%
[telemetry_node-1] [INFO] [1785096691.641758607] [telemetry_node]: pos_ned=[-0.00050073  0.016301    0.00194542]  yaw=1.724  armed=False  vtol=3  batt=16.20V/100%
[telemetry_node-1] [INFO] [1785096693.640115649] [telemetry_node]: pos_ned=[ 0.00834965  0.00470837 -0.00831375]  yaw=1.725  armed=False  vtol=3  batt=16.20V/100%
[telemetry_node-1] [INFO] [1785096695.640227217] [telemetry_node]: pos_ned=[0.00863063 0.0130416  0.0025368 ]  yaw=1.727  armed=False  vtol=3  batt=16.20V/100%
[telemetry_node-1] [INFO] [1785096697.641263999] [telemetry_node]: pos_ned=[ 0.01203273 -0.00414365  0.04881967]  yaw=1.726  armed=False  vtol=3  batt=16.20V/100%
[telemetry_node-1] [INFO] [1785096699.640309736] [telemetry_node]: pos_ned=[0.01838314 0.01251899 0.04815813]  yaw=1.726  armed=False  vtol=3  batt=16.20V/100%
[telemetry_node-1] [INFO] [1785096701.639947118] [telemetry_node]: pos_ned=[ 0.00674143 -0.01635111  0.03199188]  yaw=1.726  armed=False  vtol=3  batt=16.20V/100%
[telemetry_node-1] [INFO] [1785096703.640613936] [telemetry_node]: pos_ned=[ 0.02340124 -0.01413348  0.00337604]  yaw=1.726  armed=False  vtol=3  batt=16.20V/100%
[telemetry_node-1] [INFO] [1785096705.640086266] [telemetry_node]: pos_ned=[ 0.02274623  0.00265707 -0.00177092]  yaw=1.728  armed=False  vtol=3  batt=16.20V/100%
[telemetry_node-1] [INFO] [1785096707.640219384] [telemetry_node]: pos_ned=[ 0.01846816  0.00094799 -0.03852029]  yaw=1.727  armed=False  vtol=3  batt=16.20V/100%
[telemetry_node-1] [INFO] [1785096712.603619642] [telemetry_node]: pos_ned=[ 0.01359678  0.02015083 -0.03495825]  yaw=1.726  armed=False  vtol=3  batt=16.20V/100%
[telemetry_node-1] [INFO] [1785096713.639560970] [telemetry_node]: pos_ned=[ 0.03860008  0.0169474  -0.02418134]  yaw=1.726  armed=False  vtol=3  batt=16.20V/100%
[telemetry_node-1] [INFO] [1785096715.640873417] [telemetry_node]: pos_ned=[ 0.02894842 -0.01456078 -0.02329428]  yaw=1.726  armed=False  vtol=3  batt=16.20V/100%
[telemetry_node-1] [INFO] [1785096717.639804326] [telemetry_node]: pos_ned=[ 0.01105334  0.00369784 -0.02250236]  yaw=1.725  armed=False  vtol=3  batt=16.20V/100%
[telemetry_node-1] [INFO] [1785096719.639984429] [telemetry_node]: pos_ned=[ 0.01928758 -0.01072874 -0.03336515]  yaw=1.724  armed=False  vtol=3  batt=16.20V/100%
[telemetry_node-1] [INFO] [1785096721.639751548] [telemetry_node]: pos_ned=[-0.008839    0.00848446 -0.05254922]  yaw=1.723  armed=False  vtol=3  batt=16.20V/100%
[telemetry_node-1] [INFO] [1785096723.640817035] [telemetry_node]: pos_ned=[ 0.02399014  0.03723261 -0.05697604]  yaw=1.722  armed=False  vtol=3  batt=16.20V/100%
[telemetry_node-1] [INFO] [1785096725.640630314] [telemetry_node]: pos_ned=[ 0.01391624  0.01232292 -0.06842549]  yaw=1.721  armed=False  vtol=3  batt=16.20V/100%
[telemetry_node-1] [INFO] [1785096727.640220031] [telemetry_node]: pos_ned=[ 0.01629167  0.00471278 -0.07587592]  yaw=1.719  armed=False  vtol=3  batt=16.20V/100%
[telemetry_node-1] [INFO] [1785096729.640305670] [telemetry_node]: pos_ned=[ 0.00495857  0.04574652 -0.05234385]  yaw=1.719  armed=False  vtol=3  batt=16.20V/100%
[telemetry_node-1] [INFO] [1785096731.641285964] [telemetry_node]: pos_ned=[-0.03714434  0.04572037 -0.00240559]  yaw=1.721  armed=False  vtol=3  batt=16.20V/100%
[telemetry_node-1] [INFO] [1785096733.640464523] [telemetry_node]: pos_ned=[-0.03865208  0.05676997  0.05252234]  yaw=1.724  armed=False  vtol=3  batt=16.20V/100%
[telemetry_node-1] [INFO] [1785096735.641101697] [telemetry_node]: pos_ned=[-0.03408734  0.0265618   0.10209211]  yaw=1.729  armed=False  vtol=3  batt=16.20V/100%
[telemetry_node-1] [INFO] [1785096737.640242142] [telemetry_node]: pos_ned=[-0.01397314  0.00223305  0.1371868 ]  yaw=1.730  armed=False  vtol=3  batt=16.20V/100%
[telemetry_node-1] [INFO] [1785096739.641159256] [telemetry_node]: pos_ned=[ 0.01880722 -0.02248993  0.18294334]  yaw=1.733  armed=False  vtol=3  batt=16.20V/100%
[telemetry_node-1] [INFO] [1785096741.640357848] [telemetry_node]: pos_ned=[0.04839806 0.00490137 0.20918667]  yaw=1.734  armed=False  vtol=3  batt=16.20V/100%
[telemetry_node-1] [INFO] [1785096743.641668569] [telemetry_node]: pos_ned=[0.03186386 0.02215767 0.22601923]  yaw=1.734  armed=False  vtol=3  batt=16.20V/100%
[telemetry_node-1] [INFO] [1785096747.938475023] [telemetry_node]: pos_ned=[0.02926231 0.02180012 0.25466084]  yaw=1.733  armed=False  vtol=3  batt=16.20V/100%
[telemetry_node-1] [INFO] [1785096749.640973705] [telemetry_node]: pos_ned=[0.01776263 0.01969646 0.25027367]  yaw=1.732  armed=False  vtol=3  batt=16.20V/100%
[telemetry_node-1] [INFO] [1785096751.640345680] [telemetry_node]: pos_ned=[0.01329581 0.00587435 0.22549972]  yaw=1.732  armed=False  vtol=3  batt=16.20V/100%
[telemetry_node-1] [INFO] [1785096753.640369076] [telemetry_node]: pos_ned=[-0.02145136  0.02674589  0.20801252]  yaw=1.730  armed=False  vtol=3  batt=16.20V/100%
[telemetry_node-1] [INFO] [1785096755.639727008] [telemetry_node]: pos_ned=[-0.02377771  0.00228887  0.17755881]  yaw=1.730  armed=False  vtol=3  batt=16.20V/100%
[telemetry_node-1] [INFO] [1785096757.640724366] [telemetry_node]: pos_ned=[0.00196355 0.02461682 0.12839809]  yaw=1.730  armed=False  vtol=3  batt=16.20V/100%
[telemetry_node-1] [INFO] [1785096759.639693031] [telemetry_node]: pos_ned=[0.00703465 0.00156033 0.09045068]  yaw=1.729  armed=False  vtol=3  batt=16.20V/100%
[telemetry_node-1] [INFO] [1785096761.640876343] [telemetry_node]: pos_ned=[ 0.02736192 -0.00650634  0.0439759 ]  yaw=1.730  armed=False  vtol=3  batt=16.20V/100%
[telemetry_node-1] [INFO] [1785096763.642330063] [telemetry_node]: pos_ned=[0.02880433 0.00339806 0.01317059]  yaw=1.730  armed=False  vtol=3  batt=16.20V/100%
[telemetry_node-1] [INFO] [1785096765.640303105] [telemetry_node]: pos_ned=[0.01759434 0.00118273 0.02470074]  yaw=1.730  armed=False  vtol=3  batt=16.20V/100%
[telemetry_node-1] [INFO] [1785096767.640571302] [telemetry_node]: pos_ned=[-0.00632421  0.01438129  0.02004324]  yaw=1.729  armed=False  vtol=3  batt=16.20V/100%
[telemetry_node-1] [INFO] [1785096769.640477031] [telemetry_node]: pos_ned=[-0.01918101 -0.00733107  0.0150499 ]  yaw=1.727  armed=False  vtol=3  batt=16.20V/100%
[telemetry_node-1] [INFO] [1785096771.640161886] [telemetry_node]: pos_ned=[0.00916673 0.00426435 0.08676415]  yaw=1.725  armed=False  vtol=3  batt=16.20V/100%
[telemetry_node-1] [INFO] [1785096773.640149250] [telemetry_node]: pos_ned=[0.01144789 0.02059589 0.17253706]  yaw=1.722  armed=False  vtol=3  batt=16.20V/100%
[telemetry_node-1] [INFO] [1785096775.639779006] [telemetry_node]: pos_ned=[-0.01792013  0.0103365   0.20227581]  yaw=1.721  armed=False  vtol=3  batt=16.20V/100%
[telemetry_node-1] [INFO] [1785096777.640321338] [telemetry_node]: pos_ned=[0.02203757 0.02773543 0.19035974]  yaw=1.724  armed=False  vtol=3  batt=16.20V/100%
[telemetry_node-1] [INFO] [1785096779.640157354] [telemetry_node]: pos_ned=[ 0.03375927 -0.00034603  0.20469502]  yaw=1.725  armed=False  vtol=3  batt=16.20V/100%
[telemetry_node-1] [INFO] [1785096783.009416603] [telemetry_node]: pos_ned=[ 0.02597549 -0.00935757  0.20076993]  yaw=1.725  armed=False  vtol=3  batt=16.20V/100%
[telemetry_node-1] [INFO] [1785096783.639938672] [telemetry_node]: pos_ned=[ 0.01543836 -0.01572836  0.19659117]  yaw=1.725  armed=False  vtol=3  batt=16.20V/100%
[telemetry_node-1] [INFO] [1785096785.640518172] [telemetry_node]: pos_ned=[-0.00100041  0.01205734  0.20150161]  yaw=1.726  armed=False  vtol=3  batt=16.20V/100%
[telemetry_node-1] [INFO] [1785096787.640463097] [telemetry_node]: pos_ned=[0.0109555  0.03326906 0.19542417]  yaw=1.727  armed=False  vtol=3  batt=16.20V/100%
[telemetry_node-1] [INFO] [1785096789.640235570] [telemetry_node]: pos_ned=[0.01229884 0.0425208  0.2077418 ]  yaw=1.728  armed=False  vtol=3  batt=16.20V/100%
[telemetry_node-1] [INFO] [1785096791.640722934] [telemetry_node]: pos_ned=[0.00862538 0.03482116 0.20124245]  yaw=1.729  armed=False  vtol=3  batt=16.20V/100%
[telemetry_node-1] [INFO] [1785096793.640012018] [telemetry_node]: pos_ned=[0.00465545 0.01233151 0.17095929]  yaw=1.730  armed=False  vtol=3  batt=16.20V/100%
[telemetry_node-1] [INFO] [1785096795.640364439] [telemetry_node]: pos_ned=[0.01760399 0.00578622 0.17092332]  yaw=1.730  armed=False  vtol=3  batt=16.20V/100%
[telemetry_node-1] [INFO] [1785096797.640831006] [telemetry_node]: pos_ned=[ 0.01098738 -0.00890129  0.18912753]  yaw=1.731  armed=False  vtol=3  batt=16.20V/100%
[telemetry_node-1] [INFO] [1785096799.640356529] [telemetry_node]: pos_ned=[ 0.00500025 -0.01332432  0.19922292]  yaw=1.730  armed=False  vtol=3  batt=16.20V/100%
[telemetry_node-1] [INFO] [1785096801.640311322] [telemetry_node]: pos_ned=[ 0.01153978 -0.00571935  0.22692963]  yaw=1.730  armed=False  vtol=3  batt=16.20V/100%
[telemetry_node-1] [INFO] [1785096803.641040891] [telemetry_node]: pos_ned=[ 1.05631342e-02 -1.76584479e-04  2.81573951e-01]  yaw=1.729  armed=False  vtol=3  batt=16.20V/100%
[telemetry_node-1] [INFO] [1785096805.641439676] [telemetry_node]: pos_ned=[ 0.00986241 -0.00119664  0.29862839]  yaw=1.728  armed=False  vtol=3  batt=16.20V/100%
[telemetry_node-1] [INFO] [1785096807.640598073] [telemetry_node]: pos_ned=[ 0.02524013 -0.01564442  0.33129814]  yaw=1.729  armed=False  vtol=3  batt=16.20V/100%
[telemetry_node-1] [INFO] [1785096809.640397095] [telemetry_node]: pos_ned=[0.0237666  0.00883431 0.35955665]  yaw=1.727  armed=False  vtol=3  batt=16.20V/100%
[telemetry_node-1] [INFO] [1785096811.640247164] [telemetry_node]: pos_ned=[ 0.02241085 -0.00233711  0.39668876]  yaw=1.725  armed=False  vtol=3  batt=16.20V/100%
[telemetry_node-1] [INFO] [1785096813.641045539] [telemetry_node]: pos_ned=[-0.0227739   0.01705021  0.40857333]  yaw=1.724  armed=False  vtol=3  batt=16.20V/100%
[telemetry_node-1] [INFO] [1785096818.701615295] [telemetry_node]: pos_ned=[-0.0096291   0.0096449   0.39183849]  yaw=1.723  armed=False  vtol=3  batt=16.20V/100%
[telemetry_node-1] [INFO] [1785096819.640725992] [telemetry_node]: pos_ned=[-0.00685278  0.00815617  0.37960556]  yaw=1.723  armed=False  vtol=3  batt=16.20V/100%
[telemetry_node-1] [INFO] [1785096821.641115803] [telemetry_node]: pos_ned=[-0.01547451  0.00395944  0.36151969]  yaw=1.723  armed=False  vtol=3  batt=16.20V/100%
[telemetry_node-1] [INFO] [1785096823.640855314] [telemetry_node]: pos_ned=[0.03166918 0.02254629 0.37475005]  yaw=1.725  armed=False  vtol=3  batt=16.20V/100%
[telemetry_node-1] [INFO] [1785096825.640668746] [telemetry_node]: pos_ned=[0.00895942 0.01357149 0.33382049]  yaw=1.724  armed=False  vtol=3  batt=16.20V/100%
[telemetry_node-1] [INFO] [1785096827.640062557] [telemetry_node]: pos_ned=[0.02619985 0.00109029 0.30850625]  yaw=1.723  armed=False  vtol=3  batt=16.20V/100%
[telemetry_node-1] [INFO] [1785096829.639958594] [telemetry_node]: pos_ned=[ 0.01257063 -0.00397179  0.31609678]  yaw=1.723  armed=False  vtol=3  batt=16.20V/100%
[telemetry_node-1] [INFO] [1785096831.640553090] [telemetry_node]: pos_ned=[-0.01433482 -0.00609931  0.2900587 ]  yaw=1.721  armed=False  vtol=3  batt=16.20V/100%
[telemetry_node-1] [INFO] [1785096833.640631281] [telemetry_node]: pos_ned=[-0.00357771  0.01649345  0.31631383]  yaw=1.721  armed=False  vtol=3  batt=16.20V/100%
[telemetry_node-1] [INFO] [1785096835.641178959] [telemetry_node]: pos_ned=[0.01579653 0.01667545 0.29824433]  yaw=1.719  armed=False  vtol=3  batt=16.20V/100%
[telemetry_node-1] [INFO] [1785096837.640202058] [telemetry_node]: pos_ned=[0.03110169 0.004008   0.29857931]  yaw=1.719  armed=False  vtol=3  batt=16.20V/100%
[telemetry_node-1] [INFO] [1785096839.644288262] [telemetry_node]: pos_ned=[0.0437709  0.0272073  0.33143196]  yaw=1.719  armed=False  vtol=3  batt=16.20V/100%
[telemetry_node-1] [INFO] [1785096841.640087892] [telemetry_node]: pos_ned=[0.05266711 0.04136834 0.37405992]  yaw=1.718  armed=False  vtol=3  batt=16.20V/100%
[telemetry_node-1] [INFO] [1785096843.639805624] [telemetry_node]: pos_ned=[0.07841498 0.01225935 0.41332209]  yaw=1.716  armed=False  vtol=3  batt=16.20V/100%
[telemetry_node-1] [INFO] [1785096845.641079634] [telemetry_node]: pos_ned=[0.0393698  0.00494536 0.46146822]  yaw=1.713  armed=False  vtol=3  batt=16.20V/100%
[telemetry_node-1] [INFO] [1785096847.640792306] [telemetry_node]: pos_ned=[ 0.02225213 -0.01923374  0.50331056]  yaw=1.713  armed=False  vtol=3  batt=16.20V/100%
[telemetry_node-1] [INFO] [1785096849.639744427] [telemetry_node]: pos_ned=[0.01476364 0.00486443 0.52314067]  yaw=1.713  armed=False  vtol=3  batt=16.20V/100%
[telemetry_node-1] [INFO] [1785096854.524670835] [telemetry_node]: pos_ned=[0.03380074 0.02380661 0.51306438]  yaw=1.713  armed=False  vtol=3  batt=16.20V/100%
[telemetry_node-1] [INFO] [1785096855.639777458] [telemetry_node]: pos_ned=[0.0551194  0.01569888 0.49251866]  yaw=1.713  armed=False  vtol=3  batt=16.20V/100%
[telemetry_node-1] [INFO] [1785096857.640593618] [telemetry_node]: pos_ned=[0.03824605 0.04191162 0.45983332]  yaw=1.714  armed=False  vtol=3  batt=16.20V/100%
[telemetry_node-1] [INFO] [1785096859.640539540] [telemetry_node]: pos_ned=[0.00604442 0.01709081 0.42264706]  yaw=1.714  armed=False  vtol=3  batt=16.20V/100%
[telemetry_node-1] [INFO] [1785096861.640293749] [telemetry_node]: pos_ned=[0.00936554 0.0041514  0.36650392]  yaw=1.713  armed=False  vtol=3  batt=16.20V/100%
[offboard_node-2] [Eta3ClothoidPlannerV3] WARNING: NR pos residual 4.983m is large. affine correction guarantees WP passage but curve may be deformed.
[offboard_node-2] [INFO] [1785096862.695091622] [offboard_node]: ARM 요청
[offboard_node-2] [INFO] [1785096863.523528959] [offboard_node]: 경로 원점 = 이륙지점 [N=0.00, E=0.02, h_up=0.33] 적용 (frame=takeoff) → WP0=[0.00,0.02] 순항고도 h_up=50.33
[offboard_node-2] [INFO] [1785096863.533163242] [offboard_node]: CommandTOL 이륙 요청 alt=50.4m AMSL (지면 0.4+50.0) -> CLIMBING
[telemetry_node-1] [INFO] [1785096863.641335397] [telemetry_node]: pos_ned=[0.00297644 0.02240079 0.32615361]  yaw=1.713  armed=True  vtol=3  batt=16.20V/100%
[telemetry_node-1] [INFO] [1785096865.639297061] [telemetry_node]: pos_ned=[0.00520714 0.0073915  0.28723598]  yaw=1.714  armed=True  vtol=3  batt=16.14V/98%
[telemetry_node-1] [INFO] [1785096867.639419672] [telemetry_node]: pos_ned=[ 0.09088589 -0.11526595  0.6856305 ]  yaw=1.716  armed=True  vtol=3  batt=16.08V/95%
[telemetry_node-1] [INFO] [1785096869.639181494] [telemetry_node]: pos_ned=[ 0.14378016 -0.08320328  2.90108109]  yaw=1.723  armed=True  vtol=3  batt=16.02V/92%
[telemetry_node-1] [INFO] [1785096871.639493664] [telemetry_node]: pos_ned=[ 0.05557772 -0.04290021  5.48535442]  yaw=1.731  armed=True  vtol=3  batt=15.96V/89%
[telemetry_node-1] [INFO] [1785096873.639395639] [telemetry_node]: pos_ned=[ 0.02520683 -0.02577363  8.25068378]  yaw=1.735  armed=True  vtol=3  batt=15.90V/85%
[telemetry_node-1] [INFO] [1785096875.639315451] [telemetry_node]: pos_ned=[ 1.06391553e-02 -2.62180958e-02  1.12120132e+01]  yaw=1.735  armed=True  vtol=3  batt=15.84V/82%
[telemetry_node-1] [INFO] [1785096877.639223213] [telemetry_node]: pos_ned=[-2.14004028e-03  2.23552790e-02  1.68244228e+01]  yaw=1.739  armed=True  vtol=3  batt=15.78V/79%
[telemetry_node-1] [INFO] [1785096879.639241376] [telemetry_node]: pos_ned=[-9.86944046e-03  2.76533272e-02  2.25917225e+01]  yaw=1.738  armed=True  vtol=3  batt=15.72V/75%
[telemetry_node-1] [INFO] [1785096881.639871222] [telemetry_node]: pos_ned=[-7.37897400e-03  1.94187742e-02  2.84612885e+01]  yaw=1.738  armed=True  vtol=3  batt=15.66V/72%
[telemetry_node-1] [INFO] [1785096883.639121765] [telemetry_node]: pos_ned=[-2.31828745e-02  1.16905698e-03  3.42607841e+01]  yaw=1.739  armed=True  vtol=3  batt=15.60V/69%
[telemetry_node-1] [INFO] [1785096885.639249950] [telemetry_node]: pos_ned=[-8.54961923e-04 -3.74170835e-03  4.01370888e+01]  yaw=1.739  armed=True  vtol=3  batt=15.54V/65%
[telemetry_node-1] [INFO] [1785096890.312770019] [telemetry_node]: pos_ned=[ 1.11579420e-02 -2.16507004e-03  4.34311295e+01]  yaw=1.738  armed=True  vtol=3  batt=15.48V/62%
[telemetry_node-1] [INFO] [1785096891.639326241] [telemetry_node]: pos_ned=[5.80888893e-03 1.92883871e-02 4.64270973e+01]  yaw=1.737  armed=True  vtol=3  batt=15.48V/62%
[telemetry_node-1] [INFO] [1785096893.639415748] [telemetry_node]: pos_ned=[2.13373825e-02 2.77800057e-02 4.88180618e+01]  yaw=1.736  armed=True  vtol=3  batt=15.42V/59%
[telemetry_node-1] [INFO] [1785096895.639679492] [telemetry_node]: pos_ned=[2.97289658e-02 2.66156695e-03 4.97854538e+01]  yaw=1.737  armed=True  vtol=3  batt=15.36V/55%
[offboard_node-2] [INFO] [1785096895.822931925] [offboard_node]: 운용 고도 50.0m 도달 → transition_fw
[telemetry_node-1] [INFO] [1785096897.640264110] [telemetry_node]: pos_ned=[3.12902778e-02 1.54275214e-04 5.01290283e+01]  yaw=1.736  armed=True  vtol=3  batt=15.30V/52%
[offboard_node-2] [INFO] [1785096897.824603848] [offboard_node]: 천이 전 MC OFFBOARD 요청 (헤딩 정렬 대기)
[telemetry_node-1] [INFO] [1785096899.640186336] [telemetry_node]: pos_ned=[2.01782659e-02 1.41972909e-02 5.01722794e+01]  yaw=1.151  armed=True  vtol=3  batt=15.30V/50%
[telemetry_node-1] [INFO] [1785096901.639533878] [telemetry_node]: pos_ned=[ 0.15117437  0.10875713 50.14694595]  yaw=0.550  armed=True  vtol=3  batt=15.30V/50%
[telemetry_node-1] [INFO] [1785096903.639342170] [telemetry_node]: pos_ned=[ 0.33566883  0.19333357 50.17314529]  yaw=0.295  armed=True  vtol=3  batt=15.30V/50%
[telemetry_node-1] [INFO] [1785096905.639619849] [telemetry_node]: pos_ned=[ 0.43092966  0.20246747 50.19214249]  yaw=0.161  armed=True  vtol=3  batt=15.30V/50%
[telemetry_node-1] [INFO] [1785096907.639477365] [telemetry_node]: pos_ned=[ 0.48069274  0.16233568 50.2276001 ]  yaw=0.089  armed=True  vtol=3  batt=15.30V/50%
[telemetry_node-1] [INFO] [1785096909.639522763] [telemetry_node]: pos_ned=[ 0.48345184  0.16508983 50.22723389]  yaw=0.050  armed=True  vtol=3  batt=15.30V/50%
[offboard_node-2] [INFO] [1785096911.622468211] [offboard_node]: 헤딩 정렬 완료 target=0.0° current=2.4° err=-2.4° (20틱 안정) → 전진 + 천이 명령
[offboard_node-2] [INFO] [1785096911.623443359] [offboard_node]: MC→FW 천이 명령 요청 (위치 setpoint 직선 천이)
[telemetry_node-1] [INFO] [1785096911.639262991] [telemetry_node]: pos_ned=[ 0.50398499  0.15401858 50.2244072 ]  yaw=0.042  armed=True  vtol=3  batt=15.30V/50%
[telemetry_node-1] [INFO] [1785096913.639088979] [telemetry_node]: pos_ned=[ 3.80793142  0.08819079 50.23328781]  yaw=-0.045  armed=True  vtol=1  batt=15.30V/50%
[offboard_node-2] [INFO] [1785096914.321912966] [offboard_node]: FW 전환 완료 -> STREAMING
[offboard_node-2] [INFO] [1785096914.437265566] [offboard_node]: OFFBOARD 확인 → FOLLOWING
[offboard_node-2] [INFO] [1785096914.552186644] [offboard_node]: FOLLOWING 시작 pos=[14.4,-0.4] tgt=[84.4,0.0] cte=-0.4m mode=OFFBOARD
[telemetry_node-1] [INFO] [1785096915.639420887] [telemetry_node]: pos_ned=[3.48596077e+01 4.51050028e-02 5.10429573e+01]  yaw=0.019  armed=True  vtol=4  batt=15.30V/50%
[offboard_node-2] [INFO] [1785096916.453290940] [offboard_node]: FOLLOWING tick=20 mode=OFFBOARD cte=-0.0m pos=[47.6,0.0] tgt=[117.6,0.0]
[telemetry_node-1] [INFO] [1785096917.640416863] [telemetry_node]: pos_ned=[ 6.58403244e+01 -2.41669361e-02  5.15601196e+01]  yaw=0.011  armed=True  vtol=4  batt=15.30V/50%
[offboard_node-2] [INFO] [1785096918.468617360] [offboard_node]: FOLLOWING tick=40 mode=OFFBOARD cte=0.3m pos=[77.9,0.3] tgt=[147.9,0.0]
[telemetry_node-1] [INFO] [1785096919.639616069] [telemetry_node]: pos_ned=[97.68717957  0.48210138 49.27227783]  yaw=0.015  armed=True  vtol=4  batt=15.30V/50%
[offboard_node-2] [INFO] [1785096920.477007360] [offboard_node]: FOLLOWING tick=60 mode=OFFBOARD cte=0.5m pos=[109.6,0.5] tgt=[179.6,-0.1]
[telemetry_node-1] [INFO] [1785096921.640119761] [telemetry_node]: pos_ned=[127.69211578   0.61915493  49.46656799]  yaw=0.023  armed=True  vtol=4  batt=15.30V/50%
[offboard_node-2] [INFO] [1785096922.466704725] [offboard_node]: FOLLOWING tick=80 mode=OFFBOARD cte=0.6m pos=[139.8,0.6] tgt=[200.1,9.8]
[telemetry_node-1] [INFO] [1785096925.808501985] [telemetry_node]: pos_ned=[141.84770203   0.62472236  49.26796341]  yaw=0.017  armed=True  vtol=4  batt=15.30V/50%
[offboard_node-2] [INFO] [1785096927.574333018] [offboard_node]: FOLLOWING tick=100 mode=OFFBOARD cte=4.0m pos=[167.4,3.9] tgt=[200.1,40.8]
[telemetry_node-1] [INFO] [1785096927.639787452] [telemetry_node]: pos_ned=[168.82514954   4.46500921  48.93712997]  yaw=0.173  armed=True  vtol=4  batt=15.30V/50%
[offboard_node-2] [INFO] [1785096929.563409033] [offboard_node]: FOLLOWING tick=120 mode=OFFBOARD cte=8.6m pos=[191.5,22.9] tgt=[200.0,93.2]
[telemetry_node-1] [INFO] [1785096929.640204546] [telemetry_node]: pos_ned=[192.65690613  24.92974663  45.8261528 ]  yaw=0.784  armed=True  vtol=4  batt=15.30V/50%
[offboard_node-2] [INFO] [1785096931.562198317] [offboard_node]: FOLLOWING tick=140 mode=OFFBOARD cte=1.2m pos=[198.8,54.7] tgt=[200.0,124.7]
[telemetry_node-1] [INFO] [1785096931.640609923] [telemetry_node]: pos_ned=[198.92350769  56.67932892  48.28118515]  yaw=1.584  armed=True  vtol=4  batt=15.30V/50%
[offboard_node-2] [INFO] [1785096933.574620595] [offboard_node]: FOLLOWING tick=160 mode=OFFBOARD cte=-0.1m pos=[200.1,82.6] tgt=[200.1,152.6]
[telemetry_node-1] [INFO] [1785096933.640290002] [telemetry_node]: pos_ned=[200.05130005  84.07628632  49.77539444]  yaw=1.968  armed=True  vtol=4  batt=15.30V/50%
[offboard_node-2] [INFO] [1785096935.563947338] [offboard_node]: FOLLOWING tick=180 mode=OFFBOARD cte=0.5m pos=[199.5,112.3] tgt=[200.1,182.3]
[telemetry_node-1] [INFO] [1785096935.640172330] [telemetry_node]: pos_ned=[199.44665527 113.7938385   49.60921478]  yaw=1.811  armed=True  vtol=4  batt=15.30V/50%
[offboard_node-2] [INFO] [1785096937.573303261] [offboard_node]: FOLLOWING tick=200 mode=OFFBOARD cte=0.6m pos=[199.3,140.4] tgt=[189.7,200.1]
[telemetry_node-1] [INFO] [1785096937.640745168] [telemetry_node]: pos_ned=[199.33161926 141.68608093  50.83763885]  yaw=1.450  armed=True  vtol=4  batt=15.30V/50%
[offboard_node-2] [INFO] [1785096939.563864241] [offboard_node]: FOLLOWING tick=220 mode=OFFBOARD cte=4.4m pos=[195.7,168.8] tgt=[157.3,200.1]
[telemetry_node-1] [INFO] [1785096939.640417813] [telemetry_node]: pos_ned=[195.23933411 170.25508118  48.21622849]  yaw=1.523  armed=True  vtol=4  batt=15.30V/50%
[offboard_node-2] [INFO] [1785096941.569381854] [offboard_node]: FOLLOWING tick=240 mode=OFFBOARD cte=5.5m pos=[173.3,194.5] tgt=[103.4,200.0]
[telemetry_node-1] [INFO] [1785096941.640020369] [telemetry_node]: pos_ned=[171.54862976 195.09283447  43.53533936]  yaw=2.624  armed=True  vtol=4  batt=15.30V/50%
[offboard_node-2] [INFO] [1785096943.572077597] [offboard_node]: FOLLOWING tick=260 mode=OFFBOARD cte=3.2m pos=[142.4,196.8] tgt=[72.4,200.0]
[telemetry_node-1] [INFO] [1785096943.639887290] [telemetry_node]: pos_ned=[140.62884521 196.98278809  50.95099258]  yaw=-2.777  armed=True  vtol=4  batt=15.30V/50%
[offboard_node-2] [INFO] [1785096945.561944333] [offboard_node]: FOLLOWING tick=280 mode=OFFBOARD cte=3.0m pos=[114.0,197.1] tgt=[44.0,200.0]
[telemetry_node-1] [INFO] [1785096945.639961937] [telemetry_node]: pos_ned=[111.865448   196.99064636  49.24608612]  yaw=-2.655  armed=True  vtol=4  batt=15.30V/50%
[offboard_node-2] [INFO] [1785096947.567278383] [offboard_node]: FOLLOWING tick=300 mode=OFFBOARD cte=2.3m pos=[83.5,197.7] tgt=[13.5,200.1]
[telemetry_node-1] [INFO] [1785096947.639572063] [telemetry_node]: pos_ned=[ 81.61000824 197.81243896  51.47874069]  yaw=-3.116  armed=True  vtol=4  batt=15.30V/50%
[offboard_node-2] [INFO] [1785096949.574047713] [offboard_node]: FOLLOWING tick=320 mode=OFFBOARD cte=1.5m pos=[56.0,198.5] tgt=[-0.1,185.8]
[telemetry_node-1] [INFO] [1785096949.639879241] [telemetry_node]: pos_ned=[ 54.47154617 198.52990723  51.33559799]  yaw=2.850  armed=True  vtol=4  batt=15.30V/50%
[offboard_node-2] [INFO] [1785096951.587157155] [offboard_node]: FOLLOWING tick=340 mode=OFFBOARD cte=5.7m pos=[26.2,194.3] tgt=[-0.0,150.3]
[telemetry_node-1] [INFO] [1785096951.640350626] [telemetry_node]: pos_ned=[ 24.1374855  193.46548462  47.28801727]  yaw=-3.023  armed=True  vtol=4  batt=15.30V/50%
[offboard_node-2] [INFO] [1785096953.570804202] [offboard_node]: FOLLOWING tick=360 mode=OFFBOARD cte=4.7m pos=[4.6,168.2] tgt=[-0.0,98.1]
[telemetry_node-1] [INFO] [1785096953.639866685] [telemetry_node]: pos_ned=[  4.3286376  166.05784607  46.05391312]  yaw=-1.773  armed=True  vtol=4  batt=15.30V/50%
[offboard_node-2] [INFO] [1785096955.577159235] [offboard_node]: FOLLOWING tick=380 mode=OFFBOARD cte=2.6m pos=[2.7,139.5] tgt=[0.0,69.5]
[telemetry_node-1] [INFO] [1785096955.640225306] [telemetry_node]: pos_ned=[  2.56301904 138.23355103  52.21589661]  yaw=-1.133  armed=True  vtol=4  batt=15.30V/50%
[offboard_node-2] [INFO] [1785096957.569380986] [offboard_node]: FOLLOWING tick=400 mode=OFFBOARD cte=2.8m pos=[2.8,110.1] tgt=[0.0,40.1]
[telemetry_node-1] [INFO] [1785096957.640594903] [telemetry_node]: pos_ned=[  2.76950812 108.59896851  50.32747269]  yaw=-1.173  armed=True  vtol=4  batt=15.30V/50%
[telemetry_node-1] [INFO] [1785096961.609325607] [telemetry_node]: pos_ned=[  2.63259482 102.43006134  50.66621399]  yaw=-1.251  armed=True  vtol=4  batt=15.30V/50%
[telemetry_node-1] [INFO] [1785096961.640224328] [telemetry_node]: pos_ned=[  2.61713266 101.94363403  50.70387268]  yaw=-1.260  armed=True  vtol=4  batt=15.30V/50%
[offboard_node-2] [INFO] [1785096963.084078037] [offboard_node]: FOLLOWING tick=420 mode=OFFBOARD cte=1.9m pos=[1.9,82.0] tgt=[0.0,20.0]
[telemetry_node-1] [INFO] [1785096963.640557928] [telemetry_node]: pos_ned=[ 1.66652465 73.8421402  52.69963837]  yaw=-1.692  armed=True  vtol=4  batt=15.30V/50%
[offboard_node-2] [INFO] [1785096965.078409690] [offboard_node]: FOLLOWING tick=440 mode=OFFBOARD cte=1.0m pos=[1.0,54.3] tgt=[0.0,20.0]
[telemetry_node-1] [INFO] [1785096965.640630025] [telemetry_node]: pos_ned=[ 0.54090399 45.59063721 51.60412216]  yaw=-1.817  armed=True  vtol=4  batt=15.30V/50%
[offboard_node-2] [INFO] [1785096966.870178224] [offboard_node]: 경로 추종 완료 -> transition_mc
[offboard_node-2] [INFO] [1785096966.924413079] [offboard_node]: FW->MC 역천이 명령 요청
[telemetry_node-1] [INFO] [1785096967.639917748] [telemetry_node]: pos_ned=[-0.39596415 17.29383087 51.90013123]  yaw=-1.573  armed=True  vtol=2  batt=15.30V/50%
[telemetry_node-1] [INFO] [1785096969.639303688] [telemetry_node]: pos_ned=[-0.73019487 -5.26061392 52.40079117]  yaw=-1.481  armed=True  vtol=2  batt=15.30V/50%
[telemetry_node-1] [INFO] [1785096971.639976168] [telemetry_node]: pos_ned=[ -0.95386368 -20.48280334  53.11406708]  yaw=-1.590  armed=True  vtol=2  batt=15.30V/50%
[offboard_node-2] [INFO] [1785096972.322435960] [offboard_node]: MC 전환 완료 -> HOLD (WP1 복귀)
[telemetry_node-1] [INFO] [1785096973.639157266] [telemetry_node]: pos_ned=[ -0.91291744 -27.12325096  51.532341  ]  yaw=-1.623  armed=True  vtol=3  batt=15.30V/50%
[offboard_node-2] [INFO] [1785096974.322442846] [offboard_node]: WP1 홀드 dist=42.1m speed=8.8m/s stable=0/10
[telemetry_node-1] [INFO] [1785096975.639286823] [telemetry_node]: pos_ned=[ -0.23878571 -12.04226303  50.4541626 ]  yaw=-1.611  armed=True  vtol=3  batt=15.30V/50%
[offboard_node-2] [INFO] [1785096976.322296805] [offboard_node]: WP1 홀드 dist=26.9m speed=8.1m/s stable=0/10
[telemetry_node-1] [INFO] [1785096977.639357835] [telemetry_node]: pos_ned=[-0.56685805  3.57496142 50.34960175]  yaw=-1.627  armed=True  vtol=3  batt=15.30V/50%
[offboard_node-2] [INFO] [1785096978.322501486] [offboard_node]: WP1 홀드 dist=10.9m speed=8.0m/s stable=0/10
[telemetry_node-1] [INFO] [1785096979.638989380] [telemetry_node]: pos_ned=[-0.35555452 17.59254837 50.70172119]  yaw=-1.655  armed=True  vtol=3  batt=15.30V/50%
[offboard_node-2] [INFO] [1785096980.322307066] [offboard_node]: WP1 홀드 dist=1.0m speed=1.2m/s stable=1/10
[offboard_node-2] [INFO] [1785096981.122316509] [offboard_node]: WP1 도달·안정 → LANDING (dist=0.5m speed=0.4m/s)
[offboard_node-2] [INFO] [1785096981.222490851] [offboard_node]: AUTO.LAND 요청
[telemetry_node-1] [INFO] [1785096981.639084110] [telemetry_node]: pos_ned=[-0.25940204 19.58062935 50.3182869 ]  yaw=-1.669  armed=True  vtol=3  batt=15.30V/50%
[telemetry_node-1] [INFO] [1785096983.639358054] [telemetry_node]: pos_ned=[-0.14733613 19.48155403 47.59156799]  yaw=-1.668  armed=True  vtol=3  batt=15.30V/50%
[telemetry_node-1] [INFO] [1785096985.639501102] [telemetry_node]: pos_ned=[-0.06203603 19.65393448 44.69955826]  yaw=-1.665  armed=True  vtol=3  batt=15.30V/50%
[telemetry_node-1] [INFO] [1785096987.639423897] [telemetry_node]: pos_ned=[-0.10310353 19.39169884 41.79254532]  yaw=-1.663  armed=True  vtol=3  batt=15.30V/50%
[telemetry_node-1] [INFO] [1785096989.639329788] [telemetry_node]: pos_ned=[-0.08550145 19.50537491 38.85532761]  yaw=-1.661  armed=True  vtol=3  batt=15.30V/50%
[telemetry_node-1] [INFO] [1785096991.639035848] [telemetry_node]: pos_ned=[-0.07975834 19.50365829 35.93837738]  yaw=-1.659  armed=True  vtol=3  batt=15.30V/50%
[telemetry_node-1] [INFO] [1785096993.639215994] [telemetry_node]: pos_ned=[-0.09067099 19.44847488 32.98812866]  yaw=-1.657  armed=True  vtol=3  batt=15.30V/50%
[telemetry_node-1] [INFO] [1785096996.713771611] [telemetry_node]: pos_ned=[-0.0896366  19.4442749  32.68971634]  yaw=-1.657  armed=True  vtol=3  batt=15.30V/50%
[telemetry_node-1] [INFO] [1785096997.639655329] [telemetry_node]: pos_ned=[-0.09130494 19.43651199 31.28437996]  yaw=-1.656  armed=True  vtol=3  batt=15.30V/50%
[telemetry_node-1] [INFO] [1785096999.639714649] [telemetry_node]: pos_ned=[-0.08819866 19.56169701 28.32402992]  yaw=-1.654  armed=True  vtol=3  batt=15.30V/50%
[telemetry_node-1] [INFO] [1785097001.639653258] [telemetry_node]: pos_ned=[-0.08284214 19.52383995 25.39185524]  yaw=-1.651  armed=True  vtol=3  batt=15.30V/50%
[telemetry_node-1] [INFO] [1785097003.639577434] [telemetry_node]: pos_ned=[-0.0825081  19.51304626 22.44104767]  yaw=-1.649  armed=True  vtol=3  batt=15.30V/50%
[telemetry_node-1] [INFO] [1785097005.639425924] [telemetry_node]: pos_ned=[-0.07793794 19.50940704 19.47603226]  yaw=-1.647  armed=True  vtol=3  batt=15.30V/50%
[telemetry_node-1] [INFO] [1785097007.639482335] [telemetry_node]: pos_ned=[-0.08435073 19.47756386 16.47364426]  yaw=-1.644  armed=True  vtol=3  batt=15.30V/50%
[telemetry_node-1] [INFO] [1785097009.639006879] [telemetry_node]: pos_ned=[-0.10254719 19.48270416 13.48206615]  yaw=-1.642  armed=True  vtol=3  batt=15.30V/50%
[telemetry_node-1] [INFO] [1785097011.639093432] [telemetry_node]: pos_ned=[-0.10217119 19.5052166  10.48807335]  yaw=-1.639  armed=True  vtol=3  batt=15.30V/50%
[telemetry_node-1] [INFO] [1785097013.639568312] [telemetry_node]: pos_ned=[-0.08615271 19.51852798  7.87050676]  yaw=-1.637  armed=True  vtol=3  batt=15.30V/50%
[telemetry_node-1] [INFO] [1785097015.639071191] [telemetry_node]: pos_ned=[-0.10781978 19.48607445  5.98617411]  yaw=-1.635  armed=True  vtol=3  batt=15.30V/50%
[telemetry_node-1] [INFO] [1785097017.639008164] [telemetry_node]: pos_ned=[-0.09037378 19.50366211  4.54805279]  yaw=-1.633  armed=True  vtol=3  batt=15.30V/50%
[telemetry_node-1] [INFO] [1785097019.640398394] [telemetry_node]: pos_ned=[-0.07928648 19.55303955  3.19711757]  yaw=-1.632  armed=True  vtol=3  batt=15.30V/50%
[telemetry_node-1] [INFO] [1785097021.639470041] [telemetry_node]: pos_ned=[-0.08306535 19.48936653  1.8414371 ]  yaw=-1.630  armed=True  vtol=3  batt=15.30V/50%
[telemetry_node-1] [INFO] [1785097023.639823158] [telemetry_node]: pos_ned=[-0.05756978 19.50337791  0.43980712]  yaw=-1.628  armed=True  vtol=3  batt=15.30V/50%
[telemetry_node-1] [INFO] [1785097025.640140561] [telemetry_node]: pos_ned=[-0.10245172 19.4788475  -0.05471543]  yaw=-1.626  armed=True  vtol=3  batt=15.30V/50%
[telemetry_node-1] [INFO] [1785097027.640035078] [telemetry_node]: pos_ned=[-0.09192718 19.48079109 -0.02302455]  yaw=-1.624  armed=True  vtol=3  batt=15.30V/50%
[offboard_node-2] [INFO] [1785097028.022437427] [offboard_node]: 착륙 완료 (disarmed) -> DONE
[telemetry_node-1] [INFO] [1785097032.533734666] [telemetry_node]: pos_ned=[-0.11183565 19.47432137 -0.04351545]  yaw=-1.657  armed=False  vtol=3  batt=16.20V/66%
[telemetry_node-1] [INFO] [1785097033.639231527] [telemetry_node]: pos_ned=[-0.10877027 19.4846077  -0.07050693]  yaw=-1.657  armed=False  vtol=3  batt=16.20V/95%
[telemetry_node-1] [INFO] [1785097035.639101522] [telemetry_node]: pos_ned=[-0.11666782 19.46207428 -0.03143669]  yaw=-1.656  armed=False  vtol=3  batt=16.20V/99%
[telemetry_node-1] [INFO] [1785097037.639501479] [telemetry_node]: pos_ned=[-0.11093233 19.47842598 -0.04135552]  yaw=-1.655  armed=False  vtol=3  batt=16.20V/100%
[WARNING] [launch]: user interrupted with ctrl-c (SIGINT)
[INFO] [offboard_node-2]: sending signal 'SIGINT' to process[offboard_node-2]
[INFO] [telemetry_node-1]: sending signal 'SIGINT' to process[telemetry_node-1]
[offboard_node-2] Traceback (most recent call last):
[offboard_node-2]   File "/root/drone_ws/install/fc_ros/lib/python3.10/site-packages/fc_ros/nodes/offboard_node.py", line 1204, in main
[telemetry_node-1] Traceback (most recent call last):
[telemetry_node-1]   File "/root/drone_ws/install/fc_ros/lib/python3.10/site-packages/fc_ros/nodes/telemetry_node.py", line 109, in main
[telemetry_node-1]     rclpy.spin(node)
[telemetry_node-1]   File "/opt/ros/humble/local/lib/python3.10/dist-packages/rclpy/__init__.py", line 229, in spin
[offboard_node-2]     rclpy.spin(node)
[offboard_node-2]   File "/opt/ros/humble/local/lib/python3.10/dist-packages/rclpy/__init__.py", line 229, in spin
[offboard_node-2]     executor.spin_once()
[offboard_node-2]   File "/opt/ros/humble/local/lib/python3.10/dist-packages/rclpy/executors.py", line 808, in spin_once
[telemetry_node-1]     executor.spin_once()
[telemetry_node-1]   File "/opt/ros/humble/local/lib/python3.10/dist-packages/rclpy/executors.py", line 808, in spin_once
[telemetry_node-1]     self._spin_once_impl(timeout_sec)
[telemetry_node-1]   File "/opt/ros/humble/local/lib/python3.10/dist-packages/rclpy/executors.py", line 797, in _spin_once_impl
[offboard_node-2]     self._spin_once_impl(timeout_sec)
[offboard_node-2]   File "/opt/ros/humble/local/lib/python3.10/dist-packages/rclpy/executors.py", line 797, in _spin_once_impl
[telemetry_node-1]     handler, entity, node = self.wait_for_ready_callbacks(timeout_sec=timeout_sec)
[telemetry_node-1]   File "/opt/ros/humble/local/lib/python3.10/dist-packages/rclpy/executors.py", line 780, in wait_for_ready_callbacks
[telemetry_node-1]     return next(self._cb_iter)
[telemetry_node-1]   File "/opt/ros/humble/local/lib/python3.10/dist-packages/rclpy/executors.py", line 677, in _wait_for_ready_callbacks
[telemetry_node-1]     wait_set.wait(timeout_nsec)
[telemetry_node-1] KeyboardInterrupt
[telemetry_node-1] 
[telemetry_node-1] During handling of the above exception, another exception occurred:
[telemetry_node-1] 
[telemetry_node-1] Traceback (most recent call last):
[telemetry_node-1]   File "/root/drone_ws/install/fc_ros/lib/fc_ros/telemetry_node", line 33, in <module>
[telemetry_node-1]     sys.exit(load_entry_point('fc-ros==0.1.0', 'console_scripts', 'telemetry_node')())
[telemetry_node-1]   File "/root/drone_ws/install/fc_ros/lib/python3.10/site-packages/fc_ros/nodes/telemetry_node.py", line 111, in main
[offboard_node-2]     handler, entity, node = self.wait_for_ready_callbacks(timeout_sec=timeout_sec)
[offboard_node-2]   File "/opt/ros/humble/local/lib/python3.10/dist-packages/rclpy/executors.py", line 780, in wait_for_ready_callbacks
[offboard_node-2]     return next(self._cb_iter)
[offboard_node-2]   File "/opt/ros/humble/local/lib/python3.10/dist-packages/rclpy/executors.py", line 677, in _wait_for_ready_callbacks
[telemetry_node-1]     node.destroy_node()
[telemetry_node-1]   File "/opt/ros/humble/local/lib/python3.10/dist-packages/rclpy/node.py", line 1687, in destroy_node
[offboard_node-2]     wait_set.wait(timeout_nsec)
[offboard_node-2] KeyboardInterrupt
[offboard_node-2] 
[offboard_node-2] During handling of the above exception, another exception occurred:
[offboard_node-2] 
[offboard_node-2] Traceback (most recent call last):
[offboard_node-2]   File "/root/drone_ws/install/fc_ros/lib/fc_ros/offboard_node", line 33, in <module>
[offboard_node-2]     sys.exit(load_entry_point('fc-ros==0.1.0', 'console_scripts', 'offboard_node')())
[offboard_node-2]   File "/root/drone_ws/install/fc_ros/lib/python3.10/site-packages/fc_ros/nodes/offboard_node.py", line 1206, in main
[offboard_node-2]     node.destroy_node()
[offboard_node-2]   File "/opt/ros/humble/local/lib/python3.10/dist-packages/rclpy/node.py", line 1685, in destroy_node
[telemetry_node-1]     self.destroy_subscription(self._subscriptions[0])
[telemetry_node-1]   File "/opt/ros/humble/local/lib/python3.10/dist-packages/rclpy/node.py", line 1583, in destroy_subscription
[offboard_node-2]     self.destroy_publisher(self._publishers[0])
[offboard_node-2]   File "/opt/ros/humble/local/lib/python3.10/dist-packages/rclpy/node.py", line 1565, in destroy_publisher
[offboard_node-2]     publisher.destroy()
[offboard_node-2]   File "/opt/ros/humble/local/lib/python3.10/dist-packages/rclpy/publisher.py", line 99, in destroy
[telemetry_node-1]     subscription.destroy()
[telemetry_node-1]   File "/opt/ros/humble/local/lib/python3.10/dist-packages/rclpy/subscription.py", line 80, in destroy
[telemetry_node-1]     self.handle.destroy_when_not_in_use()
[telemetry_node-1] KeyboardInterrupt
[offboard_node-2]     self.__publisher.destroy_when_not_in_use()
[offboard_node-2] KeyboardInterrupt
[ERROR] [telemetry_node-1]: process has died [pid 1130, exit code -2, cmd '/root/drone_ws/install/fc_ros/lib/fc_ros/telemetry_node --ros-args -r __node:=telemetry_node'].
[ERROR] [offboard_node-2]: process has died [pid 1132, exit code -2, cmd '/root/drone_ws/install/fc_ros/lib/fc_ros/offboard_node --ros-args -r __node:=offboard_node --params-file /root/drone_ws/install/fc_ros/share/fc_ros/params/fc_ros_params.yaml --params-file /tmp/launch_params_rdcrd2_d'].
