[INFO] [launch]: All log files can be found below /root/.ros/log/2026-07-18-04-13-06-886120-doksuri-298
[INFO] [launch]: Default logging verbosity is set to INFO
[INFO] [telemetry_node-1]: process started with pid [300]
[INFO] [offboard_node-2]: process started with pid [302]
[offboard_node-2] [WARN] [1784347987.607055963] [offboard_node]: /mavros/cmd/arming 서비스 없음
[offboard_node-2] [WARN] [1784347987.668447077] [offboard_node]: /mavros/cmd/arming 서비스 없음
[offboard_node-2] [WARN] [1784347987.768694434] [offboard_node]: /mavros/cmd/arming 서비스 없음
[offboard_node-2] [WARN] [1784347987.868551534] [offboard_node]: /mavros/cmd/arming 서비스 없음
[offboard_node-2] [WARN] [1784347987.968448252] [offboard_node]: /mavros/cmd/arming 서비스 없음
[offboard_node-2] [WARN] [1784347988.068494125] [offboard_node]: /mavros/cmd/arming 서비스 없음
[offboard_node-2] [WARN] [1784347988.168489132] [offboard_node]: /mavros/cmd/arming 서비스 없음
[offboard_node-2] [WARN] [1784347988.268550701] [offboard_node]: /mavros/cmd/arming 서비스 없음
[offboard_node-2] [WARN] [1784347988.368495157] [offboard_node]: /mavros/cmd/arming 서비스 없음
[offboard_node-2] [WARN] [1784347988.468432441] [offboard_node]: /mavros/cmd/arming 서비스 없음
[offboard_node-2] [WARN] [1784347988.568493769] [offboard_node]: /mavros/cmd/arming 서비스 없음
[offboard_node-2] [WARN] [1784347988.668614857] [offboard_node]: /mavros/cmd/arming 서비스 없음
[offboard_node-2] [WARN] [1784347988.768500905] [offboard_node]: /mavros/cmd/arming 서비스 없음
[offboard_node-2] [WARN] [1784347988.868503046] [offboard_node]: /mavros/cmd/arming 서비스 없음
[offboard_node-2] [WARN] [1784347988.968450263] [offboard_node]: /mavros/cmd/arming 서비스 없음
[offboard_node-2] [WARN] [1784347989.068666645] [offboard_node]: /mavros/cmd/arming 서비스 없음
[offboard_node-2] [WARN] [1784347989.168586284] [offboard_node]: /mavros/cmd/arming 서비스 없음
[offboard_node-2] [WARN] [1784347989.268503292] [offboard_node]: /mavros/cmd/arming 서비스 없음
[offboard_node-2] [WARN] [1784347989.368552458] [offboard_node]: /mavros/cmd/arming 서비스 없음
[telemetry_node-1] [INFO] [1784347989.432263152] [telemetry_node]: pos_ned=[ 0.72784483  1.13085544 -0.34287453]  yaw=-1.263  armed=False  vtol=0
[offboard_node-2] [WARN] [1784347989.468579331] [offboard_node]: /mavros/cmd/arming 서비스 없음
[offboard_node-2] [WARN] [1784347989.568566254] [offboard_node]: /mavros/cmd/arming 서비스 없음
[offboard_node-2] [WARN] [1784347989.668881309] [offboard_node]: /mavros/cmd/arming 서비스 없음
[offboard_node-2] [INFO] [1784347989.769339472] [offboard_node]: ARM 요청
[offboard_node-2] [INFO] [1784347990.369088247] [offboard_node]: CommandTOL 이륙 요청 altitude=5.5m -> CLIMBING
[telemetry_node-1] [INFO] [1784347991.396886644] [telemetry_node]: pos_ned=[ 0.84420168  1.10675526 -0.2632122 ]  yaw=-1.263  armed=True  vtol=0
[telemetry_node-1] [INFO] [1784347993.397183800] [telemetry_node]: pos_ned=[ 0.94484955  1.05606568 -0.20195198]  yaw=-1.263  armed=True  vtol=0
[telemetry_node-1] [INFO] [1784347995.397592642] [telemetry_node]: pos_ned=[ 1.09081113  0.99821472 -0.22830963]  yaw=-1.263  armed=True  vtol=0
[telemetry_node-1] [INFO] [1784347997.396993240] [telemetry_node]: pos_ned=[ 1.227898    0.95240563 -0.26550674]  yaw=-1.263  armed=True  vtol=0
[telemetry_node-1] [INFO] [1784347999.397005464] [telemetry_node]: pos_ned=[ 1.37224889  0.92049664 -0.31087494]  yaw=-1.262  armed=True  vtol=0
[telemetry_node-1] [INFO] [1784348001.396857201] [telemetry_node]: pos_ned=[ 1.49213564  0.89261168 -0.26908875]  yaw=-1.262  armed=False  vtol=0
[telemetry_node-1] [INFO] [1784348003.396706309] [telemetry_node]: pos_ned=[ 1.56594872  0.8577913  -0.10910416]  yaw=-1.262  armed=False  vtol=0
[telemetry_node-1] [INFO] [1784348005.396973271] [telemetry_node]: pos_ned=[ 1.60098875  0.84785604 -0.05666351]  yaw=-1.262  armed=False  vtol=0
