[INFO] [launch]: All log files can be found below /root/.ros/log/2026-07-27-05-48-10-969779-DESKTOP-Kilogram-1131
[INFO] [launch]: Default logging verbosity is set to INFO
[INFO] [telemetry_node-1]: process started with pid [1133]
[INFO] [offboard_node-2]: process started with pid [1135]
[offboard_node-2] [INFO] [1785098892.525916308] [offboard_node]: ARM 요청
[offboard_node-2] [INFO] [1785098893.358021070] [offboard_node]: CommandTOL 이륙 요청 alt=50.1m AMSL (지면 0.1+50.0) -> CLIMBING
[telemetry_node-1] [INFO] [1785098894.056938605] [telemetry_node]: pos_ned=[-0.02930406  0.05995468 -0.00572458]  yaw=1.692  armed=True  vtol=3  batt=16.20V/100%
[telemetry_node-1] [INFO] [1785098895.998520143] [telemetry_node]: pos_ned=[-0.04616959  0.0563078  -0.00339375]  yaw=1.698  armed=True  vtol=3  batt=16.14V/98%
[telemetry_node-1] [INFO] [1785098897.998507589] [telemetry_node]: pos_ned=[-0.04012468  0.01358113  0.38741922]  yaw=1.703  armed=True  vtol=3  batt=16.08V/95%
[telemetry_node-1] [INFO] [1785098899.998239212] [telemetry_node]: pos_ned=[-0.06317688  0.03018931  2.75609541]  yaw=1.705  armed=True  vtol=3  batt=16.02V/91%
[telemetry_node-1] [INFO] [1785098901.997449396] [telemetry_node]: pos_ned=[-0.04359569  0.02636444  5.53973389]  yaw=1.707  armed=True  vtol=3  batt=15.96V/88%
[telemetry_node-1] [INFO] [1785098903.997323171] [telemetry_node]: pos_ned=[-0.04886614  0.05701647  8.46334553]  yaw=1.707  armed=True  vtol=3  batt=15.90V/85%
[telemetry_node-1] [INFO] [1785098905.997408498] [telemetry_node]: pos_ned=[-0.02904913  0.04066221 12.19907093]  yaw=1.710  armed=True  vtol=3  batt=15.84V/82%
[telemetry_node-1] [INFO] [1785098907.997537442] [telemetry_node]: pos_ned=[-0.02795726  0.06127806 17.9077301 ]  yaw=1.712  armed=True  vtol=3  batt=15.78V/78%
[telemetry_node-1] [INFO] [1785098909.998533448] [telemetry_node]: pos_ned=[-0.08514304  0.0517499  23.7475853 ]  yaw=1.715  armed=True  vtol=3  batt=15.72V/75%
[telemetry_node-1] [INFO] [1785098911.997954571] [telemetry_node]: pos_ned=[-0.10077524  0.0469294  29.62345314]  yaw=1.717  armed=True  vtol=3  batt=15.66V/72%
[telemetry_node-1] [INFO] [1785098913.997485345] [telemetry_node]: pos_ned=[-0.11484891  0.03876311 35.55008698]  yaw=1.715  armed=True  vtol=3  batt=15.60V/68%
[telemetry_node-1] [INFO] [1785098915.997479100] [telemetry_node]: pos_ned=[-8.51058960e-02  3.82634252e-02  4.13847618e+01]  yaw=1.715  armed=True  vtol=3  batt=15.54V/65%
[telemetry_node-1] [INFO] [1785098917.997450837] [telemetry_node]: pos_ned=[-0.08607639  0.04823132 46.30191422]  yaw=1.714  armed=True  vtol=3  batt=15.48V/62%
[telemetry_node-1] [INFO] [1785098919.997917999] [telemetry_node]: pos_ned=[-0.06122512  0.05741744 48.51828766]  yaw=1.715  armed=True  vtol=3  batt=15.42V/58%
[telemetry_node-1] [INFO] [1785098921.997686014] [telemetry_node]: pos_ned=[-0.06326088  0.05367004 49.35292435]  yaw=1.714  armed=True  vtol=3  batt=15.36V/55%
[offboard_node-2] [INFO] [1785098923.054567632] [offboard_node]: 운용 고도 50.0m 도달 → transition_fw
[telemetry_node-1] [INFO] [1785098923.997608188] [telemetry_node]: pos_ned=[-0.05374898  0.06790721 49.65787125]  yaw=1.712  armed=True  vtol=3  batt=15.30V/52%
[offboard_node-2] [INFO] [1785098925.055297887] [offboard_node]: 천이 전 MC OFFBOARD 요청 (헤딩 정렬 대기)
[telemetry_node-1] [INFO] [1785098925.997422276] [telemetry_node]: pos_ned=[-4.58345152e-02  6.77810013e-02  4.96562347e+01]  yaw=1.663  armed=True  vtol=3  batt=15.30V/50%
[telemetry_node-1] [INFO] [1785098927.997553361] [telemetry_node]: pos_ned=[-0.05211071  0.09807049 49.35254669]  yaw=0.801  armed=True  vtol=3  batt=15.30V/50%
[telemetry_node-1] [INFO] [1785098929.997465462] [telemetry_node]: pos_ned=[-0.08213574  0.15714335 49.06651688]  yaw=0.389  armed=True  vtol=3  batt=15.30V/50%
[telemetry_node-1] [INFO] [1785098931.997292952] [telemetry_node]: pos_ned=[-0.06061905  0.11765429 48.76307678]  yaw=0.206  armed=True  vtol=3  batt=15.30V/50%
[telemetry_node-1] [INFO] [1785098933.997613997] [telemetry_node]: pos_ned=[-3.20395976e-02  8.08462501e-02  4.84886208e+01]  yaw=0.115  armed=True  vtol=3  batt=15.30V/50%
[telemetry_node-1] [INFO] [1785098935.997983416] [telemetry_node]: pos_ned=[-2.16797926e-02  4.91105914e-02  4.82346573e+01]  yaw=0.064  armed=True  vtol=3  batt=15.30V/50%
[telemetry_node-1] [INFO] [1785098937.997988540] [telemetry_node]: pos_ned=[7.19690649e-03 6.59511983e-02 4.80351257e+01]  yaw=0.044  armed=True  vtol=3  batt=15.30V/50%
[offboard_node-2] [INFO] [1785098938.754803259] [offboard_node]: 헤딩 정렬 완료 target=0.0° current=2.4° err=-2.4° (20틱 안정) → 전진 + 천이 명령
[offboard_node-2] [INFO] [1785098938.756370979] [offboard_node]: MC→FW 천이 명령 요청 (위치 setpoint 직선 천이)
[telemetry_node-1] [INFO] [1785098939.998429924] [telemetry_node]: pos_ned=[ 0.44574928  0.07171557 48.28744125]  yaw=0.042  armed=True  vtol=1  batt=15.30V/50%
[offboard_node-2] [INFO] [1785098941.554656020] [offboard_node]: FW 전환 완료 -> STREAMING
[offboard_node-2] [INFO] [1785098941.666997226] [offboard_node]: OFFBOARD 확인 → FOLLOWING
[offboard_node-2] [INFO] [1785098941.770761555] [offboard_node]: FOLLOWING 시작 pos=[15.7,-0.7] tgt=[85.7,0.0] cte=-0.7m mode=OFFBOARD
[telemetry_node-1] [INFO] [1785098941.998154698] [telemetry_node]: pos_ned=[20.00190163 -0.97557312 47.43876648]  yaw=-0.036  armed=True  vtol=4  batt=15.30V/50%
[offboard_node-2] [INFO] [1785098943.679522952] [offboard_node]: FOLLOWING tick=20 mode=OFFBOARD cte=-1.1m pos=[46.5,-1.1] tgt=[116.5,0.0]
[telemetry_node-1] [INFO] [1785098943.997858516] [telemetry_node]: pos_ned=[51.60886383 -0.98626715 51.71815491]  yaw=-0.015  armed=True  vtol=4  batt=15.30V/50%
[offboard_node-2] [INFO] [1785098945.679034712] [offboard_node]: FOLLOWING tick=40 mode=OFFBOARD cte=-0.6m pos=[76.4,-0.6] tgt=[146.4,0.0]
[telemetry_node-1] [INFO] [1785098945.998560431] [telemetry_node]: pos_ned=[81.6785202  -0.47667339 47.90534592]  yaw=-0.000  armed=True  vtol=4  batt=15.30V/50%
[offboard_node-2] [INFO] [1785098947.672520353] [offboard_node]: FOLLOWING tick=60 mode=OFFBOARD cte=-0.2m pos=[107.0,-0.2] tgt=[177.0,0.0]
[telemetry_node-1] [INFO] [1785098947.999604367] [telemetry_node]: pos_ned=[111.95284271  -0.1511575   48.69552994]  yaw=0.028  armed=True  vtol=4  batt=15.30V/50%
[offboard_node-2] [INFO] [1785098949.680055028] [offboard_node]: FOLLOWING tick=80 mode=OFFBOARD cte=0.1m pos=[136.6,0.1] tgt=[206.6,0.0]
[telemetry_node-1] [INFO] [1785098949.998818830] [telemetry_node]: pos_ned=[1.41556305e+02 8.26578215e-02 4.83537865e+01]  yaw=0.028  armed=True  vtol=4  batt=15.30V/50%
[offboard_node-2] [INFO] [1785098951.671679995] [offboard_node]: FOLLOWING tick=100 mode=OFFBOARD cte=0.1m pos=[165.2,0.1] tgt=[235.2,0.0]
[telemetry_node-1] [INFO] [1785098951.997741456] [telemetry_node]: pos_ned=[1.69901596e+02 1.00944698e-01 4.87841835e+01]  yaw=-0.003  armed=True  vtol=4  batt=15.30V/50%
[offboard_node-2] [INFO] [1785098953.675003299] [offboard_node]: FOLLOWING tick=120 mode=OFFBOARD cte=0.1m pos=[193.1,0.1] tgt=[263.1,0.0]
[telemetry_node-1] [INFO] [1785098953.998472321] [telemetry_node]: pos_ned=[1.97844406e+02 5.11482805e-02 4.89126968e+01]  yaw=-0.030  armed=True  vtol=4  batt=15.30V/50%
[offboard_node-2] [INFO] [1785098955.673524462] [offboard_node]: FOLLOWING tick=140 mode=OFFBOARD cte=0.0m pos=[221.1,0.0] tgt=[291.1,0.0]
[telemetry_node-1] [INFO] [1785098955.998319226] [telemetry_node]: pos_ned=[2.25716492e+02 1.22164357e-02 4.91070900e+01]  yaw=-0.026  armed=True  vtol=4  batt=15.30V/50%
[offboard_node-2] [INFO] [1785098957.681494637] [offboard_node]: FOLLOWING tick=160 mode=OFFBOARD cte=-0.0m pos=[248.7,-0.0] tgt=[300.0,0.0]
[telemetry_node-1] [INFO] [1785098957.999267987] [telemetry_node]: pos_ned=[ 2.53360092e+02 -6.62386930e-03  4.92629128e+01]  yaw=-0.001  armed=True  vtol=4  batt=15.30V/50%
[offboard_node-2] [INFO] [1785098959.270344325] [offboard_node]: 경로 추종 완료 -> transition_mc
[offboard_node-2] [INFO] [1785098959.357169629] [offboard_node]: FW->MC 역천이 명령 요청
[telemetry_node-1] [INFO] [1785098959.998157848] [telemetry_node]: pos_ned=[ 2.80630280e+02 -4.81339097e-02  4.93688774e+01]  yaw=0.014  armed=True  vtol=2  batt=15.30V/50%
[telemetry_node-1] [INFO] [1785098961.998278748] [telemetry_node]: pos_ned=[ 3.03158783e+02 -1.49873286e-01  4.96062469e+01]  yaw=0.017  armed=True  vtol=2  batt=15.30V/50%
[telemetry_node-1] [INFO] [1785098963.997605044] [telemetry_node]: pos_ned=[ 3.18343536e+02 -1.65078968e-01  5.01092110e+01]  yaw=0.028  armed=True  vtol=2  batt=15.30V/50%
[offboard_node-2] [INFO] [1785098964.654808180] [offboard_node]: MC 전환 완료 -> HOLD (WP1 복귀)
[telemetry_node-1] [INFO] [1785098965.997536037] [telemetry_node]: pos_ned=[ 3.25347778e+02 -8.97390246e-02  4.99615326e+01]  yaw=0.019  armed=True  vtol=3  batt=15.30V/50%
[offboard_node-2] [INFO] [1785098966.654495370] [offboard_node]: WP1 홀드 dist=21.0m speed=8.0m/s stable=0/10
[telemetry_node-1] [INFO] [1785098967.997220426] [telemetry_node]: pos_ned=[3.11075928e+02 3.52003276e-02 4.98869286e+01]  yaw=0.022  armed=True  vtol=3  batt=15.30V/50%
[offboard_node-2] [INFO] [1785098968.654743727] [offboard_node]: WP1 홀드 dist=6.2m speed=7.2m/s stable=0/10
[telemetry_node-1] [INFO] [1785098969.997253888] [telemetry_node]: pos_ned=[ 3.01176147e+02 -6.88085184e-02  5.00799980e+01]  yaw=0.017  armed=True  vtol=3  batt=15.30V/50%
[offboard_node-2] [INFO] [1785098970.654727974] [offboard_node]: WP1 홀드 dist=0.6m speed=0.3m/s stable=5/10
[offboard_node-2] [INFO] [1785098971.054575724] [offboard_node]: WP1 도달·안정 → LANDING (dist=0.5m speed=0.1m/s)
[offboard_node-2] [INFO] [1785098971.155352656] [offboard_node]: AUTO.LAND 요청
[telemetry_node-1] [INFO] [1785098971.997195956] [telemetry_node]: pos_ned=[3.00588593e+02 2.34036744e-02 4.93370399e+01]  yaw=0.015  armed=True  vtol=3  batt=15.30V/50%
[telemetry_node-1] [INFO] [1785098973.997279287] [telemetry_node]: pos_ned=[3.00381134e+02 1.18913054e-02 4.64378319e+01]  yaw=0.015  armed=True  vtol=3  batt=15.30V/50%
[telemetry_node-1] [INFO] [1785098975.997615041] [telemetry_node]: pos_ned=[ 3.00475983e+02 -8.21362191e-04  4.34751167e+01]  yaw=0.014  armed=True  vtol=3  batt=15.30V/50%
[telemetry_node-1] [INFO] [1785098977.999456793] [telemetry_node]: pos_ned=[ 3.00636108e+02 -1.20004509e-02  4.04547577e+01]  yaw=0.014  armed=True  vtol=3  batt=15.30V/50%
[telemetry_node-1] [INFO] [1785098979.999535044] [telemetry_node]: pos_ned=[ 3.00544647e+02 -3.36150196e-03  3.78286896e+01]  yaw=0.013  armed=True  vtol=3  batt=15.30V/50%
[telemetry_node-1] [INFO] [1785098981.998509466] [telemetry_node]: pos_ned=[ 3.00658234e+02 -6.01133145e-03  3.49919815e+01]  yaw=0.012  armed=True  vtol=3  batt=15.30V/50%
[telemetry_node-1] [INFO] [1785098983.998731569] [telemetry_node]: pos_ned=[3.00486206e+02 1.89201031e-02 3.19120884e+01]  yaw=0.012  armed=True  vtol=3  batt=15.30V/50%
[telemetry_node-1] [INFO] [1785098985.998099206] [telemetry_node]: pos_ned=[ 3.00578339e+02 -3.53796734e-03  2.89871769e+01]  yaw=0.010  armed=True  vtol=3  batt=15.30V/50%
[telemetry_node-1] [INFO] [1785098987.997603098] [telemetry_node]: pos_ned=[ 3.00557770e+02 -3.64264054e-03  2.60842705e+01]  yaw=0.010  armed=True  vtol=3  batt=15.30V/50%
[telemetry_node-1] [INFO] [1785098989.997786656] [telemetry_node]: pos_ned=[3.00451691e+02 1.11289201e-02 2.31270790e+01]  yaw=0.009  armed=True  vtol=3  batt=15.30V/50%
[telemetry_node-1] [INFO] [1785098991.997786077] [telemetry_node]: pos_ned=[ 3.00625305e+02 -1.06989581e-03  2.01682777e+01]  yaw=0.008  armed=True  vtol=3  batt=15.30V/50%
[telemetry_node-1] [INFO] [1785098993.997372586] [telemetry_node]: pos_ned=[ 3.00481720e+02 -5.16207702e-03  1.71541290e+01]  yaw=0.008  armed=True  vtol=3  batt=15.30V/50%
[telemetry_node-1] [INFO] [1785098995.997401813] [telemetry_node]: pos_ned=[3.00610413e+02 2.04694308e-02 1.41866484e+01]  yaw=0.007  armed=True  vtol=3  batt=15.30V/50%
[telemetry_node-1] [INFO] [1785098997.997102411] [telemetry_node]: pos_ned=[3.00482056e+02 1.92477293e-02 1.11511831e+01]  yaw=0.008  armed=True  vtol=3  batt=15.30V/50%
[telemetry_node-1] [INFO] [1785098999.997183716] [telemetry_node]: pos_ned=[3.00551453e+02 3.96529660e-02 8.33330917e+00]  yaw=0.006  armed=True  vtol=3  batt=15.30V/50%
[telemetry_node-1] [INFO] [1785099001.997072898] [telemetry_node]: pos_ned=[3.00546051e+02 4.27926667e-02 6.18733406e+00]  yaw=0.007  armed=True  vtol=3  batt=15.30V/50%
[telemetry_node-1] [INFO] [1785099003.997341339] [telemetry_node]: pos_ned=[3.00518555e+02 5.97867407e-02 4.64683247e+00]  yaw=0.007  armed=True  vtol=3  batt=15.30V/50%
[telemetry_node-1] [INFO] [1785099005.999052897] [telemetry_node]: pos_ned=[3.00626862e+02 3.60265858e-02 3.26834106e+00]  yaw=0.007  armed=True  vtol=3  batt=15.30V/50%
[telemetry_node-1] [INFO] [1785099007.997762572] [telemetry_node]: pos_ned=[3.00475677e+02 2.48979833e-02 1.88627362e+00]  yaw=0.008  armed=True  vtol=3  batt=15.30V/50%
[telemetry_node-1] [INFO] [1785099009.998271661] [telemetry_node]: pos_ned=[3.00614197e+02 2.23359391e-02 5.23851931e-01]  yaw=0.008  armed=True  vtol=3  batt=15.30V/50%
[telemetry_node-1] [INFO] [1785099011.997490713] [telemetry_node]: pos_ned=[ 3.00606750e+02  4.62665893e-02 -2.00917050e-02]  yaw=0.007  armed=True  vtol=3  batt=15.30V/50%
[telemetry_node-1] [INFO] [1785099013.997353962] [telemetry_node]: pos_ned=[ 3.00602814e+02  3.77562121e-02 -1.87833756e-02]  yaw=0.007  armed=True  vtol=3  batt=15.30V/50%
[offboard_node-2] [INFO] [1785099014.154942705] [offboard_node]: 착륙 완료 (disarmed) -> DONE
[telemetry_node-1] [INFO] [1785099015.997721620] [telemetry_node]: pos_ned=[ 3.00620880e+02  5.31971529e-02 -3.37377936e-02]  yaw=0.006  armed=False  vtol=3  batt=16.20V/52%
[telemetry_node-1] [INFO] [1785099017.997120705] [telemetry_node]: pos_ned=[ 3.00591553e+02  4.74485680e-02 -1.15004405e-02]  yaw=0.006  armed=False  vtol=3  batt=16.20V/93%
[telemetry_node-1] [INFO] [1785099019.997252432] [telemetry_node]: pos_ned=[ 3.00624146e+02  6.11935221e-02 -3.70022506e-02]  yaw=0.006  armed=False  vtol=3  batt=16.20V/99%
[WARNING] [launch]: user interrupted with ctrl-c (SIGINT)
[INFO] [offboard_node-2]: sending signal 'SIGINT' to process[offboard_node-2]
[INFO] [telemetry_node-1]: sending signal 'SIGINT' to process[telemetry_node-1]
[offboard_node-2] Traceback (most recent call last):
[offboard_node-2]   File "/root/drone_ws/install/fc_ros/lib/python3.10/site-packages/fc_ros/nodes/offboard_node.py", line 1204, in main
[offboard_node-2]     rclpy.spin(node)
[offboard_node-2]   File "/opt/ros/humble/local/lib/python3.10/dist-packages/rclpy/__init__.py", line 229, in spin
[telemetry_node-1] Traceback (most recent call last):
[telemetry_node-1]   File "/root/drone_ws/install/fc_ros/lib/python3.10/site-packages/fc_ros/nodes/telemetry_node.py", line 109, in main
[telemetry_node-1]     rclpy.spin(node)
[telemetry_node-1]   File "/opt/ros/humble/local/lib/python3.10/dist-packages/rclpy/__init__.py", line 229, in spin
[offboard_node-2]     executor.spin_once()
[offboard_node-2]   File "/opt/ros/humble/local/lib/python3.10/dist-packages/rclpy/executors.py", line 808, in spin_once
[telemetry_node-1]     executor.spin_once()
[telemetry_node-1]   File "/opt/ros/humble/local/lib/python3.10/dist-packages/rclpy/executors.py", line 808, in spin_once
[offboard_node-2]     self._spin_once_impl(timeout_sec)
[offboard_node-2]   File "/opt/ros/humble/local/lib/python3.10/dist-packages/rclpy/executors.py", line 797, in _spin_once_impl
[telemetry_node-1]     self._spin_once_impl(timeout_sec)
[telemetry_node-1]   File "/opt/ros/humble/local/lib/python3.10/dist-packages/rclpy/executors.py", line 797, in _spin_once_impl
[offboard_node-2]     handler, entity, node = self.wait_for_ready_callbacks(timeout_sec=timeout_sec)
[offboard_node-2]   File "/opt/ros/humble/local/lib/python3.10/dist-packages/rclpy/executors.py", line 780, in wait_for_ready_callbacks
[offboard_node-2]     return next(self._cb_iter)
[offboard_node-2]   File "/opt/ros/humble/local/lib/python3.10/dist-packages/rclpy/executors.py", line 677, in _wait_for_ready_callbacks
[offboard_node-2]     wait_set.wait(timeout_nsec)
[offboard_node-2] KeyboardInterrupt
[offboard_node-2] 
[offboard_node-2] During handling of the above exception, another exception occurred:
[offboard_node-2] 
[telemetry_node-1]     handler, entity, node = self.wait_for_ready_callbacks(timeout_sec=timeout_sec)
[telemetry_node-1]   File "/opt/ros/humble/local/lib/python3.10/dist-packages/rclpy/executors.py", line 780, in wait_for_ready_callbacks
[telemetry_node-1]     return next(self._cb_iter)
[telemetry_node-1]   File "/opt/ros/humble/local/lib/python3.10/dist-packages/rclpy/executors.py", line 677, in _wait_for_ready_callbacks
[telemetry_node-1]     wait_set.wait(timeout_nsec)
[telemetry_node-1] KeyboardInterrupt
[telemetry_node-1] 
[telemetry_node-1] During handling of the above exception, another exception occurred:
[telemetry_node-1] 
[telemetry_node-1] Traceback (most recent call last):
[offboard_node-2] Traceback (most recent call last):
[offboard_node-2]   File "/root/drone_ws/install/fc_ros/lib/fc_ros/offboard_node", line 33, in <module>
[offboard_node-2]     sys.exit(load_entry_point('fc-ros==0.1.0', 'console_scripts', 'offboard_node')())
[offboard_node-2]   File "/root/drone_ws/install/fc_ros/lib/python3.10/site-packages/fc_ros/nodes/offboard_node.py", line 1206, in main
[telemetry_node-1]   File "/root/drone_ws/install/fc_ros/lib/fc_ros/telemetry_node", line 33, in <module>
[telemetry_node-1]     sys.exit(load_entry_point('fc-ros==0.1.0', 'console_scripts', 'telemetry_node')())
[telemetry_node-1]   File "/root/drone_ws/install/fc_ros/lib/python3.10/site-packages/fc_ros/nodes/telemetry_node.py", line 111, in main
[telemetry_node-1]     node.destroy_node()
[telemetry_node-1]   File "/opt/ros/humble/local/lib/python3.10/dist-packages/rclpy/node.py", line 1685, in destroy_node
[offboard_node-2]     node.destroy_node()
[offboard_node-2]   File "/opt/ros/humble/local/lib/python3.10/dist-packages/rclpy/node.py", line 1687, in destroy_node
[telemetry_node-1]     self.destroy_publisher(self._publishers[0])
[telemetry_node-1]   File "/opt/ros/humble/local/lib/python3.10/dist-packages/rclpy/node.py", line 1565, in destroy_publisher
[offboard_node-2]     self.destroy_subscription(self._subscriptions[0])
[offboard_node-2]   File "/opt/ros/humble/local/lib/python3.10/dist-packages/rclpy/node.py", line 1583, in destroy_subscription
[telemetry_node-1]     publisher.destroy()
[telemetry_node-1]   File "/opt/ros/humble/local/lib/python3.10/dist-packages/rclpy/publisher.py", line 99, in destroy
[offboard_node-2]     subscription.destroy()
[offboard_node-2]   File "/opt/ros/humble/local/lib/python3.10/dist-packages/rclpy/subscription.py", line 77, in destroy
[telemetry_node-1]     self.__publisher.destroy_when_not_in_use()
[telemetry_node-1] KeyboardInterrupt
[offboard_node-2]     def destroy(self):
[offboard_node-2] KeyboardInterrupt
[ERROR] [telemetry_node-1]: process has died [pid 1133, exit code -2, cmd '/root/drone_ws/install/fc_ros/lib/fc_ros/telemetry_node --ros-args -r __node:=telemetry_node'].
[ERROR] [offboard_node-2]: process has died [pid 1135, exit code -2, cmd '/root/drone_ws/install/fc_ros/lib/fc_ros/offboard_node --ros-args -r __node:=offboard_node --params-file /root/drone_ws/install/fc_ros/share/fc_ros/params/fc_ros_params.yaml --params-file /tmp/launch_params_9a8_8pbe'].
