[INFO] [launch]: All log files can be found below /root/.ros/log/2026-07-27-21-52-12-082665-DESKTOP-Kilogram-1159
[INFO] [launch]: Default logging verbosity is set to INFO
[INFO] [telemetry_node-1]: process started with pid [1188]
[INFO] [offboard_node-2]: process started with pid [1190]
[offboard_node-2] [INFO] [1785156733.414407914] [offboard_node]: ARM 요청
[offboard_node-2] [INFO] [1785156734.357828970] [offboard_node]: 거리 상한 감시 활성 1500m (이륙지점 기준 수평, 경로 최원점 300m)
[offboard_node-2] [INFO] [1785156734.362814344] [offboard_node]: CommandTOL 이륙 요청 alt=49.7m AMSL (지면 -0.3+50.0) -> CLIMBING
[telemetry_node-1] [INFO] [1785156735.231435964] [telemetry_node]: pos_ned=[-0.04060556  0.03461074 -0.48811597]  yaw=1.698  armed=True  vtol=3  batt=16.19V/100%
[telemetry_node-1] [INFO] [1785156737.205485478] [telemetry_node]: pos_ned=[-0.04336356  0.02737755 -0.47290972]  yaw=1.696  armed=True  vtol=3  batt=16.12V/97%
[telemetry_node-1] [INFO] [1785156739.205499472] [telemetry_node]: pos_ned=[-0.04971398 -0.03362289  1.77677619]  yaw=1.692  armed=True  vtol=3  batt=16.07V/94%
[telemetry_node-1] [INFO] [1785156741.205677747] [telemetry_node]: pos_ned=[-0.03361305 -0.01438408  5.16619349]  yaw=1.689  armed=True  vtol=3  batt=16.01V/91%
[telemetry_node-1] [INFO] [1785156743.205677217] [telemetry_node]: pos_ned=[-1.84427425e-02  5.97565575e-03  8.59183216e+00]  yaw=1.691  armed=True  vtol=3  batt=15.95V/88%
[telemetry_node-1] [INFO] [1785156745.205558190] [telemetry_node]: pos_ned=[-2.28278134e-02  2.43435684e-03  1.32349415e+01]  yaw=1.695  armed=True  vtol=3  batt=15.89V/84%
[telemetry_node-1] [INFO] [1785156747.205640183] [telemetry_node]: pos_ned=[-0.04204975  0.02653212 19.09858704]  yaw=1.702  armed=True  vtol=3  batt=15.83V/81%
[telemetry_node-1] [INFO] [1785156749.205824889] [telemetry_node]: pos_ned=[-0.07507391  0.03328557 25.19713974]  yaw=1.706  armed=True  vtol=3  batt=15.77V/78%
[telemetry_node-1] [INFO] [1785156751.205862809] [telemetry_node]: pos_ned=[-6.77789077e-02  2.41966322e-02  3.11625919e+01]  yaw=1.715  armed=True  vtol=3  batt=15.71V/74%
[telemetry_node-1] [INFO] [1785156753.205827181] [telemetry_node]: pos_ned=[-5.32835647e-02 -2.57467888e-02  3.71781654e+01]  yaw=1.719  armed=True  vtol=3  batt=15.65V/71%
[telemetry_node-1] [INFO] [1785156755.205539427] [telemetry_node]: pos_ned=[-7.36842155e-02  1.16415229e-02  4.31202278e+01]  yaw=1.730  armed=True  vtol=3  batt=15.59V/68%
[telemetry_node-1] [INFO] [1785156757.205340100] [telemetry_node]: pos_ned=[-9.12701115e-02 -1.44754192e-02  4.71203156e+01]  yaw=1.733  armed=True  vtol=3  batt=15.53V/64%
[telemetry_node-1] [INFO] [1785156759.205535804] [telemetry_node]: pos_ned=[-4.58754934e-02 -2.27002259e-02  4.87973633e+01]  yaw=1.732  armed=True  vtol=3  batt=15.47V/61%
[offboard_node-2] [INFO] [1785156759.857327271] [offboard_node]: 운용 고도 50.0m 도달 → transition_fw
[telemetry_node-1] [INFO] [1785156764.029577992] [telemetry_node]: pos_ned=[-2.36062314e-02  1.82245802e-02  4.92697754e+01]  yaw=1.733  armed=True  vtol=3  batt=15.41V/58%
[telemetry_node-1] [INFO] [1785156765.205476742] [telemetry_node]: pos_ned=[-1.23787532e-02  2.75646918e-03  4.94703293e+01]  yaw=1.733  armed=True  vtol=3  batt=15.41V/58%
[offboard_node-2] [INFO] [1785156765.257992870] [offboard_node]: 천이 전 MC OFFBOARD 요청 (헤딩 정렬 대기)
[offboard_node-2] [WARN] [1785156765.358173699] [offboard_node]: 정렬 구간 OFFBOARD 이탈 → 재요청 (mode=AUTO.LOITER)
[telemetry_node-1] [INFO] [1785156767.205862889] [telemetry_node]: pos_ned=[-4.71073240e-02 -1.27993645e-02  4.98090248e+01]  yaw=1.209  armed=True  vtol=3  batt=15.35V/54%
[telemetry_node-1] [INFO] [1785156769.205890027] [telemetry_node]: pos_ned=[-1.04752898e-01  2.82221939e-03  5.01297150e+01]  yaw=0.571  armed=True  vtol=3  batt=15.30V/51%
[telemetry_node-1] [INFO] [1785156771.205365482] [telemetry_node]: pos_ned=[-1.56947643e-01 -1.13684696e-03  5.04766808e+01]  yaw=0.285  armed=True  vtol=3  batt=15.30V/50%
[telemetry_node-1] [INFO] [1785156773.205290833] [telemetry_node]: pos_ned=[-1.46068797e-01 -5.94720198e-03  5.08781319e+01]  yaw=0.158  armed=True  vtol=3  batt=15.30V/50%
[telemetry_node-1] [INFO] [1785156775.205374094] [telemetry_node]: pos_ned=[-1.17285654e-01 -2.33643642e-03  5.12697487e+01]  yaw=0.087  armed=True  vtol=3  batt=15.30V/50%
[telemetry_node-1] [INFO] [1785156777.205560169] [telemetry_node]: pos_ned=[-7.47604743e-02  7.41828792e-03  5.16431732e+01]  yaw=0.049  armed=True  vtol=3  batt=15.30V/50%
[offboard_node-2] [INFO] [1785156779.158269029] [offboard_node]: 헤딩 정렬 완료 target=0.0° current=2.3° err=-2.3° (20틱 안정) → 전진 + 천이 명령
[offboard_node-2] [INFO] [1785156779.159595797] [offboard_node]: MC→FW 천이 명령 요청 (위치 setpoint 직선 천이)
[telemetry_node-1] [INFO] [1785156779.205506823] [telemetry_node]: pos_ned=[-2.47174930e-02  3.36845778e-03  5.19593849e+01]  yaw=0.040  armed=True  vtol=3  batt=15.30V/50%
[telemetry_node-1] [INFO] [1785156781.205491861] [telemetry_node]: pos_ned=[3.42601347e+00 2.06594281e-02 5.21005478e+01]  yaw=0.009  armed=True  vtol=1  batt=15.30V/50%
[offboard_node-2] [INFO] [1785156781.957557554] [offboard_node]: FW 전환 완료 -> STREAMING
[offboard_node-2] [INFO] [1785156782.065582280] [offboard_node]: OFFBOARD 확인 → FOLLOWING
[offboard_node-2] [INFO] [1785156782.178480532] [offboard_node]: FOLLOWING 시작 pos=[15.4,-0.5] tgt=[85.4,0.0] cte=-0.5m mode=OFFBOARD
[telemetry_node-1] [INFO] [1785156783.205479862] [telemetry_node]: pos_ned=[31.74581337 -0.9704349  51.3306694 ]  yaw=-0.006  armed=True  vtol=4  batt=15.30V/50%
[offboard_node-2] [INFO] [1785156784.070298273] [offboard_node]: FOLLOWING tick=20 mode=OFFBOARD cte=-0.9m pos=[45.7,-0.9] tgt=[115.7,0.0]
[telemetry_node-1] [INFO] [1785156785.205411255] [telemetry_node]: pos_ned=[62.77421188 -0.62062377 51.33223343]  yaw=0.029  armed=True  vtol=4  batt=15.30V/50%
[offboard_node-2] [INFO] [1785156786.068493477] [offboard_node]: FOLLOWING tick=40 mode=OFFBOARD cte=-0.3m pos=[76.0,-0.3] tgt=[146.0,0.0]
[telemetry_node-1] [INFO] [1785156787.205517286] [telemetry_node]: pos_ned=[9.33610840e+01 2.97875120e-03 4.93289986e+01]  yaw=0.029  armed=True  vtol=4  batt=15.30V/50%
[offboard_node-2] [INFO] [1785156788.069049410] [offboard_node]: FOLLOWING tick=60 mode=OFFBOARD cte=0.1m pos=[106.5,0.1] tgt=[176.5,0.0]
[telemetry_node-1] [INFO] [1785156789.205328694] [telemetry_node]: pos_ned=[123.47210693   0.26938418  49.28338623]  yaw=0.014  armed=True  vtol=4  batt=15.30V/50%
[offboard_node-2] [INFO] [1785156790.076770264] [offboard_node]: FOLLOWING tick=80 mode=OFFBOARD cte=0.4m pos=[136.3,0.4] tgt=[206.3,0.0]
[offboard_node-2] [WARN] [1785156790.379678288] [offboard_node]: 긴급 수동 전환 실행 → MANUAL 요청
[telemetry_node-1] [INFO] [1785156791.205560513] [telemetry_node]: pos_ned=[152.89976501   0.42282447  49.10124588]  yaw=-0.008  armed=True  vtol=4  batt=15.30V/50%
[offboard_node-2] [WARN] [1785156791.357862768] [offboard_node]: 수동 모드(MANUAL) 미진입 (mode=OFFBOARD) -> AUTO.LOITER 안전 폴백 요청
[offboard_node-2] [WARN] [1785156791.957396210] [offboard_node]: 수동/안전 모드 진입 확인 (mode=AUTO.LOITER) -> DONE
[telemetry_node-1] [INFO] [1785156793.205742146] [telemetry_node]: pos_ned=[181.37312317   2.42212152  48.19841766]  yaw=0.079  armed=True  vtol=4  batt=15.30V/50%
[telemetry_node-1] [INFO] [1785156795.205438417] [telemetry_node]: pos_ned=[207.41082764  17.64042091  45.94444275]  yaw=0.559  armed=True  vtol=4  batt=15.30V/50%
[telemetry_node-1] [INFO] [1785156800.108424557] [telemetry_node]: pos_ned=[215.76115417  37.44576263  43.44040298]  yaw=1.300  armed=True  vtol=4  batt=15.30V/50%
[telemetry_node-1] [INFO] [1785156801.205329363] [telemetry_node]: pos_ned=[209.62228394  55.33703995  43.20406723]  yaw=2.092  armed=True  vtol=4  batt=15.30V/50%
[WARNING] [launch]: user interrupted with ctrl-c (SIGINT)
[INFO] [offboard_node-2]: sending signal 'SIGINT' to process[offboard_node-2]
[INFO] [telemetry_node-1]: sending signal 'SIGINT' to process[telemetry_node-1]
[telemetry_node-1] Traceback (most recent call last):
[telemetry_node-1]   File "/root/drone_ws/install/fc_ros/lib/python3.10/site-packages/fc_ros/nodes/telemetry_node.py", line 109, in main
[telemetry_node-1]     rclpy.spin(node)
[telemetry_node-1]   File "/opt/ros/humble/local/lib/python3.10/dist-packages/rclpy/__init__.py", line 229, in spin
[offboard_node-2] Traceback (most recent call last):
[offboard_node-2]   File "/root/drone_ws/install/fc_ros/lib/python3.10/site-packages/fc_ros/nodes/offboard_node.py", line 1412, in main
[offboard_node-2]     rclpy.spin(node)
[offboard_node-2]   File "/opt/ros/humble/local/lib/python3.10/dist-packages/rclpy/__init__.py", line 229, in spin
[offboard_node-2]     executor.spin_once()
[offboard_node-2]   File "/opt/ros/humble/local/lib/python3.10/dist-packages/rclpy/executors.py", line 808, in spin_once
[telemetry_node-1]     executor.spin_once()
[telemetry_node-1]   File "/opt/ros/humble/local/lib/python3.10/dist-packages/rclpy/executors.py", line 808, in spin_once
[offboard_node-2]     self._spin_once_impl(timeout_sec)
[offboard_node-2]   File "/opt/ros/humble/local/lib/python3.10/dist-packages/rclpy/executors.py", line 797, in _spin_once_impl
[telemetry_node-1]     self._spin_once_impl(timeout_sec)
[telemetry_node-1]   File "/opt/ros/humble/local/lib/python3.10/dist-packages/rclpy/executors.py", line 797, in _spin_once_impl
[offboard_node-2]     handler, entity, node = self.wait_for_ready_callbacks(timeout_sec=timeout_sec)
[offboard_node-2]   File "/opt/ros/humble/local/lib/python3.10/dist-packages/rclpy/executors.py", line 780, in wait_for_ready_callbacks
[telemetry_node-1]     handler, entity, node = self.wait_for_ready_callbacks(timeout_sec=timeout_sec)
[telemetry_node-1]   File "/opt/ros/humble/local/lib/python3.10/dist-packages/rclpy/executors.py", line 780, in wait_for_ready_callbacks
[telemetry_node-1]     return next(self._cb_iter)
[telemetry_node-1]   File "/opt/ros/humble/local/lib/python3.10/dist-packages/rclpy/executors.py", line 677, in _wait_for_ready_callbacks
[telemetry_node-1]     wait_set.wait(timeout_nsec)
[telemetry_node-1] KeyboardInterrupt
[telemetry_node-1] 
[telemetry_node-1] During handling of the above exception, another exception occurred:
[telemetry_node-1] 
[telemetry_node-1] Traceback (most recent call last):
[telemetry_node-1]   File "/root/drone_ws/install/fc_ros/lib/fc_ros/telemetry_node", line 33, in <module>
[offboard_node-2]     return next(self._cb_iter)
[offboard_node-2]   File "/opt/ros/humble/local/lib/python3.10/dist-packages/rclpy/executors.py", line 677, in _wait_for_ready_callbacks
[telemetry_node-1]     sys.exit(load_entry_point('fc-ros==0.1.0', 'console_scripts', 'telemetry_node')())
[telemetry_node-1]   File "/root/drone_ws/install/fc_ros/lib/python3.10/site-packages/fc_ros/nodes/telemetry_node.py", line 111, in main
[telemetry_node-1]     node.destroy_node()
[telemetry_node-1]   File "/opt/ros/humble/local/lib/python3.10/dist-packages/rclpy/node.py", line 1685, in destroy_node
[offboard_node-2]     wait_set.wait(timeout_nsec)
[offboard_node-2] KeyboardInterrupt
[offboard_node-2] 
[offboard_node-2] During handling of the above exception, another exception occurred:
[offboard_node-2] 
[offboard_node-2] Traceback (most recent call last):
[offboard_node-2]   File "/root/drone_ws/install/fc_ros/lib/fc_ros/offboard_node", line 33, in <module>
[offboard_node-2]     sys.exit(load_entry_point('fc-ros==0.1.0', 'console_scripts', 'offboard_node')())
[offboard_node-2]   File "/root/drone_ws/install/fc_ros/lib/python3.10/site-packages/fc_ros/nodes/offboard_node.py", line 1414, in main
[offboard_node-2]     node.destroy_node()
[offboard_node-2]   File "/opt/ros/humble/local/lib/python3.10/dist-packages/rclpy/node.py", line 1687, in destroy_node
[telemetry_node-1]     self.destroy_publisher(self._publishers[0])
[telemetry_node-1]   File "/opt/ros/humble/local/lib/python3.10/dist-packages/rclpy/node.py", line 1565, in destroy_publisher
[offboard_node-2]     self.destroy_subscription(self._subscriptions[0])
[offboard_node-2]   File "/opt/ros/humble/local/lib/python3.10/dist-packages/rclpy/node.py", line 1583, in destroy_subscription
[telemetry_node-1]     publisher.destroy()
[telemetry_node-1]   File "/opt/ros/humble/local/lib/python3.10/dist-packages/rclpy/publisher.py", line 99, in destroy
[offboard_node-2]     subscription.destroy()
[offboard_node-2]   File "/opt/ros/humble/local/lib/python3.10/dist-packages/rclpy/subscription.py", line 80, in destroy
[telemetry_node-1]     self.__publisher.destroy_when_not_in_use()
[telemetry_node-1] KeyboardInterrupt
[offboard_node-2]     self.handle.destroy_when_not_in_use()
[offboard_node-2] KeyboardInterrupt
[ERROR] [telemetry_node-1]: process has died [pid 1188, exit code -2, cmd '/root/drone_ws/install/fc_ros/lib/fc_ros/telemetry_node --ros-args -r __node:=telemetry_node'].
[ERROR] [offboard_node-2]: process has died [pid 1190, exit code -2, cmd '/root/drone_ws/install/fc_ros/lib/fc_ros/offboard_node --ros-args -r __node:=offboard_node --params-file /root/drone_ws/install/fc_ros/share/fc_ros/params/fc_ros_params.yaml --params-file /tmp/launch_params_l20utuvx'].
