[INFO] [launch]: All log files can be found below /root/.ros/log/2026-07-27-21-59-52-210704-DESKTOP-Kilogram-1123
[INFO] [launch]: Default logging verbosity is set to INFO
[INFO] [telemetry_node-1]: process started with pid [1134]
[INFO] [offboard_node-2]: process started with pid [1136]
[offboard_node-2] [INFO] [1785157193.210668509] [offboard_node]: ARM 요청
[telemetry_node-1] [INFO] [1785157196.760954311] [telemetry_node]: pos_ned=[0.01119434 0.00613537 0.04744393]  yaw=1.692  armed=False  vtol=0  batt=0.00V/100%
[telemetry_node-1] [INFO] [1785157196.882236599] [telemetry_node]: pos_ned=[0.01409621 0.00529034 0.04690857]  yaw=1.692  armed=False  vtol=0  batt=0.00V/100%
[offboard_node-2] [INFO] [1785157198.133030221] [offboard_node]: 거리 상한 감시 활성 1500m (이륙지점 기준 수평, 경로 최원점 300m)
[offboard_node-2] [INFO] [1785157198.136222983] [offboard_node]: CommandTOL 이륙 요청 alt=50.2m AMSL (지면 0.2+50.0) -> CLIMBING
[telemetry_node-1] [INFO] [1785157198.881599085] [telemetry_node]: pos_ned=[0.01377687 0.01727653 0.07996908]  yaw=1.689  armed=True  vtol=3  batt=16.17V/100%
[telemetry_node-1] [INFO] [1785157200.881690955] [telemetry_node]: pos_ned=[0.00239505 0.00735014 0.095355  ]  yaw=1.689  armed=True  vtol=3  batt=16.11V/97%
[telemetry_node-1] [INFO] [1785157202.881230163] [telemetry_node]: pos_ned=[-0.04184657 -0.11015777  1.26158285]  yaw=1.673  armed=True  vtol=3  batt=16.05V/94%
[telemetry_node-1] [INFO] [1785157204.881841370] [telemetry_node]: pos_ned=[-0.02062809 -0.07170463  3.75385833]  yaw=1.637  armed=True  vtol=3  batt=15.99V/90%
[telemetry_node-1] [INFO] [1785157206.885276867] [telemetry_node]: pos_ned=[-0.01530101 -0.01951124  6.51569462]  yaw=1.642  armed=True  vtol=3  batt=15.93V/87%
[telemetry_node-1] [INFO] [1785157208.881230013] [telemetry_node]: pos_ned=[-3.55674811e-02  9.07143578e-03  9.37122154e+00]  yaw=1.638  armed=True  vtol=3  batt=15.87V/84%
[telemetry_node-1] [INFO] [1785157210.881360716] [telemetry_node]: pos_ned=[-3.04736607e-02  8.57423933e-04  1.37839937e+01]  yaw=1.637  armed=True  vtol=3  batt=15.81V/80%
[telemetry_node-1] [INFO] [1785157212.881539378] [telemetry_node]: pos_ned=[-1.95200928e-02  4.28988412e-02  1.95272388e+01]  yaw=1.638  armed=True  vtol=3  batt=15.75V/77%
[telemetry_node-1] [INFO] [1785157214.880882944] [telemetry_node]: pos_ned=[2.78942380e-03 1.49979815e-02 2.53955421e+01]  yaw=1.638  armed=True  vtol=3  batt=15.69V/74%
[telemetry_node-1] [INFO] [1785157216.881247750] [telemetry_node]: pos_ned=[1.54523980e-02 4.55058105e-02 3.13208027e+01]  yaw=1.631  armed=True  vtol=3  batt=15.63V/70%
[telemetry_node-1] [INFO] [1785157218.881001220] [telemetry_node]: pos_ned=[ 1.19132893e-02 -1.78799033e-02  3.73761330e+01]  yaw=1.631  armed=True  vtol=3  batt=15.57V/67%
[telemetry_node-1] [INFO] [1785157220.880979488] [telemetry_node]: pos_ned=[-8.79589003e-03 -2.66762599e-02  4.33312950e+01]  yaw=1.631  armed=True  vtol=3  batt=15.51V/64%
[telemetry_node-1] [INFO] [1785157222.880930609] [telemetry_node]: pos_ned=[-1.45973135e-02 -4.85996949e-03  4.73751793e+01]  yaw=1.631  armed=True  vtol=3  batt=15.45V/60%
[telemetry_node-1] [INFO] [1785157224.881326624] [telemetry_node]: pos_ned=[-3.48234549e-02 -9.51265276e-04  4.91049690e+01]  yaw=1.626  armed=True  vtol=3  batt=15.39V/57%
[offboard_node-2] [INFO] [1785157226.132009574] [offboard_node]: 운용 고도 50.0m 도달 → transition_fw
[telemetry_node-1] [INFO] [1785157226.880897882] [telemetry_node]: pos_ned=[-2.40870230e-02  1.73188206e-02  4.97390060e+01]  yaw=1.625  armed=True  vtol=3  batt=15.33V/54%
[offboard_node-2] [INFO] [1785157228.132455520] [offboard_node]: 천이 전 MC OFFBOARD 요청 (헤딩 정렬 대기)
[offboard_node-2] [WARN] [1785157228.232525918] [offboard_node]: 정렬 구간 OFFBOARD 이탈 → 재요청 (mode=AUTO.LOITER)
[telemetry_node-1] [INFO] [1785157228.881067412] [telemetry_node]: pos_ned=[-1.06659709e-02  2.31892560e-02  4.99532280e+01]  yaw=1.623  armed=True  vtol=3  batt=15.30V/51%
[telemetry_node-1] [INFO] [1785157232.541639424] [telemetry_node]: pos_ned=[-2.34099291e-02  3.08794901e-02  4.99646301e+01]  yaw=1.624  armed=True  vtol=3  batt=15.30V/51%
[telemetry_node-1] [INFO] [1785157232.881047202] [telemetry_node]: pos_ned=[-3.23725492e-02  4.40196730e-02  4.99833145e+01]  yaw=1.597  armed=True  vtol=3  batt=15.30V/51%
[telemetry_node-1] [INFO] [1785157234.880875752] [telemetry_node]: pos_ned=[-4.23778147e-02  4.11112644e-02  5.00401306e+01]  yaw=0.771  armed=True  vtol=3  batt=15.30V/50%
[telemetry_node-1] [INFO] [1785157236.880854748] [telemetry_node]: pos_ned=[ 0.09436805 -0.0960885  49.99547195]  yaw=0.386  armed=True  vtol=3  batt=15.30V/50%
[telemetry_node-1] [INFO] [1785157238.881220534] [telemetry_node]: pos_ned=[ 0.22130173 -0.16878146 49.87934494]  yaw=0.208  armed=True  vtol=3  batt=15.30V/50%
[telemetry_node-1] [INFO] [1785157240.880995014] [telemetry_node]: pos_ned=[ 0.23909543 -0.19669254 49.75133133]  yaw=0.117  armed=True  vtol=3  batt=15.30V/50%
[telemetry_node-1] [INFO] [1785157242.881232658] [telemetry_node]: pos_ned=[ 0.18925631 -0.20090169 49.54577255]  yaw=0.064  armed=True  vtol=3  batt=15.30V/50%
[telemetry_node-1] [INFO] [1785157244.881527977] [telemetry_node]: pos_ned=[ 0.15115687 -0.16501412 49.31240845]  yaw=0.043  armed=True  vtol=3  batt=15.30V/50%
[offboard_node-2] [INFO] [1785157245.732989419] [offboard_node]: 헤딩 정렬 완료 target=0.0° current=2.3° err=-2.3° (20틱 안정) → 전진 + 천이 명령
[offboard_node-2] [INFO] [1785157245.735150821] [offboard_node]: MC→FW 천이 명령 요청 (위치 setpoint 직선 천이)
[telemetry_node-1] [INFO] [1785157246.881730374] [telemetry_node]: pos_ned=[ 0.46211189 -0.18320099 49.06544113]  yaw=0.042  armed=True  vtol=1  batt=15.30V/50%
[offboard_node-2] [INFO] [1785157248.432473458] [offboard_node]: FW 전환 완료 -> STREAMING
[offboard_node-2] [INFO] [1785157248.541345291] [offboard_node]: OFFBOARD 확인 → FOLLOWING
[offboard_node-2] [INFO] [1785157248.667648673] [offboard_node]: FOLLOWING 시작 pos=[13.5,-0.2] tgt=[83.5,0.0] cte=-0.2m mode=OFFBOARD
[telemetry_node-1] [INFO] [1785157248.882194600] [telemetry_node]: pos_ned=[18.13324738 -0.14903256 48.30955124]  yaw=0.014  armed=True  vtol=4  batt=15.30V/50%
[offboard_node-2] [INFO] [1785157250.576399247] [offboard_node]: FOLLOWING tick=20 mode=OFFBOARD cte=-0.2m pos=[44.5,-0.2] tgt=[114.5,0.0]
[telemetry_node-1] [INFO] [1785157250.881630206] [telemetry_node]: pos_ned=[49.64539337 -0.19417281 51.32836533]  yaw=0.009  armed=True  vtol=4  batt=15.30V/50%
[offboard_node-2] [INFO] [1785157252.565749239] [offboard_node]: FOLLOWING tick=40 mode=OFFBOARD cte=-0.1m pos=[73.3,-0.1] tgt=[143.3,0.0]
[telemetry_node-1] [INFO] [1785157252.881400620] [telemetry_node]: pos_ned=[79.05466461 -0.08022435 48.06144333]  yaw=-0.001  armed=True  vtol=4  batt=15.30V/50%
[offboard_node-2] [INFO] [1785157254.555369120] [offboard_node]: FOLLOWING tick=60 mode=OFFBOARD cte=0.0m pos=[104.0,0.0] tgt=[174.0,0.0]
[telemetry_node-1] [INFO] [1785157254.881671846] [telemetry_node]: pos_ned=[1.09357506e+02 3.07845082e-02 4.88293152e+01]  yaw=-0.010  armed=True  vtol=4  batt=15.30V/50%
[offboard_node-2] [INFO] [1785157256.558244126] [offboard_node]: FOLLOWING tick=80 mode=OFFBOARD cte=0.1m pos=[133.2,0.1] tgt=[203.2,0.0]
[telemetry_node-1] [INFO] [1785157256.881599836] [telemetry_node]: pos_ned=[1.38053589e+02 1.11495987e-01 4.85703545e+01]  yaw=-0.008  armed=True  vtol=4  batt=15.30V/50%
[offboard_node-2] [INFO] [1785157258.557896813] [offboard_node]: FOLLOWING tick=100 mode=OFFBOARD cte=0.1m pos=[161.8,0.1] tgt=[231.8,0.0]
[telemetry_node-1] [INFO] [1785157258.882521430] [telemetry_node]: pos_ned=[1.66567322e+02 1.22325495e-01 4.89480705e+01]  yaw=-0.001  armed=True  vtol=4  batt=15.30V/50%
[offboard_node-2] [INFO] [1785157260.550827772] [offboard_node]: FOLLOWING tick=120 mode=OFFBOARD cte=0.1m pos=[189.4,0.1] tgt=[259.4,0.0]
[telemetry_node-1] [INFO] [1785157260.881303733] [telemetry_node]: pos_ned=[1.94479050e+02 8.80031064e-02 4.90254593e+01]  yaw=0.000  armed=True  vtol=4  batt=15.30V/50%
[offboard_node-2] [INFO] [1785157262.560087792] [offboard_node]: FOLLOWING tick=140 mode=OFFBOARD cte=0.1m pos=[216.5,0.1] tgt=[286.5,0.0]
[telemetry_node-1] [INFO] [1785157262.882047827] [telemetry_node]: pos_ned=[2.20975021e+02 6.93258494e-02 4.91643333e+01]  yaw=-0.001  armed=True  vtol=4  batt=15.30V/50%
[offboard_node-2] [INFO] [1785157264.556292734] [offboard_node]: FOLLOWING tick=160 mode=OFFBOARD cte=0.0m pos=[243.9,0.0] tgt=[300.0,0.0]
[telemetry_node-1] [INFO] [1785157264.881925797] [telemetry_node]: pos_ned=[2.48315063e+02 1.56662688e-02 4.92224121e+01]  yaw=0.000  armed=True  vtol=4  batt=15.30V/50%
[telemetry_node-1] [INFO] [1785157268.330503643] [telemetry_node]: pos_ned=[2.50159866e+02 9.39080492e-03 4.92277870e+01]  yaw=0.000  armed=True  vtol=4  batt=15.30V/50%
[telemetry_node-1] [INFO] [1785157268.881859267] [telemetry_node]: pos_ned=[ 2.57867920e+02 -2.20425334e-02  4.92507820e+01]  yaw=0.002  armed=True  vtol=4  batt=15.30V/50%
[offboard_node-2] [INFO] [1785157269.763044310] [offboard_node]: FOLLOWING tick=180 mode=OFFBOARD cte=-0.1m pos=[269.6,-0.1] tgt=[300.0,0.0]
[telemetry_node-1] [INFO] [1785157270.882205365] [telemetry_node]: pos_ned=[ 2.84763031e+02 -5.60439751e-02  4.93150978e+01]  yaw=0.012  armed=True  vtol=4  batt=15.30V/50%
[offboard_node-2] [INFO] [1785157271.355905051] [offboard_node]: 경로 추종 완료 -> transition_mc
[offboard_node-2] [INFO] [1785157271.433858373] [offboard_node]: FW->MC 역천이 명령 요청
[telemetry_node-1] [INFO] [1785157272.882356372] [telemetry_node]: pos_ned=[ 3.10612946e+02 -5.72554134e-02  4.89433365e+01]  yaw=0.017  armed=True  vtol=2  batt=15.30V/50%
[telemetry_node-1] [INFO] [1785157274.881484769] [telemetry_node]: pos_ned=[3.29472626e+02 2.91526876e-03 4.98934479e+01]  yaw=0.014  armed=True  vtol=2  batt=15.30V/50%
[offboard_node-2] [INFO] [1785157276.433479056] [offboard_node]: MC 전환 완료 -> HOLD (WP1 복귀)
[telemetry_node-1] [INFO] [1785157276.882124632] [telemetry_node]: pos_ned=[3.41337708e+02 6.60846457e-02 5.00325050e+01]  yaw=0.022  armed=True  vtol=3  batt=15.30V/50%
[offboard_node-2] [INFO] [1785157278.432937298] [offboard_node]: WP1 홀드 dist=36.9m speed=8.6m/s stable=0/10
[telemetry_node-1] [INFO] [1785157278.881653664] [telemetry_node]: pos_ned=[3.33165253e+02 3.27516943e-01 4.95480042e+01]  yaw=0.023  armed=True  vtol=3  batt=15.30V/50%
[offboard_node-2] [INFO] [1785157280.432392845] [offboard_node]: WP1 홀드 dist=21.8m speed=8.1m/s stable=0/10
[telemetry_node-1] [INFO] [1785157280.882381934] [telemetry_node]: pos_ned=[3.18234222e+02 1.38735071e-01 4.96911926e+01]  yaw=0.021  armed=True  vtol=3  batt=15.30V/50%
[offboard_node-2] [INFO] [1785157282.432589048] [offboard_node]: WP1 홀드 dist=6.0m speed=7.0m/s stable=0/10
[telemetry_node-1] [INFO] [1785157282.881985435] [telemetry_node]: pos_ned=[ 3.03431030e+02 -4.82096300e-02  5.00311279e+01]  yaw=0.016  armed=True  vtol=3  batt=15.30V/50%
[offboard_node-2] [INFO] [1785157284.433184038] [offboard_node]: WP1 홀드 dist=0.5m speed=0.2m/s stable=7/10
[offboard_node-2] [INFO] [1785157284.632937133] [offboard_node]: WP1 도달·안정 → LANDING (dist=0.4m speed=0.1m/s)
[offboard_node-2] [INFO] [1785157284.733262898] [offboard_node]: AUTO.LAND 요청
[telemetry_node-1] [INFO] [1785157284.881544064] [telemetry_node]: pos_ned=[ 3.00404541e+02 -7.45975599e-02  4.98841934e+01]  yaw=0.008  armed=True  vtol=3  batt=15.30V/50%
[telemetry_node-1] [INFO] [1785157286.882918110] [telemetry_node]: pos_ned=[ 3.00564484e+02 -1.20958537e-02  4.74453926e+01]  yaw=0.008  armed=True  vtol=3  batt=15.30V/50%
[telemetry_node-1] [INFO] [1785157288.881805068] [telemetry_node]: pos_ned=[ 3.00354767e+02 -9.05766338e-03  4.45294685e+01]  yaw=0.006  armed=True  vtol=3  batt=15.30V/50%
[telemetry_node-1] [INFO] [1785157290.881317049] [telemetry_node]: pos_ned=[ 3.00577850e+02 -2.65928376e-02  4.15952873e+01]  yaw=0.005  armed=True  vtol=3  batt=15.30V/50%
[telemetry_node-1] [INFO] [1785157292.882311386] [telemetry_node]: pos_ned=[3.00613861e+02 1.13086784e-02 3.85716019e+01]  yaw=0.004  armed=True  vtol=3  batt=15.30V/50%
[telemetry_node-1] [INFO] [1785157294.882358503] [telemetry_node]: pos_ned=[3.00503479e+02 1.44324563e-02 3.55777130e+01]  yaw=0.002  armed=True  vtol=3  batt=15.30V/50%
[telemetry_node-1] [INFO] [1785157296.881994875] [telemetry_node]: pos_ned=[3.00553528e+02 4.32671234e-03 3.25760002e+01]  yaw=0.001  armed=True  vtol=3  batt=15.30V/50%
[telemetry_node-1] [INFO] [1785157298.882323564] [telemetry_node]: pos_ned=[ 3.00513611e+02 -5.40993689e-03  2.95894070e+01]  yaw=-0.000  armed=True  vtol=3  batt=15.30V/50%
[telemetry_node-1] [INFO] [1785157304.161942919] [telemetry_node]: pos_ned=[ 3.00520782e+02 -1.96303353e-02  2.67537880e+01]  yaw=-0.001  armed=True  vtol=3  batt=15.30V/50%
[telemetry_node-1] [INFO] [1785157304.881558828] [telemetry_node]: pos_ned=[ 3.00520844e+02 -2.29469836e-02  2.56431923e+01]  yaw=-0.002  armed=True  vtol=3  batt=15.30V/50%
[telemetry_node-1] [INFO] [1785157306.881410780] [telemetry_node]: pos_ned=[ 3.00552032e+02 -2.39921808e-02  2.26472282e+01]  yaw=-0.003  armed=True  vtol=3  batt=15.30V/50%
[telemetry_node-1] [INFO] [1785157308.881104585] [telemetry_node]: pos_ned=[ 3.00526947e+02 -2.40745973e-02  1.96469421e+01]  yaw=-0.004  armed=True  vtol=3  batt=15.30V/50%
[telemetry_node-1] [INFO] [1785157310.882144213] [telemetry_node]: pos_ned=[ 3.00523834e+02 -3.36396359e-02  1.67148533e+01]  yaw=-0.006  armed=True  vtol=3  batt=15.30V/50%
[telemetry_node-1] [INFO] [1785157312.881441298] [telemetry_node]: pos_ned=[ 3.00585236e+02 -3.73680368e-02  1.37128010e+01]  yaw=-0.007  armed=True  vtol=3  batt=15.30V/50%
[telemetry_node-1] [INFO] [1785157314.882583722] [telemetry_node]: pos_ned=[ 3.00473389e+02 -2.33150907e-02  1.07862911e+01]  yaw=-0.008  armed=True  vtol=3  batt=15.30V/50%
[telemetry_node-1] [INFO] [1785157316.881673884] [telemetry_node]: pos_ned=[ 3.00543884e+02 -3.79130542e-02  8.05574703e+00]  yaw=-0.009  armed=True  vtol=3  batt=15.30V/50%
[telemetry_node-1] [INFO] [1785157318.881455929] [telemetry_node]: pos_ned=[ 3.00550385e+02 -2.95375660e-02  6.00845814e+00]  yaw=-0.009  armed=True  vtol=3  batt=15.30V/50%
[telemetry_node-1] [INFO] [1785157320.881141913] [telemetry_node]: pos_ned=[ 3.00542664e+02 -2.46293712e-02  4.50569487e+00]  yaw=-0.010  armed=True  vtol=3  batt=15.30V/50%
[telemetry_node-1] [INFO] [1785157322.881215738] [telemetry_node]: pos_ned=[ 3.00556427e+02 -3.96297611e-02  3.10929561e+00]  yaw=-0.010  armed=True  vtol=3  batt=15.30V/50%
[telemetry_node-1] [INFO] [1785157324.881877104] [telemetry_node]: pos_ned=[ 3.00537811e+02 -1.54736023e-02  1.71891284e+00]  yaw=-0.010  armed=True  vtol=3  batt=15.30V/50%
[telemetry_node-1] [INFO] [1785157326.882042333] [telemetry_node]: pos_ned=[ 3.00597229e+02 -2.13755872e-02  3.33458900e-01]  yaw=-0.010  armed=True  vtol=3  batt=15.30V/50%
[telemetry_node-1] [INFO] [1785157328.882001522] [telemetry_node]: pos_ned=[ 3.00577423e+02 -1.74503848e-02  1.09064281e-02]  yaw=-0.012  armed=True  vtol=3  batt=15.30V/50%
[offboard_node-2] [INFO] [1785157330.532572398] [offboard_node]: 착륙 완료 (disarmed) -> DONE
[telemetry_node-1] [INFO] [1785157330.882133388] [telemetry_node]: pos_ned=[ 3.00552063e+02 -2.34002229e-02  1.67437792e-02]  yaw=-0.014  armed=False  vtol=3  batt=16.20V/52%
[telemetry_node-1] [INFO] [1785157332.881548336] [telemetry_node]: pos_ned=[ 3.00557190e+02 -3.61981392e-02 -2.70209461e-02]  yaw=-0.017  armed=False  vtol=3  batt=16.20V/93%
[telemetry_node-1] [INFO] [1785157334.881284871] [telemetry_node]: pos_ned=[ 3.00551147e+02 -1.90643128e-02 -6.25323653e-02]  yaw=-0.019  armed=False  vtol=3  batt=16.20V/99%
[telemetry_node-1] [INFO] [1785157340.018648867] [telemetry_node]: pos_ned=[ 3.00528931e+02 -3.12073585e-02 -5.82498312e-02]  yaw=-0.020  armed=False  vtol=3  batt=16.20V/100%
[WARNING] [launch]: user interrupted with ctrl-c (SIGINT)
[INFO] [offboard_node-2]: sending signal 'SIGINT' to process[offboard_node-2]
[INFO] [telemetry_node-1]: sending signal 'SIGINT' to process[telemetry_node-1]
[telemetry_node-1] Traceback (most recent call last):
[telemetry_node-1]   File "/root/drone_ws/install/fc_ros/lib/python3.10/site-packages/fc_ros/nodes/telemetry_node.py", line 109, in main
[telemetry_node-1]     rclpy.spin(node)
[telemetry_node-1]   File "/opt/ros/humble/local/lib/python3.10/dist-packages/rclpy/__init__.py", line 229, in spin
[telemetry_node-1]     executor.spin_once()
[telemetry_node-1]   File "/opt/ros/humble/local/lib/python3.10/dist-packages/rclpy/executors.py", line 808, in spin_once
[offboard_node-2] Traceback (most recent call last):
[offboard_node-2]   File "/root/drone_ws/install/fc_ros/lib/python3.10/site-packages/fc_ros/nodes/offboard_node.py", line 1412, in main
[telemetry_node-1]     self._spin_once_impl(timeout_sec)
[telemetry_node-1]   File "/opt/ros/humble/local/lib/python3.10/dist-packages/rclpy/executors.py", line 797, in _spin_once_impl
[telemetry_node-1]     handler, entity, node = self.wait_for_ready_callbacks(timeout_sec=timeout_sec)
[telemetry_node-1]   File "/opt/ros/humble/local/lib/python3.10/dist-packages/rclpy/executors.py", line 780, in wait_for_ready_callbacks
[telemetry_node-1]     return next(self._cb_iter)
[telemetry_node-1]   File "/opt/ros/humble/local/lib/python3.10/dist-packages/rclpy/executors.py", line 677, in _wait_for_ready_callbacks
[telemetry_node-1]     wait_set.wait(timeout_nsec)
[telemetry_node-1] KeyboardInterrupt
[telemetry_node-1] 
[telemetry_node-1] During handling of the above exception, another exception occurred:
[telemetry_node-1] 
[telemetry_node-1] Traceback (most recent call last):
[telemetry_node-1]   File "/root/drone_ws/install/fc_ros/lib/fc_ros/telemetry_node", line 33, in <module>
[telemetry_node-1]     sys.exit(load_entry_point('fc-ros==0.1.0', 'console_scripts', 'telemetry_node')())
[telemetry_node-1]   File "/root/drone_ws/install/fc_ros/lib/python3.10/site-packages/fc_ros/nodes/telemetry_node.py", line 111, in main
[telemetry_node-1]     node.destroy_node()
[telemetry_node-1]   File "/opt/ros/humble/local/lib/python3.10/dist-packages/rclpy/node.py", line 1687, in destroy_node
[offboard_node-2]     rclpy.spin(node)
[offboard_node-2]   File "/opt/ros/humble/local/lib/python3.10/dist-packages/rclpy/__init__.py", line 229, in spin
[offboard_node-2]     executor.spin_once()
[offboard_node-2]   File "/opt/ros/humble/local/lib/python3.10/dist-packages/rclpy/executors.py", line 808, in spin_once
[offboard_node-2]     self._spin_once_impl(timeout_sec)
[offboard_node-2]   File "/opt/ros/humble/local/lib/python3.10/dist-packages/rclpy/executors.py", line 805, in _spin_once_impl
[offboard_node-2]     raise handler.exception()
[offboard_node-2]   File "/opt/ros/humble/local/lib/python3.10/dist-packages/rclpy/task.py", line 272, in _execute_coroutine_step
[offboard_node-2]     result = coro.send(None)
[offboard_node-2]   File "/opt/ros/humble/local/lib/python3.10/dist-packages/rclpy/executors.py", line 478, in handler
[telemetry_node-1]     self.destroy_subscription(self._subscriptions[0])
[telemetry_node-1]   File "/opt/ros/humble/local/lib/python3.10/dist-packages/rclpy/node.py", line 1583, in destroy_subscription
[offboard_node-2]     arg = take_from_wait_list(entity)
[offboard_node-2]   File "/opt/ros/humble/local/lib/python3.10/dist-packages/rclpy/executors.py", line 400, in _take_subscription
[telemetry_node-1]     subscription.destroy()
[telemetry_node-1]   File "/opt/ros/humble/local/lib/python3.10/dist-packages/rclpy/subscription.py", line 80, in destroy
[offboard_node-2]     msg_info = sub.handle.take_message(sub.msg_type, sub.raw)
[offboard_node-2] RuntimeError: Unable to convert call argument to Python object (compile in debug mode for details)
[offboard_node-2] 
[offboard_node-2] During handling of the above exception, another exception occurred:
[offboard_node-2] 
[offboard_node-2] Traceback (most recent call last):
[offboard_node-2]   File "/root/drone_ws/install/fc_ros/lib/fc_ros/offboard_node", line 33, in <module>
[offboard_node-2]     sys.exit(load_entry_point('fc-ros==0.1.0', 'console_scripts', 'offboard_node')())
[offboard_node-2]   File "/root/drone_ws/install/fc_ros/lib/python3.10/site-packages/fc_ros/nodes/offboard_node.py", line 1414, in main
[telemetry_node-1]     self.handle.destroy_when_not_in_use()
[telemetry_node-1] KeyboardInterrupt
[offboard_node-2]     node.destroy_node()
[offboard_node-2]   File "/opt/ros/humble/local/lib/python3.10/dist-packages/rclpy/node.py", line 1685, in destroy_node
[offboard_node-2]     self.destroy_publisher(self._publishers[0])
[offboard_node-2]   File "/opt/ros/humble/local/lib/python3.10/dist-packages/rclpy/node.py", line 1565, in destroy_publisher
[offboard_node-2]     publisher.destroy()
[offboard_node-2]   File "/opt/ros/humble/local/lib/python3.10/dist-packages/rclpy/publisher.py", line 99, in destroy
[offboard_node-2]     self.__publisher.destroy_when_not_in_use()
[offboard_node-2] KeyboardInterrupt
[ERROR] [telemetry_node-1]: process has died [pid 1134, exit code -2, cmd '/root/drone_ws/install/fc_ros/lib/fc_ros/telemetry_node --ros-args -r __node:=telemetry_node'].
[ERROR] [offboard_node-2]: process has died [pid 1136, exit code -2, cmd '/root/drone_ws/install/fc_ros/lib/fc_ros/offboard_node --ros-args -r __node:=offboard_node --params-file /root/drone_ws/install/fc_ros/share/fc_ros/params/fc_ros_params.yaml --params-file /tmp/launch_params_1f5m3j07'].
