[INFO] [launch]: All log files can be found below /root/.ros/log/2026-07-29-15-34-06-372537-DESKTOP-Kilogram-11801
[INFO] [launch]: Default logging verbosity is set to INFO
[INFO] [telemetry_node-1]: process started with pid [11829]
[INFO] [offboard_node-2]: process started with pid [11831]
[offboard_node-2] [INFO] [1785306847.382586257] [offboard_node]: 경로 계획 시작 — planner=eta3 WP 2개 v_cruise=18.0 → 예상 약 0s 블로킹. 이 동안 노드는 응답하지 않는다 — 죽은 것이 아니니 재기동 금지 (재기동하면 중복 인스턴스가 된다).
[offboard_node-2] [INFO] [1785306847.394124578] [offboard_node]: 경로 계획 완료 — 소요 0.0s (예상 0s), 경로점 301개, 전장 300.0m
[offboard_node-2] [INFO] [1785306847.410900793] [offboard_node]: 비전 정밀착륙 활성 — 탐색고도 25m 반경 30m / 재탐색 15m 반경 18m / 래치 상한 33.6m AGL (검출 상한 자동)
[offboard_node-2] [INFO] [1785306847.543680331] [offboard_node]: ARM 요청
[offboard_node-2] [INFO] [1785306849.143100004] [offboard_node]: 거리 상한 감시 활성 1200m (이륙지점 기준 수평, 경로 최원점 300m, 탐색 최원점 330m (=WP1 300m + 반경 30m))
[offboard_node-2] [INFO] [1785306849.144129824] [offboard_node]: CommandTOL 이륙 요청 alt=50.1m AMSL (지면 0.1+50.0) -> CLIMBING
[telemetry_node-1] [INFO] [1785306849.255599530] [telemetry_node]: pos_ned=[-0.07876404 -0.0159873   0.00713675]  yaw=1.686  armed=True  vtol=3  batt=16.18V/100%
[telemetry_node-1] [INFO] [1785306851.229395907] [telemetry_node]: pos_ned=[-0.03374781  0.01775501  0.00728386]  yaw=1.684  armed=True  vtol=3  batt=16.12V/97%
[telemetry_node-1] [INFO] [1785306853.229264849] [telemetry_node]: pos_ned=[-0.0733568   0.06933235  0.5757035 ]  yaw=1.684  armed=True  vtol=3  batt=16.06V/94%
[telemetry_node-1] [INFO] [1785306855.229159078] [telemetry_node]: pos_ned=[-0.06413215  0.0584069   3.05726075]  yaw=1.682  armed=True  vtol=3  batt=16.00V/90%
[telemetry_node-1] [INFO] [1785306857.230296494] [telemetry_node]: pos_ned=[-0.04074202  0.02372733  5.85916138]  yaw=1.674  armed=True  vtol=3  batt=15.94V/87%
[telemetry_node-1] [INFO] [1785306859.229416714] [telemetry_node]: pos_ned=[-0.0235442   0.03759951  8.67976475]  yaw=1.668  armed=True  vtol=3  batt=15.88V/84%
[telemetry_node-1] [INFO] [1785306861.229520490] [telemetry_node]: pos_ned=[-5.82159683e-03  1.60425324e-02  1.25216255e+01]  yaw=1.669  armed=True  vtol=3  batt=15.82V/80%
[telemetry_node-1] [INFO] [1785306863.229415574] [telemetry_node]: pos_ned=[8.01658444e-03 1.49675449e-02 1.82501736e+01]  yaw=1.667  armed=True  vtol=3  batt=15.76V/77%
[telemetry_node-1] [INFO] [1785306865.229949201] [telemetry_node]: pos_ned=[2.21179035e-02 3.93249132e-02 2.41076031e+01]  yaw=1.673  armed=True  vtol=3  batt=15.70V/74%
[telemetry_node-1] [INFO] [1785306867.229515465] [telemetry_node]: pos_ned=[2.98122354e-02 3.68815288e-02 3.00097694e+01]  yaw=1.673  armed=True  vtol=3  batt=15.64V/70%
[telemetry_node-1] [INFO] [1785306869.229715368] [telemetry_node]: pos_ned=[-0.05527374  0.04231465 36.0284729 ]  yaw=1.672  armed=True  vtol=3  batt=15.58V/67%
[telemetry_node-1] [INFO] [1785306871.229937982] [telemetry_node]: pos_ned=[-6.38780594e-02 -3.10089998e-03  4.20347633e+01]  yaw=1.677  armed=True  vtol=3  batt=15.52V/64%
[telemetry_node-1] [INFO] [1785306875.710354370] [telemetry_node]: pos_ned=[-4.60820682e-02 -6.10690843e-03  4.61294518e+01]  yaw=1.681  armed=True  vtol=3  batt=15.52V/64%
[telemetry_node-1] [INFO] [1785306877.229752456] [telemetry_node]: pos_ned=[-6.21080212e-02 -1.43206920e-02  4.81739159e+01]  yaw=1.683  armed=True  vtol=3  batt=15.46V/60%
[telemetry_node-1] [INFO] [1785306879.230798991] [telemetry_node]: pos_ned=[-1.89929996e-02 -1.12567656e-02  4.93923378e+01]  yaw=1.684  armed=True  vtol=3  batt=15.40V/57%
[offboard_node-2] [INFO] [1785306879.643352225] [offboard_node]: 운용 고도 50.0m 도달 → transition_fw
[telemetry_node-1] [INFO] [1785306881.230139510] [telemetry_node]: pos_ned=[-4.94433530e-02 -2.42891144e-02  4.98035736e+01]  yaw=1.678  armed=True  vtol=3  batt=15.34V/54%
[offboard_node-2] [INFO] [1785306881.643517733] [offboard_node]: 천이 전 MC OFFBOARD 요청 (헤딩 정렬 대기)
[offboard_node-2] [WARN] [1785306881.743679341] [offboard_node]: 정렬 구간 OFFBOARD 이탈 → 재요청 (mode=AUTO.LOITER)
[telemetry_node-1] [INFO] [1785306883.229718743] [telemetry_node]: pos_ned=[-2.86345500e-02 -1.89777464e-02  4.99115944e+01]  yaw=1.262  armed=True  vtol=3  batt=15.30V/51%
[telemetry_node-1] [INFO] [1785306885.229445737] [telemetry_node]: pos_ned=[-0.07771249 -0.0571576  49.95056915]  yaw=0.585  armed=True  vtol=3  batt=15.30V/50%
[telemetry_node-1] [INFO] [1785306887.229399363] [telemetry_node]: pos_ned=[-0.16721618 -0.08774254 49.99241257]  yaw=0.312  armed=True  vtol=3  batt=15.30V/50%
[telemetry_node-1] [INFO] [1785306889.229367759] [telemetry_node]: pos_ned=[-0.25878537 -0.10977934 50.04075623]  yaw=0.220  armed=True  vtol=3  batt=15.30V/50%
[offboard_node-2] [INFO] [1785306889.742818369] [offboard_node]: 헤딩 정렬 완료 target=0.0° current=12.2° err=-12.2° (20틱 안정) → 전진 + 천이 명령
[offboard_node-2] [INFO] [1785306889.743327845] [offboard_node]: FW 고도 램프 시작 50.1 → 50.0m (계단 -0.1m, 3.0m/s, 0.0s 소요)
[offboard_node-2] [INFO] [1785306889.744255878] [offboard_node]: MC→FW 천이 명령 요청 (위치 setpoint 직선 천이)
[telemetry_node-1] [INFO] [1785306891.229460907] [telemetry_node]: pos_ned=[ 0.67597848  0.05260831 50.11725998]  yaw=0.189  armed=True  vtol=1  batt=15.30V/50%
[offboard_node-2] [INFO] [1785306892.342665478] [offboard_node]: FW 전환 완료 -> STREAMING
[offboard_node-2] [INFO] [1785306892.446066454] [offboard_node]: OFFBOARD 확인 → FOLLOWING
[offboard_node-2] [INFO] [1785306892.546162351] [offboard_node]: FOLLOWING 시작 pos=[11.2,1.6] tgt=[81.2,0.0] cte=1.6m mode=OFFBOARD seg=11/300
[telemetry_node-1] [INFO] [1785306893.229865277] [telemetry_node]: pos_ned=[23.16218948  3.1372931  48.85003662]  yaw=0.107  armed=True  vtol=4  batt=15.30V/50%
[offboard_node-2] [INFO] [1785306894.445055780] [offboard_node]: FOLLOWING tick=20 mode=OFFBOARD cte=2.7m pos=[42.2,2.7] tgt=[112.2,0.0] seg=42/300
[telemetry_node-1] [INFO] [1785306895.229425297] [telemetry_node]: pos_ned=[53.69284058  2.34886074 50.63161087]  yaw=0.032  armed=True  vtol=4  batt=15.30V/50%
[offboard_node-2] [INFO] [1785306896.448789143] [offboard_node]: FOLLOWING tick=40 mode=OFFBOARD cte=1.9m pos=[71.6,1.9] tgt=[141.6,0.0] seg=71/300
[telemetry_node-1] [INFO] [1785306897.229608475] [telemetry_node]: pos_ned=[83.00881195  1.49765193 48.33222961]  yaw=-0.068  armed=True  vtol=4  batt=15.30V/50%
[offboard_node-2] [INFO] [1785306898.444733867] [offboard_node]: FOLLOWING tick=60 mode=OFFBOARD cte=1.0m pos=[102.0,1.0] tgt=[172.0,0.0] seg=101/300
[telemetry_node-1] [INFO] [1785306899.229827269] [telemetry_node]: pos_ned=[113.3651123    0.71121603  48.83889008]  yaw=-0.150  armed=True  vtol=4  batt=15.30V/50%
[offboard_node-2] [INFO] [1785306900.444499776] [offboard_node]: FOLLOWING tick=80 mode=OFFBOARD cte=0.4m pos=[131.9,0.4] tgt=[201.9,0.0] seg=131/300
[telemetry_node-1] [INFO] [1785306901.229859570] [telemetry_node]: pos_ned=[143.30488586   0.23305118  48.71813202]  yaw=-0.109  armed=True  vtol=4  batt=15.30V/50%
[offboard_node-2] [INFO] [1785306902.446949782] [offboard_node]: FOLLOWING tick=100 mode=OFFBOARD cte=0.1m pos=[161.0,0.1] tgt=[231.0,0.0] seg=160/300
[telemetry_node-1] [INFO] [1785306903.229686280] [telemetry_node]: pos_ned=[1.72087006e+02 1.00813143e-01 4.92126923e+01]  yaw=-0.008  armed=True  vtol=4  batt=15.30V/50%
[offboard_node-2] [INFO] [1785306904.444748996] [offboard_node]: FOLLOWING tick=120 mode=OFFBOARD cte=0.1m pos=[189.9,0.1] tgt=[259.9,0.0] seg=189/300
[telemetry_node-1] [INFO] [1785306905.229833659] [telemetry_node]: pos_ned=[2.00951584e+02 1.34329215e-01 4.93418121e+01]  yaw=0.034  armed=True  vtol=4  batt=15.30V/50%
[offboard_node-2] [INFO] [1785306906.444322710] [offboard_node]: FOLLOWING tick=140 mode=OFFBOARD cte=0.2m pos=[218.6,0.2] tgt=[288.6,0.0] seg=218/300
[telemetry_node-1] [INFO] [1785306907.229480144] [telemetry_node]: pos_ned=[229.48999023   0.26571345  49.48169708]  yaw=-0.014  armed=True  vtol=4  batt=15.30V/50%
[telemetry_node-1] [INFO] [1785306911.423195284] [telemetry_node]: pos_ned=[239.90576172   0.28982288  49.52817154]  yaw=-0.039  armed=True  vtol=4  batt=15.30V/50%
[offboard_node-2] [INFO] [1785306911.746405332] [offboard_node]: FOLLOWING tick=160 mode=OFFBOARD cte=0.3m pos=[244.7,0.3] tgt=[300.0,0.0] seg=244/300
[telemetry_node-1] [INFO] [1785306913.230151516] [telemetry_node]: pos_ned=[265.78811646   0.34223497  49.60020065]  yaw=-0.076  armed=True  vtol=4  batt=15.30V/50%
[offboard_node-2] [INFO] [1785306913.744020961] [offboard_node]: FOLLOWING tick=180 mode=OFFBOARD cte=0.3m pos=[272.9,0.3] tgt=[300.0,0.0] seg=272/300
[offboard_node-2] [INFO] [1785306915.043416219] [offboard_node]: 경로 추종 완료 -> transition_mc
[offboard_node-2] [INFO] [1785306915.143091046] [offboard_node]: FW->MC 역천이 명령 요청
[telemetry_node-1] [INFO] [1785306915.229634900] [telemetry_node]: pos_ned=[2.93996521e+02 2.58503944e-01 4.96957016e+01]  yaw=-0.055  armed=True  vtol=2  batt=15.30V/50%
[telemetry_node-1] [INFO] [1785306917.229405416] [telemetry_node]: pos_ned=[3.18694946e+02 1.69585824e-01 4.95922127e+01]  yaw=-0.025  armed=True  vtol=2  batt=15.30V/50%
[telemetry_node-1] [INFO] [1785306919.230352184] [telemetry_node]: pos_ned=[336.0196228    0.50369948  50.67089081]  yaw=-0.040  armed=True  vtol=2  batt=15.30V/50%
[offboard_node-2] [INFO] [1785306920.743311891] [offboard_node]: MC 전환 완료 -> HOLD (WP1 복귀)
[telemetry_node-1] [INFO] [1785306921.229674901] [telemetry_node]: pos_ned=[347.87747192   0.86529851  50.95283508]  yaw=-0.053  armed=True  vtol=3  batt=15.30V/50%
[offboard_node-2] [INFO] [1785306922.743448710] [offboard_node]: WP1 홀드 dist=45.1m speed=8.0m/s stable=0/10
[telemetry_node-1] [INFO] [1785306923.230183124] [telemetry_node]: pos_ned=[341.02520752   0.78141457  50.59779739]  yaw=-0.027  armed=True  vtol=3  batt=15.30V/50%
[offboard_node-2] [INFO] [1785306924.742982598] [offboard_node]: WP1 홀드 dist=33.2m speed=4.7m/s stable=0/10
[telemetry_node-1] [INFO] [1785306925.229673170] [telemetry_node]: pos_ned=[330.7434082    0.56067264  50.45827103]  yaw=-0.037  armed=True  vtol=3  batt=15.30V/50%
[offboard_node-2] [INFO] [1785306926.743636267] [offboard_node]: WP1 홀드 dist=22.5m speed=5.0m/s stable=0/10
[telemetry_node-1] [INFO] [1785306927.229729912] [telemetry_node]: pos_ned=[320.10345459   0.35956246  50.30222702]  yaw=-0.036  armed=True  vtol=3  batt=15.30V/50%
[offboard_node-2] [INFO] [1785306928.744379901] [offboard_node]: WP1 홀드 dist=12.1m speed=4.8m/s stable=0/10
[telemetry_node-1] [INFO] [1785306929.229378539] [telemetry_node]: pos_ned=[3.09742401e+02 1.77473411e-01 5.01657295e+01]  yaw=-0.035  armed=True  vtol=3  batt=15.30V/50%
[offboard_node-2] [INFO] [1785306930.743286936] [offboard_node]: WP1 홀드 dist=2.4m speed=3.5m/s stable=0/10
[telemetry_node-1] [INFO] [1785306931.229425491] [telemetry_node]: pos_ned=[3.01214752e+02 6.87825605e-02 5.02555504e+01]  yaw=-0.038  armed=True  vtol=3  batt=15.30V/50%
[offboard_node-2] [INFO] [1785306932.342902531] [offboard_node]: 탐색 1회차 — 고도 25m AGL 반경 6.1→30m 링간격 12.2m 속도상한 5.0m/s (풋프린트 단폭 18.8m)
[offboard_node-2] [INFO] [1785306932.343409921] [offboard_node]: WP1 도달·안정 (dist=0.6m speed=0.1m/s) → VISION_SEARCH (비전 착륙 활성)
[offboard_node-2] [WARN] [1785306932.642725246] [offboard_node]: 래치 보류 — AGL 50.0m 가 래치 상한 33.6m 초과 (검출 신뢰구간 밖의 좌표로는 하강을 시작하지 않는다)
[telemetry_node-1] [INFO] [1785306933.229370934] [telemetry_node]: pos_ned=[ 3.00765350e+02 -2.63114758e-02  4.91998100e+01]  yaw=-0.045  armed=True  vtol=3  batt=15.30V/50%
[telemetry_node-1] [INFO] [1785306935.229437626] [telemetry_node]: pos_ned=[ 3.00302368e+02 -2.00182442e-02  4.62241554e+01]  yaw=-0.046  armed=True  vtol=3  batt=15.30V/50%
[telemetry_node-1] [INFO] [1785306937.230006259] [telemetry_node]: pos_ned=[ 3.00109467e+02 -4.22664955e-02  4.35280228e+01]  yaw=-0.047  armed=True  vtol=3  batt=15.30V/50%
[offboard_node-2] [INFO] [1785306937.444257838] [offboard_node]: 탐색 1회차 [align] r=6.1m rev=0.00 t=5/180s seen=True
[offboard_node-2] [WARN] [1785306937.642753993] [offboard_node]: 래치 보류 — AGL 42.9m 가 래치 상한 33.6m 초과 (검출 신뢰구간 밖의 좌표로는 하강을 시작하지 않는다)
[telemetry_node-1] [INFO] [1785306939.230556061] [telemetry_node]: pos_ned=[ 3.00020630e+02 -2.56540086e-02  4.08092537e+01]  yaw=-0.049  armed=True  vtol=3  batt=15.30V/50%
[telemetry_node-1] [INFO] [1785306941.229980405] [telemetry_node]: pos_ned=[ 2.99997009e+02 -2.52263788e-02  3.81339455e+01]  yaw=-0.051  armed=True  vtol=3  batt=15.30V/50%
[offboard_node-2] [INFO] [1785306942.444253774] [offboard_node]: 탐색 1회차 [align] r=6.1m rev=0.00 t=10/180s seen=True
[offboard_node-2] [WARN] [1785306942.643170366] [offboard_node]: 래치 보류 — AGL 36.3m 가 래치 상한 33.6m 초과 (검출 신뢰구간 밖의 좌표로는 하강을 시작하지 않는다)
[telemetry_node-1] [INFO] [1785306943.229984567] [telemetry_node]: pos_ned=[ 2.99976471e+02 -2.53496859e-02  3.55366440e+01]  yaw=-0.053  armed=True  vtol=3  batt=15.30V/50%
[telemetry_node-1] [INFO] [1785306946.432024574] [telemetry_node]: pos_ned=[ 2.99994781e+02 -1.09380325e-02  3.50112000e+01]  yaw=-0.054  armed=True  vtol=3  batt=15.30V/50%
[telemetry_node-1] [INFO] [1785306947.229897956] [telemetry_node]: pos_ned=[ 2.99995117e+02 -3.83571326e-03  3.39564438e+01]  yaw=-0.055  armed=True  vtol=3  batt=15.30V/50%
[offboard_node-2] [INFO] [1785306948.042574711] [offboard_node]: 타겟 래치 (연속 3프레임, N=300.0 E=0.0) → PRECISION_LAND
[offboard_node-2] [INFO] [1785306948.042989150] [offboard_node]: 정밀착륙 진입 — 래치 AGL 32.8m, 하강예산 37s → 시한 60s (하한 60s)
[telemetry_node-1] [INFO] [1785306949.229961861] [telemetry_node]: pos_ned=[ 3.00024475e+02 -1.34661319e-02  3.26360245e+01]  yaw=-0.057  armed=True  vtol=3  batt=15.30V/50%
[offboard_node-2] [INFO] [1785306950.043204337] [offboard_node]: 정밀착륙 AGL=32.1m 수평오차=0.02m 하강 state=LOCK age=0.22s t=2/60s
[telemetry_node-1] [INFO] [1785306951.229590215] [telemetry_node]: pos_ned=[ 3.00027496e+02 -2.55327132e-02  3.12979851e+01]  yaw=-0.059  armed=True  vtol=3  batt=15.30V/50%
[offboard_node-2] [INFO] [1785306952.042784680] [offboard_node]: 정밀착륙 AGL=30.7m 수평오차=0.01m 하강 state=LOCK age=0.18s t=4/60s
[telemetry_node-1] [INFO] [1785306953.230226773] [telemetry_node]: pos_ned=[ 3.00013702e+02 -2.50215754e-02  2.97502995e+01]  yaw=-0.061  armed=True  vtol=3  batt=15.30V/50%
[offboard_node-2] [INFO] [1785306954.143046633] [offboard_node]: 정밀착륙 AGL=29.0m 수평오차=0.02m 하강 state=LOCK age=0.00s t=6/60s
[telemetry_node-1] [INFO] [1785306955.229328743] [telemetry_node]: pos_ned=[ 3.00019653e+02 -6.36162236e-03  2.81383076e+01]  yaw=-0.063  armed=True  vtol=3  batt=15.30V/50%
[offboard_node-2] [INFO] [1785306956.143017614] [offboard_node]: 정밀착륙 AGL=27.4m 수평오차=0.03m 하강 state=LOCK age=0.19s t=8/60s
[telemetry_node-1] [INFO] [1785306957.229693193] [telemetry_node]: pos_ned=[ 3.00018188e+02 -1.80091672e-02  2.65286198e+01]  yaw=-0.064  armed=True  vtol=3  batt=15.30V/50%
[offboard_node-2] [INFO] [1785306958.143377591] [offboard_node]: 정밀착륙 AGL=25.8m 수평오차=0.02m 하강 state=LOCK age=0.14s t=10/60s
[telemetry_node-1] [INFO] [1785306959.229607687] [telemetry_node]: pos_ned=[ 2.99996338e+02 -2.52824668e-02  2.49576721e+01]  yaw=-0.066  armed=True  vtol=3  batt=15.30V/50%
[offboard_node-2] [INFO] [1785306960.143114243] [offboard_node]: 정밀착륙 AGL=24.2m 수평오차=0.01m 하강 state=LOCK age=0.10s t=12/60s
[offboard_node-2] [ERROR] [1785306960.942997880] [offboard_node]: vision 생산자 사망(link ERROR) — AGL 23.6m → GPS 착륙 폴백
[offboard_node-2] [INFO] [1785306961.043324516] [offboard_node]: AUTO.LAND 요청
[telemetry_node-1] [INFO] [1785306961.229698148] [telemetry_node]: pos_ned=[2.99983673e+02 1.03156278e-02 2.33666382e+01]  yaw=-0.067  armed=True  vtol=3  batt=15.30V/50%
[telemetry_node-1] [INFO] [1785306963.229626772] [telemetry_node]: pos_ned=[ 2.99935791e+02 -2.87829130e-03  2.08758049e+01]  yaw=-0.069  armed=True  vtol=3  batt=15.30V/50%
[telemetry_node-1] [INFO] [1785306965.229650435] [telemetry_node]: pos_ned=[ 2.99965485e+02 -2.25836225e-02  1.81280403e+01]  yaw=-0.070  armed=True  vtol=3  batt=15.30V/50%
[telemetry_node-1] [INFO] [1785306967.229625399] [telemetry_node]: pos_ned=[ 3.00011383e+02 -3.00172810e-02  1.53385429e+01]  yaw=-0.071  armed=True  vtol=3  batt=15.30V/50%
[telemetry_node-1] [INFO] [1785306969.229910834] [telemetry_node]: pos_ned=[ 2.99930969e+02 -1.62006468e-02  1.25649567e+01]  yaw=-0.071  armed=True  vtol=3  batt=15.30V/50%
[telemetry_node-1] [INFO] [1785306971.229681191] [telemetry_node]: pos_ned=[ 2.99968903e+02 -4.23965119e-02  9.80620384e+00]  yaw=-0.072  armed=True  vtol=3  batt=15.30V/50%
[telemetry_node-1] [INFO] [1785306973.229501837] [telemetry_node]: pos_ned=[ 2.99996094e+02 -2.48528235e-02  7.48194647e+00]  yaw=-0.071  armed=True  vtol=3  batt=15.30V/50%
[telemetry_node-1] [INFO] [1785306975.230332819] [telemetry_node]: pos_ned=[ 2.99901611e+02 -3.35422680e-02  5.76400328e+00]  yaw=-0.071  armed=True  vtol=3  batt=15.30V/50%
[telemetry_node-1] [INFO] [1785306977.229972282] [telemetry_node]: pos_ned=[ 2.99989075e+02 -4.08866182e-02  4.48077822e+00]  yaw=-0.071  armed=True  vtol=3  batt=15.30V/50%
[telemetry_node-1] [INFO] [1785306981.278352893] [telemetry_node]: pos_ned=[ 3.00042938e+02 -3.39616202e-02  3.53427482e+00]  yaw=-0.071  armed=True  vtol=3  batt=15.30V/50%
[telemetry_node-1] [INFO] [1785306983.230065955] [telemetry_node]: pos_ned=[ 2.99951385e+02 -3.34023982e-02  2.29859734e+00]  yaw=-0.070  armed=True  vtol=3  batt=15.30V/50%
[telemetry_node-1] [INFO] [1785306985.229468671] [telemetry_node]: pos_ned=[2.99947632e+02 2.04044417e-03 1.03856218e+00]  yaw=-0.070  armed=True  vtol=3  batt=15.30V/50%
[telemetry_node-1] [INFO] [1785306987.229410873] [telemetry_node]: pos_ned=[ 2.99995911e+02  7.06266426e-03 -2.58801877e-01]  yaw=-0.069  armed=True  vtol=3  batt=15.30V/50%
[telemetry_node-1] [INFO] [1785306989.229447690] [telemetry_node]: pos_ned=[ 2.99973206e+02  2.45105512e-02 -2.41650134e-01]  yaw=-0.070  armed=True  vtol=3  batt=15.30V/50%
[telemetry_node-1] [INFO] [1785306991.229300721] [telemetry_node]: pos_ned=[ 3.00011078e+02  3.84348594e-02 -2.28674710e-01]  yaw=-0.070  armed=False  vtol=3  batt=16.20V/76%
[offboard_node-2] [INFO] [1785306991.242635320] [offboard_node]: 착륙 완료 (disarmed) -> DONE
[telemetry_node-1] [INFO] [1785306993.229201657] [telemetry_node]: pos_ned=[ 3.00002075e+02  3.07398308e-02 -1.12734884e-01]  yaw=-0.069  armed=False  vtol=3  batt=16.20V/97%
[telemetry_node-1] [INFO] [1785306995.229309505] [telemetry_node]: pos_ned=[ 2.99998718e+02  1.76793952e-02 -4.35623154e-02]  yaw=-0.069  armed=False  vtol=3  batt=16.20V/100%
[telemetry_node-1] [INFO] [1785306997.229234734] [telemetry_node]: pos_ned=[ 2.99996246e+02  1.83220152e-02 -7.53520429e-03]  yaw=-0.068  armed=False  vtol=3  batt=16.20V/100%
[WARNING] [launch]: user interrupted with ctrl-c (SIGINT)
[INFO] [offboard_node-2]: sending signal 'SIGINT' to process[offboard_node-2]
[INFO] [telemetry_node-1]: sending signal 'SIGINT' to process[telemetry_node-1]
[offboard_node-2] Traceback (most recent call last):
[offboard_node-2]   File "/root/ws_f2b/install/fc_ros/lib/python3.10/site-packages/fc_ros/nodes/offboard_node.py", line 2320, in main
[telemetry_node-1] Traceback (most recent call last):
[telemetry_node-1]   File "/root/ws_f2b/install/fc_ros/lib/python3.10/site-packages/fc_ros/nodes/telemetry_node.py", line 109, in main
[telemetry_node-1]     rclpy.spin(node)
[telemetry_node-1]   File "/opt/ros/humble/local/lib/python3.10/dist-packages/rclpy/__init__.py", line 229, in spin
[telemetry_node-1]     executor.spin_once()
[telemetry_node-1]   File "/opt/ros/humble/local/lib/python3.10/dist-packages/rclpy/executors.py", line 808, in spin_once
[telemetry_node-1]     self._spin_once_impl(timeout_sec)
[telemetry_node-1]   File "/opt/ros/humble/local/lib/python3.10/dist-packages/rclpy/executors.py", line 797, in _spin_once_impl
[telemetry_node-1]     handler, entity, node = self.wait_for_ready_callbacks(timeout_sec=timeout_sec)
[telemetry_node-1]   File "/opt/ros/humble/local/lib/python3.10/dist-packages/rclpy/executors.py", line 780, in wait_for_ready_callbacks
[telemetry_node-1]     return next(self._cb_iter)
[telemetry_node-1]   File "/opt/ros/humble/local/lib/python3.10/dist-packages/rclpy/executors.py", line 677, in _wait_for_ready_callbacks
[offboard_node-2]     rclpy.spin(node)
[offboard_node-2]   File "/opt/ros/humble/local/lib/python3.10/dist-packages/rclpy/__init__.py", line 229, in spin
[offboard_node-2]     executor.spin_once()
[offboard_node-2]   File "/opt/ros/humble/local/lib/python3.10/dist-packages/rclpy/executors.py", line 808, in spin_once
[telemetry_node-1]     wait_set.wait(timeout_nsec)
[telemetry_node-1] KeyboardInterrupt
[telemetry_node-1] 
[telemetry_node-1] During handling of the above exception, another exception occurred:
[telemetry_node-1] 
[telemetry_node-1] Traceback (most recent call last):
[telemetry_node-1]   File "/root/ws_f2b/install/fc_ros/lib/fc_ros/telemetry_node", line 33, in <module>
[telemetry_node-1]     sys.exit(load_entry_point('fc-ros==0.1.0', 'console_scripts', 'telemetry_node')())
[telemetry_node-1]   File "/root/ws_f2b/install/fc_ros/lib/python3.10/site-packages/fc_ros/nodes/telemetry_node.py", line 111, in main
[telemetry_node-1]     node.destroy_node()
[telemetry_node-1]   File "/opt/ros/humble/local/lib/python3.10/dist-packages/rclpy/node.py", line 1687, in destroy_node
[offboard_node-2]     self._spin_once_impl(timeout_sec)
[offboard_node-2]   File "/opt/ros/humble/local/lib/python3.10/dist-packages/rclpy/executors.py", line 797, in _spin_once_impl
[offboard_node-2]     handler, entity, node = self.wait_for_ready_callbacks(timeout_sec=timeout_sec)
[offboard_node-2]   File "/opt/ros/humble/local/lib/python3.10/dist-packages/rclpy/executors.py", line 780, in wait_for_ready_callbacks
[offboard_node-2]     return next(self._cb_iter)
[offboard_node-2]   File "/opt/ros/humble/local/lib/python3.10/dist-packages/rclpy/executors.py", line 677, in _wait_for_ready_callbacks
[offboard_node-2]     wait_set.wait(timeout_nsec)
[offboard_node-2] KeyboardInterrupt
[offboard_node-2] 
[offboard_node-2] During handling of the above exception, another exception occurred:
[offboard_node-2] 
[offboard_node-2] Traceback (most recent call last):
[offboard_node-2]   File "/root/ws_f2b/install/fc_ros/lib/fc_ros/offboard_node", line 33, in <module>
[offboard_node-2]     sys.exit(load_entry_point('fc-ros==0.1.0', 'console_scripts', 'offboard_node')())
[offboard_node-2]   File "/root/ws_f2b/install/fc_ros/lib/python3.10/site-packages/fc_ros/nodes/offboard_node.py", line 2322, in main
[telemetry_node-1]     self.destroy_subscription(self._subscriptions[0])
[telemetry_node-1]   File "/opt/ros/humble/local/lib/python3.10/dist-packages/rclpy/node.py", line 1583, in destroy_subscription
[telemetry_node-1]     subscription.destroy()
[telemetry_node-1]   File "/opt/ros/humble/local/lib/python3.10/dist-packages/rclpy/subscription.py", line 80, in destroy
[telemetry_node-1]     self.handle.destroy_when_not_in_use()
[telemetry_node-1] KeyboardInterrupt
[offboard_node-2]     node.destroy_node()
[offboard_node-2]   File "/opt/ros/humble/local/lib/python3.10/dist-packages/rclpy/node.py", line 1687, in destroy_node
[offboard_node-2]     self.destroy_subscription(self._subscriptions[0])
[offboard_node-2]   File "/opt/ros/humble/local/lib/python3.10/dist-packages/rclpy/node.py", line 1583, in destroy_subscription
[offboard_node-2]     subscription.destroy()
[offboard_node-2]   File "/opt/ros/humble/local/lib/python3.10/dist-packages/rclpy/subscription.py", line 80, in destroy
[offboard_node-2]     self.handle.destroy_when_not_in_use()
[offboard_node-2] KeyboardInterrupt
[ERROR] [telemetry_node-1]: process has died [pid 11829, exit code -2, cmd '/root/ws_f2b/install/fc_ros/lib/fc_ros/telemetry_node --ros-args -r __node:=telemetry_node'].
[ERROR] [offboard_node-2]: process has died [pid 11831, exit code -2, cmd '/root/ws_f2b/install/fc_ros/lib/fc_ros/offboard_node --ros-args -r __node:=offboard_node --params-file /root/ws_f2b/install/fc_ros/share/fc_ros/params/fc_ros_params.yaml --params-file /tmp/launch_params_xt3lwx7o'].
