[INFO] [launch]: All log files can be found below /root/.ros/log/2026-07-24-11-31-16-020814-doksuri-121
[INFO] [launch]: Default logging verbosity is set to INFO
[INFO] [telemetry_node-1]: process started with pid [123]
[INFO] [offboard_node-2]: process started with pid [125]
[offboard_node-2] [WARN] [1784892682.992973668] [offboard_node]: /mavros/cmd/arming 서비스 없음
[offboard_node-2] [WARN] [1784892683.052498530] [offboard_node]: /mavros/cmd/arming 서비스 없음
[offboard_node-2] [WARN] [1784892683.152224061] [offboard_node]: /mavros/cmd/arming 서비스 없음
[offboard_node-2] [WARN] [1784892683.252180311] [offboard_node]: /mavros/cmd/arming 서비스 없음
[offboard_node-2] [WARN] [1784892683.352360464] [offboard_node]: /mavros/cmd/arming 서비스 없음
[offboard_node-2] [WARN] [1784892683.452336363] [offboard_node]: /mavros/cmd/arming 서비스 없음
[offboard_node-2] [WARN] [1784892683.552263351] [offboard_node]: /mavros/cmd/arming 서비스 없음
[offboard_node-2] [WARN] [1784892683.652239843] [offboard_node]: /mavros/cmd/arming 서비스 없음
[offboard_node-2] [WARN] [1784892683.752289840] [offboard_node]: /mavros/cmd/arming 서비스 없음
[offboard_node-2] [WARN] [1784892683.852243996] [offboard_node]: /mavros/cmd/arming 서비스 없음
[offboard_node-2] [WARN] [1784892683.952226192] [offboard_node]: /mavros/cmd/arming 서비스 없음
[offboard_node-2] [WARN] [1784892684.054701098] [offboard_node]: /mavros/cmd/arming 서비스 없음
[offboard_node-2] [INFO] [1784892684.157398758] [offboard_node]: ARM 요청
[offboard_node-2] [INFO] [1784892684.852592184] [offboard_node]: CommandTOL 이륙 요청 alt=371.8m AMSL (지면 368.8+3.0) -> CLIMBING
[telemetry_node-1] [INFO] [1784892684.905690540] [telemetry_node]: pos_ned=[-2.42830825 -1.29169631 -2.84283447]  yaw=0.705  armed=True  vtol=3  batt=16.89V/100%
[telemetry_node-1] [INFO] [1784892686.867235567] [telemetry_node]: pos_ned=[-1.39708519 -1.99312842 -3.39660645]  yaw=0.317  armed=True  vtol=3  batt=16.26V/95%
[telemetry_node-1] [INFO] [1784892688.867185388] [telemetry_node]: pos_ned=[-0.42560241 -3.31103635 -3.32116699]  yaw=0.802  armed=True  vtol=3  batt=15.83V/78%
[telemetry_node-1] [INFO] [1784892690.867280732] [telemetry_node]: pos_ned=[ 1.68364012 -4.97536087 -3.2522583 ]  yaw=0.788  armed=True  vtol=3  batt=16.53V/77%
[telemetry_node-1] [INFO] [1784892692.867335834] [telemetry_node]: pos_ned=[ 4.31062794 -6.86117315 -3.19320679]  yaw=0.824  armed=False  vtol=3  batt=16.62V/93%
[telemetry_node-1] [INFO] [1784892694.867214636] [telemetry_node]: pos_ned=[ 3.96361279 -6.68197107 -3.0642395 ]  yaw=0.849  armed=False  vtol=3  batt=16.85V/97%
[telemetry_node-1] [INFO] [1784892696.867204548] [telemetry_node]: pos_ned=[ 3.9575386  -6.69332647 -3.04397583]  yaw=0.862  armed=False  vtol=3  batt=16.56V/99%
