[INFO] [launch]: All log files can be found below /root/.ros/log/2026-07-27-21-43-06-587408-DESKTOP-Kilogram-1092
[INFO] [launch]: Default logging verbosity is set to INFO
[INFO] [telemetry_node-1]: process started with pid [1112]
[INFO] [offboard_node-2]: process started with pid [1115]
[offboard_node-2] [INFO] [1785156187.994812379] [offboard_node]: ARM 요청
[offboard_node-2] [INFO] [1785156189.226722052] [offboard_node]: 거리 상한 감시 활성 5000m (이륙지점 기준 수평, 경로 최원점 300m)
[offboard_node-2] [INFO] [1785156189.228124904] [offboard_node]: CommandTOL 이륙 요청 alt=50.1m AMSL (지면 0.1+50.0) -> CLIMBING
[telemetry_node-1] [INFO] [1785156189.367534400] [telemetry_node]: pos_ned=[ 0.06918588  0.01158761 -0.04250993]  yaw=1.677  armed=True  vtol=3  batt=16.20V/100%
[telemetry_node-1] [INFO] [1785156191.327159522] [telemetry_node]: pos_ned=[ 0.03262463  0.02630896 -0.04146533]  yaw=1.674  armed=True  vtol=3  batt=16.16V/99%
[telemetry_node-1] [INFO] [1785156193.327634781] [telemetry_node]: pos_ned=[0.02568938 0.04142005 0.13400111]  yaw=1.672  armed=True  vtol=3  batt=16.10V/96%
[telemetry_node-1] [INFO] [1785156195.326987247] [telemetry_node]: pos_ned=[0.05083506 0.04475089 2.35126662]  yaw=1.678  armed=True  vtol=3  batt=16.04V/93%
[telemetry_node-1] [INFO] [1785156197.326532208] [telemetry_node]: pos_ned=[3.88904195e-03 6.66735321e-02 5.13951302e+00]  yaw=1.672  armed=True  vtol=3  batt=15.98V/89%
[telemetry_node-1] [INFO] [1785156199.326772579] [telemetry_node]: pos_ned=[0.02762577 0.03422507 8.05230141]  yaw=1.674  armed=True  vtol=3  batt=15.92V/86%
[telemetry_node-1] [INFO] [1785156201.326757093] [telemetry_node]: pos_ned=[ 0.01326126  0.03882416 11.24558163]  yaw=1.675  armed=True  vtol=3  batt=15.86V/83%
[telemetry_node-1] [INFO] [1785156203.326826728] [telemetry_node]: pos_ned=[ 0.01744989  0.0264929  16.95130539]  yaw=1.673  armed=True  vtol=3  batt=15.80V/79%
[telemetry_node-1] [INFO] [1785156205.330717109] [telemetry_node]: pos_ned=[ 0.02961496  0.03088012 22.59273911]  yaw=1.669  armed=True  vtol=3  batt=15.74V/76%
[telemetry_node-1] [INFO] [1785156207.326564420] [telemetry_node]: pos_ned=[2.35103443e-02 4.55247685e-02 2.85301342e+01]  yaw=1.669  armed=True  vtol=3  batt=15.68V/73%
[telemetry_node-1] [INFO] [1785156209.326398203] [telemetry_node]: pos_ned=[1.59874726e-02 5.25787957e-02 3.44872475e+01]  yaw=1.670  armed=True  vtol=3  batt=15.62V/69%
[telemetry_node-1] [INFO] [1785156211.326890007] [telemetry_node]: pos_ned=[2.79884767e-02 5.75075857e-02 4.04335747e+01]  yaw=1.669  armed=True  vtol=3  batt=15.56V/66%
[telemetry_node-1] [INFO] [1785156213.326439167] [telemetry_node]: pos_ned=[6.05391636e-02 7.80127244e-03 4.57479553e+01]  yaw=1.669  armed=True  vtol=3  batt=15.50V/63%
[telemetry_node-1] [INFO] [1785156215.326197302] [telemetry_node]: pos_ned=[3.64354998e-02 3.22125927e-02 4.82817574e+01]  yaw=1.672  armed=True  vtol=3  batt=15.44V/59%
[telemetry_node-1] [INFO] [1785156217.327017283] [telemetry_node]: pos_ned=[1.22313555e-02 5.40213473e-02 4.92989120e+01]  yaw=1.672  armed=True  vtol=3  batt=15.38V/56%
[telemetry_node-1] [INFO] [1785156221.207155325] [telemetry_node]: pos_ned=[3.31549942e-02 1.60772819e-02 4.94546471e+01]  yaw=1.662  armed=True  vtol=3  batt=15.38V/56%
[offboard_node-2] [INFO] [1785156221.226397877] [offboard_node]: 운용 고도 50.0m 도달 → transition_fw
[telemetry_node-1] [INFO] [1785156221.326580891] [telemetry_node]: pos_ned=[3.27406898e-02 6.37507858e-03 4.94851723e+01]  yaw=1.660  armed=True  vtol=3  batt=15.38V/56%
[offboard_node-2] [INFO] [1785156223.227120214] [offboard_node]: 천이 전 MC OFFBOARD 요청 (헤딩 정렬 대기)
[telemetry_node-1] [INFO] [1785156223.327105837] [telemetry_node]: pos_ned=[ 6.07944764e-02 -5.15771704e-03  4.97398796e+01]  yaw=1.664  armed=True  vtol=3  batt=15.32V/53%
[offboard_node-2] [WARN] [1785156223.327995617] [offboard_node]: 정렬 구간 OFFBOARD 이탈 → 재요청 (mode=AUTO.LOITER)
[telemetry_node-1] [INFO] [1785156225.327086162] [telemetry_node]: pos_ned=[ 2.15922426e-02 -3.09846587e-02  4.96211395e+01]  yaw=1.063  armed=True  vtol=3  batt=15.30V/50%
[telemetry_node-1] [INFO] [1785156227.326992300] [telemetry_node]: pos_ned=[5.12980390e-04 3.89686115e-02 4.93886070e+01]  yaw=0.522  armed=True  vtol=3  batt=15.30V/50%
[telemetry_node-1] [INFO] [1785156229.326278380] [telemetry_node]: pos_ned=[3.16553675e-02 1.75720349e-01 4.91298561e+01]  yaw=0.279  armed=True  vtol=3  batt=15.30V/50%
[telemetry_node-1] [INFO] [1785156231.326853738] [telemetry_node]: pos_ned=[2.31490023e-02 2.25325957e-01 4.88660812e+01]  yaw=0.155  armed=True  vtol=3  batt=15.30V/50%
[telemetry_node-1] [INFO] [1785156233.326705513] [telemetry_node]: pos_ned=[ 0.05220342  0.23601565 48.61847687]  yaw=0.086  armed=True  vtol=3  batt=15.30V/50%
[telemetry_node-1] [INFO] [1785156235.326979260] [telemetry_node]: pos_ned=[ 0.06317992  0.18326572 48.3927002 ]  yaw=0.049  armed=True  vtol=3  batt=15.30V/50%
[offboard_node-2] [INFO] [1785156237.226491725] [offboard_node]: 헤딩 정렬 완료 target=0.0° current=2.3° err=-2.3° (20틱 안정) → 전진 + 천이 명령
[offboard_node-2] [INFO] [1785156237.228880577] [offboard_node]: MC→FW 천이 명령 요청 (위치 setpoint 직선 천이)
[telemetry_node-1] [INFO] [1785156237.327660555] [telemetry_node]: pos_ned=[ 0.09325884  0.17364004 48.11888504]  yaw=0.040  armed=True  vtol=1  batt=15.30V/50%
[telemetry_node-1] [INFO] [1785156239.326362341] [telemetry_node]: pos_ned=[ 4.11234617  0.08438917 48.45953751]  yaw=0.000  armed=True  vtol=1  batt=15.30V/50%
[offboard_node-2] [INFO] [1785156239.926163000] [offboard_node]: FW 전환 완료 -> STREAMING
[offboard_node-2] [INFO] [1785156240.034135802] [offboard_node]: OFFBOARD 확인 → FOLLOWING
[telemetry_node-1] [INFO] [1785156241.327343203] [telemetry_node]: pos_ned=[34.5134697  -1.39464509 49.53468323]  yaw=-0.039  armed=True  vtol=4  batt=15.30V/50%
[telemetry_node-1] [INFO] [1785156243.328583810] [telemetry_node]: pos_ned=[62.08079529 -2.49799156 50.58669662]  yaw=-0.034  armed=True  vtol=4  batt=15.30V/50%
[telemetry_node-1] [INFO] [1785156245.326629447] [telemetry_node]: pos_ned=[92.1360321  -3.49242401 47.52117157]  yaw=-0.034  armed=True  vtol=4  batt=15.30V/50%
[telemetry_node-1] [INFO] [1785156247.326491767] [telemetry_node]: pos_ned=[122.17280579  -4.44105768  45.3550148 ]  yaw=-0.036  armed=True  vtol=4  batt=15.30V/50%
[telemetry_node-1] [INFO] [1785156249.326580882] [telemetry_node]: pos_ned=[151.52191162  -5.40763998  44.15987015]  yaw=-0.043  armed=True  vtol=4  batt=15.30V/50%
[telemetry_node-1] [INFO] [1785156251.326594242] [telemetry_node]: pos_ned=[180.10617065  -6.34284735  43.29431152]  yaw=-0.052  armed=True  vtol=4  batt=15.30V/50%
[telemetry_node-1] [INFO] [1785156253.326843536] [telemetry_node]: pos_ned=[208.3085022   -7.28541279  42.73780823]  yaw=-0.055  armed=True  vtol=4  batt=15.30V/50%
[telemetry_node-1] [INFO] [1785156257.094949680] [telemetry_node]: pos_ned=[212.10900879  -7.41558743  42.67438507]  yaw=-0.055  armed=True  vtol=4  batt=15.30V/50%
[telemetry_node-1] [INFO] [1785156257.327177313] [telemetry_node]: pos_ned=[215.348526    -7.52619219  42.61994171]  yaw=-0.055  armed=True  vtol=4  batt=15.30V/50%
[telemetry_node-1] [INFO] [1785156259.326806984] [telemetry_node]: pos_ned=[243.1048584   -8.50965977  42.14376068]  yaw=-0.052  armed=True  vtol=4  batt=15.30V/50%
[telemetry_node-1] [INFO] [1785156261.326850491] [telemetry_node]: pos_ned=[270.67001343  -9.55313301  41.63599396]  yaw=-0.050  armed=True  vtol=4  batt=15.30V/50%
[telemetry_node-1] [INFO] [1785156263.327262834] [telemetry_node]: pos_ned=[298.19363403 -10.67365742  41.17407608]  yaw=-0.051  armed=True  vtol=4  batt=15.30V/50%
[telemetry_node-1] [INFO] [1785156265.327482699] [telemetry_node]: pos_ned=[325.67178345 -11.93734074  40.67334747]  yaw=-0.056  armed=True  vtol=4  batt=15.30V/50%
[telemetry_node-1] [INFO] [1785156267.326766008] [telemetry_node]: pos_ned=[353.15029907 -13.33763027  40.16705322]  yaw=-0.059  armed=True  vtol=4  batt=15.30V/50%
[telemetry_node-1] [INFO] [1785156269.326750821] [telemetry_node]: pos_ned=[380.12841797 -14.86741257  39.72246552]  yaw=-0.060  armed=True  vtol=4  batt=15.30V/50%
[telemetry_node-1] [INFO] [1785156271.326680296] [telemetry_node]: pos_ned=[406.98797607 -16.46697807  39.2996788 ]  yaw=-0.058  armed=True  vtol=4  batt=15.30V/50%
[telemetry_node-1] [INFO] [1785156273.326866093] [telemetry_node]: pos_ned=[434.66888428 -18.22513008  38.87849045]  yaw=-0.058  armed=True  vtol=4  batt=15.30V/50%
[telemetry_node-1] [INFO] [1785156275.326751303] [telemetry_node]: pos_ned=[462.60879517 -20.08506584  38.4392662 ]  yaw=-0.058  armed=True  vtol=4  batt=15.30V/50%
[telemetry_node-1] [INFO] [1785156277.326203521] [telemetry_node]: pos_ned=[490.14855957 -21.90267563  37.93217468]  yaw=-0.056  armed=True  vtol=4  batt=15.30V/50%
[telemetry_node-1] [INFO] [1785156279.327246217] [telemetry_node]: pos_ned=[518.27520752 -23.72837067  37.42711258]  yaw=-0.052  armed=True  vtol=4  batt=15.30V/50%
[telemetry_node-1] [INFO] [1785156281.327101672] [telemetry_node]: pos_ned=[546.41027832 -25.46143913  36.97179794]  yaw=-0.045  armed=True  vtol=4  batt=15.30V/50%
[telemetry_node-1] [INFO] [1785156283.327049104] [telemetry_node]: pos_ned=[574.60888672 -27.06760788  36.49591446]  yaw=-0.038  armed=True  vtol=4  batt=15.30V/50%
[telemetry_node-1] [INFO] [1785156285.326958234] [telemetry_node]: pos_ned=[602.92681885 -28.52014351  36.0135498 ]  yaw=-0.032  armed=True  vtol=4  batt=15.30V/50%
[telemetry_node-1] [INFO] [1785156287.327298402] [telemetry_node]: pos_ned=[628.97711182 -29.74574089  35.59078217]  yaw=-0.026  armed=True  vtol=4  batt=15.30V/50%
[telemetry_node-1] [INFO] [1785156292.785673013] [telemetry_node]: pos_ned=[657.60430908 -30.94199181  35.13901901]  yaw=-0.019  armed=True  vtol=4  batt=15.30V/50%
[telemetry_node-1] [INFO] [1785156293.326964835] [telemetry_node]: pos_ned=[665.25793457 -31.22918892  35.01729584]  yaw=-0.017  armed=True  vtol=4  batt=15.30V/50%
[telemetry_node-1] [INFO] [1785156295.327766830] [telemetry_node]: pos_ned=[690.07452393 -32.07184219  34.60012817]  yaw=-0.011  armed=True  vtol=4  batt=15.30V/50%
[telemetry_node-1] [INFO] [1785156297.327665888] [telemetry_node]: pos_ned=[716.56134033 -32.83190155  34.2089653 ]  yaw=-0.005  armed=True  vtol=4  batt=15.30V/50%
[telemetry_node-1] [INFO] [1785156299.327268555] [telemetry_node]: pos_ned=[741.58996582 -33.39737701  33.81666565]  yaw=0.002  armed=True  vtol=4  batt=15.30V/50%
[telemetry_node-1] [INFO] [1785156301.327682053] [telemetry_node]: pos_ned=[769.92205811 -33.82072449  33.3430481 ]  yaw=0.009  armed=True  vtol=4  batt=15.30V/50%
[telemetry_node-1] [INFO] [1785156303.326763297] [telemetry_node]: pos_ned=[798.42346191 -33.99234772  32.65057373]  yaw=0.016  armed=True  vtol=4  batt=15.30V/50%
[telemetry_node-1] [INFO] [1785156305.328140290] [telemetry_node]: pos_ned=[826.6630249  -33.95303726  31.87456512]  yaw=0.023  armed=True  vtol=4  batt=15.30V/50%
[offboard_node-2] [ERROR] [1785156307.027623741] [offboard_node]: ENTRY 타임아웃 60s 초과 (체류 60.0s) → 안전 폴백(OVERRIDE) 실행
[offboard_node-2] [WARN] [1785156307.029507750] [offboard_node]: 긴급 수동 전환 실행 → MANUAL 요청
[telemetry_node-1] [INFO] [1785156307.327944425] [telemetry_node]: pos_ned=[853.17443848 -33.73334503  31.28087425]  yaw=0.029  armed=True  vtol=4  batt=15.30V/50%
[offboard_node-2] [WARN] [1785156308.026877738] [offboard_node]: 수동 모드(MANUAL) 미진입 (mode=OFFBOARD) -> AUTO.LOITER 안전 폴백 요청
[offboard_node-2] [WARN] [1785156308.926870047] [offboard_node]: 수동/안전 모드 진입 확인 (mode=AUTO.LOITER) -> DONE
[telemetry_node-1] [INFO] [1785156309.326485192] [telemetry_node]: pos_ned=[881.7409668  -32.78577805  30.83415031]  yaw=0.082  armed=True  vtol=4  batt=15.30V/50%
[telemetry_node-1] [INFO] [1785156311.326291761] [telemetry_node]: pos_ned=[909.18103027 -21.46247292  29.14946365]  yaw=0.396  armed=True  vtol=4  batt=15.30V/50%
[telemetry_node-1] [INFO] [1785156313.327206879] [telemetry_node]: pos_ned=[923.72235107   7.52491188  25.35186958]  yaw=1.474  armed=True  vtol=4  batt=15.30V/50%
[WARNING] [launch]: user interrupted with ctrl-c (SIGINT)
[INFO] [offboard_node-2]: sending signal 'SIGINT' to process[offboard_node-2]
[INFO] [telemetry_node-1]: sending signal 'SIGINT' to process[telemetry_node-1]
[telemetry_node-1] Traceback (most recent call last):
[telemetry_node-1]   File "/root/drone_ws/install/fc_ros/lib/python3.10/site-packages/fc_ros/nodes/telemetry_node.py", line 109, in main
[telemetry_node-1]     rclpy.spin(node)
[telemetry_node-1]   File "/opt/ros/humble/local/lib/python3.10/dist-packages/rclpy/__init__.py", line 229, in spin
[offboard_node-2] Traceback (most recent call last):
[offboard_node-2]   File "/root/drone_ws/install/fc_ros/lib/python3.10/site-packages/fc_ros/nodes/offboard_node.py", line 1412, in main
[offboard_node-2]     rclpy.spin(node)
[offboard_node-2]   File "/opt/ros/humble/local/lib/python3.10/dist-packages/rclpy/__init__.py", line 229, in spin
[offboard_node-2]     executor.spin_once()
[offboard_node-2]   File "/opt/ros/humble/local/lib/python3.10/dist-packages/rclpy/executors.py", line 808, in spin_once
[telemetry_node-1]     executor.spin_once()
[telemetry_node-1]   File "/opt/ros/humble/local/lib/python3.10/dist-packages/rclpy/executors.py", line 808, in spin_once
[telemetry_node-1]     self._spin_once_impl(timeout_sec)
[telemetry_node-1]   File "/opt/ros/humble/local/lib/python3.10/dist-packages/rclpy/executors.py", line 797, in _spin_once_impl
[offboard_node-2]     self._spin_once_impl(timeout_sec)
[offboard_node-2]   File "/opt/ros/humble/local/lib/python3.10/dist-packages/rclpy/executors.py", line 797, in _spin_once_impl
[telemetry_node-1]     handler, entity, node = self.wait_for_ready_callbacks(timeout_sec=timeout_sec)
[telemetry_node-1]   File "/opt/ros/humble/local/lib/python3.10/dist-packages/rclpy/executors.py", line 780, in wait_for_ready_callbacks
[telemetry_node-1]     return next(self._cb_iter)
[telemetry_node-1]   File "/opt/ros/humble/local/lib/python3.10/dist-packages/rclpy/executors.py", line 677, in _wait_for_ready_callbacks
[offboard_node-2]     handler, entity, node = self.wait_for_ready_callbacks(timeout_sec=timeout_sec)
[offboard_node-2]   File "/opt/ros/humble/local/lib/python3.10/dist-packages/rclpy/executors.py", line 780, in wait_for_ready_callbacks
[offboard_node-2]     return next(self._cb_iter)
[offboard_node-2]   File "/opt/ros/humble/local/lib/python3.10/dist-packages/rclpy/executors.py", line 677, in _wait_for_ready_callbacks
[telemetry_node-1]     wait_set.wait(timeout_nsec)
[telemetry_node-1] KeyboardInterrupt
[telemetry_node-1] 
[telemetry_node-1] During handling of the above exception, another exception occurred:
[telemetry_node-1] 
[telemetry_node-1] Traceback (most recent call last):
[telemetry_node-1]   File "/root/drone_ws/install/fc_ros/lib/fc_ros/telemetry_node", line 33, in <module>
[telemetry_node-1]     sys.exit(load_entry_point('fc-ros==0.1.0', 'console_scripts', 'telemetry_node')())
[telemetry_node-1]   File "/root/drone_ws/install/fc_ros/lib/python3.10/site-packages/fc_ros/nodes/telemetry_node.py", line 111, in main
[telemetry_node-1]     node.destroy_node()
[telemetry_node-1]   File "/opt/ros/humble/local/lib/python3.10/dist-packages/rclpy/node.py", line 1687, in destroy_node
[offboard_node-2]     wait_set.wait(timeout_nsec)
[offboard_node-2] KeyboardInterrupt
[offboard_node-2] 
[offboard_node-2] During handling of the above exception, another exception occurred:
[offboard_node-2] 
[offboard_node-2] Traceback (most recent call last):
[offboard_node-2]   File "/root/drone_ws/install/fc_ros/lib/fc_ros/offboard_node", line 33, in <module>
[offboard_node-2]     sys.exit(load_entry_point('fc-ros==0.1.0', 'console_scripts', 'offboard_node')())
[offboard_node-2]   File "/root/drone_ws/install/fc_ros/lib/python3.10/site-packages/fc_ros/nodes/offboard_node.py", line 1414, in main
[offboard_node-2]     node.destroy_node()
[offboard_node-2]   File "/opt/ros/humble/local/lib/python3.10/dist-packages/rclpy/node.py", line 1685, in destroy_node
[telemetry_node-1]     self.destroy_subscription(self._subscriptions[0])
[telemetry_node-1]   File "/opt/ros/humble/local/lib/python3.10/dist-packages/rclpy/node.py", line 1583, in destroy_subscription
[offboard_node-2]     self.destroy_publisher(self._publishers[0])
[offboard_node-2]   File "/opt/ros/humble/local/lib/python3.10/dist-packages/rclpy/node.py", line 1565, in destroy_publisher
[offboard_node-2]     publisher.destroy()
[offboard_node-2]   File "/opt/ros/humble/local/lib/python3.10/dist-packages/rclpy/publisher.py", line 99, in destroy
[telemetry_node-1]     subscription.destroy()
[telemetry_node-1]   File "/opt/ros/humble/local/lib/python3.10/dist-packages/rclpy/subscription.py", line 80, in destroy
[telemetry_node-1]     self.handle.destroy_when_not_in_use()
[telemetry_node-1] KeyboardInterrupt
[offboard_node-2]     self.__publisher.destroy_when_not_in_use()
[offboard_node-2] KeyboardInterrupt
[ERROR] [telemetry_node-1]: process has died [pid 1112, exit code -2, cmd '/root/drone_ws/install/fc_ros/lib/fc_ros/telemetry_node --ros-args -r __node:=telemetry_node'].
[ERROR] [offboard_node-2]: process has died [pid 1115, exit code -2, cmd '/root/drone_ws/install/fc_ros/lib/fc_ros/offboard_node --ros-args -r __node:=offboard_node --params-file /root/drone_ws/install/fc_ros/share/fc_ros/params/fc_ros_params.yaml --params-file /tmp/launch_params_xdomjlz1'].
