[INFO] [launch]: All log files can be found below /root/.ros/log/2026-07-28-02-12-05-235489-DESKTOP-Kilogram-4102
[INFO] [launch]: Default logging verbosity is set to INFO
[INFO] [telemetry_node-1]: process started with pid [4113]
[INFO] [offboard_node-2]: process started with pid [4115]
[offboard_node-2] [INFO] [1785172326.263290022] [offboard_node]: 경로 계획 시작 — planner=eta3 WP 3개 v_cruise=18.0 → 예상 약 90s 블로킹. 이 동안 노드는 응답하지 않는다 — 죽은 것이 아니니 재기동 금지 (재기동하면 중복 인스턴스가 된다).
[telemetry_node-1] [INFO] [1785172328.132198179] [telemetry_node]: pos_ned=[0. 0. 0.]  yaw=0.000  armed=False  vtol=0  batt=0.00V/100%
[telemetry_node-1] [INFO] [1785172330.101445830] [telemetry_node]: pos_ned=[-0.04611599 -0.01045784 -0.00896985]  yaw=1.648  armed=False  vtol=3  batt=16.20V/100%
[telemetry_node-1] [INFO] [1785172332.102031709] [telemetry_node]: pos_ned=[-0.03889085  0.01673262 -0.01961531]  yaw=1.651  armed=False  vtol=3  batt=16.20V/100%
[telemetry_node-1] [INFO] [1785172334.101468288] [telemetry_node]: pos_ned=[-0.03530277  0.01642129 -0.04434757]  yaw=1.653  armed=False  vtol=3  batt=16.20V/100%
[telemetry_node-1] [INFO] [1785172336.101341671] [telemetry_node]: pos_ned=[-0.02836946  0.01045991 -0.08784097]  yaw=1.655  armed=False  vtol=3  batt=16.20V/100%
[telemetry_node-1] [INFO] [1785172338.101759752] [telemetry_node]: pos_ned=[-0.02168964 -0.017005   -0.10597713]  yaw=1.648  armed=False  vtol=3  batt=16.20V/100%
[telemetry_node-1] [INFO] [1785172340.101335549] [telemetry_node]: pos_ned=[-0.02126846 -0.01795033 -0.13232672]  yaw=1.643  armed=False  vtol=3  batt=16.20V/100%
[telemetry_node-1] [INFO] [1785172342.101494091] [telemetry_node]: pos_ned=[-0.02149951 -0.01606704 -0.15663971]  yaw=1.640  armed=False  vtol=3  batt=16.20V/100%
[telemetry_node-1] [INFO] [1785172344.100932796] [telemetry_node]: pos_ned=[-0.03773624 -0.00610328 -0.18763268]  yaw=1.638  armed=False  vtol=3  batt=16.20V/100%
[telemetry_node-1] [INFO] [1785172346.101371789] [telemetry_node]: pos_ned=[-0.06938825  0.0311163  -0.2094153 ]  yaw=1.634  armed=False  vtol=3  batt=16.20V/100%
[telemetry_node-1] [INFO] [1785172348.101415107] [telemetry_node]: pos_ned=[-0.05672738  0.01601894 -0.22106868]  yaw=1.631  armed=False  vtol=3  batt=16.20V/100%
[telemetry_node-1] [INFO] [1785172350.101241443] [telemetry_node]: pos_ned=[-6.12960719e-02 -2.13774852e-04 -2.44455546e-01]  yaw=1.629  armed=False  vtol=3  batt=16.20V/100%
[telemetry_node-1] [INFO] [1785172352.101653690] [telemetry_node]: pos_ned=[-0.04050038 -0.01305394 -0.2457099 ]  yaw=1.631  armed=False  vtol=3  batt=16.20V/100%
[telemetry_node-1] [INFO] [1785172354.101735962] [telemetry_node]: pos_ned=[-0.04441359 -0.05084369 -0.23110303]  yaw=1.632  armed=False  vtol=3  batt=16.20V/100%
[telemetry_node-1] [INFO] [1785172356.101650544] [telemetry_node]: pos_ned=[-0.03469416 -0.06398705 -0.22058071]  yaw=1.641  armed=False  vtol=3  batt=16.20V/100%
[telemetry_node-1] [INFO] [1785172358.100989326] [telemetry_node]: pos_ned=[-0.04629458 -0.04915438 -0.2255083 ]  yaw=1.644  armed=False  vtol=3  batt=16.20V/100%
[telemetry_node-1] [INFO] [1785172360.100929748] [telemetry_node]: pos_ned=[-0.05747974 -0.03957761 -0.19793686]  yaw=1.650  armed=False  vtol=3  batt=16.20V/100%
[telemetry_node-1] [INFO] [1785172362.101667936] [telemetry_node]: pos_ned=[-0.01020407 -0.0134344  -0.16322958]  yaw=1.659  armed=False  vtol=3  batt=16.20V/100%
[telemetry_node-1] [INFO] [1785172364.101564965] [telemetry_node]: pos_ned=[-0.03432091 -0.03432697 -0.16649267]  yaw=1.668  armed=False  vtol=3  batt=16.20V/100%
[telemetry_node-1] [INFO] [1785172366.100812325] [telemetry_node]: pos_ned=[-0.05230429 -0.02694193 -0.19134556]  yaw=1.671  armed=False  vtol=3  batt=16.20V/100%
[telemetry_node-1] [INFO] [1785172368.101295837] [telemetry_node]: pos_ned=[-0.07021463 -0.02462935 -0.19171017]  yaw=1.673  armed=False  vtol=3  batt=16.20V/100%
[telemetry_node-1] [INFO] [1785172370.101298714] [telemetry_node]: pos_ned=[-0.07629895  0.01118774 -0.19618115]  yaw=1.672  armed=False  vtol=3  batt=16.20V/100%
[telemetry_node-1] [INFO] [1785172372.100947754] [telemetry_node]: pos_ned=[-0.05000123  0.00171589 -0.20033497]  yaw=1.676  armed=False  vtol=3  batt=16.20V/100%
[telemetry_node-1] [INFO] [1785172374.101095196] [telemetry_node]: pos_ned=[-0.06021186 -0.01424611 -0.20318386]  yaw=1.678  armed=False  vtol=3  batt=16.20V/100%
[telemetry_node-1] [INFO] [1785172376.101069350] [telemetry_node]: pos_ned=[-0.05122637 -0.01412417 -0.17727458]  yaw=1.681  armed=False  vtol=3  batt=16.20V/100%
[telemetry_node-1] [INFO] [1785172378.101005737] [telemetry_node]: pos_ned=[-0.05798616 -0.02110391 -0.16047534]  yaw=1.681  armed=False  vtol=3  batt=16.20V/100%
[telemetry_node-1] [INFO] [1785172380.101279696] [telemetry_node]: pos_ned=[-0.0541947  -0.03706334 -0.17668083]  yaw=1.684  armed=False  vtol=3  batt=16.20V/100%
[offboard_node-2] [Eta3ClothoidPlannerV3] WARNING: NR pos residual 5.019m is large. affine correction guarantees WP passage but curve may be deformed.
[offboard_node-2] [INFO] [1785172381.330253220] [offboard_node]: 경로 계획 완료 — 소요 52.6s (예상 90s), 경로점 415개, 전장 400.0m
[offboard_node-2] [INFO] [1785172381.454005882] [offboard_node]: ARM 요청
[offboard_node-2] [INFO] [1785172381.954035667] [offboard_node]: 경로 원점 = 이륙지점 [N=-0.05, E=-0.04, h_up=-0.14] 적용 (frame=takeoff) → WP0=[-0.05,-0.04] 순항고도 h_up=49.86
[offboard_node-2] [INFO] [1785172381.954842989] [offboard_node]: 거리 상한 감시 활성 1200m (이륙지점 기준 수평, 경로 최원점 283m)
[offboard_node-2] [INFO] [1785172381.955563989] [offboard_node]: CommandTOL 이륙 요청 alt=50.0m AMSL (지면 -0.0+50.0) -> CLIMBING
[telemetry_node-1] [INFO] [1785172382.100807126] [telemetry_node]: pos_ned=[-0.0444342  -0.03833418 -0.13867567]  yaw=1.689  armed=True  vtol=3  batt=16.19V/100%
[telemetry_node-1] [INFO] [1785172384.100883938] [telemetry_node]: pos_ned=[-0.04959285 -0.03001206 -0.14013107]  yaw=1.693  armed=True  vtol=3  batt=16.13V/97%
[telemetry_node-1] [INFO] [1785172386.100945244] [telemetry_node]: pos_ned=[-0.04881775 -0.1796359   0.25877291]  yaw=1.676  armed=True  vtol=3  batt=16.07V/94%
[telemetry_node-1] [INFO] [1785172388.101466749] [telemetry_node]: pos_ned=[-0.03132439 -0.15468699  2.77832055]  yaw=1.652  armed=True  vtol=3  batt=16.01V/91%
[telemetry_node-1] [INFO] [1785172390.101352912] [telemetry_node]: pos_ned=[-0.02493651 -0.1080641   5.7512641 ]  yaw=1.645  armed=True  vtol=3  batt=15.95V/88%
[telemetry_node-1] [INFO] [1785172392.101063018] [telemetry_node]: pos_ned=[-0.04906075 -0.08150184  8.90582657]  yaw=1.637  armed=True  vtol=3  batt=15.89V/84%
[telemetry_node-1] [INFO] [1785172394.101454322] [telemetry_node]: pos_ned=[-0.03932782 -0.08138114 13.3517971 ]  yaw=1.638  armed=True  vtol=3  batt=15.83V/81%
[telemetry_node-1] [INFO] [1785172396.101416166] [telemetry_node]: pos_ned=[-0.06117695 -0.06732868 19.2286396 ]  yaw=1.633  armed=True  vtol=3  batt=15.77V/78%
[telemetry_node-1] [INFO] [1785172398.101156486] [telemetry_node]: pos_ned=[-0.08185772 -0.05635382 25.1242218 ]  yaw=1.632  armed=True  vtol=3  batt=15.71V/74%
[telemetry_node-1] [INFO] [1785172400.929545303] [telemetry_node]: pos_ned=[-0.03928963 -0.04680504 29.92948914]  yaw=1.633  armed=True  vtol=3  batt=15.71V/74%
[telemetry_node-1] [INFO] [1785172402.101181551] [telemetry_node]: pos_ned=[-3.03980503e-02 -4.41233963e-02  3.35446472e+01]  yaw=1.633  armed=True  vtol=3  batt=15.65V/71%
[telemetry_node-1] [INFO] [1785172404.101483624] [telemetry_node]: pos_ned=[-0.04596312 -0.09028901 39.54894638]  yaw=1.632  armed=True  vtol=3  batt=15.59V/68%
[telemetry_node-1] [INFO] [1785172406.101109478] [telemetry_node]: pos_ned=[-0.05518076 -0.06418406 45.14772415]  yaw=1.632  armed=True  vtol=3  batt=15.53V/64%
[telemetry_node-1] [INFO] [1785172408.101720655] [telemetry_node]: pos_ned=[-4.64876071e-02 -3.40965688e-02  4.80846481e+01]  yaw=1.630  armed=True  vtol=3  batt=15.47V/61%
[telemetry_node-1] [INFO] [1785172410.101243699] [telemetry_node]: pos_ned=[-4.79712710e-02 -3.29488367e-02  4.92545242e+01]  yaw=1.628  armed=True  vtol=3  batt=15.41V/58%
[offboard_node-2] [INFO] [1785172410.453544200] [offboard_node]: 운용 고도 50.0m 도달 → transition_fw
[telemetry_node-1] [INFO] [1785172412.100850256] [telemetry_node]: pos_ned=[-5.69201224e-02 -4.83379140e-02  4.96520424e+01]  yaw=1.629  armed=True  vtol=3  batt=15.35V/54%
[offboard_node-2] [INFO] [1785172412.454262280] [offboard_node]: 천이 전 MC OFFBOARD 요청 (헤딩 정렬 대기)
[offboard_node-2] [WARN] [1785172412.554273521] [offboard_node]: 정렬 구간 OFFBOARD 이탈 → 재요청 (mode=AUTO.LOITER)
[telemetry_node-1] [INFO] [1785172414.101691270] [telemetry_node]: pos_ned=[-2.17927676e-02 -4.90395091e-02  4.96964684e+01]  yaw=1.381  armed=True  vtol=3  batt=15.30V/51%
[telemetry_node-1] [INFO] [1785172416.101211170] [telemetry_node]: pos_ned=[ 2.74426416e-02 -7.11594373e-02  4.96289215e+01]  yaw=0.642  armed=True  vtol=3  batt=15.30V/50%
[telemetry_node-1] [INFO] [1785172418.100893231] [telemetry_node]: pos_ned=[ 0.20801722 -0.17892565 49.5002594 ]  yaw=0.332  armed=True  vtol=3  batt=15.30V/50%
[telemetry_node-1] [INFO] [1785172420.101541478] [telemetry_node]: pos_ned=[ 0.33589426 -0.28202614 49.32897568]  yaw=0.180  armed=True  vtol=3  batt=15.30V/50%
[telemetry_node-1] [INFO] [1785172422.100859724] [telemetry_node]: pos_ned=[ 0.40300623 -0.3160834  49.17155457]  yaw=0.101  armed=True  vtol=3  batt=15.30V/50%
[telemetry_node-1] [INFO] [1785172424.101089631] [telemetry_node]: pos_ned=[ 0.3944093  -0.33131966 48.95539093]  yaw=0.056  armed=True  vtol=3  batt=15.30V/50%
[telemetry_node-1] [INFO] [1785172426.101047646] [telemetry_node]: pos_ned=[ 0.39118153 -0.31614113 48.65980911]  yaw=0.042  armed=True  vtol=3  batt=15.30V/50%
[offboard_node-2] [INFO] [1785172426.454418991] [offboard_node]: 헤딩 정렬 완료 target=-0.0° current=2.4° err=-2.4° (20틱 안정) → 전진 + 천이 명령
[offboard_node-2] [INFO] [1785172426.455662352] [offboard_node]: MC→FW 천이 명령 요청 (위치 setpoint 직선 천이)
[telemetry_node-1] [INFO] [1785172428.100896032] [telemetry_node]: pos_ned=[ 1.76433671 -0.29913145 48.84085464]  yaw=0.008  armed=True  vtol=1  batt=15.30V/50%
[offboard_node-2] [INFO] [1785172429.053934918] [offboard_node]: FW 전환 완료 -> STREAMING
[offboard_node-2] [INFO] [1785172429.157171062] [offboard_node]: OFFBOARD 확인 → FOLLOWING
[offboard_node-2] [INFO] [1785172429.257009263] [offboard_node]: FOLLOWING 시작 pos=[12.1,-0.4] tgt=[82.1,-0.0] cte=-0.4m mode=OFFBOARD seg=12/414
[telemetry_node-1] [INFO] [1785172430.100955301] [telemetry_node]: pos_ned=[26.93336296 -0.41521028 48.28866577]  yaw=0.009  armed=True  vtol=4  batt=15.30V/50%
[offboard_node-2] [INFO] [1785172431.156461965] [offboard_node]: FOLLOWING tick=20 mode=OFFBOARD cte=-0.4m pos=[43.5,-0.4] tgt=[113.5,-0.0] seg=45/414
[telemetry_node-1] [INFO] [1785172432.100870623] [telemetry_node]: pos_ned=[56.68794632 -0.37069619 50.50054932]  yaw=0.028  armed=True  vtol=4  batt=15.30V/50%
[offboard_node-2] [INFO] [1785172433.158371578] [offboard_node]: FOLLOWING tick=40 mode=OFFBOARD cte=-0.1m pos=[72.9,-0.2] tgt=[142.9,-0.0] seg=75/414
[telemetry_node-1] [INFO] [1785172434.455457759] [telemetry_node]: pos_ned=[72.89157867 -0.18579108 48.24330521]  yaw=0.025  armed=True  vtol=4  batt=15.30V/50%
[telemetry_node-1] [INFO] [1785172436.101416252] [telemetry_node]: pos_ned=[ 9.88909149e+01 -4.27147821e-02  4.80938721e+01]  yaw=0.004  armed=True  vtol=4  batt=15.30V/50%
[offboard_node-2] [INFO] [1785172436.357433719] [offboard_node]: FOLLOWING tick=60 mode=OFFBOARD cte=0.0m pos=[102.4,-0.0] tgt=[172.4,-0.1] seg=106/414
[telemetry_node-1] [INFO] [1785172438.101553482] [telemetry_node]: pos_ned=[128.51977539   0.13846576  48.29511261]  yaw=-0.015  armed=True  vtol=4  batt=15.30V/50%
[offboard_node-2] [INFO] [1785172438.357283919] [offboard_node]: FOLLOWING tick=80 mode=OFFBOARD cte=0.2m pos=[132.4,0.1] tgt=[200.0,2.4] seg=137/414
[telemetry_node-1] [INFO] [1785172440.102777679] [telemetry_node]: pos_ned=[155.25457764   0.9823975   48.3622818 ]  yaw=0.037  armed=True  vtol=4  batt=15.30V/50%
[offboard_node-2] [INFO] [1785172440.372423341] [offboard_node]: FOLLOWING tick=100 mode=OFFBOARD cte=1.4m pos=[158.1,1.5] tgt=[200.0,28.1] seg=164/414
[telemetry_node-1] [INFO] [1785172442.101355577] [telemetry_node]: pos_ned=[181.08908081  11.9050045   46.73669052]  yaw=0.388  armed=True  vtol=4  batt=15.30V/50%
[offboard_node-2] [INFO] [1785172442.358617492] [offboard_node]: FOLLOWING tick=120 mode=OFFBOARD cte=14.6m pos=[184.0,14.4] tgt=[199.9,68.2] seg=191/414
[offboard_node-2] [WARN] [1785172442.456448713] [offboard_node]: 세그먼트 인덱스 급변 191→221 (Δ+30, 전체 414) pos=[185.1,15.5] — 경로상 전진이 아니라 다른 레그 선택일 수 있다
[telemetry_node-1] [INFO] [1785172444.100979114] [telemetry_node]: pos_ned=[196.64932251  40.26284409  44.95309448]  yaw=1.222  armed=True  vtol=4  batt=15.30V/50%
[offboard_node-2] [INFO] [1785172444.357062081] [offboard_node]: FOLLOWING tick=140 mode=OFFBOARD cte=2.8m pos=[197.1,44.1] tgt=[199.9,114.0] seg=251/414
[telemetry_node-1] [INFO] [1785172446.100908499] [telemetry_node]: pos_ned=[199.31349182  68.23487091  49.25680542]  yaw=1.827  armed=True  vtol=4  batt=15.30V/50%
[offboard_node-2] [INFO] [1785172446.358381349] [offboard_node]: FOLLOWING tick=160 mode=OFFBOARD cte=0.4m pos=[199.5,71.3] tgt=[199.9,141.3] seg=280/414
[telemetry_node-1] [INFO] [1785172448.100883355] [telemetry_node]: pos_ned=[199.38215637  96.42070007  48.08333206]  yaw=1.952  armed=True  vtol=4  batt=15.30V/50%
[offboard_node-2] [INFO] [1785172448.355808697] [offboard_node]: FOLLOWING tick=180 mode=OFFBOARD cte=0.6m pos=[199.3,100.4] tgt=[199.9,170.4] seg=310/414
[telemetry_node-1] [INFO] [1785172450.101270347] [telemetry_node]: pos_ned=[199.43327332 124.77433777  49.4882431 ]  yaw=1.621  armed=True  vtol=4  batt=15.30V/50%
[offboard_node-2] [INFO] [1785172450.355732005] [offboard_node]: FOLLOWING tick=200 mode=OFFBOARD cte=0.5m pos=[199.4,128.4] tgt=[199.9,198.4] seg=339/414
[telemetry_node-1] [INFO] [1785172452.101228335] [telemetry_node]: pos_ned=[199.50260925 152.00190735  49.40013123]  yaw=1.345  armed=True  vtol=4  batt=15.30V/50%
[offboard_node-2] [INFO] [1785172452.357250411] [offboard_node]: FOLLOWING tick=220 mode=OFFBOARD cte=0.4m pos=[199.5,155.6] tgt=[199.9,200.0] seg=367/414
[telemetry_node-1] [INFO] [1785172454.100830329] [telemetry_node]: pos_ned=[199.90875244 179.75263977  49.23390579]  yaw=1.413  armed=True  vtol=4  batt=15.30V/50%
[offboard_node-2] [INFO] [1785172454.355495738] [offboard_node]: FOLLOWING tick=240 mode=OFFBOARD cte=0.0m pos=[199.9,183.0] tgt=[199.9,200.0] seg=396/414
[offboard_node-2] [INFO] [1785172454.954899508] [offboard_node]: 경로 추종 완료 -> transition_mc
[offboard_node-2] [INFO] [1785172455.054341824] [offboard_node]: FW->MC 역천이 명령 요청
[telemetry_node-1] [INFO] [1785172456.100821738] [telemetry_node]: pos_ned=[200.02636719 206.34284973  49.47843552]  yaw=1.656  armed=True  vtol=2  batt=15.30V/50%
[telemetry_node-1] [INFO] [1785172458.100917839] [telemetry_node]: pos_ned=[200.32063293 226.40531921  50.26676178]  yaw=1.690  armed=True  vtol=2  batt=15.30V/50%
[telemetry_node-1] [INFO] [1785172460.100859320] [telemetry_node]: pos_ned=[200.59870911 239.6477356   50.32053757]  yaw=1.631  armed=True  vtol=2  batt=15.30V/50%
[offboard_node-2] [INFO] [1785172460.254200555] [offboard_node]: MC 전환 완료 -> HOLD (WP1 복귀)
[telemetry_node-1] [INFO] [1785172462.101232718] [telemetry_node]: pos_ned=[200.47380066 239.4125061   49.73774338]  yaw=1.590  armed=True  vtol=3  batt=15.30V/50%
[offboard_node-2] [INFO] [1785172462.254445056] [offboard_node]: WP1 홀드 dist=38.3m speed=7.4m/s stable=0/10
[telemetry_node-1] [INFO] [1785172464.100987783] [telemetry_node]: pos_ned=[200.40925598 229.41053772  49.76684189]  yaw=1.591  armed=True  vtol=3  batt=15.30V/50%
[offboard_node-2] [INFO] [1785172464.253912830] [offboard_node]: WP1 홀드 dist=28.6m speed=5.5m/s stable=0/10
[telemetry_node-1] [INFO] [1785172466.100935210] [telemetry_node]: pos_ned=[200.2822113  218.6993866   49.67316055]  yaw=1.583  armed=True  vtol=3  batt=15.30V/50%
[offboard_node-2] [INFO] [1785172466.254097725] [offboard_node]: WP1 홀드 dist=18.0m speed=4.7m/s stable=0/10
[telemetry_node-1] [INFO] [1785172468.189749250] [telemetry_node]: pos_ned=[200.25466919 215.7973175   49.66588593]  yaw=1.581  armed=True  vtol=3  batt=15.30V/50%
[offboard_node-2] [INFO] [1785172469.654406944] [offboard_node]: WP1 홀드 dist=7.7m speed=5.0m/s stable=0/10
[telemetry_node-1] [INFO] [1785172470.101232240] [telemetry_node]: pos_ned=[200.07666016 205.45262146  49.62271118]  yaw=1.579  armed=True  vtol=3  batt=15.30V/50%
[offboard_node-2] [INFO] [1785172471.655283909] [offboard_node]: WP1 홀드 dist=0.9m speed=1.0m/s stable=2/10
[telemetry_node-1] [INFO] [1785172472.101692594] [telemetry_node]: pos_ned=[200.01364136 200.60346985  49.74009323]  yaw=1.578  armed=True  vtol=3  batt=15.30V/50%
[offboard_node-2] [INFO] [1785172472.354265870] [offboard_node]: WP1 도달·안정 → LANDING (dist=0.6m speed=0.1m/s)
[offboard_node-2] [INFO] [1785172472.454459209] [offboard_node]: AUTO.LAND 요청
[telemetry_node-1] [INFO] [1785172474.100865772] [telemetry_node]: pos_ned=[200.01277161 200.77937317  47.99877167]  yaw=1.577  armed=True  vtol=3  batt=15.30V/50%
[telemetry_node-1] [INFO] [1785172476.101231384] [telemetry_node]: pos_ned=[200.01792908 200.4866333   45.09899139]  yaw=1.578  armed=True  vtol=3  batt=15.30V/50%
[telemetry_node-1] [INFO] [1785172478.100732055] [telemetry_node]: pos_ned=[200.02545166 200.65626526  42.17122269]  yaw=1.579  armed=True  vtol=3  batt=15.30V/50%
[telemetry_node-1] [INFO] [1785172480.100884801] [telemetry_node]: pos_ned=[200.00460815 200.69992065  39.14928436]  yaw=1.580  armed=True  vtol=3  batt=15.30V/50%
[telemetry_node-1] [INFO] [1785172482.100752751] [telemetry_node]: pos_ned=[200.0096283  200.51072693  36.17721176]  yaw=1.581  armed=True  vtol=3  batt=15.30V/50%
[telemetry_node-1] [INFO] [1785172484.100800395] [telemetry_node]: pos_ned=[199.99978638 200.6521759   33.20967865]  yaw=1.581  armed=True  vtol=3  batt=15.30V/50%
[telemetry_node-1] [INFO] [1785172486.100798716] [telemetry_node]: pos_ned=[199.97859192 200.55368042  30.21521187]  yaw=1.581  armed=True  vtol=3  batt=15.30V/50%
[telemetry_node-1] [INFO] [1785172488.101468930] [telemetry_node]: pos_ned=[199.99526978 200.50714111  27.25833893]  yaw=1.581  armed=True  vtol=3  batt=15.30V/50%
[telemetry_node-1] [INFO] [1785172490.100918949] [telemetry_node]: pos_ned=[199.97363281 200.64604187  24.25345993]  yaw=1.582  armed=True  vtol=3  batt=15.30V/50%
[telemetry_node-1] [INFO] [1785172492.101531968] [telemetry_node]: pos_ned=[199.96876526 200.63658142  21.2329483 ]  yaw=1.582  armed=True  vtol=3  batt=15.30V/50%
[telemetry_node-1] [INFO] [1785172494.101162134] [telemetry_node]: pos_ned=[199.97772217 200.49435425  18.25906372]  yaw=1.582  armed=True  vtol=3  batt=15.30V/50%
[telemetry_node-1] [INFO] [1785172496.101219026] [telemetry_node]: pos_ned=[199.94720459 200.64175415  15.28829861]  yaw=1.583  armed=True  vtol=3  batt=15.30V/50%
[telemetry_node-1] [INFO] [1785172498.100984595] [telemetry_node]: pos_ned=[199.96955872 200.60250854  12.29553223]  yaw=1.583  armed=True  vtol=3  batt=15.30V/50%
[telemetry_node-1] [INFO] [1785172500.100913645] [telemetry_node]: pos_ned=[199.93513489 200.51679993   9.33496952]  yaw=1.583  armed=True  vtol=3  batt=15.30V/50%
[telemetry_node-1] [INFO] [1785172502.100896883] [telemetry_node]: pos_ned=[199.95048523 200.53985596   8.63603592]  yaw=1.583  armed=True  vtol=3  batt=15.30V/50%
[telemetry_node-1] [INFO] [1785172504.101375878] [telemetry_node]: pos_ned=[199.95198059 200.62556458   6.41559267]  yaw=1.584  armed=True  vtol=3  batt=15.30V/50%
[telemetry_node-1] [INFO] [1785172506.101167301] [telemetry_node]: pos_ned=[199.9717865  200.55445862   4.79474783]  yaw=1.584  armed=True  vtol=3  batt=15.30V/50%
[telemetry_node-1] [INFO] [1785172508.100962587] [telemetry_node]: pos_ned=[199.97270203 200.56578064   3.40560985]  yaw=1.585  armed=True  vtol=3  batt=15.30V/50%
[telemetry_node-1] [INFO] [1785172510.100982440] [telemetry_node]: pos_ned=[199.98258972 200.62171936   2.02963424]  yaw=1.585  armed=True  vtol=3  batt=15.30V/50%
[telemetry_node-1] [INFO] [1785172512.100749794] [telemetry_node]: pos_ned=[200.00144958 200.63464355   0.70066601]  yaw=1.586  armed=True  vtol=3  batt=15.30V/50%
[telemetry_node-1] [INFO] [1785172514.100785339] [telemetry_node]: pos_ned=[200.0042572  200.55667114  -0.20767803]  yaw=1.586  armed=True  vtol=3  batt=15.30V/50%
[telemetry_node-1] [INFO] [1785172516.100964716] [telemetry_node]: pos_ned=[199.9995575  200.53567505  -0.2006176 ]  yaw=1.586  armed=True  vtol=3  batt=15.30V/50%
[offboard_node-2] [INFO] [1785172516.853913367] [offboard_node]: 착륙 완료 (disarmed) -> DONE
[telemetry_node-1] [INFO] [1785172518.101032337] [telemetry_node]: pos_ned=[199.99156189 200.5222168   -0.20154382]  yaw=1.587  armed=False  vtol=3  batt=16.20V/84%
[telemetry_node-1] [INFO] [1785172520.100808512] [telemetry_node]: pos_ned=[199.98937988 200.52938843  -0.21984869]  yaw=1.588  armed=False  vtol=3  batt=16.20V/98%
[telemetry_node-1] [INFO] [1785172522.100964206] [telemetry_node]: pos_ned=[199.98455811 200.5259552   -0.22202769]  yaw=1.589  armed=False  vtol=3  batt=16.20V/100%
[WARNING] [launch]: user interrupted with ctrl-c (SIGINT)
[INFO] [offboard_node-2]: sending signal 'SIGINT' to process[offboard_node-2]
[INFO] [telemetry_node-1]: sending signal 'SIGINT' to process[telemetry_node-1]
[offboard_node-2] Traceback (most recent call last):
[offboard_node-2]   File "/root/drone_ws/install/fc_ros/lib/python3.10/site-packages/fc_ros/nodes/offboard_node.py", line 1511, in main
[offboard_node-2]     rclpy.spin(node)
[offboard_node-2]   File "/opt/ros/humble/local/lib/python3.10/dist-packages/rclpy/__init__.py", line 229, in spin
[telemetry_node-1] Traceback (most recent call last):
[telemetry_node-1]   File "/root/drone_ws/install/fc_ros/lib/python3.10/site-packages/fc_ros/nodes/telemetry_node.py", line 109, in main
[offboard_node-2]     executor.spin_once()
[offboard_node-2]   File "/opt/ros/humble/local/lib/python3.10/dist-packages/rclpy/executors.py", line 808, in spin_once
[offboard_node-2]     self._spin_once_impl(timeout_sec)
[offboard_node-2]   File "/opt/ros/humble/local/lib/python3.10/dist-packages/rclpy/executors.py", line 797, in _spin_once_impl
[telemetry_node-1]     rclpy.spin(node)
[telemetry_node-1]   File "/opt/ros/humble/local/lib/python3.10/dist-packages/rclpy/__init__.py", line 229, in spin
[telemetry_node-1]     executor.spin_once()
[telemetry_node-1]   File "/opt/ros/humble/local/lib/python3.10/dist-packages/rclpy/executors.py", line 808, in spin_once
[offboard_node-2]     handler, entity, node = self.wait_for_ready_callbacks(timeout_sec=timeout_sec)
[offboard_node-2]   File "/opt/ros/humble/local/lib/python3.10/dist-packages/rclpy/executors.py", line 780, in wait_for_ready_callbacks
[offboard_node-2]     return next(self._cb_iter)
[offboard_node-2]   File "/opt/ros/humble/local/lib/python3.10/dist-packages/rclpy/executors.py", line 677, in _wait_for_ready_callbacks
[telemetry_node-1]     self._spin_once_impl(timeout_sec)
[telemetry_node-1]   File "/opt/ros/humble/local/lib/python3.10/dist-packages/rclpy/executors.py", line 797, in _spin_once_impl
[telemetry_node-1]     handler, entity, node = self.wait_for_ready_callbacks(timeout_sec=timeout_sec)
[telemetry_node-1]   File "/opt/ros/humble/local/lib/python3.10/dist-packages/rclpy/executors.py", line 780, in wait_for_ready_callbacks
[offboard_node-2]     wait_set.wait(timeout_nsec)
[offboard_node-2] KeyboardInterrupt
[offboard_node-2] 
[offboard_node-2] During handling of the above exception, another exception occurred:
[offboard_node-2] 
[offboard_node-2] Traceback (most recent call last):
[offboard_node-2]   File "/root/drone_ws/install/fc_ros/lib/fc_ros/offboard_node", line 33, in <module>
[offboard_node-2]     sys.exit(load_entry_point('fc-ros==0.1.0', 'console_scripts', 'offboard_node')())
[offboard_node-2]   File "/root/drone_ws/install/fc_ros/lib/python3.10/site-packages/fc_ros/nodes/offboard_node.py", line 1513, in main
[telemetry_node-1]     return next(self._cb_iter)
[telemetry_node-1]   File "/opt/ros/humble/local/lib/python3.10/dist-packages/rclpy/executors.py", line 677, in _wait_for_ready_callbacks
[telemetry_node-1]     wait_set.wait(timeout_nsec)
[telemetry_node-1] KeyboardInterrupt
[telemetry_node-1] 
[telemetry_node-1] During handling of the above exception, another exception occurred:
[telemetry_node-1] 
[telemetry_node-1] Traceback (most recent call last):
[telemetry_node-1]   File "/root/drone_ws/install/fc_ros/lib/fc_ros/telemetry_node", line 33, in <module>
[telemetry_node-1]     sys.exit(load_entry_point('fc-ros==0.1.0', 'console_scripts', 'telemetry_node')())
[telemetry_node-1]   File "/root/drone_ws/install/fc_ros/lib/python3.10/site-packages/fc_ros/nodes/telemetry_node.py", line 112, in main
[telemetry_node-1]     rclpy.shutdown()
[telemetry_node-1]   File "/opt/ros/humble/local/lib/python3.10/dist-packages/rclpy/__init__.py", line 130, in shutdown
[telemetry_node-1]     _shutdown(context=context)
[telemetry_node-1]   File "/opt/ros/humble/local/lib/python3.10/dist-packages/rclpy/utilities.py", line 58, in shutdown
[telemetry_node-1]     return context.shutdown()
[telemetry_node-1]   File "/opt/ros/humble/local/lib/python3.10/dist-packages/rclpy/context.py", line 102, in shutdown
[offboard_node-2]     node.destroy_node()
[offboard_node-2]   File "/opt/ros/humble/local/lib/python3.10/dist-packages/rclpy/node.py", line 1696, in destroy_node
[telemetry_node-1]     self.__context.shutdown()
[telemetry_node-1] rclpy._rclpy_pybind11.RCLError: failed to shutdown: rcl_shutdown already called on the given context, at ./src/rcl/init.c:241
[telemetry_node-1] Error in sys.excepthook:
[telemetry_node-1] Traceback (most recent call last):
[telemetry_node-1]   File "/usr/lib/python3/dist-packages/apport_python_hook.py", line 55, in apport_excepthook
[offboard_node-2]     self.__node.destroy_when_not_in_use()
[offboard_node-2] KeyboardInterrupt
[telemetry_node-1]     import apt_pkg
[telemetry_node-1] KeyboardInterrupt
[telemetry_node-1] 
[telemetry_node-1] Original exception was:
[telemetry_node-1] Traceback (most recent call last):
[telemetry_node-1]   File "/root/drone_ws/install/fc_ros/lib/python3.10/site-packages/fc_ros/nodes/telemetry_node.py", line 109, in main
[telemetry_node-1]     rclpy.spin(node)
[telemetry_node-1]   File "/opt/ros/humble/local/lib/python3.10/dist-packages/rclpy/__init__.py", line 229, in spin
[telemetry_node-1]     executor.spin_once()
[telemetry_node-1]   File "/opt/ros/humble/local/lib/python3.10/dist-packages/rclpy/executors.py", line 808, in spin_once
[telemetry_node-1]     self._spin_once_impl(timeout_sec)
[telemetry_node-1]   File "/opt/ros/humble/local/lib/python3.10/dist-packages/rclpy/executors.py", line 797, in _spin_once_impl
[telemetry_node-1]     handler, entity, node = self.wait_for_ready_callbacks(timeout_sec=timeout_sec)
[telemetry_node-1]   File "/opt/ros/humble/local/lib/python3.10/dist-packages/rclpy/executors.py", line 780, in wait_for_ready_callbacks
[telemetry_node-1]     return next(self._cb_iter)
[telemetry_node-1]   File "/opt/ros/humble/local/lib/python3.10/dist-packages/rclpy/executors.py", line 677, in _wait_for_ready_callbacks
[telemetry_node-1]     wait_set.wait(timeout_nsec)
[telemetry_node-1] KeyboardInterrupt
[telemetry_node-1] 
[telemetry_node-1] During handling of the above exception, another exception occurred:
[telemetry_node-1] 
[telemetry_node-1] Traceback (most recent call last):
[telemetry_node-1]   File "/root/drone_ws/install/fc_ros/lib/fc_ros/telemetry_node", line 33, in <module>
[telemetry_node-1]     sys.exit(load_entry_point('fc-ros==0.1.0', 'console_scripts', 'telemetry_node')())
[telemetry_node-1]   File "/root/drone_ws/install/fc_ros/lib/python3.10/site-packages/fc_ros/nodes/telemetry_node.py", line 112, in main
[telemetry_node-1]     rclpy.shutdown()
[telemetry_node-1]   File "/opt/ros/humble/local/lib/python3.10/dist-packages/rclpy/__init__.py", line 130, in shutdown
[telemetry_node-1]     _shutdown(context=context)
[telemetry_node-1]   File "/opt/ros/humble/local/lib/python3.10/dist-packages/rclpy/utilities.py", line 58, in shutdown
[telemetry_node-1]     return context.shutdown()
[telemetry_node-1]   File "/opt/ros/humble/local/lib/python3.10/dist-packages/rclpy/context.py", line 102, in shutdown
[telemetry_node-1]     self.__context.shutdown()
[telemetry_node-1] rclpy._rclpy_pybind11.RCLError: failed to shutdown: rcl_shutdown already called on the given context, at ./src/rcl/init.c:241
[ERROR] [offboard_node-2]: process has died [pid 4115, exit code -2, cmd '/root/drone_ws/install/fc_ros/lib/fc_ros/offboard_node --ros-args -r __node:=offboard_node --params-file /root/drone_ws/install/fc_ros/share/fc_ros/params/fc_ros_params.yaml --params-file /tmp/launch_params_u2rwsae0'].
[ERROR] [telemetry_node-1]: process has died [pid 4113, exit code 1, cmd '/root/drone_ws/install/fc_ros/lib/fc_ros/telemetry_node --ros-args -r __node:=telemetry_node'].
