[INFO] [launch]: All log files can be found below /root/.ros/log/2026-07-27-05-44-55-964656-DESKTOP-Kilogram-1141
[INFO] [launch]: Default logging verbosity is set to INFO
[INFO] [telemetry_node-1]: process started with pid [1143]
[INFO] [offboard_node-2]: process started with pid [1145]
[offboard_node-2] [WARN] [1785098697.524118144] [offboard_node]: /mavros/cmd/arming 서비스 없음
[offboard_node-2] [WARN] [1785098697.546539971] [offboard_node]: /mavros/cmd/arming 서비스 없음
[offboard_node-2] [WARN] [1785098697.647318079] [offboard_node]: /mavros/cmd/arming 서비스 없음
[offboard_node-2] [WARN] [1785098697.746690475] [offboard_node]: /mavros/cmd/arming 서비스 없음
[offboard_node-2] [WARN] [1785098697.846166692] [offboard_node]: /mavros/cmd/arming 서비스 없음
[offboard_node-2] [WARN] [1785098697.948527090] [offboard_node]: /mavros/cmd/arming 서비스 없음
[offboard_node-2] [WARN] [1785098698.046709533] [offboard_node]: /mavros/cmd/arming 서비스 없음
[offboard_node-2] [WARN] [1785098698.147046959] [offboard_node]: /mavros/cmd/arming 서비스 없음
[offboard_node-2] [WARN] [1785098698.246490752] [offboard_node]: /mavros/cmd/arming 서비스 없음
[offboard_node-2] [WARN] [1785098698.346464930] [offboard_node]: /mavros/cmd/arming 서비스 없음
[offboard_node-2] [WARN] [1785098698.446152550] [offboard_node]: /mavros/cmd/arming 서비스 없음
[offboard_node-2] [WARN] [1785098698.545863663] [offboard_node]: /mavros/cmd/arming 서비스 없음
[offboard_node-2] [WARN] [1785098698.647451763] [offboard_node]: /mavros/cmd/arming 서비스 없음
[offboard_node-2] [WARN] [1785098698.746380676] [offboard_node]: /mavros/cmd/arming 서비스 없음
[offboard_node-2] [WARN] [1785098698.845698073] [offboard_node]: /mavros/cmd/arming 서비스 없음
[offboard_node-2] [WARN] [1785098698.945897652] [offboard_node]: /mavros/cmd/arming 서비스 없음
[offboard_node-2] [WARN] [1785098699.046325174] [offboard_node]: /mavros/cmd/arming 서비스 없음
[offboard_node-2] [WARN] [1785098699.146229790] [offboard_node]: /mavros/cmd/arming 서비스 없음
[telemetry_node-1] [INFO] [1785098699.159727511] [telemetry_node]: pos_ned=[ 0.06752491  0.05194287 -0.03235054]  yaw=1.313  armed=False  vtol=3  batt=16.20V/100%
[offboard_node-2] [WARN] [1785098699.247016115] [offboard_node]: /mavros/cmd/arming 서비스 없음
[offboard_node-2] [INFO] [1785098699.350007236] [offboard_node]: ARM 요청
[offboard_node-2] [INFO] [1785098699.547127852] [offboard_node]: 경로 원점 = 이륙지점 [N=0.07, E=0.05, h_up=-0.04] 적용 (frame=takeoff) → WP0=[0.07,0.05] 순항고도 h_up=49.96
[offboard_node-2] [INFO] [1785098699.551739975] [offboard_node]: CommandTOL 이륙 요청 alt=53.0m AMSL (지면 3.0+50.0) -> CLIMBING
[telemetry_node-1] [INFO] [1785098701.091951210] [telemetry_node]: pos_ned=[ 0.07094561  0.03087172 -0.04238582]  yaw=1.309  armed=True  vtol=3  batt=16.17V/99%
[telemetry_node-1] [INFO] [1785098703.092605556] [telemetry_node]: pos_ned=[ 0.05300326  0.03022641 -0.04858947]  yaw=1.308  armed=True  vtol=3  batt=16.11V/96%
[telemetry_node-1] [INFO] [1785098705.092082147] [telemetry_node]: pos_ned=[ 0.1580067  -0.11776826  1.50237155]  yaw=1.344  armed=True  vtol=3  batt=16.05V/93%
[telemetry_node-1] [INFO] [1785098707.091651228] [telemetry_node]: pos_ned=[ 0.0681759  -0.04154674  4.27499771]  yaw=1.379  armed=True  vtol=3  batt=15.99V/90%
[telemetry_node-1] [INFO] [1785098709.090995143] [telemetry_node]: pos_ned=[ 0.07621946 -0.01640958  7.23731518]  yaw=1.390  armed=True  vtol=3  batt=15.93V/86%
[telemetry_node-1] [INFO] [1785098711.091042862] [telemetry_node]: pos_ned=[ 0.06520084 -0.02406399 10.24386501]  yaw=1.393  armed=True  vtol=3  batt=15.87V/83%
[telemetry_node-1] [INFO] [1785098713.090745676] [telemetry_node]: pos_ned=[ 0.06444316 -0.0279595  15.56217194]  yaw=1.393  armed=True  vtol=3  batt=15.81V/80%
[telemetry_node-1] [INFO] [1785098715.090934832] [telemetry_node]: pos_ned=[1.29637923e-02 2.81097973e-03 2.13883133e+01]  yaw=1.393  armed=True  vtol=3  batt=15.75V/76%
[telemetry_node-1] [INFO] [1785098717.090662595] [telemetry_node]: pos_ned=[6.77384529e-03 1.73181761e-02 2.73112907e+01]  yaw=1.390  armed=True  vtol=3  batt=15.69V/73%
[telemetry_node-1] [INFO] [1785098719.090786767] [telemetry_node]: pos_ned=[1.99868064e-02 3.21118720e-02 3.33884277e+01]  yaw=1.388  armed=True  vtol=3  batt=15.63V/70%
[telemetry_node-1] [INFO] [1785098721.091111235] [telemetry_node]: pos_ned=[ 0.04692225  0.03961499 39.35313797]  yaw=1.390  armed=True  vtol=3  batt=15.57V/66%
[telemetry_node-1] [INFO] [1785098723.090730242] [telemetry_node]: pos_ned=[6.10912554e-02 6.09016931e-03 4.50844879e+01]  yaw=1.391  armed=True  vtol=3  batt=15.51V/63%
[telemetry_node-1] [INFO] [1785098725.090636330] [telemetry_node]: pos_ned=[3.09538059e-02 5.07634357e-02 4.81559906e+01]  yaw=1.389  armed=True  vtol=3  batt=15.45V/60%
[telemetry_node-1] [INFO] [1785098727.090690157] [telemetry_node]: pos_ned=[3.09292525e-02 5.05201072e-02 4.93820839e+01]  yaw=1.390  armed=True  vtol=3  batt=15.39V/56%
[offboard_node-2] [INFO] [1785098727.345602866] [offboard_node]: 운용 고도 50.0m 도달 → transition_fw
[telemetry_node-1] [INFO] [1785098729.090769938] [telemetry_node]: pos_ned=[ 0.0520062   0.05082522 49.80669785]  yaw=1.391  armed=True  vtol=3  batt=15.33V/53%
[offboard_node-2] [INFO] [1785098729.346572000] [offboard_node]: 천이 전 MC OFFBOARD 요청 (헤딩 정렬 대기)
[telemetry_node-1] [INFO] [1785098731.091165776] [telemetry_node]: pos_ned=[5.43249771e-02 3.02790124e-02 4.99682503e+01]  yaw=0.946  armed=True  vtol=3  batt=15.30V/51%
[telemetry_node-1] [INFO] [1785098733.090441684] [telemetry_node]: pos_ned=[ 0.15775344  0.07199548 50.04112244]  yaw=0.451  armed=True  vtol=3  batt=15.30V/50%
[telemetry_node-1] [INFO] [1785098735.090532015] [telemetry_node]: pos_ned=[ 0.32801351  0.09581111 50.12306213]  yaw=0.242  armed=True  vtol=3  batt=15.30V/50%
[telemetry_node-1] [INFO] [1785098737.090686919] [telemetry_node]: pos_ned=[ 0.45181775  0.05881678 50.19313431]  yaw=0.131  armed=True  vtol=3  batt=15.30V/50%
[telemetry_node-1] [INFO] [1785098739.090775634] [telemetry_node]: pos_ned=[ 4.67874765e-01 -9.20225773e-03  5.02655487e+01]  yaw=0.071  armed=True  vtol=3  batt=15.30V/50%
[telemetry_node-1] [INFO] [1785098741.090996358] [telemetry_node]: pos_ned=[ 4.16276902e-01 -3.26866321e-02  5.03336105e+01]  yaw=0.042  armed=True  vtol=3  batt=15.30V/50%
[offboard_node-2] [INFO] [1785098742.145329256] [offboard_node]: 헤딩 정렬 완료 target=0.0° current=2.2° err=-2.2° (20틱 안정) → 전진 + 천이 명령
[offboard_node-2] [INFO] [1785098742.146984012] [offboard_node]: MC→FW 천이 명령 요청 (위치 setpoint 직선 천이)
[telemetry_node-1] [INFO] [1785098743.090687576] [telemetry_node]: pos_ned=[ 0.55877864 -0.08311863 50.4070015 ]  yaw=0.043  armed=True  vtol=1  batt=15.30V/50%
[offboard_node-2] [INFO] [1785098744.845335970] [offboard_node]: FW 전환 완료 -> STREAMING
[offboard_node-2] [INFO] [1785098744.952883423] [offboard_node]: OFFBOARD 확인 → FOLLOWING
[offboard_node-2] [INFO] [1785098745.058283811] [offboard_node]: FOLLOWING 시작 pos=[13.9,3.3] tgt=[83.9,0.1] cte=3.2m mode=OFFBOARD
[telemetry_node-1] [INFO] [1785098745.090397121] [telemetry_node]: pos_ned=[14.48546219  3.39091682 50.07505798]  yaw=0.235  armed=True  vtol=4  batt=15.30V/50%
[offboard_node-2] [INFO] [1785098746.960624086] [offboard_node]: FOLLOWING tick=20 mode=OFFBOARD cte=4.0m pos=[46.1,4.1] tgt=[116.1,0.1]
[telemetry_node-1] [INFO] [1785098747.090539644] [telemetry_node]: pos_ned=[48.07430649  3.93656063 52.05439377]  yaw=-0.076  armed=True  vtol=4  batt=15.30V/50%
[offboard_node-2] [INFO] [1785098748.957981056] [offboard_node]: FOLLOWING tick=40 mode=OFFBOARD cte=2.2m pos=[75.7,2.2] tgt=[145.7,0.1]
[telemetry_node-1] [INFO] [1785098749.090675166] [telemetry_node]: pos_ned=[77.79895782  2.0653758  49.64356995]  yaw=-0.153  armed=True  vtol=4  batt=15.30V/50%
[offboard_node-2] [INFO] [1785098750.959010559] [offboard_node]: FOLLOWING tick=60 mode=OFFBOARD cte=0.5m pos=[106.3,0.6] tgt=[176.3,0.1]
[telemetry_node-1] [INFO] [1785098751.090588288] [telemetry_node]: pos_ned=[108.31268311   0.48399132  49.22548294]  yaw=-0.166  armed=True  vtol=4  batt=15.30V/50%
[offboard_node-2] [INFO] [1785098752.961445717] [offboard_node]: FOLLOWING tick=80 mode=OFFBOARD cte=-0.4m pos=[135.9,-0.4] tgt=[205.9,0.1]
[telemetry_node-1] [INFO] [1785098753.090877853] [telemetry_node]: pos_ned=[137.82310486  -0.41936493  48.95168304]  yaw=-0.098  armed=True  vtol=4  batt=15.30V/50%
[offboard_node-2] [INFO] [1785098754.958093337] [offboard_node]: FOLLOWING tick=100 mode=OFFBOARD cte=-0.7m pos=[165.0,-0.6] tgt=[235.0,0.1]
[telemetry_node-1] [INFO] [1785098755.090595310] [telemetry_node]: pos_ned=[166.82136536  -0.61124146  49.13132095]  yaw=-0.012  armed=True  vtol=4  batt=15.30V/50%
[offboard_node-2] [INFO] [1785098756.960520245] [offboard_node]: FOLLOWING tick=120 mode=OFFBOARD cte=-0.6m pos=[193.4,-0.5] tgt=[263.4,0.1]
[telemetry_node-1] [INFO] [1785098757.090769608] [telemetry_node]: pos_ned=[195.23310852  -0.53767914  49.14802933]  yaw=0.011  armed=True  vtol=4  batt=15.30V/50%
[offboard_node-2] [INFO] [1785098758.960422821] [offboard_node]: FOLLOWING tick=140 mode=OFFBOARD cte=-0.4m pos=[220.9,-0.4] tgt=[290.9,0.1]
[telemetry_node-1] [INFO] [1785098759.090887072] [telemetry_node]: pos_ned=[222.78862     -0.34554467  49.27258301]  yaw=-0.029  armed=True  vtol=4  batt=15.30V/50%
[offboard_node-2] [INFO] [1785098760.965158779] [offboard_node]: FOLLOWING tick=160 mode=OFFBOARD cte=-0.3m pos=[248.6,-0.2] tgt=[300.1,0.1]
[telemetry_node-1] [INFO] [1785098761.092925164] [telemetry_node]: pos_ned=[ 2.50443939e+02 -2.05047280e-01  4.93204956e+01]  yaw=-0.067  armed=True  vtol=4  batt=15.30V/50%
[offboard_node-2] [INFO] [1785098762.963276398] [offboard_node]: FOLLOWING tick=180 mode=OFFBOARD cte=-0.2m pos=[275.3,-0.1] tgt=[300.1,0.1]
[telemetry_node-1] [INFO] [1785098763.091236982] [telemetry_node]: pos_ned=[ 2.77572693e+02 -8.56836587e-02  4.94096909e+01]  yaw=-0.057  armed=True  vtol=4  batt=15.30V/50%
[offboard_node-2] [INFO] [1785098764.068570621] [offboard_node]: 경로 추종 완료 -> transition_mc
[offboard_node-2] [INFO] [1785098764.146929535] [offboard_node]: FW->MC 역천이 명령 요청
[telemetry_node-1] [INFO] [1785098765.090658668] [telemetry_node]: pos_ned=[ 3.04575104e+02 -2.01716404e-02  4.93178711e+01]  yaw=-0.019  armed=True  vtol=2  batt=15.30V/50%
[telemetry_node-1] [INFO] [1785098767.091737807] [telemetry_node]: pos_ned=[ 3.25177734e+02 -1.63192093e-01  5.01567764e+01]  yaw=-0.002  armed=True  vtol=2  batt=15.30V/50%
[telemetry_node-1] [INFO] [1785098769.092105644] [telemetry_node]: pos_ned=[338.75241089  -0.42252928  50.54341125]  yaw=-0.001  armed=True  vtol=2  batt=15.30V/50%
[offboard_node-2] [INFO] [1785098769.346419868] [offboard_node]: MC 전환 완료 -> HOLD (WP1 복귀)
[telemetry_node-1] [INFO] [1785098771.091929344] [telemetry_node]: pos_ned=[340.92364502  -0.45037356  49.95138168]  yaw=0.004  armed=True  vtol=3  batt=15.30V/50%
[offboard_node-2] [INFO] [1785098771.346065423] [offboard_node]: WP1 홀드 dist=38.7m speed=8.3m/s stable=0/10
[telemetry_node-1] [INFO] [1785098773.091892801] [telemetry_node]: pos_ned=[ 3.25557220e+02 -2.55750537e-01  4.99089966e+01]  yaw=0.006  armed=True  vtol=3  batt=15.30V/50%
[offboard_node-2] [INFO] [1785098773.346319504] [offboard_node]: WP1 홀드 dist=23.7m speed=8.1m/s stable=0/10
[telemetry_node-1] [INFO] [1785098775.090692604] [telemetry_node]: pos_ned=[ 3.09718750e+02 -1.19212404e-01  4.98944969e+01]  yaw=0.004  armed=True  vtol=3  batt=15.30V/50%
[offboard_node-2] [INFO] [1785098775.346215184] [offboard_node]: WP1 홀드 dist=7.8m speed=7.9m/s stable=0/10
[telemetry_node-1] [INFO] [1785098777.091015025] [telemetry_node]: pos_ned=[ 3.00788818e+02 -6.63501769e-02  5.01739159e+01]  yaw=-0.009  armed=True  vtol=3  batt=15.30V/50%
[offboard_node-2] [INFO] [1785098777.346159185] [offboard_node]: WP1 홀드 dist=0.6m speed=0.4m/s stable=4/10
[offboard_node-2] [INFO] [1785098777.845486830] [offboard_node]: WP1 도달·안정 → LANDING (dist=0.4m speed=0.2m/s)
[offboard_node-2] [INFO] [1785098777.945941778] [offboard_node]: AUTO.LAND 요청
[telemetry_node-1] [INFO] [1785098779.090459391] [telemetry_node]: pos_ned=[3.00721863e+02 1.69816595e-02 4.88897781e+01]  yaw=-0.014  armed=True  vtol=3  batt=15.30V/50%
[telemetry_node-1] [INFO] [1785098781.090520430] [telemetry_node]: pos_ned=[3.00502228e+02 5.17324358e-02 4.60424500e+01]  yaw=-0.015  armed=True  vtol=3  batt=15.30V/50%
[telemetry_node-1] [INFO] [1785098783.091224360] [telemetry_node]: pos_ned=[3.00634888e+02 1.07501987e-02 4.30744476e+01]  yaw=-0.018  armed=True  vtol=3  batt=15.30V/50%
[telemetry_node-1] [INFO] [1785098785.090664673] [telemetry_node]: pos_ned=[ 3.00762604e+02 -1.14518264e-02  4.00363846e+01]  yaw=-0.020  armed=True  vtol=3  batt=15.30V/50%
[telemetry_node-1] [INFO] [1785098787.090400861] [telemetry_node]: pos_ned=[3.00633972e+02 1.79314483e-02 3.70362549e+01]  yaw=-0.023  armed=True  vtol=3  batt=15.30V/50%
[telemetry_node-1] [INFO] [1785098789.090408535] [telemetry_node]: pos_ned=[3.00658203e+02 5.55147454e-02 3.40542221e+01]  yaw=-0.026  armed=True  vtol=3  batt=15.30V/50%
[telemetry_node-1] [INFO] [1785098791.090869094] [telemetry_node]: pos_ned=[3.00636871e+02 6.31644204e-02 3.10430756e+01]  yaw=-0.030  armed=True  vtol=3  batt=15.30V/50%
[telemetry_node-1] [INFO] [1785098793.090833316] [telemetry_node]: pos_ned=[3.00564484e+02 6.46862090e-02 2.80524826e+01]  yaw=-0.033  armed=True  vtol=3  batt=15.30V/50%
[telemetry_node-1] [INFO] [1785098795.091025186] [telemetry_node]: pos_ned=[3.00716187e+02 4.56034280e-02 2.50578957e+01]  yaw=-0.036  armed=True  vtol=3  batt=15.30V/50%
[telemetry_node-1] [INFO] [1785098797.090865397] [telemetry_node]: pos_ned=[3.00615143e+02 1.91156063e-02 2.20361824e+01]  yaw=-0.038  armed=True  vtol=3  batt=15.30V/50%
[telemetry_node-1] [INFO] [1785098799.090546571] [telemetry_node]: pos_ned=[3.00594299e+02 1.69263128e-02 1.90620785e+01]  yaw=-0.041  armed=True  vtol=3  batt=15.30V/50%
[telemetry_node-1] [INFO] [1785098801.090483305] [telemetry_node]: pos_ned=[3.00674194e+02 3.77112255e-02 1.60683556e+01]  yaw=-0.043  armed=True  vtol=3  batt=15.30V/50%
[telemetry_node-1] [INFO] [1785098803.090965209] [telemetry_node]: pos_ned=[3.00592834e+02 6.39925078e-02 1.30538597e+01]  yaw=-0.046  armed=True  vtol=3  batt=15.30V/50%
[telemetry_node-1] [INFO] [1785098805.090706502] [telemetry_node]: pos_ned=[3.00625275e+02 4.41277288e-02 1.01022005e+01]  yaw=-0.048  armed=True  vtol=3  batt=15.30V/50%
[telemetry_node-1] [INFO] [1785098807.090780460] [telemetry_node]: pos_ned=[3.00617798e+02 1.13772713e-02 7.47998810e+00]  yaw=-0.050  armed=True  vtol=3  batt=15.30V/50%
[telemetry_node-1] [INFO] [1785098809.091087147] [telemetry_node]: pos_ned=[3.00601440e+02 4.20700945e-03 5.58573818e+00]  yaw=-0.052  armed=True  vtol=3  batt=15.30V/50%
[telemetry_node-1] [INFO] [1785098811.090932149] [telemetry_node]: pos_ned=[3.00653931e+02 2.06072512e-03 4.14935207e+00]  yaw=-0.053  armed=True  vtol=3  batt=15.30V/50%
[telemetry_node-1] [INFO] [1785098813.091172142] [telemetry_node]: pos_ned=[3.00679932e+02 8.96657072e-03 2.76288915e+00]  yaw=-0.055  armed=True  vtol=3  batt=15.30V/50%
[telemetry_node-1] [INFO] [1785098815.090890796] [telemetry_node]: pos_ned=[3.00641510e+02 2.53225546e-02 1.39742303e+00]  yaw=-0.056  armed=True  vtol=3  batt=15.30V/50%
[telemetry_node-1] [INFO] [1785098817.091696709] [telemetry_node]: pos_ned=[3.00565613e+02 3.04046907e-02 7.63559341e-02]  yaw=-0.057  armed=True  vtol=3  batt=15.30V/50%
[telemetry_node-1] [INFO] [1785098819.091563313] [telemetry_node]: pos_ned=[ 3.00568542e+02  4.22811545e-02 -9.98678207e-02]  yaw=-0.059  armed=True  vtol=3  batt=15.30V/50%
[offboard_node-2] [INFO] [1785098820.745392564] [offboard_node]: 착륙 완료 (disarmed) -> DONE
[telemetry_node-1] [INFO] [1785098821.094276978] [telemetry_node]: pos_ned=[ 3.00580597e+02  4.85480316e-02 -1.03051662e-01]  yaw=-0.062  armed=False  vtol=3  batt=16.20V/58%
[telemetry_node-1] [INFO] [1785098823.091405976] [telemetry_node]: pos_ned=[ 3.00561798e+02  1.87441483e-02 -1.99007988e-02]  yaw=-0.065  armed=False  vtol=3  batt=16.20V/94%
[telemetry_node-1] [INFO] [1785098825.091031037] [telemetry_node]: pos_ned=[3.00557465e+02 2.46270038e-02 7.82992840e-02]  yaw=-0.068  armed=False  vtol=3  batt=16.20V/99%
[WARNING] [launch]: user interrupted with ctrl-c (SIGINT)
[INFO] [offboard_node-2]: sending signal 'SIGINT' to process[offboard_node-2]
[INFO] [telemetry_node-1]: sending signal 'SIGINT' to process[telemetry_node-1]
[telemetry_node-1] Traceback (most recent call last):
[telemetry_node-1]   File "/root/drone_ws/install/fc_ros/lib/python3.10/site-packages/fc_ros/nodes/telemetry_node.py", line 109, in main
[telemetry_node-1]     rclpy.spin(node)
[telemetry_node-1]   File "/opt/ros/humble/local/lib/python3.10/dist-packages/rclpy/__init__.py", line 229, in spin
[telemetry_node-1]     executor.spin_once()
[telemetry_node-1]   File "/opt/ros/humble/local/lib/python3.10/dist-packages/rclpy/executors.py", line 808, in spin_once
[telemetry_node-1]     self._spin_once_impl(timeout_sec)
[telemetry_node-1]   File "/opt/ros/humble/local/lib/python3.10/dist-packages/rclpy/executors.py", line 797, in _spin_once_impl
[telemetry_node-1]     handler, entity, node = self.wait_for_ready_callbacks(timeout_sec=timeout_sec)
[telemetry_node-1]   File "/opt/ros/humble/local/lib/python3.10/dist-packages/rclpy/executors.py", line 780, in wait_for_ready_callbacks
[telemetry_node-1]     return next(self._cb_iter)
[telemetry_node-1]   File "/opt/ros/humble/local/lib/python3.10/dist-packages/rclpy/executors.py", line 677, in _wait_for_ready_callbacks
[telemetry_node-1]     wait_set.wait(timeout_nsec)
[telemetry_node-1] KeyboardInterrupt
[telemetry_node-1] 
[telemetry_node-1] During handling of the above exception, another exception occurred:
[telemetry_node-1] 
[telemetry_node-1] Traceback (most recent call last):
[telemetry_node-1]   File "/root/drone_ws/install/fc_ros/lib/fc_ros/telemetry_node", line 33, in <module>
[telemetry_node-1]     sys.exit(load_entry_point('fc-ros==0.1.0', 'console_scripts', 'telemetry_node')())
[telemetry_node-1]   File "/root/drone_ws/install/fc_ros/lib/python3.10/site-packages/fc_ros/nodes/telemetry_node.py", line 111, in main
[telemetry_node-1]     node.destroy_node()
[telemetry_node-1]   File "/opt/ros/humble/local/lib/python3.10/dist-packages/rclpy/node.py", line 1691, in destroy_node
[telemetry_node-1]     self.destroy_service(self._services[0])
[telemetry_node-1]   File "/opt/ros/humble/local/lib/python3.10/dist-packages/rclpy/node.py", line 1615, in destroy_service
[offboard_node-2] Traceback (most recent call last):
[offboard_node-2]   File "/root/drone_ws/install/fc_ros/lib/python3.10/site-packages/fc_ros/nodes/offboard_node.py", line 1204, in main
[telemetry_node-1]     service.destroy()
[telemetry_node-1]   File "/opt/ros/humble/local/lib/python3.10/dist-packages/rclpy/service.py", line 93, in destroy
[telemetry_node-1]     self.__service.destroy_when_not_in_use()
[telemetry_node-1] KeyboardInterrupt
[offboard_node-2]     rclpy.spin(node)
[offboard_node-2]   File "/opt/ros/humble/local/lib/python3.10/dist-packages/rclpy/__init__.py", line 229, in spin
[offboard_node-2]     executor.spin_once()
[offboard_node-2]   File "/opt/ros/humble/local/lib/python3.10/dist-packages/rclpy/executors.py", line 808, in spin_once
[offboard_node-2]     self._spin_once_impl(timeout_sec)
[offboard_node-2]   File "/opt/ros/humble/local/lib/python3.10/dist-packages/rclpy/executors.py", line 797, in _spin_once_impl
[offboard_node-2]     handler, entity, node = self.wait_for_ready_callbacks(timeout_sec=timeout_sec)
[offboard_node-2]   File "/opt/ros/humble/local/lib/python3.10/dist-packages/rclpy/executors.py", line 780, in wait_for_ready_callbacks
[offboard_node-2]     return next(self._cb_iter)
[offboard_node-2]   File "/opt/ros/humble/local/lib/python3.10/dist-packages/rclpy/executors.py", line 744, in _wait_for_ready_callbacks
[offboard_node-2]     if srv.handle.pointer in services_ready:
[offboard_node-2] KeyboardInterrupt
[offboard_node-2] 
[offboard_node-2] During handling of the above exception, another exception occurred:
[offboard_node-2] 
[offboard_node-2] Traceback (most recent call last):
[offboard_node-2]   File "/root/drone_ws/install/fc_ros/lib/fc_ros/offboard_node", line 33, in <module>
[offboard_node-2]     sys.exit(load_entry_point('fc-ros==0.1.0', 'console_scripts', 'offboard_node')())
[offboard_node-2]   File "/root/drone_ws/install/fc_ros/lib/python3.10/site-packages/fc_ros/nodes/offboard_node.py", line 1206, in main
[offboard_node-2]     node.destroy_node()
[offboard_node-2]   File "/opt/ros/humble/local/lib/python3.10/dist-packages/rclpy/node.py", line 1685, in destroy_node
[offboard_node-2]     self.destroy_publisher(self._publishers[0])
[offboard_node-2]   File "/opt/ros/humble/local/lib/python3.10/dist-packages/rclpy/node.py", line 1565, in destroy_publisher
[offboard_node-2]     publisher.destroy()
[offboard_node-2]   File "/opt/ros/humble/local/lib/python3.10/dist-packages/rclpy/publisher.py", line 99, in destroy
[offboard_node-2]     self.__publisher.destroy_when_not_in_use()
[offboard_node-2] KeyboardInterrupt
[ERROR] [telemetry_node-1]: process has died [pid 1143, exit code -2, cmd '/root/drone_ws/install/fc_ros/lib/fc_ros/telemetry_node --ros-args -r __node:=telemetry_node'].
[ERROR] [offboard_node-2]: process has died [pid 1145, exit code -2, cmd '/root/drone_ws/install/fc_ros/lib/fc_ros/offboard_node --ros-args -r __node:=offboard_node --params-file /root/drone_ws/install/fc_ros/share/fc_ros/params/fc_ros_params.yaml --params-file /tmp/launch_params_u1kwp88l'].
