[INFO] [launch]: All log files can be found below /root/.ros/log/2026-07-27-06-50-14-450876-DESKTOP-Kilogram-1251
[INFO] [launch]: Default logging verbosity is set to INFO
[INFO] [telemetry_node-1]: process started with pid [1286]
[INFO] [offboard_node-2]: process started with pid [1288]
[offboard_node-2] [INFO] [1785102616.075617820] [offboard_node]: ARM 요청
[offboard_node-2] [INFO] [1785102617.603213118] [offboard_node]: CommandTOL 이륙 요청 alt=50.1m AMSL (지면 0.1+50.0) -> CLIMBING
[telemetry_node-1] [INFO] [1785102617.764753361] [telemetry_node]: pos_ned=[-0.03925881 -0.01907104  0.03776737]  yaw=1.689  armed=True  vtol=3  batt=16.20V/100%
[telemetry_node-1] [INFO] [1785102619.718358588] [telemetry_node]: pos_ned=[-0.03940626 -0.00015685  0.01787164]  yaw=1.688  armed=True  vtol=3  batt=16.14V/98%
[telemetry_node-1] [INFO] [1785102621.717963168] [telemetry_node]: pos_ned=[-0.02253544 -0.00114944  0.59663725]  yaw=1.689  armed=True  vtol=3  batt=16.08V/95%
[telemetry_node-1] [INFO] [1785102623.718331847] [telemetry_node]: pos_ned=[-0.03593346  0.00828728  3.15523839]  yaw=1.688  armed=True  vtol=3  batt=16.02V/92%
[telemetry_node-1] [INFO] [1785102625.717924494] [telemetry_node]: pos_ned=[-0.04938773  0.02118923  6.03493786]  yaw=1.681  armed=True  vtol=3  batt=15.96V/89%
[telemetry_node-1] [INFO] [1785102627.717758124] [telemetry_node]: pos_ned=[-0.04070382  0.03794836  9.08793163]  yaw=1.670  armed=True  vtol=3  batt=15.90V/85%
[telemetry_node-1] [INFO] [1785102629.718709345] [telemetry_node]: pos_ned=[-4.41000040e-04  2.30324194e-02  1.34363976e+01]  yaw=1.668  armed=True  vtol=3  batt=15.84V/82%
[telemetry_node-1] [INFO] [1785102631.717890749] [telemetry_node]: pos_ned=[-9.65383556e-03  1.63358320e-02  1.92105026e+01]  yaw=1.668  armed=True  vtol=3  batt=15.78V/79%
[telemetry_node-1] [INFO] [1785102633.717841086] [telemetry_node]: pos_ned=[-1.55046768e-02  3.52934040e-02  2.51419296e+01]  yaw=1.672  armed=True  vtol=3  batt=15.72V/75%
[telemetry_node-1] [INFO] [1785102635.718492269] [telemetry_node]: pos_ned=[-4.59038988e-02  1.59092024e-02  3.10861359e+01]  yaw=1.673  armed=True  vtol=3  batt=15.66V/72%
[telemetry_node-1] [INFO] [1785102637.718335323] [telemetry_node]: pos_ned=[-5.26061133e-02  1.75692588e-02  3.70795174e+01]  yaw=1.681  armed=True  vtol=3  batt=15.60V/69%
[telemetry_node-1] [INFO] [1785102639.717664537] [telemetry_node]: pos_ned=[-5.23646660e-02 -1.89797091e-03  4.30045280e+01]  yaw=1.685  armed=True  vtol=3  batt=15.54V/65%
[telemetry_node-1] [INFO] [1785102641.718976583] [telemetry_node]: pos_ned=[-5.04117794e-02 -2.12925728e-02  4.72532692e+01]  yaw=1.687  armed=True  vtol=3  batt=15.48V/62%
[telemetry_node-1] [INFO] [1785102643.719401664] [telemetry_node]: pos_ned=[-5.68991825e-02 -4.41522850e-03  4.90510712e+01]  yaw=1.688  armed=True  vtol=3  batt=15.42V/59%
[offboard_node-2] [INFO] [1785102644.899986147] [offboard_node]: 운용 고도 50.0m 도달 → transition_fw
[telemetry_node-1] [INFO] [1785102646.340690811] [telemetry_node]: pos_ned=[-3.23922597e-02 -5.03005385e-02  4.97435455e+01]  yaw=1.688  armed=True  vtol=3  batt=15.36V/55%
[offboard_node-2] [INFO] [1785102647.502372066] [offboard_node]: 천이 전 MC OFFBOARD 요청 (헤딩 정렬 대기)
[telemetry_node-1] [INFO] [1785102647.718497368] [telemetry_node]: pos_ned=[-3.63127515e-02 -3.64261791e-02  4.99509087e+01]  yaw=1.692  armed=True  vtol=3  batt=15.30V/52%
[telemetry_node-1] [INFO] [1785102649.717510977] [telemetry_node]: pos_ned=[-6.69633038e-04 -2.38276292e-02  5.01665230e+01]  yaw=1.261  armed=True  vtol=3  batt=15.30V/50%
[telemetry_node-1] [INFO] [1785102651.717500331] [telemetry_node]: pos_ned=[-9.41724051e-03  6.10933900e-02  5.03463173e+01]  yaw=0.590  armed=True  vtol=3  batt=15.30V/50%
[telemetry_node-1] [INFO] [1785102653.717482887] [telemetry_node]: pos_ned=[-2.79999599e-02  1.36374608e-01  5.05394974e+01]  yaw=0.306  armed=True  vtol=3  batt=15.30V/50%
[telemetry_node-1] [INFO] [1785102655.717607082] [telemetry_node]: pos_ned=[7.80904479e-03 1.93460688e-01 5.07165680e+01]  yaw=0.165  armed=True  vtol=3  batt=15.30V/50%
[telemetry_node-1] [INFO] [1785102657.717863871] [telemetry_node]: pos_ned=[ 0.06095753  0.20362182 50.89959335]  yaw=0.094  armed=True  vtol=3  batt=15.30V/50%
[telemetry_node-1] [INFO] [1785102659.717437762] [telemetry_node]: pos_ned=[ 0.10653902  0.15725225 51.10573578]  yaw=0.053  armed=True  vtol=3  batt=15.30V/50%
[telemetry_node-1] [INFO] [1785102661.717498793] [telemetry_node]: pos_ned=[ 0.10439     0.10373102 51.33371735]  yaw=0.041  armed=True  vtol=3  batt=15.30V/50%
[offboard_node-2] [INFO] [1785102661.900976792] [offboard_node]: 헤딩 정렬 완료 target=0.0° current=2.3° err=-2.3° (20틱 안정) → 전진 + 천이 명령
[offboard_node-2] [INFO] [1785102661.902991637] [offboard_node]: MC→FW 천이 명령 요청 (위치 setpoint 직선 천이)
[telemetry_node-1] [INFO] [1785102663.718154275] [telemetry_node]: pos_ned=[ 2.21170282e+00 -1.54430727e-02  5.14063110e+01]  yaw=0.024  armed=True  vtol=1  batt=15.30V/50%
[offboard_node-2] [INFO] [1785102664.600444256] [offboard_node]: FW 전환 완료 -> STREAMING
[offboard_node-2] [INFO] [1785102664.708496856] [offboard_node]: OFFBOARD 확인 → FOLLOWING
[offboard_node-2] [INFO] [1785102664.820489053] [offboard_node]: FOLLOWING 시작 pos=[13.5,-0.6] tgt=[83.5,0.0] cte=-0.6m mode=OFFBOARD
[telemetry_node-1] [INFO] [1785102665.717734895] [telemetry_node]: pos_ned=[28.79134178 -1.17048132 50.07846069]  yaw=-0.015  armed=True  vtol=4  batt=15.30V/50%
[offboard_node-2] [INFO] [1785102666.724095675] [offboard_node]: FOLLOWING tick=20 mode=OFFBOARD cte=-1.0m pos=[43.6,-1.0] tgt=[113.6,0.0]
[telemetry_node-1] [INFO] [1785102667.719176666] [telemetry_node]: pos_ned=[58.21082306 -0.75221378 50.81555557]  yaw=0.015  armed=True  vtol=4  batt=15.30V/50%
[offboard_node-2] [INFO] [1785102668.728607580] [offboard_node]: FOLLOWING tick=40 mode=OFFBOARD cte=-0.4m pos=[72.2,-0.4] tgt=[142.2,0.0]
[telemetry_node-1] [INFO] [1785102669.717877094] [telemetry_node]: pos_ned=[87.49423981 -0.17454517 48.85401917]  yaw=0.025  armed=True  vtol=4  batt=15.30V/50%
[offboard_node-2] [INFO] [1785102670.724860179] [offboard_node]: FOLLOWING tick=60 mode=OFFBOARD cte=-0.0m pos=[102.0,-0.0] tgt=[172.0,0.0]
[telemetry_node-1] [INFO] [1785102671.718085814] [telemetry_node]: pos_ned=[1.15305847e+02 5.13193756e-02 4.91702652e+01]  yaw=0.021  armed=True  vtol=4  batt=15.30V/50%
[offboard_node-2] [INFO] [1785102672.722067711] [offboard_node]: FOLLOWING tick=80 mode=OFFBOARD cte=0.1m pos=[130.9,0.1] tgt=[200.9,0.0]
[offboard_node-2] [WARN] [1785102673.700062265] [offboard_node]: 조종사 인계 감지 (mode=POSCTL) — 세트포인트 발행 중단, OFFBOARD 재요청 안 함. 기체는 조종사 것.
[telemetry_node-1] [INFO] [1785102673.718071033] [telemetry_node]: pos_ned=[1.45974945e+02 1.23628013e-01 4.90845261e+01]  yaw=-0.004  armed=True  vtol=4  batt=15.30V/50%
[telemetry_node-1] [INFO] [1785102675.717526243] [telemetry_node]: pos_ned=[174.56236267   0.27245843  48.97636032]  yaw=-0.018  armed=True  vtol=4  batt=15.30V/50%
[telemetry_node-1] [INFO] [1785102677.718126572] [telemetry_node]: pos_ned=[201.74577332   0.51131624  49.02702332]  yaw=-0.008  armed=True  vtol=4  batt=15.30V/50%
[telemetry_node-1] [INFO] [1785102679.718549853] [telemetry_node]: pos_ned=[220.36920166   0.63150239  49.07348251]  yaw=0.006  armed=True  vtol=4  batt=15.30V/50%
[telemetry_node-1] [INFO] [1785102681.717270751] [telemetry_node]: pos_ned=[248.09625244   0.78482813  49.08574295]  yaw=0.017  armed=True  vtol=4  batt=15.30V/50%
[telemetry_node-1] [INFO] [1785102683.717513833] [telemetry_node]: pos_ned=[275.64291382   0.90157777  49.08740997]  yaw=0.011  armed=True  vtol=4  batt=15.30V/50%
[telemetry_node-1] [INFO] [1785102685.717585697] [telemetry_node]: pos_ned=[303.30065918   1.08142924  49.05164719]  yaw=0.002  armed=True  vtol=4  batt=15.30V/50%
[telemetry_node-1] [INFO] [1785102687.717287357] [telemetry_node]: pos_ned=[330.93130493   1.26375914  49.03973007]  yaw=0.005  armed=True  vtol=4  batt=15.30V/50%
[telemetry_node-1] [INFO] [1785102689.718565180] [telemetry_node]: pos_ned=[358.14422607   1.42004037  48.98495483]  yaw=0.018  armed=True  vtol=4  batt=15.30V/50%
[telemetry_node-1] [INFO] [1785102691.717668001] [telemetry_node]: pos_ned=[385.33621216   1.62835407  48.93159866]  yaw=0.029  armed=True  vtol=4  batt=15.30V/50%
[telemetry_node-1] [INFO] [1785102693.717839354] [telemetry_node]: pos_ned=[413.16201782   1.74290872  48.86001205]  yaw=0.029  armed=True  vtol=4  batt=15.30V/50%
[telemetry_node-1] [INFO] [1785102695.717911085] [telemetry_node]: pos_ned=[440.92294312   1.92255437  48.79935455]  yaw=0.025  armed=True  vtol=4  batt=15.30V/50%
[telemetry_node-1] [INFO] [1785102697.718410521] [telemetry_node]: pos_ned=[468.8699646    2.09579563  48.74594116]  yaw=0.027  armed=True  vtol=4  batt=15.30V/50%
[telemetry_node-1] [INFO] [1785102699.717515660] [telemetry_node]: pos_ned=[497.04205322   2.22865415  48.71548462]  yaw=0.035  armed=True  vtol=4  batt=15.30V/50%
[telemetry_node-1] [INFO] [1785102701.718769329] [telemetry_node]: pos_ned=[525.14953613   2.44486737  48.69974518]  yaw=0.045  armed=True  vtol=4  batt=15.30V/50%
[telemetry_node-1] [INFO] [1785102703.718064979] [telemetry_node]: pos_ned=[552.44622803   2.68127799  48.65593338]  yaw=0.047  armed=True  vtol=4  batt=15.30V/50%
[telemetry_node-1] [INFO] [1785102705.718012645] [telemetry_node]: pos_ned=[580.69616699   2.85018539  48.62989044]  yaw=0.045  armed=True  vtol=4  batt=15.30V/50%
[telemetry_node-1] [INFO] [1785102707.718164568] [telemetry_node]: pos_ned=[608.9130249    3.0529573   48.53549194]  yaw=0.043  armed=True  vtol=4  batt=15.30V/50%
[telemetry_node-1] [INFO] [1785102709.721797844] [telemetry_node]: pos_ned=[636.88800049   3.22349238  48.50741196]  yaw=0.045  armed=True  vtol=4  batt=15.30V/50%
[telemetry_node-1] [INFO] [1785102711.718323052] [telemetry_node]: pos_ned=[665.39331055   3.38420725  48.46921921]  yaw=0.050  armed=True  vtol=4  batt=15.30V/50%
[telemetry_node-1] [INFO] [1785102713.718062840] [telemetry_node]: pos_ned=[684.49505615   3.51870704  48.44986725]  yaw=0.051  armed=True  vtol=4  batt=15.30V/50%
[telemetry_node-1] [INFO] [1785102715.721735828] [telemetry_node]: pos_ned=[712.5177002    3.64395523  48.44438553]  yaw=0.052  armed=True  vtol=4  batt=15.30V/50%
[telemetry_node-1] [INFO] [1785102717.717640331] [telemetry_node]: pos_ned=[740.6607666    3.84472466  48.45082855]  yaw=0.051  armed=True  vtol=4  batt=15.30V/50%
[telemetry_node-1] [INFO] [1785102719.718231143] [telemetry_node]: pos_ned=[769.25695801   3.99492455  48.48332214]  yaw=0.050  armed=True  vtol=4  batt=15.30V/50%
[telemetry_node-1] [INFO] [1785102721.718244228] [telemetry_node]: pos_ned=[797.5534668    4.1458497   48.48844147]  yaw=0.053  armed=True  vtol=4  batt=15.30V/50%
[telemetry_node-1] [INFO] [1785102723.718744631] [telemetry_node]: pos_ned=[825.75109863   4.34773588  48.45735931]  yaw=0.056  armed=True  vtol=4  batt=15.30V/50%
[telemetry_node-1] [INFO] [1785102725.717982082] [telemetry_node]: pos_ned=[854.54058838   4.58312225  48.50052261]  yaw=0.058  armed=True  vtol=4  batt=15.30V/50%
[telemetry_node-1] [INFO] [1785102727.718115876] [telemetry_node]: pos_ned=[882.78955078   4.76553965  48.5209198 ]  yaw=0.056  armed=True  vtol=4  batt=15.30V/50%
[telemetry_node-1] [INFO] [1785102729.717819103] [telemetry_node]: pos_ned=[911.76141357   4.92063618  48.49880981]  yaw=0.052  armed=True  vtol=4  batt=15.30V/50%
[telemetry_node-1] [INFO] [1785102731.718773264] [telemetry_node]: pos_ned=[940.92260742   5.10532141  48.48716736]  yaw=0.051  armed=True  vtol=4  batt=15.30V/50%
[telemetry_node-1] [INFO] [1785102733.718210574] [telemetry_node]: pos_ned=[969.94110107   5.35039377  48.48439789]  yaw=0.055  armed=True  vtol=4  batt=15.30V/50%
[telemetry_node-1] [INFO] [1785102735.718057943] [telemetry_node]: pos_ned=[998.52301025   5.57642317  48.4229393 ]  yaw=0.056  armed=True  vtol=4  batt=15.30V/50%
[telemetry_node-1] [INFO] [1785102737.717898601] [telemetry_node]: pos_ned=[1027.48791504    5.76348257   48.38118362]  yaw=0.053  armed=True  vtol=4  batt=15.30V/50%
[telemetry_node-1] [INFO] [1785102739.717893598] [telemetry_node]: pos_ned=[1056.57580566    6.02963972   48.37194443]  yaw=0.049  armed=True  vtol=4  batt=15.30V/50%
[telemetry_node-1] [INFO] [1785102741.718375249] [telemetry_node]: pos_ned=[1085.1505127     6.2197504    48.35785675]  yaw=0.047  armed=True  vtol=4  batt=15.30V/50%
[telemetry_node-1] [INFO] [1785102743.718701653] [telemetry_node]: pos_ned=[1113.79907227    6.37172747   48.37351608]  yaw=0.049  armed=True  vtol=4  batt=15.30V/50%
[telemetry_node-1] [INFO] [1785102746.112022551] [telemetry_node]: pos_ned=[1137.35083008    6.55478573   48.40935516]  yaw=0.051  armed=True  vtol=4  batt=15.30V/50%
[telemetry_node-1] [INFO] [1785102747.718177732] [telemetry_node]: pos_ned=[1160.63439941    6.76152658   48.42516708]  yaw=0.051  armed=True  vtol=4  batt=15.30V/50%
[telemetry_node-1] [INFO] [1785102749.718463545] [telemetry_node]: pos_ned=[1189.63598633    6.86496305   48.41261673]  yaw=0.047  armed=True  vtol=4  batt=15.30V/50%
[telemetry_node-1] [INFO] [1785102751.721287363] [telemetry_node]: pos_ned=[1217.6394043     6.97443724   48.4166069 ]  yaw=0.043  armed=True  vtol=4  batt=15.30V/50%
[telemetry_node-1] [INFO] [1785102753.717990770] [telemetry_node]: pos_ned=[1245.72583008    7.0807724    48.43213654]  yaw=0.042  armed=True  vtol=4  batt=15.30V/50%
[telemetry_node-1] [INFO] [1785102755.718151489] [telemetry_node]: pos_ned=[1274.57836914    7.17462921   48.46268082]  yaw=0.046  armed=True  vtol=4  batt=15.30V/50%
[telemetry_node-1] [INFO] [1785102757.719048907] [telemetry_node]: pos_ned=[1302.63220215    7.3498292    48.5015564 ]  yaw=0.050  armed=True  vtol=4  batt=15.30V/50%
[telemetry_node-1] [INFO] [1785102759.717930996] [telemetry_node]: pos_ned=[1331.36462402    7.57139921   48.5024147 ]  yaw=0.051  armed=True  vtol=4  batt=15.30V/50%
[telemetry_node-1] [INFO] [1785102761.718457205] [telemetry_node]: pos_ned=[1360.02893066    7.75393963   48.49316788]  yaw=0.047  armed=True  vtol=4  batt=15.30V/50%
[telemetry_node-1] [INFO] [1785102763.718571741] [telemetry_node]: pos_ned=[1387.58374023    7.91239929   48.48740387]  yaw=0.045  armed=True  vtol=4  batt=15.30V/50%
[telemetry_node-1] [INFO] [1785102765.718245545] [telemetry_node]: pos_ned=[1416.87365723    8.17571545   48.50962067]  yaw=0.047  armed=True  vtol=4  batt=15.30V/50%
[telemetry_node-1] [INFO] [1785102767.717724339] [telemetry_node]: pos_ned=[1439.81738281    8.37335491   48.51825714]  yaw=0.049  armed=True  vtol=4  batt=15.30V/50%
[telemetry_node-1] [INFO] [1785102769.718303729] [telemetry_node]: pos_ned=[1469.07507324    8.573946     48.46672058]  yaw=0.049  armed=True  vtol=4  batt=15.30V/50%
[telemetry_node-1] [INFO] [1785102771.717689941] [telemetry_node]: pos_ned=[1497.92541504    8.74433517   48.42577362]  yaw=0.043  armed=True  vtol=4  batt=15.30V/50%
[telemetry_node-1] [INFO] [1785102773.719744237] [telemetry_node]: pos_ned=[1527.26599121    8.91417217   48.41226196]  yaw=0.038  armed=True  vtol=4  batt=15.30V/50%
[telemetry_node-1] [INFO] [1785102775.718036325] [telemetry_node]: pos_ned=[1556.0480957     9.13862896   48.36400604]  yaw=0.040  armed=True  vtol=4  batt=15.30V/50%
[WARNING] [launch]: user interrupted with ctrl-c (SIGINT)
[INFO] [offboard_node-2]: sending signal 'SIGINT' to process[offboard_node-2]
[INFO] [telemetry_node-1]: sending signal 'SIGINT' to process[telemetry_node-1]
[offboard_node-2] Traceback (most recent call last):
[offboard_node-2]   File "/root/drone_ws/install/fc_ros/lib/python3.10/site-packages/fc_ros/nodes/offboard_node.py", line 1204, in main
[offboard_node-2]     rclpy.spin(node)
[offboard_node-2]   File "/opt/ros/humble/local/lib/python3.10/dist-packages/rclpy/__init__.py", line 229, in spin
[offboard_node-2]     executor.spin_once()
[offboard_node-2]   File "/opt/ros/humble/local/lib/python3.10/dist-packages/rclpy/executors.py", line 808, in spin_once
[offboard_node-2]     self._spin_once_impl(timeout_sec)
[offboard_node-2]   File "/opt/ros/humble/local/lib/python3.10/dist-packages/rclpy/executors.py", line 797, in _spin_once_impl
[offboard_node-2]     handler, entity, node = self.wait_for_ready_callbacks(timeout_sec=timeout_sec)
[offboard_node-2]   File "/opt/ros/humble/local/lib/python3.10/dist-packages/rclpy/executors.py", line 780, in wait_for_ready_callbacks
[offboard_node-2]     return next(self._cb_iter)
[offboard_node-2]   File "/opt/ros/humble/local/lib/python3.10/dist-packages/rclpy/executors.py", line 677, in _wait_for_ready_callbacks
[offboard_node-2]     wait_set.wait(timeout_nsec)
[offboard_node-2] KeyboardInterrupt
[offboard_node-2] 
[offboard_node-2] During handling of the above exception, another exception occurred:
[offboard_node-2] 
[offboard_node-2] Traceback (most recent call last):
[offboard_node-2]   File "/root/drone_ws/install/fc_ros/lib/fc_ros/offboard_node", line 33, in <module>
[offboard_node-2]     sys.exit(load_entry_point('fc-ros==0.1.0', 'console_scripts', 'offboard_node')())
[offboard_node-2]   File "/root/drone_ws/install/fc_ros/lib/python3.10/site-packages/fc_ros/nodes/offboard_node.py", line 1206, in main
[offboard_node-2]     node.destroy_node()
[offboard_node-2]   File "/opt/ros/humble/local/lib/python3.10/dist-packages/rclpy/node.py", line 1685, in destroy_node
[offboard_node-2]     self.destroy_publisher(self._publishers[0])
[offboard_node-2]   File "/opt/ros/humble/local/lib/python3.10/dist-packages/rclpy/node.py", line 1565, in destroy_publisher
[offboard_node-2]     publisher.destroy()
[offboard_node-2]   File "/opt/ros/humble/local/lib/python3.10/dist-packages/rclpy/publisher.py", line 99, in destroy
[offboard_node-2]     self.__publisher.destroy_when_not_in_use()
[offboard_node-2] KeyboardInterrupt
[telemetry_node-1] Traceback (most recent call last):
[telemetry_node-1]   File "/root/drone_ws/install/fc_ros/lib/python3.10/site-packages/fc_ros/nodes/telemetry_node.py", line 109, in main
[telemetry_node-1]     rclpy.spin(node)
[telemetry_node-1]   File "/opt/ros/humble/local/lib/python3.10/dist-packages/rclpy/__init__.py", line 229, in spin
[telemetry_node-1]     executor.spin_once()
[telemetry_node-1]   File "/opt/ros/humble/local/lib/python3.10/dist-packages/rclpy/executors.py", line 808, in spin_once
[telemetry_node-1]     self._spin_once_impl(timeout_sec)
[telemetry_node-1]   File "/opt/ros/humble/local/lib/python3.10/dist-packages/rclpy/executors.py", line 797, in _spin_once_impl
[telemetry_node-1]     handler, entity, node = self.wait_for_ready_callbacks(timeout_sec=timeout_sec)
[telemetry_node-1]   File "/opt/ros/humble/local/lib/python3.10/dist-packages/rclpy/executors.py", line 780, in wait_for_ready_callbacks
[telemetry_node-1]     return next(self._cb_iter)
[telemetry_node-1]   File "/opt/ros/humble/local/lib/python3.10/dist-packages/rclpy/executors.py", line 677, in _wait_for_ready_callbacks
[telemetry_node-1]     wait_set.wait(timeout_nsec)
[telemetry_node-1] KeyboardInterrupt
[telemetry_node-1] 
[telemetry_node-1] During handling of the above exception, another exception occurred:
[telemetry_node-1] 
[telemetry_node-1] Traceback (most recent call last):
[telemetry_node-1]   File "/root/drone_ws/install/fc_ros/lib/fc_ros/telemetry_node", line 33, in <module>
[telemetry_node-1]     sys.exit(load_entry_point('fc-ros==0.1.0', 'console_scripts', 'telemetry_node')())
[telemetry_node-1]   File "/root/drone_ws/install/fc_ros/lib/python3.10/site-packages/fc_ros/nodes/telemetry_node.py", line 111, in main
[telemetry_node-1]     node.destroy_node()
[telemetry_node-1]   File "/opt/ros/humble/local/lib/python3.10/dist-packages/rclpy/node.py", line 1696, in destroy_node
[telemetry_node-1]     self.__node.destroy_when_not_in_use()
[telemetry_node-1] KeyboardInterrupt
[ERROR] [telemetry_node-1]: process has died [pid 1286, exit code -2, cmd '/root/drone_ws/install/fc_ros/lib/fc_ros/telemetry_node --ros-args -r __node:=telemetry_node'].
[ERROR] [offboard_node-2]: process has died [pid 1288, exit code -2, cmd '/root/drone_ws/install/fc_ros/lib/fc_ros/offboard_node --ros-args -r __node:=offboard_node --params-file /root/drone_ws/install/fc_ros/share/fc_ros/params/fc_ros_params.yaml --params-file /tmp/launch_params_nm3q0m6a'].
