[INFO] [launch]: All log files can be found below /root/.ros/log/2026-07-27-04-21-59-928227-DESKTOP-Kilogram-1090
[INFO] [launch]: Default logging verbosity is set to INFO
[INFO] [telemetry_node-1]: process started with pid [1093]
[INFO] [offboard_node-2]: process started with pid [1095]
[offboard_node-2] [WARN] [1785093721.478282927] [offboard_node]: /mavros/cmd/arming 서비스 없음
[offboard_node-2] [WARN] [1785093721.499724995] [offboard_node]: /mavros/cmd/arming 서비스 없음
[offboard_node-2] [WARN] [1785093721.599062832] [offboard_node]: /mavros/cmd/arming 서비스 없음
[offboard_node-2] [WARN] [1785093721.698598967] [offboard_node]: /mavros/cmd/arming 서비스 없음
[offboard_node-2] [WARN] [1785093721.799466409] [offboard_node]: /mavros/cmd/arming 서비스 없음
[offboard_node-2] [WARN] [1785093721.899149969] [offboard_node]: /mavros/cmd/arming 서비스 없음
[offboard_node-2] [WARN] [1785093722.003926209] [offboard_node]: /mavros/cmd/arming 서비스 없음
[offboard_node-2] [WARN] [1785093722.098639109] [offboard_node]: /mavros/cmd/arming 서비스 없음
[offboard_node-2] [WARN] [1785093722.199708292] [offboard_node]: /mavros/cmd/arming 서비스 없음
[offboard_node-2] [WARN] [1785093722.298608841] [offboard_node]: /mavros/cmd/arming 서비스 없음
[offboard_node-2] [WARN] [1785093722.398508552] [offboard_node]: /mavros/cmd/arming 서비스 없음
[offboard_node-2] [WARN] [1785093722.498956985] [offboard_node]: /mavros/cmd/arming 서비스 없음
[offboard_node-2] [WARN] [1785093722.598570808] [offboard_node]: /mavros/cmd/arming 서비스 없음
[offboard_node-2] [WARN] [1785093722.700121182] [offboard_node]: /mavros/cmd/arming 서비스 없음
[offboard_node-2] [INFO] [1785093722.799761804] [offboard_node]: ARM 요청
[telemetry_node-1] [INFO] [1785093723.053521741] [telemetry_node]: pos_ned=[0.00076594 0.00810954 0.04779151]  yaw=1.659  armed=False  vtol=3  batt=0.00V/100%
[offboard_node-2] [INFO] [1785093723.200479214] [offboard_node]: CommandTOL 이륙 요청 alt=50.1m AMSL (지면 0.1+50.0) -> CLIMBING
[telemetry_node-1] [INFO] [1785093724.960171495] [telemetry_node]: pos_ned=[-0.01365857  0.02487892  0.03627248]  yaw=1.654  armed=True  vtol=3  batt=16.19V/100%
[telemetry_node-1] [INFO] [1785093726.960225547] [telemetry_node]: pos_ned=[-0.03219354  0.01125498  0.06142175]  yaw=1.658  armed=True  vtol=3  batt=16.13V/98%
[telemetry_node-1] [INFO] [1785093728.959425525] [telemetry_node]: pos_ned=[-0.00639604  0.01320063  2.01493025]  yaw=1.657  armed=True  vtol=3  batt=16.07V/94%
[telemetry_node-1] [INFO] [1785093730.959848096] [telemetry_node]: pos_ned=[-0.01641718  0.01159346  4.71389437]  yaw=1.655  armed=True  vtol=3  batt=16.01V/91%
[telemetry_node-1] [INFO] [1785093736.388759536] [telemetry_node]: pos_ned=[-2.83488687e-02  6.43918151e-03  7.54760170e+00]  yaw=1.652  armed=True  vtol=3  batt=15.95V/88%
[telemetry_node-1] [INFO] [1785093736.959439699] [telemetry_node]: pos_ned=[-0.02568325  0.01120176  8.41361904]  yaw=1.650  armed=True  vtol=3  batt=15.89V/84%
[telemetry_node-1] [INFO] [1785093738.959859869] [telemetry_node]: pos_ned=[-7.37621821e-03  2.58817039e-02  1.18413725e+01]  yaw=1.644  armed=True  vtol=3  batt=15.83V/81%
[telemetry_node-1] [INFO] [1785093740.959577609] [telemetry_node]: pos_ned=[-0.02614398  0.03976066 17.63537979]  yaw=1.643  armed=True  vtol=3  batt=15.77V/78%
[telemetry_node-1] [INFO] [1785093742.959405643] [telemetry_node]: pos_ned=[-3.94697068e-03  1.26010831e-02  2.35632820e+01]  yaw=1.643  armed=True  vtol=3  batt=15.71V/74%
[telemetry_node-1] [INFO] [1785093744.959490238] [telemetry_node]: pos_ned=[-1.40435826e-02  5.51082939e-03  2.93797665e+01]  yaw=1.641  armed=True  vtol=3  batt=15.65V/71%
[telemetry_node-1] [INFO] [1785093746.959416370] [telemetry_node]: pos_ned=[-2.74813417e-02  3.12853381e-02  3.52322044e+01]  yaw=1.642  armed=True  vtol=3  batt=15.59V/68%
[telemetry_node-1] [INFO] [1785093748.959683815] [telemetry_node]: pos_ned=[6.35829614e-03 4.90263812e-02 4.10760078e+01]  yaw=1.646  armed=True  vtol=3  batt=15.53V/64%
[telemetry_node-1] [INFO] [1785093750.959597914] [telemetry_node]: pos_ned=[-2.53325328e-02  6.58249408e-02  4.61905746e+01]  yaw=1.641  armed=True  vtol=3  batt=15.47V/61%
[telemetry_node-1] [INFO] [1785093752.959420046] [telemetry_node]: pos_ned=[-1.40846362e-02  4.87976149e-02  4.86221085e+01]  yaw=1.645  armed=True  vtol=3  batt=15.41V/58%
[telemetry_node-1] [INFO] [1785093754.959671886] [telemetry_node]: pos_ned=[-1.24889277e-02  2.70840172e-02  4.95559425e+01]  yaw=1.640  armed=True  vtol=3  batt=15.35V/54%
[offboard_node-2] [INFO] [1785093754.997574269] [offboard_node]: 운용 고도 50.0m 도달 → transition_fw
[telemetry_node-1] [INFO] [1785093756.959557477] [telemetry_node]: pos_ned=[5.71950059e-03 1.40729453e-02 4.98964386e+01]  yaw=1.629  armed=True  vtol=3  batt=15.30V/51%
[offboard_node-2] [INFO] [1785093756.998136681] [offboard_node]: 천이 전 MC OFFBOARD 요청 (헤딩 정렬 대기)
[telemetry_node-1] [INFO] [1785093758.959876940] [telemetry_node]: pos_ned=[-2.00867988e-02  4.69337068e-02  4.99370651e+01]  yaw=1.138  armed=True  vtol=3  batt=15.30V/50%
[telemetry_node-1] [INFO] [1785093760.960016002] [telemetry_node]: pos_ned=[-4.74071465e-02 -1.31445099e-02  4.99399757e+01]  yaw=0.565  armed=True  vtol=3  batt=15.30V/50%
[telemetry_node-1] [INFO] [1785093762.959518319] [telemetry_node]: pos_ned=[-0.07503696 -0.12461942 49.94571686]  yaw=0.301  armed=True  vtol=3  batt=15.30V/50%
[telemetry_node-1] [INFO] [1785093764.959760145] [telemetry_node]: pos_ned=[-0.0708316  -0.18673106 49.9378891 ]  yaw=0.165  armed=True  vtol=3  batt=15.30V/50%
[telemetry_node-1] [INFO] [1785093766.959577001] [telemetry_node]: pos_ned=[-4.43172678e-02 -1.67294696e-01  4.99192162e+01]  yaw=0.093  armed=True  vtol=3  batt=15.30V/50%
[telemetry_node-1] [INFO] [1785093772.256642543] [telemetry_node]: pos_ned=[-0.06263432 -0.15545042 49.88143539]  yaw=0.054  armed=True  vtol=3  batt=15.30V/50%
[telemetry_node-1] [INFO] [1785093772.959521747] [telemetry_node]: pos_ned=[-0.07168382 -0.13843311 49.86827087]  yaw=0.045  armed=True  vtol=3  batt=15.30V/50%
[offboard_node-2] [INFO] [1785093774.497913637] [offboard_node]: 헤딩 정렬 완료 target=0.0° current=2.4° err=-2.4° (20틱 안정) → 전진 + 천이 명령
[offboard_node-2] [INFO] [1785093774.499146551] [offboard_node]: MC→FW 천이 명령 요청 (위치 setpoint 직선 천이)
[telemetry_node-1] [INFO] [1785093774.959436007] [telemetry_node]: pos_ned=[-0.14685711 -0.07497083 49.93837738]  yaw=0.041  armed=True  vtol=1  batt=15.30V/50%
[telemetry_node-1] [INFO] [1785093776.959670221] [telemetry_node]: pos_ned=[ 7.13367224 -0.30738148 50.1107254 ]  yaw=-0.018  armed=True  vtol=1  batt=15.30V/50%
[offboard_node-2] [INFO] [1785093777.297449643] [offboard_node]: FW 전환 완료 -> STREAMING
[offboard_node-2] [INFO] [1785093777.404559101] [offboard_node]: OFFBOARD 확인 → FOLLOWING
[offboard_node-2] [INFO] [1785093777.514197738] [offboard_node]: FOLLOWING 시작 pos=[15.8,-0.8] tgt=[85.8,0.0] cte=-0.8m mode=OFFBOARD
[telemetry_node-1] [INFO] [1785093778.959712868] [telemetry_node]: pos_ned=[41.52090454 -1.23637247 51.8892746 ]  yaw=0.007  armed=True  vtol=4  batt=15.30V/50%
[offboard_node-2] [INFO] [1785093779.414163302] [offboard_node]: FOLLOWING tick=20 mode=OFFBOARD cte=-1.1m pos=[48.7,-1.1] tgt=[118.7,0.0]
[telemetry_node-1] [INFO] [1785093780.962035831] [telemetry_node]: pos_ned=[72.02548218 -0.71237504 50.39112091]  yaw=0.014  armed=True  vtol=4  batt=15.30V/50%
[offboard_node-2] [INFO] [1785093781.424984398] [offboard_node]: FOLLOWING tick=40 mode=OFFBOARD cte=-0.6m pos=[76.7,-0.6] tgt=[146.7,0.0]
[telemetry_node-1] [INFO] [1785093782.960623163] [telemetry_node]: pos_ned=[101.7312088   -0.18990387  49.30514526]  yaw=0.020  armed=True  vtol=4  batt=15.30V/50%
[offboard_node-2] [INFO] [1785093783.420499941] [offboard_node]: FOLLOWING tick=60 mode=OFFBOARD cte=-0.1m pos=[108.5,-0.1] tgt=[178.5,0.0]
[telemetry_node-1] [INFO] [1785093784.960003392] [telemetry_node]: pos_ned=[1.31791656e+02 1.58821065e-02 4.90996819e+01]  yaw=0.024  armed=True  vtol=4  batt=15.30V/50%
[offboard_node-2] [INFO] [1785093785.414714233] [offboard_node]: FOLLOWING tick=80 mode=OFFBOARD cte=0.0m pos=[138.5,0.0] tgt=[208.5,0.0]
[telemetry_node-1] [INFO] [1785093786.959601506] [telemetry_node]: pos_ned=[1.61843964e+02 6.62714541e-02 4.89829140e+01]  yaw=0.008  armed=True  vtol=4  batt=15.30V/50%
[offboard_node-2] [INFO] [1785093787.416223188] [offboard_node]: FOLLOWING tick=100 mode=OFFBOARD cte=0.1m pos=[168.4,0.1] tgt=[238.4,0.0]
[telemetry_node-1] [INFO] [1785093788.959264240] [telemetry_node]: pos_ned=[1.91160477e+02 2.26443280e-02 4.89850769e+01]  yaw=-0.009  armed=True  vtol=4  batt=15.30V/50%
[offboard_node-2] [INFO] [1785093789.418619758] [offboard_node]: FOLLOWING tick=120 mode=OFFBOARD cte=0.0m pos=[197.4,0.0] tgt=[267.4,0.0]
[telemetry_node-1] [INFO] [1785093790.959245874] [telemetry_node]: pos_ned=[2.20102234e+02 3.07390224e-02 4.89942284e+01]  yaw=-0.008  armed=True  vtol=4  batt=15.30V/50%
[offboard_node-2] [INFO] [1785093791.413686643] [offboard_node]: FOLLOWING tick=140 mode=OFFBOARD cte=0.0m pos=[226.3,0.0] tgt=[296.3,0.0]
[telemetry_node-1] [INFO] [1785093792.960096508] [telemetry_node]: pos_ned=[2.48591690e+02 5.58679327e-02 4.90365677e+01]  yaw=0.008  armed=True  vtol=4  batt=15.30V/50%
[offboard_node-2] [INFO] [1785093793.410245635] [offboard_node]: FOLLOWING tick=160 mode=OFFBOARD cte=0.1m pos=[254.8,0.1] tgt=[300.0,0.0]
[telemetry_node-1] [INFO] [1785093794.959616306] [telemetry_node]: pos_ned=[2.76978394e+02 6.27914742e-02 4.91015739e+01]  yaw=0.021  armed=True  vtol=4  batt=15.30V/50%
[offboard_node-2] [INFO] [1785093795.410845413] [offboard_node]: FOLLOWING tick=180 mode=OFFBOARD cte=0.1m pos=[283.2,0.1] tgt=[300.0,0.0]
[offboard_node-2] [INFO] [1785093795.907126773] [offboard_node]: 경로 추종 완료 -> transition_mc
[offboard_node-2] [INFO] [1785093795.997965052] [offboard_node]: FW->MC 역천이 명령 요청
[telemetry_node-1] [INFO] [1785093796.959754516] [telemetry_node]: pos_ned=[ 3.04408417e+02 -1.62639655e-02  4.91278763e+01]  yaw=0.016  armed=True  vtol=2  batt=15.30V/50%
[telemetry_node-1] [INFO] [1785093798.959956680] [telemetry_node]: pos_ned=[ 3.26390564e+02 -2.96249837e-01  4.98073120e+01]  yaw=0.013  armed=True  vtol=2  batt=15.30V/50%
[telemetry_node-1] [INFO] [1785093800.959500476] [telemetry_node]: pos_ned=[340.71231079  -0.43242341  50.17353058]  yaw=0.035  armed=True  vtol=2  batt=15.30V/50%
[offboard_node-2] [INFO] [1785093801.398184605] [offboard_node]: MC 전환 완료 -> HOLD (WP1 복귀)
[telemetry_node-1] [INFO] [1785093802.959654826] [telemetry_node]: pos_ned=[344.68319702  -0.37552735  49.86476898]  yaw=0.036  armed=True  vtol=3  batt=15.30V/50%
[offboard_node-2] [INFO] [1785093803.399056052] [offboard_node]: WP1 홀드 dist=41.0m speed=8.6m/s stable=0/10
[telemetry_node-1] [INFO] [1785093807.940267866] [telemetry_node]: pos_ned=[ 3.32679688e+02 -1.77691609e-01  4.98309326e+01]  yaw=0.040  armed=True  vtol=3  batt=15.30V/50%
[offboard_node-2] [INFO] [1785093808.797704904] [offboard_node]: WP1 홀드 dist=26.4m speed=8.1m/s stable=0/10
[telemetry_node-1] [INFO] [1785093808.959723637] [telemetry_node]: pos_ned=[ 3.25027924e+02 -1.68365687e-01  4.98457489e+01]  yaw=0.040  armed=True  vtol=3  batt=15.30V/50%
[offboard_node-2] [INFO] [1785093810.797760662] [offboard_node]: WP1 홀드 dist=10.4m speed=8.0m/s stable=0/10
[telemetry_node-1] [INFO] [1785093810.959513407] [telemetry_node]: pos_ned=[ 3.09085388e+02 -1.15290187e-01  4.98954773e+01]  yaw=0.038  armed=True  vtol=3  batt=15.30V/50%
[offboard_node-2] [INFO] [1785093812.797805443] [offboard_node]: WP1 홀드 dist=0.9m speed=1.0m/s stable=1/10
[telemetry_node-1] [INFO] [1785093812.959421121] [telemetry_node]: pos_ned=[ 3.00735535e+02 -1.52872384e-01  5.01563606e+01]  yaw=0.030  armed=True  vtol=3  batt=15.30V/50%
[offboard_node-2] [INFO] [1785093813.597882362] [offboard_node]: WP1 도달·안정 → LANDING (dist=0.5m speed=0.2m/s)
[offboard_node-2] [INFO] [1785093813.698162483] [offboard_node]: AUTO.LAND 요청
[telemetry_node-1] [INFO] [1785093814.959372206] [telemetry_node]: pos_ned=[ 3.00735901e+02 -5.54366000e-02  4.87643471e+01]  yaw=0.028  armed=True  vtol=3  batt=15.30V/50%
[telemetry_node-1] [INFO] [1785093816.959224483] [telemetry_node]: pos_ned=[ 3.00472504e+02 -7.44089391e-03  4.59354820e+01]  yaw=0.031  armed=True  vtol=3  batt=15.30V/50%
[telemetry_node-1] [INFO] [1785093818.959260217] [telemetry_node]: pos_ned=[3.00632477e+02 2.09541824e-02 4.29981384e+01]  yaw=0.029  armed=True  vtol=3  batt=15.30V/50%
[telemetry_node-1] [INFO] [1785093820.959324894] [telemetry_node]: pos_ned=[3.00593323e+02 3.33498865e-02 4.00347176e+01]  yaw=0.029  armed=True  vtol=3  batt=15.30V/50%
[telemetry_node-1] [INFO] [1785093822.959118625] [telemetry_node]: pos_ned=[3.00579803e+02 2.72417590e-02 3.71152306e+01]  yaw=0.028  armed=True  vtol=3  batt=15.30V/50%
[telemetry_node-1] [INFO] [1785093824.959250104] [telemetry_node]: pos_ned=[3.00637024e+02 2.19170861e-02 3.41442375e+01]  yaw=0.027  armed=True  vtol=3  batt=15.30V/50%
[telemetry_node-1] [INFO] [1785093826.959267299] [telemetry_node]: pos_ned=[3.00564850e+02 2.40778993e-03 3.12078476e+01]  yaw=0.026  armed=True  vtol=3  batt=15.30V/50%
[telemetry_node-1] [INFO] [1785093828.959297670] [telemetry_node]: pos_ned=[3.00706543e+02 1.29021974e-02 2.82680874e+01]  yaw=0.024  armed=True  vtol=3  batt=15.30V/50%
[telemetry_node-1] [INFO] [1785093830.959238221] [telemetry_node]: pos_ned=[3.00579865e+02 7.01386807e-03 2.53185806e+01]  yaw=0.024  armed=True  vtol=3  batt=15.30V/50%
[telemetry_node-1] [INFO] [1785093832.959109013] [telemetry_node]: pos_ned=[3.00700073e+02 3.61100845e-02 2.23903179e+01]  yaw=0.022  armed=True  vtol=3  batt=15.30V/50%
[telemetry_node-1] [INFO] [1785093834.959155637] [telemetry_node]: pos_ned=[3.00588074e+02 3.43454294e-02 1.94318790e+01]  yaw=0.022  armed=True  vtol=3  batt=15.30V/50%
[telemetry_node-1] [INFO] [1785093836.959336983] [telemetry_node]: pos_ned=[3.00708466e+02 3.14157903e-02 1.65035706e+01]  yaw=0.020  armed=True  vtol=3  batt=15.30V/50%
[telemetry_node-1] [INFO] [1785093838.959435302] [telemetry_node]: pos_ned=[3.00586212e+02 1.52246086e-02 1.35460644e+01]  yaw=0.020  armed=True  vtol=3  batt=15.30V/50%
[telemetry_node-1] [INFO] [1785093843.942000985] [telemetry_node]: pos_ned=[3.00725494e+02 1.22899031e-02 1.13820391e+01]  yaw=0.019  armed=True  vtol=3  batt=15.30V/50%
[telemetry_node-1] [INFO] [1785093844.959383863] [telemetry_node]: pos_ned=[3.00652832e+02 5.42233814e-04 9.84198666e+00]  yaw=0.021  armed=True  vtol=3  batt=15.30V/50%
[telemetry_node-1] [INFO] [1785093846.959497457] [telemetry_node]: pos_ned=[3.00658997e+02 3.24663483e-02 7.38153505e+00]  yaw=0.020  armed=True  vtol=3  batt=15.30V/50%
[telemetry_node-1] [INFO] [1785093848.959474545] [telemetry_node]: pos_ned=[3.00603027e+02 2.50244606e-02 5.55942535e+00]  yaw=0.021  armed=True  vtol=3  batt=15.30V/50%
[telemetry_node-1] [INFO] [1785093850.960860854] [telemetry_node]: pos_ned=[3.00580048e+02 2.40727365e-02 4.14568138e+00]  yaw=0.020  armed=True  vtol=3  batt=15.30V/50%
[telemetry_node-1] [INFO] [1785093852.959596536] [telemetry_node]: pos_ned=[3.00609100e+02 1.00013614e-03 2.77910161e+00]  yaw=0.022  armed=True  vtol=3  batt=15.30V/50%
[telemetry_node-1] [INFO] [1785093854.959737844] [telemetry_node]: pos_ned=[3.00623413e+02 7.73078296e-03 1.40258956e+00]  yaw=0.021  armed=True  vtol=3  batt=15.30V/50%
[telemetry_node-1] [INFO] [1785093856.959792335] [telemetry_node]: pos_ned=[3.00654144e+02 1.20154731e-02 3.18128169e-02]  yaw=0.022  armed=True  vtol=3  batt=15.30V/50%
[telemetry_node-1] [INFO] [1785093858.959488386] [telemetry_node]: pos_ned=[ 3.00668457e+02  5.00158966e-03 -1.36150539e-01]  yaw=0.022  armed=True  vtol=3  batt=15.30V/50%
[telemetry_node-1] [INFO] [1785093860.959341563] [telemetry_node]: pos_ned=[ 3.0064563e+02 -1.5215328e-02 -1.4372319e-01]  yaw=0.022  armed=True  vtol=3  batt=15.30V/50%
[offboard_node-2] [INFO] [1785093861.197445073] [offboard_node]: 착륙 완료 (disarmed) -> DONE
[telemetry_node-1] [INFO] [1785093862.959438725] [telemetry_node]: pos_ned=[ 3.00661530e+02  1.65691425e-03 -8.88227150e-02]  yaw=0.022  armed=False  vtol=3  batt=16.20V/74%
[telemetry_node-1] [INFO] [1785093864.959327930] [telemetry_node]: pos_ned=[ 3.00639252e+02  3.04445103e-02 -9.62738693e-02]  yaw=0.023  armed=False  vtol=3  batt=16.20V/96%
[telemetry_node-1] [INFO] [1785093866.959439483] [telemetry_node]: pos_ned=[ 3.00631134e+02  2.64903903e-02 -5.55503443e-02]  yaw=0.023  armed=False  vtol=3  batt=16.20V/100%
[WARNING] [launch]: user interrupted with ctrl-c (SIGINT)
[INFO] [offboard_node-2]: sending signal 'SIGINT' to process[offboard_node-2]
[INFO] [telemetry_node-1]: sending signal 'SIGINT' to process[telemetry_node-1]
[offboard_node-2] Traceback (most recent call last):
[offboard_node-2]   File "/root/drone_ws/install/fc_ros/lib/python3.10/site-packages/fc_ros/nodes/offboard_node.py", line 1204, in main
[offboard_node-2]     rclpy.spin(node)
[offboard_node-2]   File "/opt/ros/humble/local/lib/python3.10/dist-packages/rclpy/__init__.py", line 229, in spin
[offboard_node-2]     executor.spin_once()
[offboard_node-2]   File "/opt/ros/humble/local/lib/python3.10/dist-packages/rclpy/executors.py", line 808, in spin_once
[offboard_node-2]     self._spin_once_impl(timeout_sec)
[offboard_node-2]   File "/opt/ros/humble/local/lib/python3.10/dist-packages/rclpy/executors.py", line 797, in _spin_once_impl
[offboard_node-2]     handler, entity, node = self.wait_for_ready_callbacks(timeout_sec=timeout_sec)
[offboard_node-2]   File "/opt/ros/humble/local/lib/python3.10/dist-packages/rclpy/executors.py", line 780, in wait_for_ready_callbacks
[offboard_node-2]     return next(self._cb_iter)
[offboard_node-2]   File "/opt/ros/humble/local/lib/python3.10/dist-packages/rclpy/executors.py", line 677, in _wait_for_ready_callbacks
[offboard_node-2]     wait_set.wait(timeout_nsec)
[offboard_node-2] KeyboardInterrupt
[offboard_node-2] 
[offboard_node-2] During handling of the above exception, another exception occurred:
[offboard_node-2] 
[offboard_node-2] Traceback (most recent call last):
[offboard_node-2]   File "/root/drone_ws/install/fc_ros/lib/fc_ros/offboard_node", line 33, in <module>
[offboard_node-2]     sys.exit(load_entry_point('fc-ros==0.1.0', 'console_scripts', 'offboard_node')())
[offboard_node-2]   File "/root/drone_ws/install/fc_ros/lib/python3.10/site-packages/fc_ros/nodes/offboard_node.py", line 1207, in main
[offboard_node-2]     rclpy.shutdown()
[offboard_node-2]   File "/opt/ros/humble/local/lib/python3.10/dist-packages/rclpy/__init__.py", line 130, in shutdown
[offboard_node-2]     _shutdown(context=context)
[offboard_node-2]   File "/opt/ros/humble/local/lib/python3.10/dist-packages/rclpy/utilities.py", line 58, in shutdown
[offboard_node-2]     return context.shutdown()
[offboard_node-2]   File "/opt/ros/humble/local/lib/python3.10/dist-packages/rclpy/context.py", line 102, in shutdown
[offboard_node-2]     self.__context.shutdown()
[offboard_node-2] rclpy._rclpy_pybind11.RCLError: failed to shutdown: rcl_shutdown already called on the given context, at ./src/rcl/init.c:241
[telemetry_node-1] Traceback (most recent call last):
[telemetry_node-1]   File "/root/drone_ws/install/fc_ros/lib/python3.10/site-packages/fc_ros/nodes/telemetry_node.py", line 109, in main
[telemetry_node-1]     rclpy.spin(node)
[telemetry_node-1]   File "/opt/ros/humble/local/lib/python3.10/dist-packages/rclpy/__init__.py", line 229, in spin
[telemetry_node-1]     executor.spin_once()
[telemetry_node-1]   File "/opt/ros/humble/local/lib/python3.10/dist-packages/rclpy/executors.py", line 808, in spin_once
[telemetry_node-1]     self._spin_once_impl(timeout_sec)
[telemetry_node-1]   File "/opt/ros/humble/local/lib/python3.10/dist-packages/rclpy/executors.py", line 797, in _spin_once_impl
[telemetry_node-1]     handler, entity, node = self.wait_for_ready_callbacks(timeout_sec=timeout_sec)
[telemetry_node-1]   File "/opt/ros/humble/local/lib/python3.10/dist-packages/rclpy/executors.py", line 780, in wait_for_ready_callbacks
[telemetry_node-1]     return next(self._cb_iter)
[telemetry_node-1]   File "/opt/ros/humble/local/lib/python3.10/dist-packages/rclpy/executors.py", line 677, in _wait_for_ready_callbacks
[telemetry_node-1]     wait_set.wait(timeout_nsec)
[telemetry_node-1] KeyboardInterrupt
[telemetry_node-1] 
[telemetry_node-1] During handling of the above exception, another exception occurred:
[telemetry_node-1] 
[telemetry_node-1] Traceback (most recent call last):
[telemetry_node-1]   File "/root/drone_ws/install/fc_ros/lib/fc_ros/telemetry_node", line 33, in <module>
[telemetry_node-1]     sys.exit(load_entry_point('fc-ros==0.1.0', 'console_scripts', 'telemetry_node')())
[telemetry_node-1]   File "/root/drone_ws/install/fc_ros/lib/python3.10/site-packages/fc_ros/nodes/telemetry_node.py", line 112, in main
[telemetry_node-1]     rclpy.shutdown()
[telemetry_node-1]   File "/opt/ros/humble/local/lib/python3.10/dist-packages/rclpy/__init__.py", line 130, in shutdown
[telemetry_node-1]     _shutdown(context=context)
[telemetry_node-1]   File "/opt/ros/humble/local/lib/python3.10/dist-packages/rclpy/utilities.py", line 58, in shutdown
[telemetry_node-1]     return context.shutdown()
[telemetry_node-1]   File "/opt/ros/humble/local/lib/python3.10/dist-packages/rclpy/context.py", line 102, in shutdown
[telemetry_node-1]     self.__context.shutdown()
[telemetry_node-1] rclpy._rclpy_pybind11.RCLError: failed to shutdown: rcl_shutdown already called on the given context, at ./src/rcl/init.c:241
[ERROR] [telemetry_node-1]: process has died [pid 1093, exit code 1, cmd '/root/drone_ws/install/fc_ros/lib/fc_ros/telemetry_node --ros-args -r __node:=telemetry_node'].
[ERROR] [offboard_node-2]: process has died [pid 1095, exit code 1, cmd '/root/drone_ws/install/fc_ros/lib/fc_ros/offboard_node --ros-args -r __node:=offboard_node --params-file /root/drone_ws/install/fc_ros/share/fc_ros/params/fc_ros_params.yaml --params-file /tmp/launch_params_8ss0rizp'].
