[INFO] [launch]: All log files can be found below /root/.ros/log/2026-07-18-09-47-49-291019-doksuri-280
[INFO] [launch]: Default logging verbosity is set to INFO
[INFO] [telemetry_node-1]: process started with pid [282]
[INFO] [offboard_node-2]: process started with pid [284]
[offboard_node-2] [INFO] [1784368070.869220245] [offboard_node]: ARM 요청
[offboard_node-2] [WARN] [1784368070.928223264] [offboard_node]: home_position 미수신 — 이륙 목표 AMSL 계산 불가, 대기
[offboard_node-2] [INFO] [1784368071.728489275] [offboard_node]: CommandTOL 이륙 요청 alt=51.8m AMSL (지면 47.8+4.0) -> CLIMBING
[telemetry_node-1] [INFO] [1784368072.655131765] [telemetry_node]: pos_ned=[-1.28869414 -2.20643783  0.98060036]  yaw=-2.783  armed=False  vtol=0
[telemetry_node-1] [INFO] [1784368074.618355994] [telemetry_node]: pos_ned=[-1.31456387 -2.22588801  0.82801628]  yaw=-2.784  armed=True  vtol=0
[telemetry_node-1] [INFO] [1784368076.618287717] [telemetry_node]: pos_ned=[-0.53442729 -2.37834024  1.21984291]  yaw=-1.997  armed=True  vtol=0
[telemetry_node-1] [INFO] [1784368078.618245101] [telemetry_node]: pos_ned=[-0.20917886 -2.08245921  0.84811783]  yaw=-1.489  armed=True  vtol=0
[telemetry_node-1] [INFO] [1784368080.618284443] [telemetry_node]: pos_ned=[-0.21670671 -2.14607978  0.81073189]  yaw=-1.268  armed=True  vtol=0
[telemetry_node-1] [INFO] [1784368082.618686641] [telemetry_node]: pos_ned=[ 0.0050988 -2.0190382  1.4805088]  yaw=-0.952  armed=True  vtol=0
[telemetry_node-1] [INFO] [1784368084.618264657] [telemetry_node]: pos_ned=[-0.09007066 -2.04255605  3.11903763]  yaw=-0.585  armed=True  vtol=0
[telemetry_node-1] [INFO] [1784368086.618660934] [telemetry_node]: pos_ned=[-0.12695511 -2.10336661  3.55011368]  yaw=-0.625  armed=True  vtol=0
[telemetry_node-1] [INFO] [1784368088.618192430] [telemetry_node]: pos_ned=[-0.18574356 -1.99872017  3.5904808 ]  yaw=-0.609  armed=True  vtol=0
[telemetry_node-1] [INFO] [1784368090.618775938] [telemetry_node]: pos_ned=[-0.09855593 -2.07585168  3.38258553]  yaw=-0.595  armed=True  vtol=0
[telemetry_node-1] [INFO] [1784368092.618490676] [telemetry_node]: pos_ned=[ 0.04369646 -2.20730376  3.38935089]  yaw=-0.606  armed=True  vtol=0
[telemetry_node-1] [INFO] [1784368094.618655152] [telemetry_node]: pos_ned=[-0.10952631 -2.22497177  3.36173058]  yaw=-0.602  armed=True  vtol=0
[telemetry_node-1] [INFO] [1784368096.618401714] [telemetry_node]: pos_ned=[-0.10562114 -2.08451271  3.56569099]  yaw=-0.610  armed=True  vtol=0
[telemetry_node-1] [INFO] [1784368098.618716588] [telemetry_node]: pos_ned=[-0.27509189 -2.2699585   3.55226326]  yaw=-0.590  armed=True  vtol=0
[telemetry_node-1] [INFO] [1784368100.619509370] [telemetry_node]: pos_ned=[-0.2852641  -2.22023344  3.27231407]  yaw=-0.570  armed=True  vtol=0
[telemetry_node-1] [INFO] [1784368102.618866273] [telemetry_node]: pos_ned=[-0.31138119 -2.11638021  3.13587379]  yaw=-0.582  armed=True  vtol=0
[telemetry_node-1] [INFO] [1784368104.618779802] [telemetry_node]: pos_ned=[-0.27424085 -2.14158106  3.39005089]  yaw=-0.595  armed=True  vtol=0
[telemetry_node-1] [INFO] [1784368106.618187070] [telemetry_node]: pos_ned=[-0.22908628 -2.03001642  3.37802505]  yaw=-0.596  armed=True  vtol=0
[telemetry_node-1] [INFO] [1784368108.618138775] [telemetry_node]: pos_ned=[-0.13352054 -1.98750329  3.48837852]  yaw=-0.588  armed=True  vtol=0
[telemetry_node-1] [INFO] [1784368110.619408966] [telemetry_node]: pos_ned=[-0.16875933 -2.13276243  3.5829258 ]  yaw=-0.610  armed=True  vtol=0
[telemetry_node-1] [INFO] [1784368112.619304620] [telemetry_node]: pos_ned=[-0.27978167 -2.2423377   3.35733032]  yaw=-0.613  armed=True  vtol=0
[telemetry_node-1] [INFO] [1784368114.618178298] [telemetry_node]: pos_ned=[-0.287974   -2.31379557  3.60269928]  yaw=-0.609  armed=True  vtol=0
[telemetry_node-1] [INFO] [1784368116.618164083] [telemetry_node]: pos_ned=[-0.22465487 -2.27162218  3.45729637]  yaw=-0.604  armed=True  vtol=0
[telemetry_node-1] [INFO] [1784368118.618154022] [telemetry_node]: pos_ned=[-0.21710439 -2.15006065  3.46090126]  yaw=-0.579  armed=True  vtol=0
[telemetry_node-1] [INFO] [1784368120.618146497] [telemetry_node]: pos_ned=[-0.17137489 -2.12384915  3.4265976 ]  yaw=-0.616  armed=True  vtol=0
[telemetry_node-1] [INFO] [1784368122.618108326] [telemetry_node]: pos_ned=[-0.2716006 -2.1479528  3.3182354]  yaw=-0.577  armed=True  vtol=0
[telemetry_node-1] [INFO] [1784368124.618092145] [telemetry_node]: pos_ned=[-0.31890741 -2.18062162  3.42512321]  yaw=-0.628  armed=True  vtol=0
[telemetry_node-1] [INFO] [1784368126.618252148] [telemetry_node]: pos_ned=[-0.24636106 -2.03765965  3.39478111]  yaw=-0.609  armed=True  vtol=0
