[INFO] [1785306648.297737334] [fake_vision]: fake_vision 시작 mode=steady target ENU=(0.0,25.0,0.2) rate=4.4Hz watch=/root/ws_f2b/src/suridoksuri/logs/2026-07-29_f2_followup/S25_short/node.log match='VISION_SEARCH'
[WARN] [1785306741.925094384] [fake_vision]: 트리거 성립 t=85.6s
[INFO] [1785306746.698082015] [fake_vision]: t=4.8s emitted=22 veto=False hint=False
[INFO] [1785306751.698140621] [fake_vision]: t=9.8s emitted=44 veto=False hint=False
[INFO] [1785306756.698459017] [fake_vision]: t=14.8s emitted=66 veto=False hint=False
[INFO] [1785306761.698329303] [fake_vision]: t=19.8s emitted=88 veto=False hint=False
[INFO] [1785306766.699045604] [fake_vision]: t=24.8s emitted=110 veto=False hint=False
[INFO] [1785306774.198322464] [fake_vision]: t=29.6s emitted=132 veto=False hint=False
[INFO] [1785306779.198651294] [fake_vision]: t=34.6s emitted=154 veto=False hint=False
[INFO] [1785306784.199094579] [fake_vision]: t=39.6s emitted=176 veto=False hint=False
[INFO] [1785306789.198551095] [fake_vision]: t=44.6s emitted=198 veto=False hint=False
Traceback (most recent call last):
  File "/root/ws_f2b/src/suridoksuri/tools/sitl/fake_vision.py", line 215, in <module>
    main()
  File "/root/ws_f2b/src/suridoksuri/tools/sitl/fake_vision.py", line 203, in main
    rclpy.spin(n)
  File "/opt/ros/humble/local/lib/python3.10/dist-packages/rclpy/__init__.py", line 229, in spin
    executor.spin_once()
  File "/opt/ros/humble/local/lib/python3.10/dist-packages/rclpy/executors.py", line 808, in spin_once
    self._spin_once_impl(timeout_sec)
  File "/opt/ros/humble/local/lib/python3.10/dist-packages/rclpy/executors.py", line 797, in _spin_once_impl
    handler, entity, node = self.wait_for_ready_callbacks(timeout_sec=timeout_sec)
  File "/opt/ros/humble/local/lib/python3.10/dist-packages/rclpy/executors.py", line 780, in wait_for_ready_callbacks
    return next(self._cb_iter)
  File "/opt/ros/humble/local/lib/python3.10/dist-packages/rclpy/executors.py", line 681, in _wait_for_ready_callbacks
    raise ExternalShutdownException()
rclpy.executors.ExternalShutdownException
