[INFO] [1785306126.232185297] [fake_vision]: fake_vision 시작 mode=steady target ENU=(0.0,150.0,0.2) rate=4.4Hz watch=/root/ws_f2b/src/suridoksuri/logs/2026-07-29_f2_followup/V9_today_shape/node.log match='VISION_SEARCH'
[WARN] [1785306231.443950247] [fake_vision]: 트리거 성립 t=97.4s
[INFO] [1785306236.217218095] [fake_vision]: t=4.8s emitted=22 veto=False hint=False
[INFO] [1785306244.383103157] [fake_vision]: t=9.8s emitted=44 veto=False hint=False
[INFO] [1785306249.171742353] [fake_vision]: t=14.6s emitted=66 veto=False hint=False
[INFO] [1785306254.171368065] [fake_vision]: t=19.6s emitted=88 veto=False hint=False
[INFO] [1785306259.172117706] [fake_vision]: t=24.6s emitted=110 veto=False hint=False
[INFO] [1785306264.171221366] [fake_vision]: t=29.6s emitted=132 veto=False hint=False
[INFO] [1785306269.170391076] [fake_vision]: t=34.6s emitted=154 veto=False hint=False
Traceback (most recent call last):
  File "/root/ws_f2b/src/suridoksuri/tools/sitl/fake_vision.py", line 215, in <module>
    main()
  File "/root/ws_f2b/src/suridoksuri/tools/sitl/fake_vision.py", line 203, in main
    rclpy.spin(n)
  File "/opt/ros/humble/local/lib/python3.10/dist-packages/rclpy/__init__.py", line 229, in spin
    executor.spin_once()
  File "/opt/ros/humble/local/lib/python3.10/dist-packages/rclpy/executors.py", line 808, in spin_once
    self._spin_once_impl(timeout_sec)
  File "/opt/ros/humble/local/lib/python3.10/dist-packages/rclpy/executors.py", line 797, in _spin_once_impl
    handler, entity, node = self.wait_for_ready_callbacks(timeout_sec=timeout_sec)
  File "/opt/ros/humble/local/lib/python3.10/dist-packages/rclpy/executors.py", line 780, in wait_for_ready_callbacks
    return next(self._cb_iter)
  File "/opt/ros/humble/local/lib/python3.10/dist-packages/rclpy/executors.py", line 681, in _wait_for_ready_callbacks
    raise ExternalShutdownException()
rclpy.executors.ExternalShutdownException
