[INFO] [launch]: All log files can be found below /root/.ros/log/2026-07-29-15-22-40-887029-DESKTOP-Kilogram-5895
[INFO] [launch]: Default logging verbosity is set to INFO
[INFO] [telemetry_node-1]: process started with pid [5933]
[INFO] [offboard_node-2]: process started with pid [5935]
[offboard_node-2] [INFO] [1785306162.270954829] [offboard_node]: 경로 계획 시작 — planner=eta3 WP 2개 v_cruise=18.0 → 예상 약 0s 블로킹. 이 동안 노드는 응답하지 않는다 — 죽은 것이 아니니 재기동 금지 (재기동하면 중복 인스턴스가 된다).
[offboard_node-2] [INFO] [1785306162.292936448] [offboard_node]: 경로 계획 완료 — 소요 0.0s (예상 0s), 경로점 151개, 전장 150.0m
[offboard_node-2] [INFO] [1785306162.332999451] [offboard_node]: 비전 정밀착륙 활성 — 탐색고도 25m 반경 30m / 재탐색 15m 반경 18m / 래치 상한 33.6m AGL (검출 상한 자동)
[offboard_node-2] [INFO] [1785306162.522734851] [offboard_node]: ARM 요청
[offboard_node-2] [INFO] [1785306163.522062901] [offboard_node]: 거리 상한 감시 활성 300m (이륙지점 기준 수평, 경로 최원점 150m, 탐색 최원점 180m (=WP1 150m + 반경 30m))
[offboard_node-2] [INFO] [1785306163.523890468] [offboard_node]: CommandTOL 이륙 요청 alt=25.2m AMSL (지면 0.2+25.0) -> CLIMBING
[telemetry_node-1] [INFO] [1785306164.189354133] [telemetry_node]: pos_ned=[-0.00214253  0.05806207  0.05378953]  yaw=1.697  armed=True  vtol=3  batt=0.00V/100%
[telemetry_node-1] [INFO] [1785306166.145738220] [telemetry_node]: pos_ned=[-0.0006597   0.053087    0.03743486]  yaw=1.700  armed=True  vtol=3  batt=16.17V/99%
[telemetry_node-1] [INFO] [1785306168.146101206] [telemetry_node]: pos_ned=[0.0337972  0.00104388 0.24636647]  yaw=1.701  armed=True  vtol=3  batt=16.11V/96%
[telemetry_node-1] [INFO] [1785306170.145173288] [telemetry_node]: pos_ned=[0.05181095 0.01787297 2.42702889]  yaw=1.689  armed=True  vtol=3  batt=16.05V/93%
[telemetry_node-1] [INFO] [1785306173.560765760] [telemetry_node]: pos_ned=[ 0.05387681 -0.01198182  2.97387028]  yaw=1.692  armed=True  vtol=3  batt=16.05V/93%
[telemetry_node-1] [INFO] [1785306174.144510690] [telemetry_node]: pos_ned=[ 0.03225476 -0.00426925  3.82363915]  yaw=1.690  armed=True  vtol=3  batt=15.99V/90%
[telemetry_node-1] [INFO] [1785306176.144753127] [telemetry_node]: pos_ned=[0.0201456  0.00953534 6.72878075]  yaw=1.684  armed=True  vtol=3  batt=15.93V/86%
[telemetry_node-1] [INFO] [1785306178.144991134] [telemetry_node]: pos_ned=[1.36938188e-02 2.19183764e-03 9.32147121e+00]  yaw=1.684  armed=True  vtol=3  batt=15.87V/83%
[telemetry_node-1] [INFO] [1785306180.146910689] [telemetry_node]: pos_ned=[2.60407496e-02 1.41383044e-03 1.28034105e+01]  yaw=1.682  armed=True  vtol=3  batt=15.87V/83%
[telemetry_node-1] [INFO] [1785306182.146004451] [telemetry_node]: pos_ned=[ 0.01849906  0.02727214 17.55433846]  yaw=1.683  armed=True  vtol=3  batt=15.81V/80%
[telemetry_node-1] [INFO] [1785306184.145864850] [telemetry_node]: pos_ned=[ 2.45910827e-02 -2.59810779e-03  2.18606873e+01]  yaw=1.679  armed=True  vtol=3  batt=15.75V/76%
[telemetry_node-1] [INFO] [1785306186.144592669] [telemetry_node]: pos_ned=[2.20961682e-02 7.64840515e-03 2.37791595e+01]  yaw=1.682  armed=True  vtol=3  batt=15.69V/73%
[telemetry_node-1] [INFO] [1785306188.144496357] [telemetry_node]: pos_ned=[2.24018879e-02 5.01947850e-02 2.45673981e+01]  yaw=1.686  armed=True  vtol=3  batt=15.63V/70%
[offboard_node-2] [INFO] [1785306188.220316576] [offboard_node]: 운용 고도 25.0m 도달 → transition_fw
[telemetry_node-1] [INFO] [1785306190.144648200] [telemetry_node]: pos_ned=[1.80483740e-02 4.85604741e-02 2.48766537e+01]  yaw=1.695  armed=True  vtol=3  batt=15.57V/66%
[offboard_node-2] [INFO] [1785306190.221999728] [offboard_node]: 천이 전 MC OFFBOARD 요청 (헤딩 정렬 대기)
[offboard_node-2] [WARN] [1785306190.321360476] [offboard_node]: 정렬 구간 OFFBOARD 이탈 → 재요청 (mode=AUTO.LOITER)
[telemetry_node-1] [INFO] [1785306192.144732028] [telemetry_node]: pos_ned=[ 4.46670391e-02 -2.72262632e-03  2.48973160e+01]  yaw=1.117  armed=True  vtol=3  batt=15.51V/63%
[telemetry_node-1] [INFO] [1785306194.144624447] [telemetry_node]: pos_ned=[ 0.10012246  0.0458593  24.87791634]  yaw=0.533  armed=True  vtol=3  batt=15.45V/60%
[telemetry_node-1] [INFO] [1785306196.144695301] [telemetry_node]: pos_ned=[ 0.21323426  0.12144819 24.87193108]  yaw=0.283  armed=True  vtol=3  batt=15.39V/56%
[telemetry_node-1] [INFO] [1785306198.144577455] [telemetry_node]: pos_ned=[ 0.31674838  0.09126391 24.88211823]  yaw=0.215  armed=True  vtol=3  batt=15.33V/53%
[offboard_node-2] [INFO] [1785306198.633677752] [offboard_node]: 헤딩 정렬 완료 target=0.0° current=12.2° err=-12.2° (20틱 안정) → 전진 + 천이 명령
[offboard_node-2] [INFO] [1785306198.634567749] [offboard_node]: FW 고도 램프 시작 24.9 → 25.0m (계단 +0.1m, 3.0m/s, 0.0s 소요)
[offboard_node-2] [INFO] [1785306198.637453220] [offboard_node]: MC→FW 천이 명령 요청 (위치 setpoint 직선 천이)
[telemetry_node-1] [INFO] [1785306200.144948456] [telemetry_node]: pos_ned=[ 1.3325237   0.28329137 24.95287895]  yaw=0.203  armed=True  vtol=1  batt=15.30V/51%
[offboard_node-2] [INFO] [1785306201.320559417] [offboard_node]: FW 전환 완료 -> STREAMING
[offboard_node-2] [INFO] [1785306201.425073815] [offboard_node]: OFFBOARD 확인 → FOLLOWING
[offboard_node-2] [INFO] [1785306201.523053895] [offboard_node]: FOLLOWING 시작 pos=[13.9,1.8] tgt=[83.9,0.0] cte=1.8m mode=OFFBOARD seg=13/150
[telemetry_node-1] [INFO] [1785306202.144476354] [telemetry_node]: pos_ned=[25.19735527  2.79217434 24.45563698]  yaw=0.082  armed=True  vtol=4  batt=15.30V/50%
[offboard_node-2] [INFO] [1785306203.424302028] [offboard_node]: FOLLOWING tick=20 mode=OFFBOARD cte=2.3m pos=[46.8,2.3] tgt=[116.8,0.0] seg=46/150
[telemetry_node-1] [INFO] [1785306204.144539029] [telemetry_node]: pos_ned=[57.30478668  2.02137232 26.86161804]  yaw=0.044  armed=True  vtol=4  batt=15.30V/50%
[offboard_node-2] [INFO] [1785306205.626884392] [offboard_node]: FOLLOWING tick=40 mode=OFFBOARD cte=1.5m pos=[79.9,1.5] tgt=[149.9,0.0] seg=79/150
[telemetry_node-1] [INFO] [1785306208.855309273] [telemetry_node]: pos_ned=[82.55012512  1.45637858 24.23087883]  yaw=-0.001  armed=True  vtol=4  batt=15.30V/50%
[telemetry_node-1] [INFO] [1785306210.144506019] [telemetry_node]: pos_ned=[102.92858887   0.9759528   24.17382812]  yaw=-0.066  armed=True  vtol=4  batt=15.30V/50%
[offboard_node-2] [INFO] [1785306210.624067175] [offboard_node]: FOLLOWING tick=60 mode=OFFBOARD cte=0.8m pos=[110.1,0.8] tgt=[150.0,0.0] seg=110/150
[telemetry_node-1] [INFO] [1785306212.144775058] [telemetry_node]: pos_ned=[133.12013245   0.16866583  24.13024712]  yaw=-0.128  armed=True  vtol=4  batt=15.30V/50%
[offboard_node-2] [INFO] [1785306212.622361390] [offboard_node]: FOLLOWING tick=80 mode=OFFBOARD cte=0.0m pos=[140.2,0.0] tgt=[150.0,0.0] seg=140/150
[offboard_node-2] [INFO] [1785306212.623171679] [offboard_node]: 경로 추종 완료 -> transition_mc
[offboard_node-2] [INFO] [1785306212.722081255] [offboard_node]: FW->MC 역천이 명령 요청
[telemetry_node-1] [INFO] [1785306214.144810856] [telemetry_node]: pos_ned=[ 1.61246185e+02 -1.35469735e-01  2.37759628e+01]  yaw=-0.111  armed=True  vtol=2  batt=15.30V/50%
[telemetry_node-1] [INFO] [1785306216.144428867] [telemetry_node]: pos_ned=[1.82815262e+02 4.20875847e-02 2.51264534e+01]  yaw=-0.122  armed=True  vtol=2  batt=15.30V/50%
[telemetry_node-1] [INFO] [1785306218.144900145] [telemetry_node]: pos_ned=[197.28669739   0.40172303  25.22231483]  yaw=-0.161  armed=True  vtol=2  batt=15.30V/50%
[offboard_node-2] [INFO] [1785306218.620921976] [offboard_node]: MC 전환 완료 -> HOLD (WP1 복귀)
[telemetry_node-1] [INFO] [1785306220.144708207] [telemetry_node]: pos_ned=[201.5128479    0.53781909  24.97371674]  yaw=-0.139  armed=True  vtol=3  batt=15.30V/50%
[offboard_node-2] [INFO] [1785306220.621030090] [offboard_node]: WP1 홀드 dist=48.1m speed=7.9m/s stable=0/10
[telemetry_node-1] [INFO] [1785306222.145617015] [telemetry_node]: pos_ned=[190.06341553   0.48136187  24.95023155]  yaw=-0.139  armed=True  vtol=3  batt=15.30V/50%
[offboard_node-2] [INFO] [1785306222.721514331] [offboard_node]: WP1 홀드 dist=38.1m speed=5.0m/s stable=0/10
[telemetry_node-1] [INFO] [1785306224.146679998] [telemetry_node]: pos_ned=[179.97970581   0.35564861  24.88004875]  yaw=-0.132  armed=True  vtol=3  batt=15.30V/50%
[offboard_node-2] [INFO] [1785306224.721859832] [offboard_node]: WP1 홀드 dist=27.3m speed=5.0m/s stable=0/10
[telemetry_node-1] [INFO] [1785306226.145906768] [telemetry_node]: pos_ned=[169.83006287   0.21683179  24.92388916]  yaw=-0.126  armed=True  vtol=3  batt=15.30V/50%
[offboard_node-2] [INFO] [1785306226.722272261] [offboard_node]: WP1 홀드 dist=16.9m speed=4.7m/s stable=0/10
[telemetry_node-1] [INFO] [1785306228.145740004] [telemetry_node]: pos_ned=[1.59901718e+02 9.69844982e-02 2.49290714e+01]  yaw=-0.125  armed=True  vtol=3  batt=15.30V/50%
[offboard_node-2] [INFO] [1785306228.721320926] [offboard_node]: WP1 홀드 dist=7.1m speed=5.0m/s stable=0/10
[telemetry_node-1] [INFO] [1785306230.144902008] [telemetry_node]: pos_ned=[1.51400177e+02 6.72440603e-02 2.51049042e+01]  yaw=-0.135  armed=True  vtol=3  batt=15.30V/50%
[offboard_node-2] [INFO] [1785306230.721510203] [offboard_node]: WP1 홀드 dist=0.8m speed=0.6m/s stable=3/10
[offboard_node-2] [INFO] [1785306231.321207106] [offboard_node]: 탐색 1회차 — 고도 25m AGL 반경 6.1→30m 링간격 12.2m 속도상한 5.0m/s (풋프린트 단폭 18.8m)
[offboard_node-2] [INFO] [1785306231.321767773] [offboard_node]: WP1 도달·안정 (dist=0.6m speed=0.2m/s) → VISION_SEARCH (비전 착륙 활성)
[offboard_node-2] [INFO] [1785306231.420885996] [offboard_node]: 탐색고도 도달 (24.9m AGL) → 제자리 확인 3s
[offboard_node-2] [INFO] [1785306231.921307184] [offboard_node]: 타겟 래치 (연속 3프레임, N=150.2 E=0.2) → PRECISION_LAND
[offboard_node-2] [INFO] [1785306231.922104196] [offboard_node]: 정밀착륙 진입 — 래치 AGL 24.8m, 하강예산 27s → 시한 60s (하한 60s)
[telemetry_node-1] [INFO] [1785306232.145030224] [telemetry_node]: pos_ned=[ 1.50654205e+02 -5.06492481e-02  2.49074821e+01]  yaw=-0.140  armed=True  vtol=3  batt=15.30V/50%
[offboard_node-2] [INFO] [1785306233.921063554] [offboard_node]: 정밀착륙 AGL=23.9m 수평오차=0.11m 하강 state=LOCK age=0.20s t=2/60s
[telemetry_node-1] [INFO] [1785306234.144814244] [telemetry_node]: pos_ned=[1.49901169e+02 5.01255095e-02 2.38164768e+01]  yaw=-0.131  armed=True  vtol=3  batt=15.30V/50%
[offboard_node-2] [INFO] [1785306235.921396879] [offboard_node]: 정밀착륙 AGL=22.4m 수평오차=0.02m 하강 state=LOCK age=0.16s t=4/60s
[telemetry_node-1] [INFO] [1785306236.146546968] [telemetry_node]: pos_ned=[ 1.49897934e+02 -3.85952815e-02  2.22606602e+01]  yaw=-0.120  armed=True  vtol=3  batt=15.30V/50%
[offboard_node-2] [INFO] [1785306238.022072950] [offboard_node]: 정밀착륙 AGL=20.7m 수평오차=0.27m 하강 state=LOCK age=0.21s t=6/60s
[telemetry_node-1] [INFO] [1785306238.145908486] [telemetry_node]: pos_ned=[150.05500793  -0.15590252  20.72138214]  yaw=-0.156  armed=True  vtol=3  batt=15.30V/50%
[offboard_node-2] [INFO] [1785306240.022071656] [offboard_node]: 정밀착륙 AGL=19.2m 수평오차=0.33m 하강 state=LOCK age=0.17s t=8/60s
[telemetry_node-1] [INFO] [1785306240.145696031] [telemetry_node]: pos_ned=[1.50071472e+02 5.62553406e-02 1.91732388e+01]  yaw=-0.161  armed=True  vtol=3  batt=15.30V/50%
[telemetry_node-1] [INFO] [1785306244.307766846] [telemetry_node]: pos_ned=[1.50113007e+02 6.09067380e-02 1.84051762e+01]  yaw=-0.158  armed=True  vtol=3  batt=15.30V/50%
[offboard_node-2] [INFO] [1785306245.122367552] [offboard_node]: 정밀착륙 AGL=17.6m 수평오차=0.33m 하강 state=LOCK age=0.04s t=10/60s
[telemetry_node-1] [INFO] [1785306246.145327373] [telemetry_node]: pos_ned=[150.05065918   0.19312695  16.87727928]  yaw=-0.178  armed=True  vtol=3  batt=15.30V/50%
[offboard_node-2] [INFO] [1785306247.121951636] [offboard_node]: 정밀착륙 AGL=16.0m 수평오차=0.40m 하강 state=LOCK age=0.22s t=12/60s
[telemetry_node-1] [INFO] [1785306248.144974447] [telemetry_node]: pos_ned=[ 1.49861328e+02 -4.99433018e-02  1.52538671e+01]  yaw=-0.162  armed=True  vtol=3  batt=15.30V/50%
[offboard_node-2] [INFO] [1785306249.121254120] [offboard_node]: 정밀착륙 AGL=14.4m 수평오차=0.04m 하강 state=LOCK age=0.18s t=14/60s
[telemetry_node-1] [INFO] [1785306250.144504649] [telemetry_node]: pos_ned=[ 1.50060898e+02 -1.06882472e-02  1.36537495e+01]  yaw=-0.173  armed=True  vtol=3  batt=15.30V/50%
[offboard_node-2] [INFO] [1785306251.120941195] [offboard_node]: 정밀착륙 AGL=12.8m 수평오차=0.30m 하강 state=LOCK age=0.13s t=16/60s
[telemetry_node-1] [INFO] [1785306252.144229446] [telemetry_node]: pos_ned=[ 1.49991257e+02 -5.25859520e-02  1.20528917e+01]  yaw=-0.179  armed=True  vtol=3  batt=15.30V/50%
[offboard_node-2] [INFO] [1785306253.120882984] [offboard_node]: 정밀착륙 AGL=11.2m 수평오차=0.32m 하강 state=LOCK age=0.09s t=18/60s
[telemetry_node-1] [INFO] [1785306254.147059361] [telemetry_node]: pos_ned=[ 1.49822968e+02 -1.07154004e-01  1.04664402e+01]  yaw=-0.183  armed=True  vtol=3  batt=15.30V/50%
[offboard_node-2] [INFO] [1785306255.021674931] [offboard_node]: 정밀착륙 AGL=9.7m 수평오차=0.33m 하강 state=LOCK age=0.17s t=20/60s
[telemetry_node-1] [INFO] [1785306256.144509217] [telemetry_node]: pos_ned=[1.50048141e+02 7.28465691e-02 8.84056473e+00]  yaw=-0.198  armed=True  vtol=3  batt=15.30V/50%
[offboard_node-2] [INFO] [1785306257.021268137] [offboard_node]: 정밀착륙 AGL=8.1m 수평오차=0.19m 하강 state=LOCK age=0.12s t=22/60s
[telemetry_node-1] [INFO] [1785306258.145514669] [telemetry_node]: pos_ned=[ 1.49949646e+02 -1.24948874e-01  7.24831104e+00]  yaw=-0.203  armed=True  vtol=3  batt=15.30V/50%
[offboard_node-2] [INFO] [1785306259.021191660] [offboard_node]: 정밀착륙 AGL=6.5m 수평오차=0.03m 하강 state=LOCK age=0.07s t=24/60s
[telemetry_node-1] [INFO] [1785306260.146790788] [telemetry_node]: pos_ned=[1.49983490e+02 1.42046139e-02 5.63384581e+00]  yaw=-0.209  armed=True  vtol=3  batt=15.30V/50%
[offboard_node-2] [INFO] [1785306261.022268470] [offboard_node]: 정밀착륙 AGL=4.9m 수평오차=0.21m 하강 state=LOCK age=0.03s t=26/60s
[telemetry_node-1] [INFO] [1785306262.145270589] [telemetry_node]: pos_ned=[ 1.49967834e+02 -2.43759584e-02  4.02681351e+00]  yaw=-0.208  armed=True  vtol=3  batt=15.30V/50%
[offboard_node-2] [INFO] [1785306262.820741496] [offboard_node]: 인계고도 도달 (3.5m AGL, 목표 3.0m±0.5) → LANDING (AUTO.LAND)
[offboard_node-2] [INFO] [1785306262.921154814] [offboard_node]: AUTO.LAND 요청
[telemetry_node-1] [INFO] [1785306264.144941363] [telemetry_node]: pos_ned=[1.50147537e+02 8.73261690e-02 2.74050212e+00]  yaw=-0.211  armed=True  vtol=3  batt=15.30V/50%
[WARNING] [launch]: user interrupted with ctrl-c (SIGINT)
[INFO] [offboard_node-2]: sending signal 'SIGINT' to process[offboard_node-2]
[INFO] [telemetry_node-1]: sending signal 'SIGINT' to process[telemetry_node-1]
[offboard_node-2] Traceback (most recent call last):
[offboard_node-2]   File "/root/ws_f2b/install/fc_ros/lib/python3.10/site-packages/fc_ros/nodes/offboard_node.py", line 2320, in main
[telemetry_node-1] Traceback (most recent call last):
[telemetry_node-1]   File "/root/ws_f2b/install/fc_ros/lib/python3.10/site-packages/fc_ros/nodes/telemetry_node.py", line 109, in main
[telemetry_node-1]     rclpy.spin(node)
[telemetry_node-1]   File "/opt/ros/humble/local/lib/python3.10/dist-packages/rclpy/__init__.py", line 229, in spin
[telemetry_node-1]     executor.spin_once()
[telemetry_node-1]   File "/opt/ros/humble/local/lib/python3.10/dist-packages/rclpy/executors.py", line 808, in spin_once
[offboard_node-2]     rclpy.spin(node)
[offboard_node-2]   File "/opt/ros/humble/local/lib/python3.10/dist-packages/rclpy/__init__.py", line 229, in spin
[offboard_node-2]     executor.spin_once()
[offboard_node-2]   File "/opt/ros/humble/local/lib/python3.10/dist-packages/rclpy/executors.py", line 808, in spin_once
[telemetry_node-1]     self._spin_once_impl(timeout_sec)
[telemetry_node-1]   File "/opt/ros/humble/local/lib/python3.10/dist-packages/rclpy/executors.py", line 797, in _spin_once_impl
[telemetry_node-1]     handler, entity, node = self.wait_for_ready_callbacks(timeout_sec=timeout_sec)
[telemetry_node-1]   File "/opt/ros/humble/local/lib/python3.10/dist-packages/rclpy/executors.py", line 780, in wait_for_ready_callbacks
[telemetry_node-1]     return next(self._cb_iter)
[telemetry_node-1]   File "/opt/ros/humble/local/lib/python3.10/dist-packages/rclpy/executors.py", line 677, in _wait_for_ready_callbacks
[offboard_node-2]     self._spin_once_impl(timeout_sec)
[offboard_node-2]   File "/opt/ros/humble/local/lib/python3.10/dist-packages/rclpy/executors.py", line 797, in _spin_once_impl
[offboard_node-2]     handler, entity, node = self.wait_for_ready_callbacks(timeout_sec=timeout_sec)
[offboard_node-2]   File "/opt/ros/humble/local/lib/python3.10/dist-packages/rclpy/executors.py", line 780, in wait_for_ready_callbacks
[telemetry_node-1]     wait_set.wait(timeout_nsec)
[telemetry_node-1] KeyboardInterrupt
[telemetry_node-1] 
[telemetry_node-1] During handling of the above exception, another exception occurred:
[telemetry_node-1] 
[telemetry_node-1] Traceback (most recent call last):
[telemetry_node-1]   File "/root/ws_f2b/install/fc_ros/lib/fc_ros/telemetry_node", line 33, in <module>
[telemetry_node-1]     sys.exit(load_entry_point('fc-ros==0.1.0', 'console_scripts', 'telemetry_node')())
[telemetry_node-1]   File "/root/ws_f2b/install/fc_ros/lib/python3.10/site-packages/fc_ros/nodes/telemetry_node.py", line 111, in main
[telemetry_node-1]     node.destroy_node()
[telemetry_node-1]   File "/opt/ros/humble/local/lib/python3.10/dist-packages/rclpy/node.py", line 1687, in destroy_node
[offboard_node-2]     return next(self._cb_iter)
[offboard_node-2]   File "/opt/ros/humble/local/lib/python3.10/dist-packages/rclpy/executors.py", line 677, in _wait_for_ready_callbacks
[offboard_node-2]     wait_set.wait(timeout_nsec)
[offboard_node-2] KeyboardInterrupt
[offboard_node-2] 
[offboard_node-2] During handling of the above exception, another exception occurred:
[offboard_node-2] 
[offboard_node-2] Traceback (most recent call last):
[offboard_node-2]   File "/root/ws_f2b/install/fc_ros/lib/fc_ros/offboard_node", line 33, in <module>
[offboard_node-2]     sys.exit(load_entry_point('fc-ros==0.1.0', 'console_scripts', 'offboard_node')())
[offboard_node-2]   File "/root/ws_f2b/install/fc_ros/lib/python3.10/site-packages/fc_ros/nodes/offboard_node.py", line 2322, in main
[telemetry_node-1]     self.destroy_subscription(self._subscriptions[0])
[telemetry_node-1]   File "/opt/ros/humble/local/lib/python3.10/dist-packages/rclpy/node.py", line 1583, in destroy_subscription
[telemetry_node-1]     subscription.destroy()
[telemetry_node-1]   File "/opt/ros/humble/local/lib/python3.10/dist-packages/rclpy/subscription.py", line 80, in destroy
[telemetry_node-1]     self.handle.destroy_when_not_in_use()
[telemetry_node-1] KeyboardInterrupt
[offboard_node-2]     node.destroy_node()
[offboard_node-2]   File "/opt/ros/humble/local/lib/python3.10/dist-packages/rclpy/node.py", line 1687, in destroy_node
[offboard_node-2]     self.destroy_subscription(self._subscriptions[0])
[offboard_node-2]   File "/opt/ros/humble/local/lib/python3.10/dist-packages/rclpy/node.py", line 1583, in destroy_subscription
[offboard_node-2]     subscription.destroy()
[offboard_node-2]   File "/opt/ros/humble/local/lib/python3.10/dist-packages/rclpy/subscription.py", line 80, in destroy
[offboard_node-2]     self.handle.destroy_when_not_in_use()
[offboard_node-2] KeyboardInterrupt
[ERROR] [telemetry_node-1]: process has died [pid 5933, exit code -2, cmd '/root/ws_f2b/install/fc_ros/lib/fc_ros/telemetry_node --ros-args -r __node:=telemetry_node'].
[ERROR] [offboard_node-2]: process has died [pid 5935, exit code -2, cmd '/root/ws_f2b/install/fc_ros/lib/fc_ros/offboard_node --ros-args -r __node:=offboard_node --params-file /root/ws_f2b/install/fc_ros/share/fc_ros/params/fc_ros_params.yaml --params-file /tmp/launch_params_4jlzbu_e'].
