[INFO] [1785306469.983398360] [fake_vision]: fake_vision 시작 mode=steady target ENU=(0.0,40.0,0.2) rate=4.4Hz watch=/root/ws_f2b/src/suridoksuri/logs/2026-07-29_f2_followup/S40_short/node.log match='VISION_SEARCH'
[WARN] [1785306570.974102955] [fake_vision]: 트리거 성립 t=93.1s
[INFO] [1785306575.883306158] [fake_vision]: t=4.9s emitted=22 veto=False hint=False
[INFO] [1785306580.883704792] [fake_vision]: t=9.9s emitted=44 veto=False hint=False
[INFO] [1785306585.883510913] [fake_vision]: t=14.9s emitted=66 veto=False hint=False
[INFO] [1785306590.883488899] [fake_vision]: t=19.9s emitted=88 veto=False hint=False
[INFO] [1785306598.383439286] [fake_vision]: t=24.7s emitted=110 veto=False hint=False
[INFO] [1785306603.383338656] [fake_vision]: t=29.7s emitted=132 veto=False hint=False
[INFO] [1785306608.383629594] [fake_vision]: t=34.7s emitted=154 veto=False hint=False
[INFO] [1785306613.383281123] [fake_vision]: t=39.7s emitted=176 veto=False hint=False
[INFO] [1785306618.383128960] [fake_vision]: t=44.7s emitted=198 veto=False hint=False
Traceback (most recent call last):
  File "/root/ws_f2b/src/suridoksuri/tools/sitl/fake_vision.py", line 215, in <module>
    main()
  File "/root/ws_f2b/src/suridoksuri/tools/sitl/fake_vision.py", line 203, in main
    rclpy.spin(n)
  File "/opt/ros/humble/local/lib/python3.10/dist-packages/rclpy/__init__.py", line 229, in spin
    executor.spin_once()
  File "/opt/ros/humble/local/lib/python3.10/dist-packages/rclpy/executors.py", line 808, in spin_once
    self._spin_once_impl(timeout_sec)
  File "/opt/ros/humble/local/lib/python3.10/dist-packages/rclpy/executors.py", line 797, in _spin_once_impl
    handler, entity, node = self.wait_for_ready_callbacks(timeout_sec=timeout_sec)
  File "/opt/ros/humble/local/lib/python3.10/dist-packages/rclpy/executors.py", line 780, in wait_for_ready_callbacks
    return next(self._cb_iter)
  File "/opt/ros/humble/local/lib/python3.10/dist-packages/rclpy/executors.py", line 681, in _wait_for_ready_callbacks
    raise ExternalShutdownException()
rclpy.executors.ExternalShutdownException
