[INFO] [launch]: All log files can be found below /root/.ros/log/2026-07-28-00-30-42-125903-DESKTOP-Kilogram-1109
[INFO] [launch]: Default logging verbosity is set to INFO
[INFO] [telemetry_node-1]: process started with pid [1132]
[INFO] [offboard_node-2]: process started with pid [1134]
[offboard_node-2] [INFO] [1785166243.778549111] [offboard_node]: 경로 계획 시작 — planner=eta3 WP 3개 v_cruise=18.0 → 예상 약 75s 블로킹. 이 동안 노드는 응답하지 않는다 — 죽은 것이 아니니 재기동 금지 (재기동하면 중복 인스턴스가 된다).
[telemetry_node-1] [INFO] [1785166245.700747569] [telemetry_node]: pos_ned=[ 0.03039737 -0.00783982  0.00408103]  yaw=1.642  armed=False  vtol=3  batt=16.20V/100%
[telemetry_node-1] [INFO] [1785166247.634345966] [telemetry_node]: pos_ned=[0.02125375 0.01568045 0.0084587 ]  yaw=1.647  armed=False  vtol=3  batt=16.20V/100%
[telemetry_node-1] [INFO] [1785166249.634488064] [telemetry_node]: pos_ned=[0.02208869 0.01348776 0.03633991]  yaw=1.647  armed=False  vtol=3  batt=16.20V/100%
[telemetry_node-1] [INFO] [1785166251.634594772] [telemetry_node]: pos_ned=[ 0.02889003 -0.03011717  0.07234281]  yaw=1.647  armed=False  vtol=3  batt=16.20V/100%
[telemetry_node-1] [INFO] [1785166253.634695382] [telemetry_node]: pos_ned=[ 0.01792618 -0.01266378  0.07828289]  yaw=1.646  armed=False  vtol=3  batt=16.20V/100%
[telemetry_node-1] [INFO] [1785166255.634715406] [telemetry_node]: pos_ned=[0.01921237 0.0125622  0.06259885]  yaw=1.646  armed=False  vtol=3  batt=16.20V/100%
[telemetry_node-1] [INFO] [1785166257.635130219] [telemetry_node]: pos_ned=[0.02943354 0.00473854 0.03604496]  yaw=1.647  armed=False  vtol=3  batt=16.20V/100%
[telemetry_node-1] [INFO] [1785166259.634279355] [telemetry_node]: pos_ned=[ 0.01928697 -0.0037725   0.03467508]  yaw=1.649  armed=False  vtol=3  batt=16.20V/100%
[telemetry_node-1] [INFO] [1785166261.634485068] [telemetry_node]: pos_ned=[ 0.01187529 -0.00257522 -0.00074304]  yaw=1.649  armed=False  vtol=3  batt=16.20V/100%
[telemetry_node-1] [INFO] [1785166263.634192019] [telemetry_node]: pos_ned=[ 0.02378323 -0.00784389 -0.0344083 ]  yaw=1.647  armed=False  vtol=3  batt=16.20V/100%
[telemetry_node-1] [INFO] [1785166265.634268376] [telemetry_node]: pos_ned=[ 0.0193718   0.02030077 -0.07239013]  yaw=1.644  armed=False  vtol=3  batt=16.20V/100%
[telemetry_node-1] [INFO] [1785166267.634454541] [telemetry_node]: pos_ned=[ 0.01908073  0.01011703 -0.10255611]  yaw=1.643  armed=False  vtol=3  batt=16.20V/100%
[telemetry_node-1] [INFO] [1785166269.635024020] [telemetry_node]: pos_ned=[-0.0027019   0.00263978 -0.06983481]  yaw=1.644  armed=False  vtol=3  batt=16.20V/100%
[telemetry_node-1] [INFO] [1785166271.634590921] [telemetry_node]: pos_ned=[ 0.00261376 -0.00407974 -0.08012586]  yaw=1.647  armed=False  vtol=3  batt=16.20V/100%
[telemetry_node-1] [INFO] [1785166273.635060384] [telemetry_node]: pos_ned=[ 0.01230977  0.01201025 -0.09504859]  yaw=1.648  armed=False  vtol=3  batt=16.20V/100%
[telemetry_node-1] [INFO] [1785166275.634447917] [telemetry_node]: pos_ned=[ 0.03921794  0.03085245 -0.10747612]  yaw=1.647  armed=False  vtol=3  batt=16.20V/100%
[telemetry_node-1] [INFO] [1785166277.634334514] [telemetry_node]: pos_ned=[ 0.02548128  0.01284692 -0.08674382]  yaw=1.644  armed=False  vtol=3  batt=16.20V/100%
[telemetry_node-1] [INFO] [1785166279.634657965] [telemetry_node]: pos_ned=[ 0.03182515  0.007227   -0.06919897]  yaw=1.647  armed=False  vtol=3  batt=16.20V/100%
[telemetry_node-1] [INFO] [1785166281.634715841] [telemetry_node]: pos_ned=[ 0.04953405  0.01887724 -0.07790083]  yaw=1.648  armed=False  vtol=3  batt=16.20V/100%
[telemetry_node-1] [INFO] [1785166283.634826518] [telemetry_node]: pos_ned=[ 0.05024822  0.01861469 -0.08382413]  yaw=1.649  armed=False  vtol=3  batt=16.20V/100%
[telemetry_node-1] [INFO] [1785166285.634806428] [telemetry_node]: pos_ned=[ 0.05014979  0.00423456 -0.11761344]  yaw=1.650  armed=False  vtol=3  batt=16.20V/100%
[telemetry_node-1] [INFO] [1785166287.635107587] [telemetry_node]: pos_ned=[ 0.03547546  0.00713724 -0.11702723]  yaw=1.651  armed=False  vtol=3  batt=16.20V/100%
[telemetry_node-1] [INFO] [1785166289.635223647] [telemetry_node]: pos_ned=[ 0.02783554  0.00900714 -0.1221078 ]  yaw=1.652  armed=False  vtol=3  batt=16.20V/100%
[telemetry_node-1] [INFO] [1785166291.634921966] [telemetry_node]: pos_ned=[ 0.03307737  0.02331149 -0.11835158]  yaw=1.653  armed=False  vtol=3  batt=16.20V/100%
[telemetry_node-1] [INFO] [1785166293.634995685] [telemetry_node]: pos_ned=[ 0.00954569  0.0156768  -0.10902019]  yaw=1.654  armed=False  vtol=3  batt=16.20V/100%
[telemetry_node-1] [INFO] [1785166295.634492295] [telemetry_node]: pos_ned=[ 0.01921936  0.00396266 -0.13122556]  yaw=1.654  armed=False  vtol=3  batt=16.20V/100%
[telemetry_node-1] [INFO] [1785166297.638874035] [telemetry_node]: pos_ned=[ 0.03600849  0.0010744  -0.13236384]  yaw=1.655  armed=False  vtol=3  batt=16.20V/100%
[telemetry_node-1] [INFO] [1785166299.634342828] [telemetry_node]: pos_ned=[ 0.02170961  0.0117959  -0.12970489]  yaw=1.654  armed=False  vtol=3  batt=16.20V/100%
[telemetry_node-1] [INFO] [1785166301.634223033] [telemetry_node]: pos_ned=[ 0.04668365  0.00876631 -0.13379064]  yaw=1.653  armed=False  vtol=3  batt=16.20V/100%
[offboard_node-2] [Eta3ClothoidPlannerV3] WARNING: NR pos residual 5.019m is large. affine correction guarantees WP passage but curve may be deformed.
[offboard_node-2] [INFO] [1785166301.792100931] [offboard_node]: 경로 계획 완료 — 소요 57.6s (예상 75s), 경로점 415개, 전장 400.0m
[offboard_node-2] [INFO] [1785166301.918234710] [offboard_node]: ARM 요청
[offboard_node-2] [INFO] [1785166302.818070413] [offboard_node]: 경로 원점 = 이륙지점 [N=0.07, E=0.00, h_up=-0.14] 적용 (frame=takeoff) → WP0=[0.07,0.00] 순항고도 h_up=49.86
[offboard_node-2] [INFO] [1785166302.818738341] [offboard_node]: 거리 상한 감시 활성 1500m (이륙지점 기준 수평, 경로 최원점 283m)
[offboard_node-2] [INFO] [1785166302.820452526] [offboard_node]: CommandTOL 이륙 요청 alt=50.0m AMSL (지면 -0.0+50.0) -> CLIMBING
[telemetry_node-1] [INFO] [1785166303.634410575] [telemetry_node]: pos_ned=[ 0.06711355  0.02031213 -0.14768089]  yaw=1.652  armed=True  vtol=3  batt=16.20V/100%
[telemetry_node-1] [INFO] [1785166305.634291988] [telemetry_node]: pos_ned=[ 0.0536585   0.03736541 -0.12966138]  yaw=1.652  armed=True  vtol=3  batt=16.14V/98%
[telemetry_node-1] [INFO] [1785166307.634312620] [telemetry_node]: pos_ned=[-0.07400288 -0.04296716  1.48351157]  yaw=1.633  armed=True  vtol=3  batt=16.08V/95%
[telemetry_node-1] [INFO] [1785166309.634793735] [telemetry_node]: pos_ned=[-0.02058956 -0.01593074  3.66423726]  yaw=1.614  armed=True  vtol=3  batt=16.02V/92%
[telemetry_node-1] [INFO] [1785166311.634352783] [telemetry_node]: pos_ned=[1.78678818e-02 3.35162506e-03 6.63994837e+00]  yaw=1.611  armed=True  vtol=3  batt=15.96V/89%
[telemetry_node-1] [INFO] [1785166313.633954577] [telemetry_node]: pos_ned=[0.03369548 0.02314767 9.58540154]  yaw=1.609  armed=True  vtol=3  batt=15.90V/85%
[telemetry_node-1] [INFO] [1785166315.634193275] [telemetry_node]: pos_ned=[ 0.04806792  0.02153989 14.36331367]  yaw=1.610  armed=True  vtol=3  batt=15.84V/82%
[telemetry_node-1] [INFO] [1785166317.634015829] [telemetry_node]: pos_ned=[ 0.03780781  0.06629203 20.17665863]  yaw=1.606  armed=True  vtol=3  batt=15.78V/79%
[telemetry_node-1] [INFO] [1785166319.634313346] [telemetry_node]: pos_ned=[ 0.07574545  0.08012552 26.11368561]  yaw=1.606  armed=True  vtol=3  batt=15.72V/75%
[telemetry_node-1] [INFO] [1785166321.634465410] [telemetry_node]: pos_ned=[ 0.05005775  0.04880922 32.07169342]  yaw=1.599  armed=True  vtol=3  batt=15.66V/72%
[telemetry_node-1] [INFO] [1785166323.634303491] [telemetry_node]: pos_ned=[ 0.06626424  0.0640918  38.04250336]  yaw=1.598  armed=True  vtol=3  batt=15.60V/69%
[telemetry_node-1] [INFO] [1785166325.634043234] [telemetry_node]: pos_ned=[5.45727275e-02 3.92396487e-02 4.40221748e+01]  yaw=1.600  armed=True  vtol=3  batt=15.54V/65%
[telemetry_node-1] [INFO] [1785166327.633927240] [telemetry_node]: pos_ned=[ 0.08841548  0.05048848 47.56143951]  yaw=1.597  armed=True  vtol=3  batt=15.48V/62%
[telemetry_node-1] [INFO] [1785166329.634344486] [telemetry_node]: pos_ned=[4.23856378e-02 5.90016022e-02 4.90049667e+01]  yaw=1.596  armed=True  vtol=3  batt=15.42V/59%
[offboard_node-2] [INFO] [1785166330.717354165] [offboard_node]: 운용 고도 50.0m 도달 → transition_fw
[telemetry_node-1] [INFO] [1785166331.634108210] [telemetry_node]: pos_ned=[4.39913310e-02 2.44187303e-02 4.95540199e+01]  yaw=1.595  armed=True  vtol=3  batt=15.36V/55%
[offboard_node-2] [INFO] [1785166332.718058437] [offboard_node]: 천이 전 MC OFFBOARD 요청 (헤딩 정렬 대기)
[offboard_node-2] [WARN] [1785166332.818392929] [offboard_node]: 정렬 구간 OFFBOARD 이탈 → 재요청 (mode=AUTO.LOITER)
[telemetry_node-1] [INFO] [1785166333.634232529] [telemetry_node]: pos_ned=[7.19791278e-02 6.39404915e-03 4.96896553e+01]  yaw=1.572  armed=True  vtol=3  batt=15.30V/52%
[telemetry_node-1] [INFO] [1785166335.634075298] [telemetry_node]: pos_ned=[ 6.54543862e-02 -3.76211144e-02  4.96882019e+01]  yaw=0.768  armed=True  vtol=3  batt=15.30V/50%
[telemetry_node-1] [INFO] [1785166337.634019881] [telemetry_node]: pos_ned=[ 0.11521671 -0.1786115  49.62795258]  yaw=0.388  armed=True  vtol=3  batt=15.30V/50%
[telemetry_node-1] [INFO] [1785166339.634556987] [telemetry_node]: pos_ned=[ 0.14125435 -0.30938768 49.50440598]  yaw=0.208  armed=True  vtol=3  batt=15.30V/50%
[telemetry_node-1] [INFO] [1785166341.917164786] [telemetry_node]: pos_ned=[ 0.16160518 -0.3615427  49.36358643]  yaw=0.123  armed=True  vtol=3  batt=15.30V/50%
[telemetry_node-1] [INFO] [1785166343.633991059] [telemetry_node]: pos_ned=[ 0.18155    -0.39230597 49.21507263]  yaw=0.076  armed=True  vtol=3  batt=15.30V/50%
[telemetry_node-1] [INFO] [1785166345.634384872] [telemetry_node]: pos_ned=[ 0.19359462 -0.40056312 49.01413727]  yaw=0.044  armed=True  vtol=3  batt=15.30V/50%
[offboard_node-2] [INFO] [1785166347.018203627] [offboard_node]: 헤딩 정렬 완료 target=-0.0° current=2.4° err=-2.4° (20틱 안정) → 전진 + 천이 명령
[offboard_node-2] [INFO] [1785166347.019736051] [offboard_node]: MC→FW 천이 명령 요청 (위치 setpoint 직선 천이)
[telemetry_node-1] [INFO] [1785166347.634127535] [telemetry_node]: pos_ned=[ 0.27210903 -0.40845764 48.91098785]  yaw=0.042  armed=True  vtol=1  batt=15.30V/50%
[offboard_node-2] [INFO] [1785166349.617393450] [offboard_node]: FW 전환 완료 -> STREAMING
[telemetry_node-1] [INFO] [1785166349.634825989] [telemetry_node]: pos_ned=[ 9.65459156 -0.73128045 49.10684204]  yaw=-0.024  armed=True  vtol=4  batt=15.30V/50%
[offboard_node-2] [INFO] [1785166349.720528849] [offboard_node]: OFFBOARD 확인 → FOLLOWING
[offboard_node-2] [INFO] [1785166349.820257119] [offboard_node]: FOLLOWING 시작 pos=[12.0,-0.8] tgt=[82.0,0.0] cte=-0.8m mode=OFFBOARD seg=12/414
[telemetry_node-1] [INFO] [1785166351.634389536] [telemetry_node]: pos_ned=[41.41830063 -0.26724774 50.2063179 ]  yaw=0.031  armed=True  vtol=4  batt=15.30V/50%
[offboard_node-2] [INFO] [1785166351.722563010] [offboard_node]: FOLLOWING tick=20 mode=OFFBOARD cte=-0.3m pos=[42.9,-0.3] tgt=[112.9,0.0] seg=44/414
[telemetry_node-1] [INFO] [1785166353.634753996] [telemetry_node]: pos_ned=[ 7.03018723e+01 -3.45686488e-02  4.83602104e+01]  yaw=0.048  armed=True  vtol=4  batt=15.30V/50%
[offboard_node-2] [INFO] [1785166353.722476404] [offboard_node]: FOLLOWING tick=40 mode=OFFBOARD cte=0.0m pos=[71.9,0.0] tgt=[141.9,-0.0] seg=74/414
[telemetry_node-1] [INFO] [1785166355.634215213] [telemetry_node]: pos_ned=[101.09288025   0.22499649  48.23110199]  yaw=0.017  armed=True  vtol=4  batt=15.30V/50%
[offboard_node-2] [INFO] [1785166355.722193499] [offboard_node]: FOLLOWING tick=60 mode=OFFBOARD cte=0.2m pos=[102.6,0.2] tgt=[172.6,-0.0] seg=106/414
[telemetry_node-1] [INFO] [1785166357.634243171] [telemetry_node]: pos_ned=[130.26712036   0.46131429  48.41789627]  yaw=-0.011  armed=True  vtol=4  batt=15.30V/50%
[offboard_node-2] [INFO] [1785166357.722546107] [offboard_node]: FOLLOWING tick=80 mode=OFFBOARD cte=0.5m pos=[131.8,0.5] tgt=[200.1,1.7] seg=136/414
[telemetry_node-1] [INFO] [1785166359.634403301] [telemetry_node]: pos_ned=[158.95137024   1.78620541  48.61800003]  yaw=0.054  armed=True  vtol=4  batt=15.30V/50%
[offboard_node-2] [INFO] [1785166359.720113097] [offboard_node]: FOLLOWING tick=100 mode=OFFBOARD cte=2.0m pos=[160.4,2.1] tgt=[200.1,31.0] seg=166/414
[telemetry_node-1] [INFO] [1785166361.634605810] [telemetry_node]: pos_ned=[185.07344055  15.60448551  46.39878845]  yaw=0.498  armed=True  vtol=4  batt=15.30V/50%
[offboard_node-2] [WARN] [1785166361.721216194] [offboard_node]: 세그먼트 인덱스 급변 192→222 (Δ+30, 전체 414) pos=[185.9,16.4] — 경로상 전진이 아니라 다른 레그 선택일 수 있다
[offboard_node-2] [INFO] [1785166361.721929475] [offboard_node]: FOLLOWING tick=120 mode=OFFBOARD cte=14.3m pos=[185.9,16.4] tgt=[200.1,86.1] seg=222/414
[telemetry_node-1] [INFO] [1785166363.634301085] [telemetry_node]: pos_ned=[197.11003113  45.34559631  46.21762085]  yaw=1.366  armed=True  vtol=4  batt=15.30V/50%
[offboard_node-2] [INFO] [1785166363.719946263] [offboard_node]: FOLLOWING tick=140 mode=OFFBOARD cte=2.9m pos=[197.2,46.4] tgt=[200.1,116.4] seg=254/414
[telemetry_node-1] [INFO] [1785166365.634482070] [telemetry_node]: pos_ned=[199.14631653  72.55210114  50.01933289]  yaw=1.918  armed=True  vtol=4  batt=15.30V/50%
[offboard_node-2] [INFO] [1785166365.719549267] [offboard_node]: FOLLOWING tick=160 mode=OFFBOARD cte=0.9m pos=[199.2,73.5] tgt=[200.1,143.5] seg=282/414
[telemetry_node-1] [INFO] [1785166367.634424062] [telemetry_node]: pos_ned=[198.83787537 100.69368744  48.82953262]  yaw=1.923  armed=True  vtol=4  batt=15.30V/50%
[offboard_node-2] [INFO] [1785166367.720116697] [offboard_node]: FOLLOWING tick=180 mode=OFFBOARD cte=1.2m pos=[198.8,102.2] tgt=[200.1,172.2] seg=312/414
[telemetry_node-1] [INFO] [1785166369.634486363] [telemetry_node]: pos_ned=[199.21047974 128.5644989   50.54734421]  yaw=1.534  armed=True  vtol=4  batt=15.30V/50%
[offboard_node-2] [INFO] [1785166369.719864193] [offboard_node]: FOLLOWING tick=200 mode=OFFBOARD cte=0.8m pos=[199.2,129.9] tgt=[200.1,199.9] seg=341/414
[telemetry_node-1] [INFO] [1785166371.634437588] [telemetry_node]: pos_ned=[199.5274353  155.51347351  50.02180862]  yaw=1.301  armed=True  vtol=4  batt=15.30V/50%
[offboard_node-2] [INFO] [1785166371.720251208] [offboard_node]: FOLLOWING tick=220 mode=OFFBOARD cte=0.5m pos=[199.6,157.0] tgt=[200.1,200.0] seg=369/414
[telemetry_node-1] [INFO] [1785166373.634607825] [telemetry_node]: pos_ned=[199.99868774 183.35452271  50.14792252]  yaw=1.441  armed=True  vtol=4  batt=15.30V/50%
[offboard_node-2] [INFO] [1785166373.718976653] [offboard_node]: FOLLOWING tick=240 mode=OFFBOARD cte=0.1m pos=[200.0,184.8] tgt=[200.1,200.0] seg=398/414
[offboard_node-2] [INFO] [1785166374.118920854] [offboard_node]: 경로 추종 완료 -> transition_mc
[offboard_node-2] [INFO] [1785166374.218281473] [offboard_node]: FW->MC 역천이 명령 요청
[telemetry_node-1] [INFO] [1785166375.634028287] [telemetry_node]: pos_ned=[200.0710907  204.048172    50.46203232]  yaw=1.657  armed=True  vtol=2  batt=15.30V/50%
[telemetry_node-1] [INFO] [1785166377.635081207] [telemetry_node]: pos_ned=[200.38121033 224.50193787  51.24510956]  yaw=1.714  armed=True  vtol=2  batt=15.30V/50%
[telemetry_node-1] [INFO] [1785166379.634576301] [telemetry_node]: pos_ned=[200.69450378 237.30271912  51.61091614]  yaw=1.633  armed=True  vtol=2  batt=15.30V/50%
[offboard_node-2] [INFO] [1785166379.718287226] [offboard_node]: MC 전환 완료 -> HOLD (WP1 복귀)
[telemetry_node-1] [INFO] [1785166381.634139079] [telemetry_node]: pos_ned=[200.57705688 237.84559631  51.12339401]  yaw=1.565  armed=True  vtol=3  batt=15.30V/50%
[offboard_node-2] [INFO] [1785166381.718063422] [offboard_node]: WP1 홀드 dist=37.3m speed=7.9m/s stable=0/10
[telemetry_node-1] [INFO] [1785166383.635185415] [telemetry_node]: pos_ned=[200.48762512 226.34863281  50.80017853]  yaw=1.562  armed=True  vtol=3  batt=15.30V/50%
[offboard_node-2] [INFO] [1785166383.718026088] [offboard_node]: WP1 홀드 dist=25.9m speed=4.8m/s stable=0/10
[telemetry_node-1] [INFO] [1785166385.634367577] [telemetry_node]: pos_ned=[200.35534668 215.46916199  50.35274124]  yaw=1.553  armed=True  vtol=3  batt=15.30V/50%
[offboard_node-2] [INFO] [1785166385.718128331] [offboard_node]: WP1 홀드 dist=15.0m speed=4.8m/s stable=0/10
[telemetry_node-1] [INFO] [1785166387.634645954] [telemetry_node]: pos_ned=[200.17739868 205.26748657  49.96300125]  yaw=1.551  armed=True  vtol=3  batt=15.30V/50%
[offboard_node-2] [INFO] [1785166387.718355434] [offboard_node]: WP1 홀드 dist=4.8m speed=4.8m/s stable=0/10
[telemetry_node-1] [INFO] [1785166389.634351622] [telemetry_node]: pos_ned=[200.13088989 200.62704468  49.92728806]  yaw=1.549  armed=True  vtol=3  batt=15.30V/50%
[offboard_node-2] [INFO] [1785166389.718697895] [offboard_node]: WP1 홀드 dist=0.6m speed=0.2m/s stable=8/10
[offboard_node-2] [INFO] [1785166389.818110142] [offboard_node]: WP1 도달·안정 → LANDING (dist=0.6m speed=0.1m/s)
[offboard_node-2] [INFO] [1785166389.918254574] [offboard_node]: AUTO.LAND 요청
[telemetry_node-1] [INFO] [1785166391.634088460] [telemetry_node]: pos_ned=[200.19047546 200.75535583  48.07889557]  yaw=1.548  armed=True  vtol=3  batt=15.30V/50%
[telemetry_node-1] [INFO] [1785166393.634094495] [telemetry_node]: pos_ned=[200.16319275 200.39978027  45.1865387 ]  yaw=1.549  armed=True  vtol=3  batt=15.30V/50%
[telemetry_node-1] [INFO] [1785166395.634401184] [telemetry_node]: pos_ned=[200.15815735 200.63330078  42.1908989 ]  yaw=1.550  armed=True  vtol=3  batt=15.30V/50%
[telemetry_node-1] [INFO] [1785166397.634229873] [telemetry_node]: pos_ned=[200.13459778 200.69517517  39.19513702]  yaw=1.551  armed=True  vtol=3  batt=15.30V/50%
[telemetry_node-1] [INFO] [1785166399.633982076] [telemetry_node]: pos_ned=[200.11509705 200.52272034  36.22925186]  yaw=1.551  armed=True  vtol=3  batt=15.30V/50%
[telemetry_node-1] [INFO] [1785166401.634684101] [telemetry_node]: pos_ned=[200.11608887 200.60617065  33.26496124]  yaw=1.552  armed=True  vtol=3  batt=15.30V/50%
[telemetry_node-1] [INFO] [1785166403.634433899] [telemetry_node]: pos_ned=[200.11222839 200.52311707  30.33382797]  yaw=1.552  armed=True  vtol=3  batt=15.30V/50%
[telemetry_node-1] [INFO] [1785166405.634223755] [telemetry_node]: pos_ned=[200.14547729 200.52973938  27.41685867]  yaw=1.552  armed=True  vtol=3  batt=15.30V/50%
[telemetry_node-1] [INFO] [1785166407.801207234] [telemetry_node]: pos_ned=[200.14187622 200.60055542  24.90771294]  yaw=1.553  armed=True  vtol=3  batt=15.30V/50%
[telemetry_node-1] [INFO] [1785166409.634783636] [telemetry_node]: pos_ned=[200.14131165 200.53666687  22.14495468]  yaw=1.554  armed=True  vtol=3  batt=15.30V/50%
[telemetry_node-1] [INFO] [1785166411.634507199] [telemetry_node]: pos_ned=[200.14245605 200.55633545  19.25906372]  yaw=1.554  armed=True  vtol=3  batt=15.30V/50%
[telemetry_node-1] [INFO] [1785166413.634941584] [telemetry_node]: pos_ned=[200.13938904 200.59681702  16.32806969]  yaw=1.555  armed=True  vtol=3  batt=15.30V/50%
[telemetry_node-1] [INFO] [1785166415.634480555] [telemetry_node]: pos_ned=[200.10772705 200.52233887  13.39978409]  yaw=1.556  armed=True  vtol=3  batt=15.30V/50%
[telemetry_node-1] [INFO] [1785166417.634242499] [telemetry_node]: pos_ned=[200.11132812 200.57644653  10.50620365]  yaw=1.557  armed=True  vtol=3  batt=15.30V/50%
[telemetry_node-1] [INFO] [1785166419.634946974] [telemetry_node]: pos_ned=[200.10646057 200.58242798   7.86647511]  yaw=1.557  armed=True  vtol=3  batt=15.30V/50%
[telemetry_node-1] [INFO] [1785166421.634154140] [telemetry_node]: pos_ned=[200.11459351 200.50474548   5.92194748]  yaw=1.558  armed=True  vtol=3  batt=15.30V/50%
[telemetry_node-1] [INFO] [1785166423.634306262] [telemetry_node]: pos_ned=[200.11845398 200.61851501   4.48678684]  yaw=1.559  armed=True  vtol=3  batt=15.30V/50%
[telemetry_node-1] [INFO] [1785166425.634789324] [telemetry_node]: pos_ned=[200.12434387 200.53253174   3.19964957]  yaw=1.560  armed=True  vtol=3  batt=15.30V/50%
[telemetry_node-1] [INFO] [1785166427.634454360] [telemetry_node]: pos_ned=[200.13450623 200.50160217   1.9750874 ]  yaw=1.560  armed=True  vtol=3  batt=15.30V/50%
[telemetry_node-1] [INFO] [1785166429.634541798] [telemetry_node]: pos_ned=[200.12565613 200.63417053   0.69869322]  yaw=1.561  armed=True  vtol=3  batt=15.30V/50%
[telemetry_node-1] [INFO] [1785166431.634436654] [telemetry_node]: pos_ned=[200.14920044 200.59458923  -0.35396099]  yaw=1.562  armed=True  vtol=3  batt=15.30V/50%
[telemetry_node-1] [INFO] [1785166433.634487986] [telemetry_node]: pos_ned=[200.15361023 200.59060669  -0.28695542]  yaw=1.563  armed=True  vtol=3  batt=15.30V/50%
[offboard_node-2] [INFO] [1785166434.917352159] [offboard_node]: 착륙 완료 (disarmed) -> DONE
[telemetry_node-1] [INFO] [1785166435.634077461] [telemetry_node]: pos_ned=[200.13096619 200.60496521  -0.27428764]  yaw=1.564  armed=False  vtol=3  batt=15.30V/50%
[telemetry_node-1] [INFO] [1785166437.634188318] [telemetry_node]: pos_ned=[200.11631775 200.59820557  -0.25051951]  yaw=1.565  armed=False  vtol=3  batt=16.20V/88%
[telemetry_node-1] [INFO] [1785166439.633929143] [telemetry_node]: pos_ned=[200.12452698 200.59919739  -0.22122763]  yaw=1.567  armed=False  vtol=3  batt=16.20V/98%
[telemetry_node-1] [INFO] [1785166441.634695617] [telemetry_node]: pos_ned=[ 2.00123276e+02  2.00606110e+02 -1.99071646e-01]  yaw=1.568  armed=False  vtol=3  batt=16.20V/100%
[WARNING] [launch]: user interrupted with ctrl-c (SIGINT)
[INFO] [offboard_node-2]: sending signal 'SIGINT' to process[offboard_node-2]
[INFO] [telemetry_node-1]: sending signal 'SIGINT' to process[telemetry_node-1]
[offboard_node-2] Traceback (most recent call last):
[offboard_node-2]   File "/root/drone_ws/install/fc_ros/lib/python3.10/site-packages/fc_ros/nodes/offboard_node.py", line 1511, in main
[offboard_node-2]     rclpy.spin(node)
[offboard_node-2]   File "/opt/ros/humble/local/lib/python3.10/dist-packages/rclpy/__init__.py", line 229, in spin
[offboard_node-2]     executor.spin_once()
[offboard_node-2]   File "/opt/ros/humble/local/lib/python3.10/dist-packages/rclpy/executors.py", line 808, in spin_once
[offboard_node-2]     self._spin_once_impl(timeout_sec)
[offboard_node-2]   File "/opt/ros/humble/local/lib/python3.10/dist-packages/rclpy/executors.py", line 797, in _spin_once_impl
[offboard_node-2]     handler, entity, node = self.wait_for_ready_callbacks(timeout_sec=timeout_sec)
[offboard_node-2]   File "/opt/ros/humble/local/lib/python3.10/dist-packages/rclpy/executors.py", line 780, in wait_for_ready_callbacks
[offboard_node-2]     return next(self._cb_iter)
[offboard_node-2]   File "/opt/ros/humble/local/lib/python3.10/dist-packages/rclpy/executors.py", line 677, in _wait_for_ready_callbacks
[offboard_node-2]     wait_set.wait(timeout_nsec)
[offboard_node-2] KeyboardInterrupt
[offboard_node-2] 
[offboard_node-2] During handling of the above exception, another exception occurred:
[offboard_node-2] 
[offboard_node-2] Traceback (most recent call last):
[offboard_node-2]   File "/root/drone_ws/install/fc_ros/lib/fc_ros/offboard_node", line 33, in <module>
[offboard_node-2]     sys.exit(load_entry_point('fc-ros==0.1.0', 'console_scripts', 'offboard_node')())
[offboard_node-2]   File "/root/drone_ws/install/fc_ros/lib/python3.10/site-packages/fc_ros/nodes/offboard_node.py", line 1513, in main
[offboard_node-2]     node.destroy_node()
[offboard_node-2]   File "/opt/ros/humble/local/lib/python3.10/dist-packages/rclpy/node.py", line 1689, in destroy_node
[offboard_node-2]     self.destroy_client(self._clients[0])
[offboard_node-2]   File "/opt/ros/humble/local/lib/python3.10/dist-packages/rclpy/node.py", line 1599, in destroy_client
[offboard_node-2]     client.destroy()
[offboard_node-2]   File "/opt/ros/humble/local/lib/python3.10/dist-packages/rclpy/client.py", line 187, in destroy
[offboard_node-2]     self.__client.destroy_when_not_in_use()
[offboard_node-2] KeyboardInterrupt
[telemetry_node-1] Traceback (most recent call last):
[telemetry_node-1]   File "/root/drone_ws/install/fc_ros/lib/python3.10/site-packages/fc_ros/nodes/telemetry_node.py", line 109, in main
[telemetry_node-1]     rclpy.spin(node)
[telemetry_node-1]   File "/opt/ros/humble/local/lib/python3.10/dist-packages/rclpy/__init__.py", line 229, in spin
[telemetry_node-1]     executor.spin_once()
[telemetry_node-1]   File "/opt/ros/humble/local/lib/python3.10/dist-packages/rclpy/executors.py", line 808, in spin_once
[telemetry_node-1]     self._spin_once_impl(timeout_sec)
[telemetry_node-1]   File "/opt/ros/humble/local/lib/python3.10/dist-packages/rclpy/executors.py", line 797, in _spin_once_impl
[telemetry_node-1]     handler, entity, node = self.wait_for_ready_callbacks(timeout_sec=timeout_sec)
[telemetry_node-1]   File "/opt/ros/humble/local/lib/python3.10/dist-packages/rclpy/executors.py", line 780, in wait_for_ready_callbacks
[telemetry_node-1]     return next(self._cb_iter)
[telemetry_node-1]   File "/opt/ros/humble/local/lib/python3.10/dist-packages/rclpy/executors.py", line 677, in _wait_for_ready_callbacks
[telemetry_node-1]     wait_set.wait(timeout_nsec)
[telemetry_node-1] KeyboardInterrupt
[telemetry_node-1] 
[telemetry_node-1] During handling of the above exception, another exception occurred:
[telemetry_node-1] 
[telemetry_node-1] Traceback (most recent call last):
[telemetry_node-1]   File "/root/drone_ws/install/fc_ros/lib/fc_ros/telemetry_node", line 33, in <module>
[telemetry_node-1]     sys.exit(load_entry_point('fc-ros==0.1.0', 'console_scripts', 'telemetry_node')())
[telemetry_node-1]   File "/root/drone_ws/install/fc_ros/lib/python3.10/site-packages/fc_ros/nodes/telemetry_node.py", line 112, in main
[telemetry_node-1]     rclpy.shutdown()
[telemetry_node-1]   File "/opt/ros/humble/local/lib/python3.10/dist-packages/rclpy/__init__.py", line 130, in shutdown
[telemetry_node-1]     _shutdown(context=context)
[telemetry_node-1]   File "/opt/ros/humble/local/lib/python3.10/dist-packages/rclpy/utilities.py", line 58, in shutdown
[telemetry_node-1]     return context.shutdown()
[telemetry_node-1]   File "/opt/ros/humble/local/lib/python3.10/dist-packages/rclpy/context.py", line 102, in shutdown
[telemetry_node-1]     self.__context.shutdown()
[telemetry_node-1] rclpy._rclpy_pybind11.RCLError: failed to shutdown: rcl_shutdown already called on the given context, at ./src/rcl/init.c:241
[ERROR] [offboard_node-2]: process has died [pid 1134, exit code -2, cmd '/root/drone_ws/install/fc_ros/lib/fc_ros/offboard_node --ros-args -r __node:=offboard_node --params-file /root/drone_ws/install/fc_ros/share/fc_ros/params/fc_ros_params.yaml --params-file /tmp/launch_params_1s_p8y0_'].
[ERROR] [telemetry_node-1]: process has died [pid 1132, exit code 1, cmd '/root/drone_ws/install/fc_ros/lib/fc_ros/telemetry_node --ros-args -r __node:=telemetry_node'].
