[INFO] [launch]: All log files can be found below /root/.ros/log/2026-07-07-02-17-47-509613-doksuri-516
[INFO] [launch]: Default logging verbosity is set to INFO
[INFO] [telemetry_node-1]: process started with pid [518]
[INFO] [offboard_node-2]: process started with pid [520]
[offboard_node-2] [INFO] [1783390669.269859635] [offboard_node]: ARM 요청
[offboard_node-2] [INFO] [1783390670.925727122] [offboard_node]: CommandTOL 이륙 요청 altitude=4.0m -> CLIMBING
[telemetry_node-1] [INFO] [1783390671.134509037] [telemetry_node]: pos_ned=[-0.13127659 -3.04836082 -2.08893776]  yaw=-2.435  armed=True  vtol=0
[telemetry_node-1] [INFO] [1783390673.099233549] [telemetry_node]: pos_ned=[-0.02085058 -3.08446574 -2.06794739]  yaw=-2.434  armed=True  vtol=0
[telemetry_node-1] [INFO] [1783390675.099271568] [telemetry_node]: pos_ned=[-0.04538319 -3.07784295 -2.07431793]  yaw=-2.434  armed=True  vtol=0
[telemetry_node-1] [INFO] [1783390677.099229710] [telemetry_node]: pos_ned=[-0.06335927 -3.04324865 -2.0911808 ]  yaw=-2.435  armed=True  vtol=0
[telemetry_node-1] [INFO] [1783390679.099187446] [telemetry_node]: pos_ned=[-0.08548669 -3.01086712 -2.14072227]  yaw=-2.436  armed=True  vtol=0
[telemetry_node-1] [INFO] [1783390681.099238709] [telemetry_node]: pos_ned=[-0.07384112 -2.95763683 -2.21544647]  yaw=-2.437  armed=True  vtol=0
[telemetry_node-1] [INFO] [1783390683.099122223] [telemetry_node]: pos_ned=[-0.05167793 -2.91602087 -2.2901783 ]  yaw=-0.818  armed=False  vtol=0
[telemetry_node-1] [INFO] [1783390685.099031274] [telemetry_node]: pos_ned=[-0.01300581 -2.86674976 -2.35292244]  yaw=-0.827  armed=False  vtol=0
[telemetry_node-1] [INFO] [1783390687.099175445] [telemetry_node]: pos_ned=[-0.02997356 -2.86184549 -2.41794777]  yaw=-0.826  armed=False  vtol=0
[telemetry_node-1] [INFO] [1783390689.099166588] [telemetry_node]: pos_ned=[-0.05186911 -2.8451314  -2.49443626]  yaw=-0.824  armed=False  vtol=0
[telemetry_node-1] [INFO] [1783390691.099110858] [telemetry_node]: pos_ned=[-0.08091815 -2.82115865 -2.56035423]  yaw=-0.824  armed=False  vtol=0
[telemetry_node-1] [INFO] [1783390693.099291671] [telemetry_node]: pos_ned=[-0.11365559 -2.81101561 -2.60285378]  yaw=-0.823  armed=False  vtol=0
[telemetry_node-1] [INFO] [1783390695.099190267] [telemetry_node]: pos_ned=[-0.14087345 -2.80229354 -2.67002106]  yaw=-0.823  armed=False  vtol=0
[telemetry_node-1] [INFO] [1783390697.099254639] [telemetry_node]: pos_ned=[-0.16315031 -2.80416632 -2.74400139]  yaw=-0.822  armed=False  vtol=0
[telemetry_node-1] [INFO] [1783390699.099179955] [telemetry_node]: pos_ned=[-0.16392657 -2.81915259 -2.80315018]  yaw=-0.823  armed=False  vtol=0
[telemetry_node-1] [INFO] [1783390701.099080481] [telemetry_node]: pos_ned=[-0.16439618 -2.8442831  -2.83532524]  yaw=-0.822  armed=False  vtol=0
[telemetry_node-1] [INFO] [1783390703.099122168] [telemetry_node]: pos_ned=[-0.18330844 -2.85051966 -2.90878296]  yaw=-0.822  armed=False  vtol=0
[telemetry_node-1] [INFO] [1783390705.099108521] [telemetry_node]: pos_ned=[-0.2054982  -2.8478775  -2.98968887]  yaw=-0.822  armed=False  vtol=0
[telemetry_node-1] [INFO] [1783390707.099109580] [telemetry_node]: pos_ned=[-0.24466488 -2.80249166 -3.06031799]  yaw=-0.821  armed=False  vtol=0
[telemetry_node-1] [INFO] [1783390709.099115612] [telemetry_node]: pos_ned=[-0.27055359 -2.70631266 -3.22615433]  yaw=-0.822  armed=False  vtol=0
[telemetry_node-1] [INFO] [1783390711.099111621] [telemetry_node]: pos_ned=[-0.2279501  -2.66142583 -3.59976959]  yaw=-0.822  armed=False  vtol=0
[telemetry_node-1] [INFO] [1783390713.099044222] [telemetry_node]: pos_ned=[-0.22793359 -2.58334494 -3.93738365]  yaw=-0.823  armed=False  vtol=0
