[INFO] [launch]: All log files can be found below /root/.ros/log/2026-07-27-21-54-00-703355-DESKTOP-Kilogram-1125
[INFO] [launch]: Default logging verbosity is set to INFO
[INFO] [telemetry_node-1]: process started with pid [1153]
[INFO] [offboard_node-2]: process started with pid [1155]
[offboard_node-2] [INFO] [1785156841.743053586] [offboard_node]: ARM 요청
[offboard_node-2] [INFO] [1785156842.665126920] [offboard_node]: 거리 상한 감시 활성 1500m (이륙지점 기준 수평, 경로 최원점 300m)
[offboard_node-2] [INFO] [1785156842.673485601] [offboard_node]: CommandTOL 이륙 요청 alt=50.1m AMSL (지면 0.1+50.0) -> CLIMBING
[telemetry_node-1] [INFO] [1785156843.495300928] [telemetry_node]: pos_ned=[-0.02917294  0.03072493  0.01878323]  yaw=1.698  armed=True  vtol=3  batt=16.19V/100%
[telemetry_node-1] [INFO] [1785156845.456172471] [telemetry_node]: pos_ned=[-0.01434816  0.03020821  0.00818583]  yaw=1.694  armed=True  vtol=3  batt=16.13V/98%
[telemetry_node-1] [INFO] [1785156849.579804349] [telemetry_node]: pos_ned=[-0.01388577  0.02164344  0.0047797 ]  yaw=1.693  armed=True  vtol=3  batt=16.13V/98%
[telemetry_node-1] [INFO] [1785156851.456061658] [telemetry_node]: pos_ned=[ 0.02426891 -0.042105    1.11261034]  yaw=1.702  armed=True  vtol=3  batt=16.07V/95%
[telemetry_node-1] [INFO] [1785156853.456312683] [telemetry_node]: pos_ned=[ 4.84161638e-03 -2.03924463e-03  3.75321412e+00]  yaw=1.697  armed=True  vtol=3  batt=16.01V/91%
[telemetry_node-1] [INFO] [1785156855.456096502] [telemetry_node]: pos_ned=[-0.00866291  0.04869594  6.67469931]  yaw=1.700  armed=True  vtol=3  batt=15.95V/88%
[telemetry_node-1] [INFO] [1785156857.456344586] [telemetry_node]: pos_ned=[-0.01415855  0.06511344  9.67261314]  yaw=1.708  armed=True  vtol=3  batt=15.89V/85%
[telemetry_node-1] [INFO] [1785156859.456123396] [telemetry_node]: pos_ned=[-0.0647575   0.03499367 14.45725727]  yaw=1.714  armed=True  vtol=3  batt=15.83V/81%
[telemetry_node-1] [INFO] [1785156861.456512730] [telemetry_node]: pos_ned=[-6.41497225e-02  1.47464301e-03  2.03145313e+01]  yaw=1.725  armed=True  vtol=3  batt=15.77V/78%
[telemetry_node-1] [INFO] [1785156863.456285473] [telemetry_node]: pos_ned=[-0.06950368  0.04267994 26.08478928]  yaw=1.733  armed=True  vtol=3  batt=15.71V/75%
[telemetry_node-1] [INFO] [1785156865.455993632] [telemetry_node]: pos_ned=[-3.63288447e-02  2.26569530e-02  3.21236191e+01]  yaw=1.728  armed=True  vtol=3  batt=15.65V/71%
[telemetry_node-1] [INFO] [1785156867.456194333] [telemetry_node]: pos_ned=[-3.22205611e-02  2.08282359e-02  3.80849190e+01]  yaw=1.725  armed=True  vtol=3  batt=15.59V/68%
[telemetry_node-1] [INFO] [1785156869.456049693] [telemetry_node]: pos_ned=[-0.046728    0.04547013 44.07804108]  yaw=1.726  armed=True  vtol=3  batt=15.53V/65%
[telemetry_node-1] [INFO] [1785156871.455924888] [telemetry_node]: pos_ned=[-4.25213091e-02  8.33635777e-03  4.77328033e+01]  yaw=1.729  armed=True  vtol=3  batt=15.47V/61%
[telemetry_node-1] [INFO] [1785156873.455865995] [telemetry_node]: pos_ned=[-3.17617878e-02  2.82450169e-02  4.92615051e+01]  yaw=1.730  armed=True  vtol=3  batt=15.41V/58%
[offboard_node-2] [INFO] [1785156874.164439285] [offboard_node]: 운용 고도 50.0m 도달 → transition_fw
[telemetry_node-1] [INFO] [1785156875.456405346] [telemetry_node]: pos_ned=[-4.39162878e-03  2.73105521e-02  4.98430023e+01]  yaw=1.730  armed=True  vtol=3  batt=15.35V/55%
[offboard_node-2] [INFO] [1785156876.165283514] [offboard_node]: 천이 전 MC OFFBOARD 요청 (헤딩 정렬 대기)
[offboard_node-2] [WARN] [1785156876.265067482] [offboard_node]: 정렬 구간 OFFBOARD 이탈 → 재요청 (mode=AUTO.LOITER)
[telemetry_node-1] [INFO] [1785156877.456324924] [telemetry_node]: pos_ned=[1.72935687e-02 1.56141138e-02 5.00913277e+01]  yaw=1.351  armed=True  vtol=3  batt=15.30V/51%
[telemetry_node-1] [INFO] [1785156879.456205986] [telemetry_node]: pos_ned=[ 2.56803893e-02 -2.47657113e-02  5.03426743e+01]  yaw=0.624  armed=True  vtol=3  batt=15.30V/50%
[telemetry_node-1] [INFO] [1785156881.456051707] [telemetry_node]: pos_ned=[ 0.16694564 -0.0838116  50.59964752]  yaw=0.319  armed=True  vtol=3  batt=15.30V/50%
[telemetry_node-1] [INFO] [1785156885.674882244] [telemetry_node]: pos_ned=[ 0.17959067 -0.10272708 50.69070816]  yaw=0.264  armed=True  vtol=3  batt=15.30V/50%
[telemetry_node-1] [INFO] [1785156887.455887191] [telemetry_node]: pos_ned=[ 0.17768747 -0.09847403 50.93433762]  yaw=0.152  armed=True  vtol=3  batt=15.30V/50%
[telemetry_node-1] [INFO] [1785156889.455891585] [telemetry_node]: pos_ned=[ 0.17694086 -0.09113126 51.21500778]  yaw=0.085  armed=True  vtol=3  batt=15.30V/50%
[telemetry_node-1] [INFO] [1785156891.455909681] [telemetry_node]: pos_ned=[ 1.37034982e-01 -4.88740914e-02  5.14900246e+01]  yaw=0.047  armed=True  vtol=3  batt=15.30V/50%
[offboard_node-2] [INFO] [1785156893.164495559] [offboard_node]: 헤딩 정렬 완료 target=0.0° current=2.4° err=-2.4° (20틱 안정) → 전진 + 천이 명령
[offboard_node-2] [INFO] [1785156893.165384151] [offboard_node]: MC→FW 천이 명령 요청 (위치 setpoint 직선 천이)
[telemetry_node-1] [INFO] [1785156893.456231892] [telemetry_node]: pos_ned=[ 1.15130693e-01 -1.81438178e-02  5.17523613e+01]  yaw=0.042  armed=True  vtol=1  batt=15.30V/50%
[telemetry_node-1] [INFO] [1785156895.455898610] [telemetry_node]: pos_ned=[ 5.55466747 -0.14843337 52.0582695 ]  yaw=-0.009  armed=True  vtol=1  batt=15.30V/50%
[offboard_node-2] [INFO] [1785156895.764394502] [offboard_node]: FW 전환 완료 -> STREAMING
[offboard_node-2] [INFO] [1785156895.868969020] [offboard_node]: OFFBOARD 확인 → FOLLOWING
[offboard_node-2] [INFO] [1785156895.972012044] [offboard_node]: FOLLOWING 시작 pos=[11.9,-0.5] tgt=[81.9,0.0] cte=-0.5m mode=OFFBOARD
[telemetry_node-1] [INFO] [1785156897.455886352] [telemetry_node]: pos_ned=[37.9308548  -1.22576559 51.57315445]  yaw=0.003  armed=True  vtol=4  batt=15.30V/50%
[offboard_node-2] [INFO] [1785156897.873651976] [offboard_node]: FOLLOWING tick=20 mode=OFFBOARD cte=-1.1m pos=[44.1,-1.1] tgt=[114.1,0.0]
[telemetry_node-1] [INFO] [1785156899.456154052] [telemetry_node]: pos_ned=[67.96517944 -0.67178553 50.78528595]  yaw=0.023  armed=True  vtol=4  batt=15.30V/50%
[offboard_node-2] [INFO] [1785156899.872480814] [offboard_node]: FOLLOWING tick=40 mode=OFFBOARD cte=-0.5m pos=[74.0,-0.5] tgt=[144.0,0.0]
[telemetry_node-1] [INFO] [1785156901.455964082] [telemetry_node]: pos_ned=[98.64560699 -0.16089475 49.3151741 ]  yaw=0.028  armed=True  vtol=4  batt=15.30V/50%
[offboard_node-2] [INFO] [1785156901.873048789] [offboard_node]: FOLLOWING tick=60 mode=OFFBOARD cte=-0.1m pos=[104.7,-0.1] tgt=[174.7,0.0]
[telemetry_node-1] [INFO] [1785156903.455922351] [telemetry_node]: pos_ned=[1.28340607e+02 3.33386823e-03 4.93213043e+01]  yaw=0.019  armed=True  vtol=4  batt=15.30V/50%
[offboard_node-2] [INFO] [1785156903.873128345] [offboard_node]: FOLLOWING tick=80 mode=OFFBOARD cte=0.0m pos=[134.2,0.0] tgt=[204.2,0.0]
[telemetry_node-1] [INFO] [1785156905.457043831] [telemetry_node]: pos_ned=[1.57363525e+02 6.79444671e-02 4.93494377e+01]  yaw=-0.003  armed=True  vtol=4  batt=15.30V/50%
[offboard_node-2] [INFO] [1785156905.872419106] [offboard_node]: FOLLOWING tick=100 mode=OFFBOARD cte=0.1m pos=[163.1,0.1] tgt=[233.1,0.0]
[telemetry_node-1] [INFO] [1785156907.455962332] [telemetry_node]: pos_ned=[1.85871246e+02 4.90857195e-03 4.94837418e+01]  yaw=-0.015  armed=True  vtol=4  batt=15.30V/50%
[offboard_node-2] [INFO] [1785156907.873702483] [offboard_node]: FOLLOWING tick=120 mode=OFFBOARD cte=-0.0m pos=[191.5,-0.0] tgt=[261.5,0.0]
[telemetry_node-1] [INFO] [1785156909.455924368] [telemetry_node]: pos_ned=[ 2.13884018e+02 -9.75899324e-02  4.96362610e+01]  yaw=-0.009  armed=True  vtol=4  batt=15.30V/50%
[offboard_node-2] [INFO] [1785156909.872174440] [offboard_node]: FOLLOWING tick=140 mode=OFFBOARD cte=-0.1m pos=[219.4,-0.1] tgt=[289.4,0.0]
[telemetry_node-1] [INFO] [1785156911.455946855] [telemetry_node]: pos_ned=[ 2.41543289e+02 -1.90860689e-01  4.97602806e+01]  yaw=0.006  armed=True  vtol=4  batt=15.30V/50%
[offboard_node-2] [INFO] [1785156911.872716703] [offboard_node]: FOLLOWING tick=160 mode=OFFBOARD cte=-0.2m pos=[247.1,-0.2] tgt=[300.0,0.0]
[telemetry_node-1] [INFO] [1785156913.456398843] [telemetry_node]: pos_ned=[ 2.68681610e+02 -2.26638809e-01  4.98681717e+01]  yaw=0.015  armed=True  vtol=4  batt=15.30V/50%
[offboard_node-2] [INFO] [1785156913.877008982] [offboard_node]: FOLLOWING tick=180 mode=OFFBOARD cte=-0.2m pos=[274.6,-0.2] tgt=[300.0,0.0]
[offboard_node-2] [INFO] [1785156915.071091648] [offboard_node]: 경로 추종 완료 -> transition_mc
[offboard_node-2] [INFO] [1785156915.164819545] [offboard_node]: FW->MC 역천이 명령 요청
[telemetry_node-1] [INFO] [1785156915.456269369] [telemetry_node]: pos_ned=[ 2.96174286e+02 -1.23555407e-01  4.99804688e+01]  yaw=0.018  armed=True  vtol=2  batt=15.30V/50%
[telemetry_node-1] [INFO] [1785156917.455963601] [telemetry_node]: pos_ned=[ 3.20053772e+02 -7.01331794e-02  5.02833748e+01]  yaw=0.008  armed=True  vtol=2  batt=15.30V/50%
[telemetry_node-1] [INFO] [1785156921.784212892] [telemetry_node]: pos_ned=[ 3.26667480e+02 -8.47587734e-02  5.07614899e+01]  yaw=0.008  armed=True  vtol=2  batt=15.30V/50%
[telemetry_node-1] [INFO] [1785156923.456362876] [telemetry_node]: pos_ned=[ 3.38432495e+02 -5.17684817e-02  5.09732361e+01]  yaw=0.020  armed=True  vtol=2  batt=15.30V/50%
[offboard_node-2] [INFO] [1785156923.964693506] [offboard_node]: MC 전환 완료 -> HOLD (WP1 복귀)
[telemetry_node-1] [INFO] [1785156925.456328153] [telemetry_node]: pos_ned=[3.42786682e+02 8.28259811e-02 5.00047798e+01]  yaw=0.019  armed=True  vtol=3  batt=15.30V/50%
[offboard_node-2] [INFO] [1785156925.964581219] [offboard_node]: WP1 홀드 dist=38.9m speed=8.6m/s stable=0/10
[offboard_node-2] [WARN] [1785156927.050685700] [offboard_node]: 긴급 수동 전환 실행 → POSCTL 요청
[telemetry_node-1] [INFO] [1785156927.456356425] [telemetry_node]: pos_ned=[3.27654572e+02 1.51024058e-01 4.98332901e+01]  yaw=0.029  armed=True  vtol=3  batt=15.30V/50%
[offboard_node-2] [WARN] [1785156927.964699313] [offboard_node]: 수동 모드(POSCTL) 미진입 (mode=OFFBOARD) -> AUTO.LOITER 안전 폴백 요청
[offboard_node-2] [WARN] [1785156928.564382626] [offboard_node]: 수동/안전 모드 진입 확인 (mode=AUTO.LOITER) -> DONE
[telemetry_node-1] [INFO] [1785156929.456331810] [telemetry_node]: pos_ned=[ 3.13123779e+02 -1.16792286e-03  4.97837067e+01]  yaw=0.022  armed=True  vtol=3  batt=15.30V/50%
[telemetry_node-1] [INFO] [1785156931.456224302] [telemetry_node]: pos_ned=[ 3.07608948e+02 -3.28766443e-02  4.97868919e+01]  yaw=0.012  armed=True  vtol=3  batt=15.30V/50%
[telemetry_node-1] [INFO] [1785156933.456571948] [telemetry_node]: pos_ned=[ 3.07586609e+02 -4.37752251e-03  4.96457405e+01]  yaw=0.010  armed=True  vtol=3  batt=15.30V/50%
[WARNING] [launch]: user interrupted with ctrl-c (SIGINT)
[INFO] [offboard_node-2]: sending signal 'SIGINT' to process[offboard_node-2]
[INFO] [telemetry_node-1]: sending signal 'SIGINT' to process[telemetry_node-1]
[telemetry_node-1] Traceback (most recent call last):
[telemetry_node-1]   File "/root/drone_ws/install/fc_ros/lib/python3.10/site-packages/fc_ros/nodes/telemetry_node.py", line 109, in main
[telemetry_node-1]     rclpy.spin(node)
[telemetry_node-1]   File "/opt/ros/humble/local/lib/python3.10/dist-packages/rclpy/__init__.py", line 229, in spin
[offboard_node-2] Traceback (most recent call last):
[offboard_node-2]   File "/root/drone_ws/install/fc_ros/lib/python3.10/site-packages/fc_ros/nodes/offboard_node.py", line 1412, in main
[offboard_node-2]     rclpy.spin(node)
[offboard_node-2]   File "/opt/ros/humble/local/lib/python3.10/dist-packages/rclpy/__init__.py", line 229, in spin
[telemetry_node-1]     executor.spin_once()
[telemetry_node-1]   File "/opt/ros/humble/local/lib/python3.10/dist-packages/rclpy/executors.py", line 808, in spin_once
[offboard_node-2]     executor.spin_once()
[offboard_node-2]   File "/opt/ros/humble/local/lib/python3.10/dist-packages/rclpy/executors.py", line 808, in spin_once
[offboard_node-2]     self._spin_once_impl(timeout_sec)
[offboard_node-2]   File "/opt/ros/humble/local/lib/python3.10/dist-packages/rclpy/executors.py", line 797, in _spin_once_impl
[telemetry_node-1]     self._spin_once_impl(timeout_sec)
[telemetry_node-1]   File "/opt/ros/humble/local/lib/python3.10/dist-packages/rclpy/executors.py", line 797, in _spin_once_impl
[telemetry_node-1]     handler, entity, node = self.wait_for_ready_callbacks(timeout_sec=timeout_sec)
[telemetry_node-1]   File "/opt/ros/humble/local/lib/python3.10/dist-packages/rclpy/executors.py", line 780, in wait_for_ready_callbacks
[telemetry_node-1]     return next(self._cb_iter)
[telemetry_node-1]   File "/opt/ros/humble/local/lib/python3.10/dist-packages/rclpy/executors.py", line 677, in _wait_for_ready_callbacks
[telemetry_node-1]     wait_set.wait(timeout_nsec)
[telemetry_node-1] KeyboardInterrupt
[telemetry_node-1] 
[telemetry_node-1] During handling of the above exception, another exception occurred:
[telemetry_node-1] 
[telemetry_node-1] Traceback (most recent call last):
[telemetry_node-1]   File "/root/drone_ws/install/fc_ros/lib/fc_ros/telemetry_node", line 33, in <module>
[telemetry_node-1]     sys.exit(load_entry_point('fc-ros==0.1.0', 'console_scripts', 'telemetry_node')())
[telemetry_node-1]   File "/root/drone_ws/install/fc_ros/lib/python3.10/site-packages/fc_ros/nodes/telemetry_node.py", line 111, in main
[offboard_node-2]     handler, entity, node = self.wait_for_ready_callbacks(timeout_sec=timeout_sec)
[offboard_node-2]   File "/opt/ros/humble/local/lib/python3.10/dist-packages/rclpy/executors.py", line 780, in wait_for_ready_callbacks
[offboard_node-2]     return next(self._cb_iter)
[offboard_node-2]   File "/opt/ros/humble/local/lib/python3.10/dist-packages/rclpy/executors.py", line 677, in _wait_for_ready_callbacks
[offboard_node-2]     wait_set.wait(timeout_nsec)
[offboard_node-2] KeyboardInterrupt
[offboard_node-2] 
[offboard_node-2] During handling of the above exception, another exception occurred:
[offboard_node-2] 
[offboard_node-2] Traceback (most recent call last):
[offboard_node-2]   File "/root/drone_ws/install/fc_ros/lib/fc_ros/offboard_node", line 33, in <module>
[offboard_node-2]     sys.exit(load_entry_point('fc-ros==0.1.0', 'console_scripts', 'offboard_node')())
[offboard_node-2]   File "/root/drone_ws/install/fc_ros/lib/python3.10/site-packages/fc_ros/nodes/offboard_node.py", line 1414, in main
[telemetry_node-1]     node.destroy_node()
[telemetry_node-1]   File "/opt/ros/humble/local/lib/python3.10/dist-packages/rclpy/node.py", line 1691, in destroy_node
[offboard_node-2]     node.destroy_node()
[offboard_node-2]   File "/opt/ros/humble/local/lib/python3.10/dist-packages/rclpy/node.py", line 1685, in destroy_node
[offboard_node-2]     self.destroy_publisher(self._publishers[0])
[offboard_node-2]   File "/opt/ros/humble/local/lib/python3.10/dist-packages/rclpy/node.py", line 1565, in destroy_publisher
[telemetry_node-1]     self.destroy_service(self._services[0])
[telemetry_node-1]   File "/opt/ros/humble/local/lib/python3.10/dist-packages/rclpy/node.py", line 1615, in destroy_service
[offboard_node-2]     publisher.destroy()
[offboard_node-2]   File "/opt/ros/humble/local/lib/python3.10/dist-packages/rclpy/publisher.py", line 99, in destroy
[telemetry_node-1]     service.destroy()
[telemetry_node-1]   File "/opt/ros/humble/local/lib/python3.10/dist-packages/rclpy/service.py", line 93, in destroy
[offboard_node-2]     self.__publisher.destroy_when_not_in_use()
[offboard_node-2] KeyboardInterrupt
[telemetry_node-1]     self.__service.destroy_when_not_in_use()
[telemetry_node-1] KeyboardInterrupt
[ERROR] [telemetry_node-1]: process has died [pid 1153, exit code -2, cmd '/root/drone_ws/install/fc_ros/lib/fc_ros/telemetry_node --ros-args -r __node:=telemetry_node'].
[ERROR] [offboard_node-2]: process has died [pid 1155, exit code -2, cmd '/root/drone_ws/install/fc_ros/lib/fc_ros/offboard_node --ros-args -r __node:=offboard_node --params-file /root/drone_ws/install/fc_ros/share/fc_ros/params/fc_ros_params.yaml --params-file /tmp/launch_params_2_1nke8l'].
