[INFO] [launch]: All log files can be found below /root/.ros/log/2026-07-27-22-02-56-470036-DESKTOP-Kilogram-1186
[INFO] [launch]: Default logging verbosity is set to INFO
[INFO] [telemetry_node-1]: process started with pid [1199]
[INFO] [offboard_node-2]: process started with pid [1201]
[telemetry_node-1] [INFO] [1785157382.200750840] [telemetry_node]: pos_ned=[-0.00491513  0.00543337 -0.09594299]  yaw=1.685  armed=False  vtol=3  batt=0.00V/100%
[telemetry_node-1] [INFO] [1785157383.504092599] [telemetry_node]: pos_ned=[-0.02032754 -0.00317621 -0.0935693 ]  yaw=1.686  armed=False  vtol=3  batt=0.00V/100%
[telemetry_node-1] [INFO] [1785157385.503317973] [telemetry_node]: pos_ned=[-0.03336536  0.00276876 -0.11962306]  yaw=1.685  armed=False  vtol=3  batt=16.20V/100%
[telemetry_node-1] [INFO] [1785157387.504667183] [telemetry_node]: pos_ned=[-0.02542572  0.0003386  -0.08658224]  yaw=1.686  armed=False  vtol=3  batt=16.20V/100%
[telemetry_node-1] [INFO] [1785157389.504207387] [telemetry_node]: pos_ned=[-0.01291913  0.00210586 -0.00192626]  yaw=1.689  armed=False  vtol=3  batt=16.20V/100%
[telemetry_node-1] [INFO] [1785157391.503622735] [telemetry_node]: pos_ned=[0.00981792 0.03232257 0.00085342]  yaw=1.692  armed=False  vtol=3  batt=16.20V/100%
[telemetry_node-1] [INFO] [1785157393.504328218] [telemetry_node]: pos_ned=[ 0.00746371 -0.00138297 -0.02582602]  yaw=1.692  armed=False  vtol=3  batt=16.20V/100%
[telemetry_node-1] [INFO] [1785157395.503389265] [telemetry_node]: pos_ned=[ 0.00203958  0.0228231  -0.06520584]  yaw=1.695  armed=False  vtol=3  batt=16.20V/100%
[telemetry_node-1] [INFO] [1785157397.504021983] [telemetry_node]: pos_ned=[-0.02222047  0.01642448 -0.08233171]  yaw=1.697  armed=False  vtol=3  batt=16.20V/100%
[telemetry_node-1] [INFO] [1785157399.503529552] [telemetry_node]: pos_ned=[ 0.00734713  0.01394843 -0.08328347]  yaw=1.697  armed=False  vtol=3  batt=16.20V/100%
[telemetry_node-1] [INFO] [1785157401.503510386] [telemetry_node]: pos_ned=[-0.00031293  0.01141764 -0.0876473 ]  yaw=1.694  armed=False  vtol=3  batt=16.20V/100%
[telemetry_node-1] [INFO] [1785157403.503444078] [telemetry_node]: pos_ned=[-0.0006788  -0.02313024 -0.06015288]  yaw=1.691  armed=False  vtol=3  batt=16.20V/100%
[telemetry_node-1] [INFO] [1785157405.503531458] [telemetry_node]: pos_ned=[ 0.02459184 -0.01000839 -0.02094671]  yaw=1.692  armed=False  vtol=3  batt=16.20V/100%
[telemetry_node-1] [INFO] [1785157407.503552744] [telemetry_node]: pos_ned=[ 0.04479321 -0.00701884  0.04105936]  yaw=1.694  armed=False  vtol=3  batt=16.20V/100%
[telemetry_node-1] [INFO] [1785157409.503625750] [telemetry_node]: pos_ned=[ 0.00417782 -0.00383866  0.05350353]  yaw=1.698  armed=False  vtol=3  batt=16.20V/100%
[telemetry_node-1] [INFO] [1785157411.503536710] [telemetry_node]: pos_ned=[-0.00488152  0.0017521   0.0888487 ]  yaw=1.699  armed=False  vtol=3  batt=16.20V/100%
[telemetry_node-1] [INFO] [1785157413.503329576] [telemetry_node]: pos_ned=[-0.01056173  0.01635364  0.10643472]  yaw=1.701  armed=False  vtol=3  batt=16.20V/100%
[telemetry_node-1] [INFO] [1785157417.602604950] [telemetry_node]: pos_ned=[-0.02246381  0.01814191  0.10725088]  yaw=1.702  armed=False  vtol=3  batt=16.20V/100%
[telemetry_node-1] [INFO] [1785157419.503887070] [telemetry_node]: pos_ned=[-0.03703245  0.00510181  0.11544798]  yaw=1.702  armed=False  vtol=3  batt=16.20V/100%
[telemetry_node-1] [INFO] [1785157421.504290657] [telemetry_node]: pos_ned=[-0.0364335   0.00355951  0.11104237]  yaw=1.704  armed=False  vtol=3  batt=16.20V/100%
[telemetry_node-1] [INFO] [1785157423.503710034] [telemetry_node]: pos_ned=[-0.00945863 -0.04586291  0.10266049]  yaw=1.706  armed=False  vtol=3  batt=16.20V/100%
[telemetry_node-1] [INFO] [1785157425.503855808] [telemetry_node]: pos_ned=[ 0.01841634 -0.02871738  0.08326991]  yaw=1.708  armed=False  vtol=3  batt=16.20V/100%
[telemetry_node-1] [INFO] [1785157427.503434226] [telemetry_node]: pos_ned=[ 0.02248711 -0.00605299  0.07729454]  yaw=1.711  armed=False  vtol=3  batt=16.20V/100%
[telemetry_node-1] [INFO] [1785157429.503259203] [telemetry_node]: pos_ned=[ 0.02697336 -0.00609018  0.06871271]  yaw=1.711  armed=False  vtol=3  batt=16.20V/100%
[offboard_node-2] [Eta3ClothoidPlannerV3] WARNING: NR pos residual 5.057m is large. affine correction guarantees WP passage but curve may be deformed.
[offboard_node-2] [INFO] [1785157431.330500825] [offboard_node]: ARM 요청
[telemetry_node-1] [INFO] [1785157431.503494394] [telemetry_node]: pos_ned=[ 0.0104008  -0.00516837  0.04980941]  yaw=1.710  armed=False  vtol=3  batt=16.20V/100%
[offboard_node-2] [INFO] [1785157431.673838615] [offboard_node]: 경로 원점 = 이륙지점 [N=0.01, E=-0.00, h_up=0.05] 적용 (frame=takeoff) → WP0=[0.01,-0.00] 순항고도 h_up=50.05
[offboard_node-2] [INFO] [1785157431.674587013] [offboard_node]: 거리 상한 감시 활성 1500m (이륙지점 기준 수평, 경로 최원점 283m)
[offboard_node-2] [INFO] [1785157431.682657806] [offboard_node]: CommandTOL 이륙 요청 alt=50.2m AMSL (지면 0.2+50.0) -> CLIMBING
[telemetry_node-1] [INFO] [1785157433.503282968] [telemetry_node]: pos_ned=[0.00069472 0.01948647 0.02904449]  yaw=1.711  armed=True  vtol=3  batt=16.16V/99%
[telemetry_node-1] [INFO] [1785157435.503475892] [telemetry_node]: pos_ned=[-0.01244407 -0.00297994  0.03515658]  yaw=1.710  armed=True  vtol=3  batt=16.10V/96%
[telemetry_node-1] [INFO] [1785157437.503235016] [telemetry_node]: pos_ned=[0.00572201 0.01495454 2.00439954]  yaw=1.711  armed=True  vtol=3  batt=16.04V/93%
[telemetry_node-1] [INFO] [1785157439.503611516] [telemetry_node]: pos_ned=[0.01198681 0.03491303 4.67809629]  yaw=1.702  armed=True  vtol=3  batt=15.98V/89%
[telemetry_node-1] [INFO] [1785157441.504347916] [telemetry_node]: pos_ned=[-0.01934608  0.04082822  7.57666731]  yaw=1.703  armed=True  vtol=3  batt=15.92V/86%
[telemetry_node-1] [INFO] [1785157443.504552549] [telemetry_node]: pos_ned=[-2.33616820e-03  1.77487787e-02  1.05964689e+01]  yaw=1.698  armed=True  vtol=3  batt=15.86V/83%
[telemetry_node-1] [INFO] [1785157445.504037216] [telemetry_node]: pos_ned=[1.81870461e-02 3.63380206e-03 1.60869503e+01]  yaw=1.693  armed=True  vtol=3  batt=15.80V/79%
[telemetry_node-1] [INFO] [1785157447.503811803] [telemetry_node]: pos_ned=[-1.51864383e-02  1.43011485e-03  2.18885727e+01]  yaw=1.693  armed=True  vtol=3  batt=15.74V/76%
[telemetry_node-1] [INFO] [1785157449.503632952] [telemetry_node]: pos_ned=[-7.52545893e-03  1.38417361e-02  2.77378635e+01]  yaw=1.694  armed=True  vtol=3  batt=15.68V/73%
[telemetry_node-1] [INFO] [1785157453.005236640] [telemetry_node]: pos_ned=[-3.76302960e-05  4.78660950e-04  2.94138908e+01]  yaw=1.693  armed=True  vtol=3  batt=15.68V/73%
[telemetry_node-1] [INFO] [1785157453.503425860] [telemetry_node]: pos_ned=[-2.33878046e-02  1.91580672e-02  3.09203873e+01]  yaw=1.695  armed=True  vtol=3  batt=15.68V/73%
[telemetry_node-1] [INFO] [1785157455.503383776] [telemetry_node]: pos_ned=[-2.49635391e-02  1.00082178e-02  3.68484459e+01]  yaw=1.703  armed=True  vtol=3  batt=15.62V/69%
[telemetry_node-1] [INFO] [1785157457.503551192] [telemetry_node]: pos_ned=[-4.84457016e-02 -2.66028047e-02  4.28535957e+01]  yaw=1.698  armed=True  vtol=3  batt=15.56V/66%
[telemetry_node-1] [INFO] [1785157459.503294090] [telemetry_node]: pos_ned=[-3.03752869e-02 -1.81928817e-02  4.71394768e+01]  yaw=1.700  armed=True  vtol=3  batt=15.50V/63%
[telemetry_node-1] [INFO] [1785157461.503635998] [telemetry_node]: pos_ned=[-2.32037716e-02 -3.06009687e-02  4.89895897e+01]  yaw=1.702  armed=True  vtol=3  batt=15.44V/59%
[offboard_node-2] [INFO] [1785157462.973007681] [offboard_node]: 운용 고도 50.0m 도달 → transition_fw
[telemetry_node-1] [INFO] [1785157463.503792965] [telemetry_node]: pos_ned=[-2.47453731e-02 -7.42432568e-03  4.96667938e+01]  yaw=1.701  armed=True  vtol=3  batt=15.38V/56%
[offboard_node-2] [INFO] [1785157464.973704357] [offboard_node]: 천이 전 MC OFFBOARD 요청 (헤딩 정렬 대기)
[offboard_node-2] [WARN] [1785157465.073715744] [offboard_node]: 정렬 구간 OFFBOARD 이탈 → 재요청 (mode=AUTO.LOITER)
[telemetry_node-1] [INFO] [1785157465.503380879] [telemetry_node]: pos_ned=[3.09629692e-03 8.00133124e-03 4.98941383e+01]  yaw=1.700  armed=True  vtol=3  batt=15.32V/53%
[telemetry_node-1] [INFO] [1785157467.503226263] [telemetry_node]: pos_ned=[-2.40383949e-02  3.87101993e-02  4.99356422e+01]  yaw=0.986  armed=True  vtol=3  batt=15.30V/50%
[telemetry_node-1] [INFO] [1785157469.503350334] [telemetry_node]: pos_ned=[3.24904993e-02 1.31027512e-02 4.99142876e+01]  yaw=0.482  armed=True  vtol=3  batt=15.30V/50%
[telemetry_node-1] [INFO] [1785157471.503111133] [telemetry_node]: pos_ned=[-1.36985369e-02 -4.30069566e-02  4.98773689e+01]  yaw=0.251  armed=True  vtol=3  batt=15.30V/50%
[telemetry_node-1] [INFO] [1785157473.503370434] [telemetry_node]: pos_ned=[-4.43180511e-03 -3.77369709e-02  4.99062614e+01]  yaw=0.137  armed=True  vtol=3  batt=15.30V/50%
[telemetry_node-1] [INFO] [1785157475.503268121] [telemetry_node]: pos_ned=[ 6.33342043e-02 -1.29153021e-02  4.99336815e+01]  yaw=0.076  armed=True  vtol=3  batt=15.30V/50%
[telemetry_node-1] [INFO] [1785157477.503436310] [telemetry_node]: pos_ned=[ 8.22750404e-02 -3.46937613e-03  4.99616051e+01]  yaw=0.045  armed=True  vtol=3  batt=15.30V/50%
[offboard_node-2] [INFO] [1785157478.973730879] [offboard_node]: 헤딩 정렬 완료 target=0.0° current=2.3° err=-2.3° (20틱 안정) → 전진 + 천이 명령
[offboard_node-2] [INFO] [1785157478.974803252] [offboard_node]: MC→FW 천이 명령 요청 (위치 setpoint 직선 천이)
[telemetry_node-1] [INFO] [1785157479.503606041] [telemetry_node]: pos_ned=[6.48454726e-02 1.89848524e-02 5.01348419e+01]  yaw=0.040  armed=True  vtol=1  batt=15.30V/50%
[telemetry_node-1] [INFO] [1785157481.503626973] [telemetry_node]: pos_ned=[ 7.971241   -0.17048495 50.41206741]  yaw=-0.013  armed=True  vtol=1  batt=15.30V/50%
[offboard_node-2] [INFO] [1785157481.673079562] [offboard_node]: FW 전환 완료 -> STREAMING
[offboard_node-2] [INFO] [1785157481.779849297] [offboard_node]: OFFBOARD 확인 → FOLLOWING
[offboard_node-2] [INFO] [1785157481.887687771] [offboard_node]: FOLLOWING 시작 pos=[13.3,-0.5] tgt=[83.3,-0.0] cte=-0.5m mode=OFFBOARD
[telemetry_node-1] [INFO] [1785157483.504285778] [telemetry_node]: pos_ned=[40.63924026  0.8443439  51.25228882]  yaw=0.045  armed=True  vtol=4  batt=15.30V/50%
[offboard_node-2] [INFO] [1785157483.807767088] [offboard_node]: FOLLOWING tick=20 mode=OFFBOARD cte=0.7m pos=[44.5,0.7] tgt=[114.5,-0.0]
[telemetry_node-1] [INFO] [1785157488.967732756] [telemetry_node]: pos_ned=[68.62275696  0.67261517 49.93419647]  yaw=0.067  armed=True  vtol=4  batt=15.30V/50%
[offboard_node-2] [INFO] [1785157489.099857225] [offboard_node]: FOLLOWING tick=40 mode=OFFBOARD cte=0.8m pos=[70.7,0.8] tgt=[140.7,0.0]
[telemetry_node-1] [INFO] [1785157489.503850846] [telemetry_node]: pos_ned=[77.25481415  1.20957625 49.14635468]  yaw=0.061  armed=True  vtol=4  batt=15.30V/50%
[offboard_node-2] [INFO] [1785157491.086055221] [offboard_node]: FOLLOWING tick=60 mode=OFFBOARD cte=1.2m pos=[100.6,1.2] tgt=[170.6,-0.1]
[telemetry_node-1] [INFO] [1785157491.503508475] [telemetry_node]: pos_ned=[106.94741821   1.16665077  49.21953201]  yaw=0.036  armed=True  vtol=4  batt=15.30V/50%
[offboard_node-2] [INFO] [1785157493.086317596] [offboard_node]: FOLLOWING tick=80 mode=OFFBOARD cte=1.4m pos=[129.8,1.4] tgt=[199.8,-0.0]
[telemetry_node-1] [INFO] [1785157493.503344190] [telemetry_node]: pos_ned=[136.0581665    1.28480804  49.0330925 ]  yaw=0.002  armed=True  vtol=4  batt=15.30V/50%
[offboard_node-2] [INFO] [1785157495.087275142] [offboard_node]: FOLLOWING tick=100 mode=OFFBOARD cte=2.3m pos=[158.5,2.2] tgt=[200.1,29.8]
[telemetry_node-1] [INFO] [1785157495.503488969] [telemetry_node]: pos_ned=[164.59811401   3.61669111  48.85860062]  yaw=0.093  armed=True  vtol=4  batt=15.30V/50%
[offboard_node-2] [INFO] [1785157497.086350060] [offboard_node]: FOLLOWING tick=120 mode=OFFBOARD cte=15.0m pos=[185.1,15.6] tgt=[200.0,85.2]
[telemetry_node-1] [INFO] [1785157497.503420378] [telemetry_node]: pos_ned=[189.66908264  21.01654053  45.65990067]  yaw=0.646  armed=True  vtol=4  batt=15.30V/50%
[offboard_node-2] [INFO] [1785157499.088756462] [offboard_node]: FOLLOWING tick=140 mode=OFFBOARD cte=2.6m pos=[197.5,45.8] tgt=[200.0,115.8]
[telemetry_node-1] [INFO] [1785157499.503419664] [telemetry_node]: pos_ned=[197.94932556  52.24393845  47.29588699]  yaw=1.517  armed=True  vtol=4  batt=15.30V/50%
[offboard_node-2] [INFO] [1785157501.112583174] [offboard_node]: FOLLOWING tick=160 mode=OFFBOARD cte=0.4m pos=[199.6,72.5] tgt=[200.0,142.5]
[telemetry_node-1] [INFO] [1785157501.504853145] [telemetry_node]: pos_ned=[199.6815033   76.50379181  49.9384346 ]  yaw=1.957  armed=True  vtol=4  batt=15.30V/50%
[offboard_node-2] [INFO] [1785157503.162526625] [offboard_node]: FOLLOWING tick=180 mode=OFFBOARD cte=0.5m pos=[199.5,88.5] tgt=[200.0,158.5]
[telemetry_node-1] [INFO] [1785157503.504903775] [telemetry_node]: pos_ned=[199.28462219  93.72142792  49.13164139]  yaw=1.978  armed=True  vtol=4  batt=15.30V/50%
[offboard_node-2] [INFO] [1785157505.106668575] [offboard_node]: FOLLOWING tick=200 mode=OFFBOARD cte=0.7m pos=[199.3,116.6] tgt=[200.0,186.6]
[telemetry_node-1] [INFO] [1785157505.504430058] [telemetry_node]: pos_ned=[199.38093567 122.72830963  50.48162079]  yaw=1.634  armed=True  vtol=4  batt=15.30V/50%
[offboard_node-2] [INFO] [1785157507.105564867] [offboard_node]: FOLLOWING tick=220 mode=OFFBOARD cte=0.4m pos=[199.6,143.1] tgt=[200.0,200.0]
[telemetry_node-1] [INFO] [1785157507.505484565] [telemetry_node]: pos_ned=[199.70455933 148.98616028  50.50466156]  yaw=1.328  armed=True  vtol=4  batt=15.30V/50%
[offboard_node-2] [INFO] [1785157509.087729639] [offboard_node]: FOLLOWING tick=240 mode=OFFBOARD cte=-0.1m pos=[200.1,170.7] tgt=[200.0,200.0]
[telemetry_node-1] [INFO] [1785157509.503390940] [telemetry_node]: pos_ned=[200.10862732 176.79737854  49.85351181]  yaw=1.367  armed=True  vtol=4  batt=15.30V/50%
[offboard_node-2] [INFO] [1785157510.484690128] [offboard_node]: 경로 추종 완료 -> transition_mc
[offboard_node-2] [INFO] [1785157510.573660067] [offboard_node]: FW->MC 역천이 명령 요청
[telemetry_node-1] [INFO] [1785157511.503415783] [telemetry_node]: pos_ned=[199.94338989 203.7729187   50.45635986]  yaw=1.637  armed=True  vtol=2  batt=15.30V/50%
[telemetry_node-1] [INFO] [1785157513.504294622] [telemetry_node]: pos_ned=[200.05479431 225.13223267  51.17319107]  yaw=1.695  armed=True  vtol=2  batt=15.30V/50%
[telemetry_node-1] [INFO] [1785157515.503772314] [telemetry_node]: pos_ned=[200.18862915 238.82048035  51.63122177]  yaw=1.589  armed=True  vtol=2  batt=15.30V/50%
[offboard_node-2] [INFO] [1785157515.873343073] [offboard_node]: MC 전환 완료 -> HOLD (WP1 복귀)
[telemetry_node-1] [INFO] [1785157517.503464867] [telemetry_node]: pos_ned=[200.06213379 242.41456604  50.24757767]  yaw=1.536  armed=True  vtol=3  batt=15.30V/50%
[offboard_node-2] [INFO] [1785157517.873548219] [offboard_node]: WP1 홀드 dist=39.5m speed=8.5m/s stable=0/10
[telemetry_node-1] [INFO] [1785157519.503568406] [telemetry_node]: pos_ned=[199.94888306 227.15571594  50.02040482]  yaw=1.534  armed=True  vtol=3  batt=15.30V/50%
[offboard_node-2] [INFO] [1785157519.873292533] [offboard_node]: WP1 홀드 dist=24.3m speed=8.2m/s stable=0/10
[telemetry_node-1] [INFO] [1785157523.972535599] [telemetry_node]: pos_ned=[200.00643921 211.57902527  49.98213959]  yaw=1.530  armed=True  vtol=3  batt=15.30V/50%
[offboard_node-2] [INFO] [1785157524.173679737] [offboard_node]: WP1 홀드 dist=10.0m speed=8.0m/s stable=0/10
[telemetry_node-1] [INFO] [1785157525.503163534] [telemetry_node]: pos_ned=[200.00166321 201.98846436  50.32609558]  yaw=1.525  armed=True  vtol=3  batt=15.30V/50%
[offboard_node-2] [INFO] [1785157526.173641451] [offboard_node]: WP1 홀드 dist=0.8m speed=0.9m/s stable=2/10
[offboard_node-2] [INFO] [1785157526.873762590] [offboard_node]: WP1 도달·안정 → LANDING (dist=0.4m speed=0.1m/s)
[offboard_node-2] [INFO] [1785157526.973970729] [offboard_node]: AUTO.LAND 요청
[telemetry_node-1] [INFO] [1785157527.503156620] [telemetry_node]: pos_ned=[200.07351685 200.49649048  49.87064362]  yaw=1.526  armed=True  vtol=3  batt=15.30V/50%
[telemetry_node-1] [INFO] [1785157529.503855167] [telemetry_node]: pos_ned=[200.08427429 200.50352478  47.07685089]  yaw=1.528  armed=True  vtol=3  batt=15.30V/50%
[telemetry_node-1] [INFO] [1785157531.503741854] [telemetry_node]: pos_ned=[200.04615784 200.4763031   44.14894485]  yaw=1.529  armed=True  vtol=3  batt=15.30V/50%
[telemetry_node-1] [INFO] [1785157533.503397455] [telemetry_node]: pos_ned=[200.04637146 200.69470215  41.15061188]  yaw=1.530  armed=True  vtol=3  batt=15.30V/50%
[telemetry_node-1] [INFO] [1785157535.503336364] [telemetry_node]: pos_ned=[200.05561829 200.55038452  38.19228745]  yaw=1.532  armed=True  vtol=3  batt=15.30V/50%
[telemetry_node-1] [INFO] [1785157537.503031067] [telemetry_node]: pos_ned=[200.04170227 200.70219421  35.137043  ]  yaw=1.532  armed=True  vtol=3  batt=15.30V/50%
[telemetry_node-1] [INFO] [1785157539.503510547] [telemetry_node]: pos_ned=[200.03678894 200.5098877   32.18345642]  yaw=1.533  armed=True  vtol=3  batt=15.30V/50%
[telemetry_node-1] [INFO] [1785157541.503102398] [telemetry_node]: pos_ned=[200.02313232 200.55130005  29.19822884]  yaw=1.534  armed=True  vtol=3  batt=15.30V/50%
[telemetry_node-1] [INFO] [1785157543.503463969] [telemetry_node]: pos_ned=[200.03318787 200.61576843  26.22112465]  yaw=1.534  armed=True  vtol=3  batt=15.30V/50%
[telemetry_node-1] [INFO] [1785157545.503108308] [telemetry_node]: pos_ned=[200.05007935 200.53764343  23.22800446]  yaw=1.535  armed=True  vtol=3  batt=15.30V/50%
[telemetry_node-1] [INFO] [1785157547.503023498] [telemetry_node]: pos_ned=[200.04777527 200.52583313  20.26511765]  yaw=1.536  armed=True  vtol=3  batt=15.30V/50%
[telemetry_node-1] [INFO] [1785157549.503099217] [telemetry_node]: pos_ned=[200.0480957  200.61759949  17.29997063]  yaw=1.538  armed=True  vtol=3  batt=15.30V/50%
[telemetry_node-1] [INFO] [1785157551.503075830] [telemetry_node]: pos_ned=[200.05601501 200.48497009  14.29427433]  yaw=1.538  armed=True  vtol=3  batt=15.30V/50%
[telemetry_node-1] [INFO] [1785157553.503324999] [telemetry_node]: pos_ned=[200.05883789 200.5         11.30936909]  yaw=1.539  armed=True  vtol=3  batt=15.30V/50%
[telemetry_node-1] [INFO] [1785157555.503259841] [telemetry_node]: pos_ned=[200.03157043 200.64083862   8.48496342]  yaw=1.540  armed=True  vtol=3  batt=15.30V/50%
[telemetry_node-1] [INFO] [1785157559.435163851] [telemetry_node]: pos_ned=[200.04431152 200.59068298   7.40018511]  yaw=1.540  armed=True  vtol=3  batt=15.30V/50%
[telemetry_node-1] [INFO] [1785157559.503866882] [telemetry_node]: pos_ned=[200.04545593 200.57965088   7.29698801]  yaw=1.540  armed=True  vtol=3  batt=15.30V/50%
[telemetry_node-1] [INFO] [1785157561.503515903] [telemetry_node]: pos_ned=[200.04637146 200.45574951   5.47720575]  yaw=1.541  armed=True  vtol=3  batt=15.30V/50%
[telemetry_node-1] [INFO] [1785157563.503080070] [telemetry_node]: pos_ned=[200.04800415 200.59335327   4.08212137]  yaw=1.542  armed=True  vtol=3  batt=15.30V/50%
[telemetry_node-1] [INFO] [1785157565.503216988] [telemetry_node]: pos_ned=[200.06616211 200.57092285   2.69196534]  yaw=1.544  armed=True  vtol=3  batt=15.30V/50%
[telemetry_node-1] [INFO] [1785157567.503629390] [telemetry_node]: pos_ned=[200.0533905  200.48478699   1.30183828]  yaw=1.544  armed=True  vtol=3  batt=15.30V/50%
[telemetry_node-1] [INFO] [1785157569.503056969] [telemetry_node]: pos_ned=[ 2.00061539e+02  2.00506805e+02 -6.70429915e-02]  yaw=1.545  armed=True  vtol=3  batt=15.30V/50%
[telemetry_node-1] [INFO] [1785157571.503136915] [telemetry_node]: pos_ned=[ 2.00065628e+02  2.00518570e+02 -1.87066093e-01]  yaw=1.545  armed=True  vtol=3  batt=15.30V/50%
[telemetry_node-1] [INFO] [1785157573.503492904] [telemetry_node]: pos_ned=[ 2.00041306e+02  2.00498810e+02 -1.76340997e-01]  yaw=1.547  armed=True  vtol=3  batt=15.30V/50%
[offboard_node-2] [INFO] [1785157573.773047731] [offboard_node]: 착륙 완료 (disarmed) -> DONE
[telemetry_node-1] [INFO] [1785157575.503025770] [telemetry_node]: pos_ned=[ 2.00055710e+02  2.00515900e+02 -1.01659194e-01]  yaw=1.548  armed=False  vtol=3  batt=16.20V/79%
[telemetry_node-1] [INFO] [1785157577.503238739] [telemetry_node]: pos_ned=[ 2.00065720e+02  2.00517303e+02 -1.00901760e-01]  yaw=1.549  armed=False  vtol=3  batt=16.20V/97%
[telemetry_node-1] [INFO] [1785157579.503118903] [telemetry_node]: pos_ned=[ 2.00061356e+02  2.00522736e+02 -9.04923603e-02]  yaw=1.550  armed=False  vtol=3  batt=16.20V/100%
[WARNING] [launch]: user interrupted with ctrl-c (SIGINT)
[INFO] [offboard_node-2]: sending signal 'SIGINT' to process[offboard_node-2]
[INFO] [telemetry_node-1]: sending signal 'SIGINT' to process[telemetry_node-1]
[offboard_node-2] Traceback (most recent call last):
[offboard_node-2]   File "/root/drone_ws/install/fc_ros/lib/python3.10/site-packages/fc_ros/nodes/offboard_node.py", line 1412, in main
[offboard_node-2]     rclpy.spin(node)
[offboard_node-2]   File "/opt/ros/humble/local/lib/python3.10/dist-packages/rclpy/__init__.py", line 229, in spin
[telemetry_node-1] Traceback (most recent call last):
[telemetry_node-1]   File "/root/drone_ws/install/fc_ros/lib/python3.10/site-packages/fc_ros/nodes/telemetry_node.py", line 109, in main
[telemetry_node-1]     rclpy.spin(node)
[telemetry_node-1]   File "/opt/ros/humble/local/lib/python3.10/dist-packages/rclpy/__init__.py", line 229, in spin
[offboard_node-2]     executor.spin_once()
[offboard_node-2]   File "/opt/ros/humble/local/lib/python3.10/dist-packages/rclpy/executors.py", line 808, in spin_once
[telemetry_node-1]     executor.spin_once()
[telemetry_node-1]   File "/opt/ros/humble/local/lib/python3.10/dist-packages/rclpy/executors.py", line 808, in spin_once
[offboard_node-2]     self._spin_once_impl(timeout_sec)
[offboard_node-2]   File "/opt/ros/humble/local/lib/python3.10/dist-packages/rclpy/executors.py", line 797, in _spin_once_impl
[offboard_node-2]     handler, entity, node = self.wait_for_ready_callbacks(timeout_sec=timeout_sec)
[offboard_node-2]   File "/opt/ros/humble/local/lib/python3.10/dist-packages/rclpy/executors.py", line 780, in wait_for_ready_callbacks
[offboard_node-2]     return next(self._cb_iter)
[offboard_node-2]   File "/opt/ros/humble/local/lib/python3.10/dist-packages/rclpy/executors.py", line 677, in _wait_for_ready_callbacks
[offboard_node-2]     wait_set.wait(timeout_nsec)
[offboard_node-2] KeyboardInterrupt
[offboard_node-2] 
[offboard_node-2] During handling of the above exception, another exception occurred:
[offboard_node-2] 
[offboard_node-2] Traceback (most recent call last):
[offboard_node-2]   File "/root/drone_ws/install/fc_ros/lib/fc_ros/offboard_node", line 33, in <module>
[offboard_node-2]     sys.exit(load_entry_point('fc-ros==0.1.0', 'console_scripts', 'offboard_node')())
[offboard_node-2]   File "/root/drone_ws/install/fc_ros/lib/python3.10/site-packages/fc_ros/nodes/offboard_node.py", line 1414, in main
[offboard_node-2]     node.destroy_node()
[offboard_node-2]   File "/opt/ros/humble/local/lib/python3.10/dist-packages/rclpy/node.py", line 1687, in destroy_node
[telemetry_node-1]     self._spin_once_impl(timeout_sec)
[telemetry_node-1]   File "/opt/ros/humble/local/lib/python3.10/dist-packages/rclpy/executors.py", line 797, in _spin_once_impl
[telemetry_node-1]     handler, entity, node = self.wait_for_ready_callbacks(timeout_sec=timeout_sec)
[telemetry_node-1]   File "/opt/ros/humble/local/lib/python3.10/dist-packages/rclpy/executors.py", line 780, in wait_for_ready_callbacks
[telemetry_node-1]     return next(self._cb_iter)
[telemetry_node-1]   File "/opt/ros/humble/local/lib/python3.10/dist-packages/rclpy/executors.py", line 677, in _wait_for_ready_callbacks
[telemetry_node-1]     wait_set.wait(timeout_nsec)
[telemetry_node-1] KeyboardInterrupt
[telemetry_node-1] 
[telemetry_node-1] During handling of the above exception, another exception occurred:
[telemetry_node-1] 
[telemetry_node-1] Traceback (most recent call last):
[telemetry_node-1]   File "/root/drone_ws/install/fc_ros/lib/fc_ros/telemetry_node", line 33, in <module>
[telemetry_node-1]     sys.exit(load_entry_point('fc-ros==0.1.0', 'console_scripts', 'telemetry_node')())
[telemetry_node-1]   File "/root/drone_ws/install/fc_ros/lib/python3.10/site-packages/fc_ros/nodes/telemetry_node.py", line 111, in main
[telemetry_node-1]     node.destroy_node()
[telemetry_node-1]   File "/opt/ros/humble/local/lib/python3.10/dist-packages/rclpy/node.py", line 1687, in destroy_node
[telemetry_node-1]     self.destroy_subscription(self._subscriptions[0])
[offboard_node-2]     self.destroy_subscription(self._subscriptions[0])
[offboard_node-2]   File "/opt/ros/humble/local/lib/python3.10/dist-packages/rclpy/node.py", line 1583, in destroy_subscription
[telemetry_node-1]   File "/opt/ros/humble/local/lib/python3.10/dist-packages/rclpy/node.py", line 1583, in destroy_subscription
[offboard_node-2]     subscription.destroy()
[offboard_node-2]   File "/opt/ros/humble/local/lib/python3.10/dist-packages/rclpy/subscription.py", line 80, in destroy
[telemetry_node-1]     subscription.destroy()
[telemetry_node-1]   File "/opt/ros/humble/local/lib/python3.10/dist-packages/rclpy/subscription.py", line 80, in destroy
[offboard_node-2]     self.handle.destroy_when_not_in_use()
[offboard_node-2] KeyboardInterrupt
[telemetry_node-1]     self.handle.destroy_when_not_in_use()
[telemetry_node-1] KeyboardInterrupt
[ERROR] [telemetry_node-1]: process has died [pid 1199, exit code -2, cmd '/root/drone_ws/install/fc_ros/lib/fc_ros/telemetry_node --ros-args -r __node:=telemetry_node'].
[ERROR] [offboard_node-2]: process has died [pid 1201, exit code -2, cmd '/root/drone_ws/install/fc_ros/lib/fc_ros/offboard_node --ros-args -r __node:=offboard_node --params-file /root/drone_ws/install/fc_ros/share/fc_ros/params/fc_ros_params.yaml --params-file /tmp/launch_params_plugmgnq'].
