[INFO] [launch]: All log files can be found below /root/.ros/log/2026-07-27-06-20-38-113802-DESKTOP-Kilogram-1096
[INFO] [launch]: Default logging verbosity is set to INFO
[INFO] [telemetry_node-1]: process started with pid [1116]
[INFO] [offboard_node-2]: process started with pid [1118]
[offboard_node-2] [WARN] [1785100839.202220025] [offboard_node]: /mavros/cmd/arming 서비스 없음
[offboard_node-2] [INFO] [1785100839.249583555] [offboard_node]: ARM 요청
[offboard_node-2] [INFO] [1785100840.458566279] [offboard_node]: CommandTOL 이륙 요청 alt=50.1m AMSL (지면 0.1+50.0) -> CLIMBING
[telemetry_node-1] [INFO] [1785100841.036745588] [telemetry_node]: pos_ned=[ 0.02930486 -0.01278345  0.0026142 ]  yaw=1.685  armed=True  vtol=3  batt=0.00V/100%
[telemetry_node-1] [INFO] [1785100843.008058067] [telemetry_node]: pos_ned=[0.02164453 0.00363563 0.01533207]  yaw=1.686  armed=True  vtol=3  batt=16.13V/98%
[telemetry_node-1] [INFO] [1785100845.008034106] [telemetry_node]: pos_ned=[ 0.05601059 -0.01414156  0.5825668 ]  yaw=1.688  armed=True  vtol=3  batt=16.07V/94%
[telemetry_node-1] [INFO] [1785100847.007801252] [telemetry_node]: pos_ned=[0.03007679 0.02171965 3.0976131 ]  yaw=1.688  armed=True  vtol=3  batt=16.01V/91%
[telemetry_node-1] [INFO] [1785100849.007792828] [telemetry_node]: pos_ned=[3.55616957e-02 3.22294980e-03 5.96734428e+00]  yaw=1.690  armed=True  vtol=3  batt=15.95V/88%
[telemetry_node-1] [INFO] [1785100851.007556316] [telemetry_node]: pos_ned=[ 3.90356183e-02 -2.19950080e-03  9.00986099e+00]  yaw=1.692  armed=True  vtol=3  batt=15.89V/84%
[telemetry_node-1] [INFO] [1785100853.007540267] [telemetry_node]: pos_ned=[4.10492718e-02 1.88333227e-03 1.32915668e+01]  yaw=1.688  armed=True  vtol=3  batt=15.83V/81%
[telemetry_node-1] [INFO] [1785100855.007748646] [telemetry_node]: pos_ned=[-2.41268659e-03  9.54814255e-04  1.90077038e+01]  yaw=1.687  armed=True  vtol=3  batt=15.77V/78%
[telemetry_node-1] [INFO] [1785100857.007852914] [telemetry_node]: pos_ned=[ 1.23852417e-02 -1.69551577e-02  2.49925423e+01]  yaw=1.685  armed=True  vtol=3  batt=15.71V/74%
[telemetry_node-1] [INFO] [1785100859.007666571] [telemetry_node]: pos_ned=[ 3.75196338e-02 -2.46657878e-02  3.10197144e+01]  yaw=1.681  armed=True  vtol=3  batt=15.65V/71%
[telemetry_node-1] [INFO] [1785100861.007900365] [telemetry_node]: pos_ned=[5.20546734e-02 1.22869760e-02 3.68514748e+01]  yaw=1.671  armed=True  vtol=3  batt=15.59V/68%
[telemetry_node-1] [INFO] [1785100863.007898124] [telemetry_node]: pos_ned=[7.05658272e-02 9.44388192e-03 4.28109970e+01]  yaw=1.676  armed=True  vtol=3  batt=15.53V/64%
[telemetry_node-1] [INFO] [1785100865.008488201] [telemetry_node]: pos_ned=[4.71497774e-02 7.46720890e-03 4.71333122e+01]  yaw=1.680  armed=True  vtol=3  batt=15.47V/61%
[telemetry_node-1] [INFO] [1785100867.007946668] [telemetry_node]: pos_ned=[ 4.26590145e-02 -2.63545517e-04  4.89669456e+01]  yaw=1.681  armed=True  vtol=3  batt=15.41V/58%
[offboard_node-2] [INFO] [1785100868.449163331] [offboard_node]: 운용 고도 50.0m 도달 → transition_fw
[telemetry_node-1] [INFO] [1785100869.008108243] [telemetry_node]: pos_ned=[ 4.59120162e-02 -3.53710204e-02  4.96768417e+01]  yaw=1.675  armed=True  vtol=3  batt=15.35V/54%
[offboard_node-2] [INFO] [1785100870.450829498] [offboard_node]: 천이 전 MC OFFBOARD 요청 (헤딩 정렬 대기)
[telemetry_node-1] [INFO] [1785100871.007507298] [telemetry_node]: pos_ned=[ 4.49132062e-02 -2.59025805e-02  4.98914986e+01]  yaw=1.608  armed=True  vtol=3  batt=15.30V/51%
[telemetry_node-1] [INFO] [1785100873.007510395] [telemetry_node]: pos_ned=[ 3.79421674e-02 -2.37097181e-02  4.99250603e+01]  yaw=0.778  armed=True  vtol=3  batt=15.30V/50%
[telemetry_node-1] [INFO] [1785100875.007747250] [telemetry_node]: pos_ned=[1.70021448e-02 3.62684205e-02 4.99796715e+01]  yaw=0.395  armed=True  vtol=3  batt=15.30V/50%
[telemetry_node-1] [INFO] [1785100877.007491790] [telemetry_node]: pos_ned=[-6.49348944e-02  2.52723768e-02  5.00473404e+01]  yaw=0.215  armed=True  vtol=3  batt=15.30V/50%
[telemetry_node-1] [INFO] [1785100879.007512701] [telemetry_node]: pos_ned=[-7.44766593e-02  4.51298915e-02  5.01225319e+01]  yaw=0.120  armed=True  vtol=3  batt=15.30V/50%
[telemetry_node-1] [INFO] [1785100881.007833429] [telemetry_node]: pos_ned=[-0.12419604  0.08488273 50.17195892]  yaw=0.067  armed=True  vtol=3  batt=15.30V/50%
[telemetry_node-1] [INFO] [1785100883.007936852] [telemetry_node]: pos_ned=[-0.14454268  0.11852806 50.19689941]  yaw=0.043  armed=True  vtol=3  batt=15.30V/50%
[offboard_node-2] [INFO] [1785100884.049389014] [offboard_node]: 헤딩 정렬 완료 target=0.0° current=2.4° err=-2.4° (20틱 안정) → 전진 + 천이 명령
[offboard_node-2] [INFO] [1785100884.050782466] [offboard_node]: MC→FW 천이 명령 요청 (위치 setpoint 직선 천이)
[telemetry_node-1] [INFO] [1785100885.008063042] [telemetry_node]: pos_ned=[ 0.0591458   0.06971502 50.23135376]  yaw=0.043  armed=True  vtol=1  batt=15.30V/50%
[offboard_node-2] [INFO] [1785100886.649086653] [offboard_node]: FW 전환 완료 -> STREAMING
[offboard_node-2] [INFO] [1785100886.762957384] [offboard_node]: OFFBOARD 확인 → FOLLOWING
[offboard_node-2] [INFO] [1785100886.868541427] [offboard_node]: FOLLOWING 시작 pos=[12.2,-0.6] tgt=[82.2,0.0] cte=-0.6m mode=OFFBOARD
[telemetry_node-1] [INFO] [1785100887.009093817] [telemetry_node]: pos_ned=[14.53050327 -0.72468644 49.70403671]  yaw=-0.040  armed=True  vtol=4  batt=15.30V/50%
[offboard_node-2] [INFO] [1785100888.767357101] [offboard_node]: FOLLOWING tick=20 mode=OFFBOARD cte=-1.2m pos=[44.3,-1.2] tgt=[114.3,0.0]
[telemetry_node-1] [INFO] [1785100889.007601584] [telemetry_node]: pos_ned=[48.22662354 -1.0982281  52.23987961]  yaw=-0.006  armed=True  vtol=4  batt=15.30V/50%
[offboard_node-2] [INFO] [1785100890.763102267] [offboard_node]: FOLLOWING tick=40 mode=OFFBOARD cte=-0.7m pos=[74.2,-0.7] tgt=[144.2,0.0]
[telemetry_node-1] [INFO] [1785100891.007990420] [telemetry_node]: pos_ned=[77.83319092 -0.60520625 49.34883118]  yaw=0.003  armed=True  vtol=4  batt=15.30V/50%
[offboard_node-2] [INFO] [1785100892.760424433] [offboard_node]: FOLLOWING tick=60 mode=OFFBOARD cte=-0.3m pos=[104.6,-0.3] tgt=[174.6,0.0]
[telemetry_node-1] [INFO] [1785100893.007456569] [telemetry_node]: pos_ned=[108.56655121  -0.21859787  49.08308411]  yaw=0.026  armed=True  vtol=4  batt=15.30V/50%
[offboard_node-2] [INFO] [1785100894.768561502] [offboard_node]: FOLLOWING tick=80 mode=OFFBOARD cte=0.0m pos=[133.2,0.0] tgt=[203.2,0.0]
[telemetry_node-1] [INFO] [1785100895.007814992] [telemetry_node]: pos_ned=[1.36629868e+02 3.34817581e-02 4.87813225e+01]  yaw=0.032  armed=True  vtol=4  batt=15.30V/50%
[offboard_node-2] [INFO] [1785100896.758862617] [offboard_node]: FOLLOWING tick=100 mode=OFFBOARD cte=0.1m pos=[162.4,0.1] tgt=[232.4,0.0]
[telemetry_node-1] [INFO] [1785100897.007918252] [telemetry_node]: pos_ned=[1.65676956e+02 1.23825893e-01 4.88862724e+01]  yaw=0.007  armed=True  vtol=4  batt=15.30V/50%
[offboard_node-2] [INFO] [1785100898.760220734] [offboard_node]: FOLLOWING tick=120 mode=OFFBOARD cte=0.1m pos=[190.8,0.1] tgt=[260.8,0.0]
[telemetry_node-1] [INFO] [1785100899.007723356] [telemetry_node]: pos_ned=[1.94077576e+02 9.51455906e-02 4.89688911e+01]  yaw=-0.019  armed=True  vtol=4  batt=15.30V/50%
[offboard_node-2] [INFO] [1785100900.759592103] [offboard_node]: FOLLOWING tick=140 mode=OFFBOARD cte=0.1m pos=[218.3,0.1] tgt=[288.3,0.0]
[telemetry_node-1] [INFO] [1785100901.007958771] [telemetry_node]: pos_ned=[2.22003326e+02 4.53082733e-02 4.90663109e+01]  yaw=-0.020  armed=True  vtol=4  batt=15.30V/50%
[offboard_node-2] [INFO] [1785100902.757961407] [offboard_node]: FOLLOWING tick=160 mode=OFFBOARD cte=-0.0m pos=[246.0,-0.0] tgt=[300.0,0.0]
[telemetry_node-1] [INFO] [1785100903.007471704] [telemetry_node]: pos_ned=[ 2.49643661e+02 -2.47971378e-02  4.91763992e+01]  yaw=0.000  armed=True  vtol=4  batt=15.30V/50%
[offboard_node-2] [INFO] [1785100904.758214226] [offboard_node]: FOLLOWING tick=180 mode=OFFBOARD cte=-0.1m pos=[273.4,-0.1] tgt=[300.0,0.0]
[telemetry_node-1] [INFO] [1785100905.008630865] [telemetry_node]: pos_ned=[ 2.77077271e+02 -1.05910562e-01  4.92774467e+01]  yaw=0.015  armed=True  vtol=4  batt=15.30V/50%
[offboard_node-2] [INFO] [1785100906.069232407] [offboard_node]: 경로 추종 완료 -> transition_mc
[offboard_node-2] [INFO] [1785100906.149801935] [offboard_node]: FW->MC 역천이 명령 요청
[telemetry_node-1] [INFO] [1785100907.007543425] [telemetry_node]: pos_ned=[ 3.03314331e+02 -1.49151340e-01  4.93346634e+01]  yaw=0.015  armed=True  vtol=2  batt=15.30V/50%
[telemetry_node-1] [INFO] [1785100909.007840097] [telemetry_node]: pos_ned=[ 3.24550995e+02 -3.08861732e-01  5.01068954e+01]  yaw=0.012  armed=True  vtol=2  batt=15.30V/50%
[telemetry_node-1] [INFO] [1785100911.007933114] [telemetry_node]: pos_ned=[ 3.38476349e+02 -3.09634358e-01  5.03945274e+01]  yaw=0.034  armed=True  vtol=2  batt=15.30V/50%
[offboard_node-2] [INFO] [1785100911.350412447] [offboard_node]: MC 전환 완료 -> HOLD (WP1 복귀)
[telemetry_node-1] [INFO] [1785100913.008082355] [telemetry_node]: pos_ned=[ 3.41365784e+02 -7.10284784e-02  4.99522057e+01]  yaw=0.025  armed=True  vtol=3  batt=15.30V/50%
[offboard_node-2] [INFO] [1785100913.349576117] [offboard_node]: WP1 홀드 dist=38.8m speed=8.4m/s stable=0/10
[telemetry_node-1] [INFO] [1785100915.007690096] [telemetry_node]: pos_ned=[3.26098480e+02 2.72489693e-02 4.99356995e+01]  yaw=0.041  armed=True  vtol=3  batt=15.30V/50%
[offboard_node-2] [INFO] [1785100915.349877369] [offboard_node]: WP1 홀드 dist=23.6m speed=8.1m/s stable=0/10
[telemetry_node-1] [INFO] [1785100917.007786561] [telemetry_node]: pos_ned=[ 3.10319275e+02 -6.17746301e-02  4.99319572e+01]  yaw=0.040  armed=True  vtol=3  batt=15.30V/50%
[offboard_node-2] [INFO] [1785100917.350018924] [offboard_node]: WP1 홀드 dist=7.7m speed=7.9m/s stable=0/10
[telemetry_node-1] [INFO] [1785100919.008458435] [telemetry_node]: pos_ned=[ 3.00869293e+02 -1.43597916e-01  5.02178421e+01]  yaw=0.032  armed=True  vtol=3  batt=15.30V/50%
[offboard_node-2] [INFO] [1785100919.349630502] [offboard_node]: WP1 홀드 dist=0.6m speed=0.4m/s stable=5/10
[offboard_node-2] [INFO] [1785100919.749626072] [offboard_node]: WP1 도달·안정 → LANDING (dist=0.5m speed=0.2m/s)
[offboard_node-2] [INFO] [1785100919.849738002] [offboard_node]: AUTO.LAND 요청
[telemetry_node-1] [INFO] [1785100921.007597595] [telemetry_node]: pos_ned=[ 3.00722534e+02 -2.00944431e-02  4.89738541e+01]  yaw=0.027  armed=True  vtol=3  batt=15.30V/50%
[telemetry_node-1] [INFO] [1785100923.007831062] [telemetry_node]: pos_ned=[3.00419373e+02 3.98087455e-03 4.61535110e+01]  yaw=0.027  armed=True  vtol=3  batt=15.30V/50%
[telemetry_node-1] [INFO] [1785100925.009802548] [telemetry_node]: pos_ned=[ 3.00624542e+02 -1.12990821e-02  4.32113876e+01]  yaw=0.025  armed=True  vtol=3  batt=15.30V/50%
[telemetry_node-1] [INFO] [1785100927.008930014] [telemetry_node]: pos_ned=[ 3.00614014e+02 -3.69347669e-02  4.02424583e+01]  yaw=0.026  armed=True  vtol=3  batt=15.30V/50%
[telemetry_node-1] [INFO] [1785100929.007625612] [telemetry_node]: pos_ned=[ 3.00680939e+02 -1.27510857e-02  3.72726021e+01]  yaw=0.024  armed=True  vtol=3  batt=15.30V/50%
[telemetry_node-1] [INFO] [1785100931.007928663] [telemetry_node]: pos_ned=[3.00583496e+02 4.12539020e-03 3.42822800e+01]  yaw=0.024  armed=True  vtol=3  batt=15.30V/50%
[telemetry_node-1] [INFO] [1785100933.008039631] [telemetry_node]: pos_ned=[3.00567780e+02 1.15769533e-02 3.13307400e+01]  yaw=0.022  armed=True  vtol=3  batt=15.30V/50%
[telemetry_node-1] [INFO] [1785100935.007776576] [telemetry_node]: pos_ned=[3.00622894e+02 1.10997423e-03 2.83161907e+01]  yaw=0.021  armed=True  vtol=3  batt=15.30V/50%
[telemetry_node-1] [INFO] [1785100937.007548863] [telemetry_node]: pos_ned=[3.00553741e+02 5.80104627e-03 2.53047581e+01]  yaw=0.020  armed=True  vtol=3  batt=15.30V/50%
[telemetry_node-1] [INFO] [1785100939.007569157] [telemetry_node]: pos_ned=[3.00576660e+02 6.10895827e-03 2.23261051e+01]  yaw=0.018  armed=True  vtol=3  batt=15.30V/50%
[telemetry_node-1] [INFO] [1785100941.007774818] [telemetry_node]: pos_ned=[3.00620636e+02 2.57055787e-03 1.93068027e+01]  yaw=0.017  armed=True  vtol=3  batt=15.30V/50%
[telemetry_node-1] [INFO] [1785100943.007776745] [telemetry_node]: pos_ned=[3.00597015e+02 2.19508167e-02 1.62991982e+01]  yaw=0.017  armed=True  vtol=3  batt=15.30V/50%
[telemetry_node-1] [INFO] [1785100945.008234850] [telemetry_node]: pos_ned=[3.00622467e+02 4.09784019e-02 1.33389149e+01]  yaw=0.016  armed=True  vtol=3  batt=15.30V/50%
[telemetry_node-1] [INFO] [1785100947.007942068] [telemetry_node]: pos_ned=[3.00561127e+02 4.33596335e-02 1.03434448e+01]  yaw=0.015  armed=True  vtol=3  batt=15.30V/50%
[telemetry_node-1] [INFO] [1785100949.007556690] [telemetry_node]: pos_ned=[3.00590790e+02 2.31035892e-02 7.75594664e+00]  yaw=0.015  armed=True  vtol=3  batt=15.30V/50%
[telemetry_node-1] [INFO] [1785100951.007656952] [telemetry_node]: pos_ned=[3.00621948e+02 1.66055951e-02 5.83172178e+00]  yaw=0.015  armed=True  vtol=3  batt=15.30V/50%
[telemetry_node-1] [INFO] [1785100953.007535058] [telemetry_node]: pos_ned=[3.00545258e+02 4.29210719e-03 4.34328651e+00]  yaw=0.016  armed=True  vtol=3  batt=15.30V/50%
[telemetry_node-1] [INFO] [1785100955.009517338] [telemetry_node]: pos_ned=[3.00579315e+02 2.75074281e-02 2.99030876e+00]  yaw=0.016  armed=True  vtol=3  batt=15.30V/50%
[telemetry_node-1] [INFO] [1785100957.007929620] [telemetry_node]: pos_ned=[3.00677948e+02 2.69750245e-02 1.59941626e+00]  yaw=0.017  armed=True  vtol=3  batt=15.30V/50%
[telemetry_node-1] [INFO] [1785100959.007992970] [telemetry_node]: pos_ned=[3.00509155e+02 8.65436532e-03 2.26903498e-01]  yaw=0.019  armed=True  vtol=3  batt=15.30V/50%
[telemetry_node-1] [INFO] [1785100961.007733480] [telemetry_node]: pos_ned=[ 3.00485626e+02  1.34494361e-02 -8.32997933e-02]  yaw=0.019  armed=True  vtol=3  batt=15.30V/50%
[telemetry_node-1] [INFO] [1785100963.007796980] [telemetry_node]: pos_ned=[ 3.00496979e+02  2.44938135e-02 -5.37422188e-02]  yaw=0.019  armed=True  vtol=3  batt=15.30V/50%
[offboard_node-2] [INFO] [1785100963.049111295] [offboard_node]: 착륙 완료 (disarmed) -> DONE
[telemetry_node-1] [INFO] [1785100965.007906510] [telemetry_node]: pos_ned=[ 3.00520905e+02  1.64178554e-02 -6.94349408e-02]  yaw=0.019  armed=False  vtol=3  batt=16.20V/65%
[telemetry_node-1] [INFO] [1785100967.008003173] [telemetry_node]: pos_ned=[ 3.00497253e+02  1.22058904e-02 -1.00133225e-01]  yaw=0.019  armed=False  vtol=3  batt=16.20V/95%
[telemetry_node-1] [INFO] [1785100969.008022302] [telemetry_node]: pos_ned=[ 3.00473846e+02  3.75106782e-02 -1.31618157e-01]  yaw=0.018  armed=False  vtol=3  batt=16.20V/99%
[telemetry_node-1] [INFO] [1785100971.007889270] [telemetry_node]: pos_ned=[ 3.00505707e+02  5.11602536e-02 -1.37647837e-01]  yaw=0.018  armed=False  vtol=3  batt=16.20V/100%
[WARNING] [launch]: user interrupted with ctrl-c (SIGINT)
[INFO] [offboard_node-2]: sending signal 'SIGINT' to process[offboard_node-2]
[INFO] [telemetry_node-1]: sending signal 'SIGINT' to process[telemetry_node-1]
[offboard_node-2] Traceback (most recent call last):
[offboard_node-2]   File "/root/drone_ws/install/fc_ros/lib/python3.10/site-packages/fc_ros/nodes/offboard_node.py", line 1204, in main
[telemetry_node-1] Traceback (most recent call last):
[telemetry_node-1]   File "/root/drone_ws/install/fc_ros/lib/python3.10/site-packages/fc_ros/nodes/telemetry_node.py", line 109, in main
[offboard_node-2]     rclpy.spin(node)
[offboard_node-2]   File "/opt/ros/humble/local/lib/python3.10/dist-packages/rclpy/__init__.py", line 229, in spin
[telemetry_node-1]     rclpy.spin(node)
[telemetry_node-1]   File "/opt/ros/humble/local/lib/python3.10/dist-packages/rclpy/__init__.py", line 229, in spin
[telemetry_node-1]     executor.spin_once()
[telemetry_node-1]   File "/opt/ros/humble/local/lib/python3.10/dist-packages/rclpy/executors.py", line 808, in spin_once
[offboard_node-2]     executor.spin_once()
[offboard_node-2]   File "/opt/ros/humble/local/lib/python3.10/dist-packages/rclpy/executors.py", line 808, in spin_once
[offboard_node-2]     self._spin_once_impl(timeout_sec)
[offboard_node-2]   File "/opt/ros/humble/local/lib/python3.10/dist-packages/rclpy/executors.py", line 797, in _spin_once_impl
[telemetry_node-1]     self._spin_once_impl(timeout_sec)
[telemetry_node-1]   File "/opt/ros/humble/local/lib/python3.10/dist-packages/rclpy/executors.py", line 797, in _spin_once_impl
[telemetry_node-1]     handler, entity, node = self.wait_for_ready_callbacks(timeout_sec=timeout_sec)
[telemetry_node-1]   File "/opt/ros/humble/local/lib/python3.10/dist-packages/rclpy/executors.py", line 780, in wait_for_ready_callbacks
[telemetry_node-1]     return next(self._cb_iter)
[telemetry_node-1]   File "/opt/ros/humble/local/lib/python3.10/dist-packages/rclpy/executors.py", line 677, in _wait_for_ready_callbacks
[offboard_node-2]     handler, entity, node = self.wait_for_ready_callbacks(timeout_sec=timeout_sec)
[offboard_node-2]   File "/opt/ros/humble/local/lib/python3.10/dist-packages/rclpy/executors.py", line 780, in wait_for_ready_callbacks
[offboard_node-2]     return next(self._cb_iter)
[offboard_node-2]   File "/opt/ros/humble/local/lib/python3.10/dist-packages/rclpy/executors.py", line 677, in _wait_for_ready_callbacks
[telemetry_node-1]     wait_set.wait(timeout_nsec)
[telemetry_node-1] KeyboardInterrupt
[telemetry_node-1] 
[telemetry_node-1] During handling of the above exception, another exception occurred:
[telemetry_node-1] 
[telemetry_node-1] Traceback (most recent call last):
[telemetry_node-1]   File "/root/drone_ws/install/fc_ros/lib/fc_ros/telemetry_node", line 33, in <module>
[telemetry_node-1]     sys.exit(load_entry_point('fc-ros==0.1.0', 'console_scripts', 'telemetry_node')())
[telemetry_node-1]   File "/root/drone_ws/install/fc_ros/lib/python3.10/site-packages/fc_ros/nodes/telemetry_node.py", line 111, in main
[offboard_node-2]     wait_set.wait(timeout_nsec)
[offboard_node-2] KeyboardInterrupt
[offboard_node-2] 
[offboard_node-2] During handling of the above exception, another exception occurred:
[offboard_node-2] 
[offboard_node-2] Traceback (most recent call last):
[offboard_node-2]   File "/root/drone_ws/install/fc_ros/lib/fc_ros/offboard_node", line 33, in <module>
[offboard_node-2]     sys.exit(load_entry_point('fc-ros==0.1.0', 'console_scripts', 'offboard_node')())
[offboard_node-2]   File "/root/drone_ws/install/fc_ros/lib/python3.10/site-packages/fc_ros/nodes/offboard_node.py", line 1206, in main
[telemetry_node-1]     node.destroy_node()
[telemetry_node-1]   File "/opt/ros/humble/local/lib/python3.10/dist-packages/rclpy/node.py", line 1685, in destroy_node
[offboard_node-2]     node.destroy_node()
[offboard_node-2]   File "/opt/ros/humble/local/lib/python3.10/dist-packages/rclpy/node.py", line 1685, in destroy_node
[telemetry_node-1]     self.destroy_publisher(self._publishers[0])
[telemetry_node-1]   File "/opt/ros/humble/local/lib/python3.10/dist-packages/rclpy/node.py", line 1565, in destroy_publisher
[offboard_node-2]     self.destroy_publisher(self._publishers[0])
[offboard_node-2]   File "/opt/ros/humble/local/lib/python3.10/dist-packages/rclpy/node.py", line 1565, in destroy_publisher
[telemetry_node-1]     publisher.destroy()
[telemetry_node-1]   File "/opt/ros/humble/local/lib/python3.10/dist-packages/rclpy/publisher.py", line 99, in destroy
[telemetry_node-1]     self.__publisher.destroy_when_not_in_use()
[telemetry_node-1] KeyboardInterrupt
[offboard_node-2]     publisher.destroy()
[offboard_node-2]   File "/opt/ros/humble/local/lib/python3.10/dist-packages/rclpy/publisher.py", line 99, in destroy
[offboard_node-2]     self.__publisher.destroy_when_not_in_use()
[offboard_node-2] KeyboardInterrupt
[ERROR] [telemetry_node-1]: process has died [pid 1116, exit code -2, cmd '/root/drone_ws/install/fc_ros/lib/fc_ros/telemetry_node --ros-args -r __node:=telemetry_node'].
[ERROR] [offboard_node-2]: process has died [pid 1118, exit code -2, cmd '/root/drone_ws/install/fc_ros/lib/fc_ros/offboard_node --ros-args -r __node:=offboard_node --params-file /root/drone_ws/install/fc_ros/share/fc_ros/params/fc_ros_params.yaml --params-file /tmp/launch_params_ihdilyso'].
