[INFO] [launch]: All log files can be found below /root/.ros/log/2026-07-29-03-58-11-377728-DESKTOP-Kilogram-1348
[INFO] [launch]: Default logging verbosity is set to INFO
[INFO] [telemetry_node-1]: process started with pid [1376]
[INFO] [offboard_node-2]: process started with pid [1378]
[offboard_node-2] [INFO] [1785265091.991094947] [offboard_node]: 경로 계획 시작 — planner=eta3 WP 2개 v_cruise=18.0 → 예상 약 0s 블로킹. 이 동안 노드는 응답하지 않는다 — 죽은 것이 아니니 재기동 금지 (재기동하면 중복 인스턴스가 된다).
[offboard_node-2] [INFO] [1785265092.000675412] [offboard_node]: 경로 계획 완료 — 소요 0.0s (예상 0s), 경로점 301개, 전장 300.0m
[offboard_node-2] [INFO] [1785265092.009915907] [offboard_node]: 비전 정밀착륙 활성 — 탐색고도 25m 반경 30m / 재탐색 15m 반경 18m
[offboard_node-2] [WARN] [1785265092.132131548] [offboard_node]: /mavros/cmd/arming 서비스 없음
[offboard_node-2] [WARN] [1785265092.231276895] [offboard_node]: /mavros/cmd/arming 서비스 없음
[offboard_node-2] [WARN] [1785265092.330914817] [offboard_node]: /mavros/cmd/arming 서비스 없음
[offboard_node-2] [WARN] [1785265092.430879957] [offboard_node]: /mavros/cmd/arming 서비스 없음
[offboard_node-2] [WARN] [1785265092.530981903] [offboard_node]: /mavros/cmd/arming 서비스 없음
[offboard_node-2] [WARN] [1785265092.630980997] [offboard_node]: /mavros/cmd/arming 서비스 없음
[offboard_node-2] [WARN] [1785265092.731021500] [offboard_node]: /mavros/cmd/arming 서비스 없음
[offboard_node-2] [WARN] [1785265092.831009072] [offboard_node]: /mavros/cmd/arming 서비스 없음
[offboard_node-2] [WARN] [1785265092.931032941] [offboard_node]: /mavros/cmd/arming 서비스 없음
[offboard_node-2] [WARN] [1785265093.030881617] [offboard_node]: /mavros/cmd/arming 서비스 없음
[offboard_node-2] [WARN] [1785265093.131189333] [offboard_node]: /mavros/cmd/arming 서비스 없음
[offboard_node-2] [WARN] [1785265093.231185121] [offboard_node]: /mavros/cmd/arming 서비스 없음
[offboard_node-2] [WARN] [1785265093.331061319] [offboard_node]: /mavros/cmd/arming 서비스 없음
[offboard_node-2] [WARN] [1785265093.431411756] [offboard_node]: /mavros/cmd/arming 서비스 없음
[offboard_node-2] [WARN] [1785265093.531074697] [offboard_node]: /mavros/cmd/arming 서비스 없음
[offboard_node-2] [WARN] [1785265093.630944487] [offboard_node]: /mavros/cmd/arming 서비스 없음
[offboard_node-2] [WARN] [1785265093.731071171] [offboard_node]: /mavros/cmd/arming 서비스 없음
[offboard_node-2] [INFO] [1785265093.833228912] [offboard_node]: ARM 요청
[telemetry_node-1] [INFO] [1785265093.957157230] [telemetry_node]: pos_ned=[-0.00716922  0.01649622  0.00200907]  yaw=1.702  armed=False  vtol=3  batt=16.20V/100%
[offboard_node-2] [INFO] [1785265094.731264170] [offboard_node]: 거리 상한 감시 활성 1200m (이륙지점 기준 수평, 경로 최원점 300m)
[offboard_node-2] [INFO] [1785265094.739763239] [offboard_node]: CommandTOL 이륙 요청 alt=50.1m AMSL (지면 0.1+50.0) -> CLIMBING
[telemetry_node-1] [INFO] [1785265095.934404170] [telemetry_node]: pos_ned=[-0.02665949  0.00653757  0.01895101]  yaw=1.704  armed=True  vtol=3  batt=16.18V/100%
[telemetry_node-1] [INFO] [1785265097.934337655] [telemetry_node]: pos_ned=[-0.00341761 -0.00550363  0.01807974]  yaw=1.706  armed=True  vtol=3  batt=16.12V/97%
[telemetry_node-1] [INFO] [1785265099.934698501] [telemetry_node]: pos_ned=[-0.00778176 -0.05631681  1.85522604]  yaw=1.671  armed=True  vtol=3  batt=16.06V/94%
[telemetry_node-1] [INFO] [1785265101.934640523] [telemetry_node]: pos_ned=[ 2.90731376e-04 -7.30929431e-03  4.59533834e+00]  yaw=1.648  armed=True  vtol=3  batt=16.00V/90%
[telemetry_node-1] [INFO] [1785265103.934562151] [telemetry_node]: pos_ned=[4.48749168e-03 2.29989318e-03 7.55348015e+00]  yaw=1.650  armed=True  vtol=3  batt=15.94V/87%
[telemetry_node-1] [INFO] [1785265105.934595861] [telemetry_node]: pos_ned=[-1.79740135e-03 -7.47934775e-03  1.06666861e+01]  yaw=1.646  armed=True  vtol=3  batt=15.88V/84%
[telemetry_node-1] [INFO] [1785265107.935709340] [telemetry_node]: pos_ned=[-0.03339842 -0.02475018 16.27860069]  yaw=1.642  armed=True  vtol=3  batt=15.82V/80%
[telemetry_node-1] [INFO] [1785265109.934550984] [telemetry_node]: pos_ned=[-1.75863355e-02 -1.53097119e-02  2.22045822e+01]  yaw=1.642  armed=True  vtol=3  batt=15.76V/77%
[telemetry_node-1] [INFO] [1785265111.934733309] [telemetry_node]: pos_ned=[-2.16116160e-02  5.21166157e-03  2.81648693e+01]  yaw=1.642  armed=True  vtol=3  batt=15.70V/74%
[telemetry_node-1] [INFO] [1785265113.934614876] [telemetry_node]: pos_ned=[-1.79037880e-02 -7.48637773e-04  3.41968727e+01]  yaw=1.643  armed=True  vtol=3  batt=15.64V/70%
[telemetry_node-1] [INFO] [1785265115.934610075] [telemetry_node]: pos_ned=[-3.31004113e-02  7.77339842e-03  4.02020378e+01]  yaw=1.643  armed=True  vtol=3  batt=15.58V/67%
[telemetry_node-1] [INFO] [1785265117.934963701] [telemetry_node]: pos_ned=[-3.61073937e-04 -2.01581996e-02  4.56904221e+01]  yaw=1.644  armed=True  vtol=3  batt=15.52V/64%
[telemetry_node-1] [INFO] [1785265119.934713483] [telemetry_node]: pos_ned=[2.28538597e-03 5.72968880e-03 4.84164734e+01]  yaw=1.642  armed=True  vtol=3  batt=15.46V/60%
[telemetry_node-1] [INFO] [1785265121.934977108] [telemetry_node]: pos_ned=[-1.64967664e-02  1.57031938e-02  4.94820480e+01]  yaw=1.643  armed=True  vtol=3  batt=15.40V/57%
[offboard_node-2] [INFO] [1785265122.031340378] [offboard_node]: 운용 고도 50.0m 도달 → transition_fw
[telemetry_node-1] [INFO] [1785265125.420041404] [telemetry_node]: pos_ned=[-1.24593042e-02  2.22460888e-02  4.98189125e+01]  yaw=1.643  armed=True  vtol=3  batt=15.34V/54%
[offboard_node-2] [INFO] [1785265125.731920151] [offboard_node]: 천이 전 MC OFFBOARD 요청 (헤딩 정렬 대기)
[offboard_node-2] [WARN] [1785265125.831785490] [offboard_node]: 정렬 구간 OFFBOARD 이탈 → 재요청 (mode=AUTO.LOITER)
[telemetry_node-1] [INFO] [1785265125.934535691] [telemetry_node]: pos_ned=[-2.27599815e-02  1.49149075e-02  4.98865356e+01]  yaw=1.642  armed=True  vtol=3  batt=15.34V/54%
[telemetry_node-1] [INFO] [1785265127.934954055] [telemetry_node]: pos_ned=[-7.25019947e-02 -2.70166658e-02  5.00266113e+01]  yaw=1.122  armed=True  vtol=3  batt=15.30V/51%
[telemetry_node-1] [INFO] [1785265129.935105019] [telemetry_node]: pos_ned=[ 1.38749648e-02 -1.76709950e-01  5.01447830e+01]  yaw=0.530  armed=True  vtol=3  batt=15.30V/50%
[telemetry_node-1] [INFO] [1785265131.934806188] [telemetry_node]: pos_ned=[ 0.10796589 -0.34997514 50.22239685]  yaw=0.283  armed=True  vtol=3  batt=15.30V/50%
[telemetry_node-1] [INFO] [1785265133.934553617] [telemetry_node]: pos_ned=[ 0.13035038 -0.44882044 50.32264328]  yaw=0.155  armed=True  vtol=3  batt=15.30V/50%
[telemetry_node-1] [INFO] [1785265135.934760813] [telemetry_node]: pos_ned=[ 0.16149297 -0.45008406 50.38183212]  yaw=0.089  armed=True  vtol=3  batt=15.30V/50%
[telemetry_node-1] [INFO] [1785265137.935628703] [telemetry_node]: pos_ned=[ 0.16106057 -0.41760367 50.46165085]  yaw=0.053  armed=True  vtol=3  batt=15.30V/50%
[telemetry_node-1] [INFO] [1785265139.934994297] [telemetry_node]: pos_ned=[ 0.18571049 -0.39513355 50.5865097 ]  yaw=0.042  armed=True  vtol=3  batt=15.30V/50%
[offboard_node-2] [INFO] [1785265140.131532043] [offboard_node]: 헤딩 정렬 완료 target=0.0° current=2.4° err=-2.4° (20틱 안정) → 전진 + 천이 명령
[offboard_node-2] [INFO] [1785265140.132195648] [offboard_node]: FW 고도 램프 시작 50.6 → 50.0m (계단 -0.6m, 3.0m/s, 0.2s 소요)
[offboard_node-2] [INFO] [1785265140.133308442] [offboard_node]: MC→FW 천이 명령 요청 (위치 setpoint 직선 천이)
[telemetry_node-1] [INFO] [1785265141.935083849] [telemetry_node]: pos_ned=[ 2.29003501 -0.41483834 50.65743637]  yaw=-0.020  armed=True  vtol=1  batt=15.30V/50%
[offboard_node-2] [INFO] [1785265142.731182267] [offboard_node]: FW 전환 완료 -> STREAMING
[offboard_node-2] [INFO] [1785265142.840614655] [offboard_node]: OFFBOARD 확인 → FOLLOWING
[offboard_node-2] [INFO] [1785265142.933080136] [offboard_node]: FOLLOWING 시작 pos=[12.2,-0.9] tgt=[82.2,0.0] cte=-0.9m mode=OFFBOARD seg=12/300
[telemetry_node-1] [INFO] [1785265143.934793369] [telemetry_node]: pos_ned=[30.18938828 -1.29892206 50.08010864]  yaw=-0.000  armed=True  vtol=4  batt=15.30V/50%
[offboard_node-2] [INFO] [1785265144.832866527] [offboard_node]: FOLLOWING tick=20 mode=OFFBOARD cte=-1.1m pos=[44.6,-1.1] tgt=[114.6,0.0] seg=44/300
[telemetry_node-1] [INFO] [1785265145.934573476] [telemetry_node]: pos_ned=[60.55564499 -0.86147374 51.35321808]  yaw=0.027  armed=True  vtol=4  batt=15.30V/50%
[offboard_node-2] [INFO] [1785265146.833369649] [offboard_node]: FOLLOWING tick=40 mode=OFFBOARD cte=-0.6m pos=[74.1,-0.6] tgt=[144.1,0.0] seg=74/300
[telemetry_node-1] [INFO] [1785265147.934912670] [telemetry_node]: pos_ned=[91.11242676 -0.29828501 48.87890625]  yaw=0.027  armed=True  vtol=4  batt=15.30V/50%
[offboard_node-2] [INFO] [1785265148.836449282] [offboard_node]: FOLLOWING tick=60 mode=OFFBOARD cte=-0.2m pos=[104.4,-0.2] tgt=[174.4,0.0] seg=104/300
[telemetry_node-1] [INFO] [1785265149.934891675] [telemetry_node]: pos_ned=[ 1.20528870e+02 -3.16780210e-02  4.91714211e+01]  yaw=0.021  armed=True  vtol=4  batt=15.30V/50%
[offboard_node-2] [INFO] [1785265150.833294676] [offboard_node]: FOLLOWING tick=80 mode=OFFBOARD cte=0.1m pos=[133.8,0.1] tgt=[203.8,0.0] seg=133/300
[telemetry_node-1] [INFO] [1785265151.934606337] [telemetry_node]: pos_ned=[149.72259521   0.15989384  48.97794342]  yaw=0.008  armed=True  vtol=4  batt=15.30V/50%
[offboard_node-2] [INFO] [1785265152.839179171] [offboard_node]: FOLLOWING tick=100 mode=OFFBOARD cte=0.2m pos=[161.6,0.2] tgt=[231.6,0.0] seg=161/300
[telemetry_node-1] [INFO] [1785265153.936636879] [telemetry_node]: pos_ned=[177.26855469   0.25821844  49.16387939]  yaw=0.003  armed=True  vtol=4  batt=15.30V/50%
[offboard_node-2] [INFO] [1785265154.834377431] [offboard_node]: FOLLOWING tick=120 mode=OFFBOARD cte=0.3m pos=[189.4,0.3] tgt=[259.4,0.0] seg=189/300
[telemetry_node-1] [INFO] [1785265155.934469291] [telemetry_node]: pos_ned=[204.84048462   0.32540554  49.22611237]  yaw=0.006  armed=True  vtol=4  batt=15.30V/50%
[offboard_node-2] [INFO] [1785265156.835176248] [offboard_node]: FOLLOWING tick=140 mode=OFFBOARD cte=0.3m pos=[216.8,0.3] tgt=[286.8,0.0] seg=216/300
[telemetry_node-1] [INFO] [1785265159.715672920] [telemetry_node]: pos_ned=[230.58825684   0.30296263  49.31592941]  yaw=0.013  armed=True  vtol=4  batt=15.30V/50%
[telemetry_node-1] [INFO] [1785265159.934876597] [telemetry_node]: pos_ned=[233.78091431   0.29576832  49.32529449]  yaw=0.014  armed=True  vtol=4  batt=15.30V/50%
[offboard_node-2] [INFO] [1785265160.532799432] [offboard_node]: FOLLOWING tick=160 mode=OFFBOARD cte=0.3m pos=[242.0,0.3] tgt=[300.0,0.0] seg=242/300
[telemetry_node-1] [INFO] [1785265161.936378376] [telemetry_node]: pos_ned=[2.60648773e+02 1.60078347e-01 4.94446793e+01]  yaw=0.016  armed=True  vtol=4  batt=15.30V/50%
[offboard_node-2] [INFO] [1785265162.532287221] [offboard_node]: FOLLOWING tick=180 mode=OFFBOARD cte=0.1m pos=[268.9,0.1] tgt=[300.0,0.0] seg=268/300
[telemetry_node-1] [INFO] [1785265163.934937563] [telemetry_node]: pos_ned=[ 2.87971588e+02 -2.42453348e-02  4.95356331e+01]  yaw=0.016  armed=True  vtol=4  batt=15.30V/50%
[offboard_node-2] [INFO] [1785265164.132411450] [offboard_node]: 경로 추종 완료 -> transition_mc
[offboard_node-2] [INFO] [1785265164.231694541] [offboard_node]: FW->MC 역천이 명령 요청
[telemetry_node-1] [INFO] [1785265165.934450715] [telemetry_node]: pos_ned=[ 3.12848145e+02 -6.17597476e-02  4.96778679e+01]  yaw=0.016  armed=True  vtol=2  batt=15.30V/50%
[telemetry_node-1] [INFO] [1785265167.934739089] [telemetry_node]: pos_ned=[3.30200378e+02 8.26171562e-02 5.06661644e+01]  yaw=0.013  armed=True  vtol=2  batt=15.30V/50%
[offboard_node-2] [INFO] [1785265169.531304855] [offboard_node]: MC 전환 완료 -> HOLD (WP1 복귀)
[telemetry_node-1] [INFO] [1785265169.934640895] [telemetry_node]: pos_ned=[341.6633606    0.40886697  50.75963974]  yaw=0.006  armed=True  vtol=3  batt=15.30V/50%
[offboard_node-2] [INFO] [1785265171.531209685] [offboard_node]: WP1 홀드 dist=39.1m speed=8.0m/s stable=0/10
[telemetry_node-1] [INFO] [1785265171.934749532] [telemetry_node]: pos_ned=[336.06124878   0.5967719   50.44471741]  yaw=0.034  armed=True  vtol=3  batt=15.30V/50%
[offboard_node-2] [INFO] [1785265173.531218822] [offboard_node]: WP1 홀드 dist=27.8m speed=4.7m/s stable=0/10
[telemetry_node-1] [INFO] [1785265173.935842981] [telemetry_node]: pos_ned=[3.25988647e+02 2.67909288e-01 5.03324966e+01]  yaw=0.015  armed=True  vtol=3  batt=15.30V/50%
[offboard_node-2] [INFO] [1785265175.531262752] [offboard_node]: WP1 홀드 dist=16.9m speed=5.0m/s stable=0/10
[telemetry_node-1] [INFO] [1785265175.934598526] [telemetry_node]: pos_ned=[3.15024414e+02 7.05889016e-02 5.01700363e+01]  yaw=0.010  armed=True  vtol=3  batt=15.30V/50%
[offboard_node-2] [INFO] [1785265177.531254260] [offboard_node]: WP1 홀드 dist=6.7m speed=5.2m/s stable=0/10
[telemetry_node-1] [INFO] [1785265177.935125657] [telemetry_node]: pos_ned=[3.04846649e+02 6.56736037e-03 5.00752907e+01]  yaw=0.012  armed=True  vtol=3  batt=15.30V/50%
[offboard_node-2] [INFO] [1785265179.531142559] [offboard_node]: WP1 홀드 dist=0.9m speed=0.7m/s stable=3/10
[telemetry_node-1] [INFO] [1785265179.934987078] [telemetry_node]: pos_ned=[ 3.00699097e+02 -4.33750674e-02  5.01485214e+01]  yaw=0.003  armed=True  vtol=3  batt=15.30V/50%
[offboard_node-2] [INFO] [1785265180.131486561] [offboard_node]: 탐색 1회차 — 고도 25m AGL 반경 6.1→30m 링간격 12.2m 속도상한 5.0m/s (풋프린트 단폭 18.8m)
[offboard_node-2] [INFO] [1785265180.131971088] [offboard_node]: WP1 도달·안정 (dist=0.7m speed=0.1m/s) → VISION_SEARCH (비전 착륙 활성)
[offboard_node-2] [INFO] [1785265180.631467018] [offboard_node]: 타겟 래치 (연속 3틱, N=302.1 E=6.1) → PRECISION_LAND
[telemetry_node-1] [INFO] [1785265181.935059940] [telemetry_node]: pos_ned=[301.23379517   1.74633634  49.89080048]  yaw=0.009  armed=True  vtol=3  batt=15.30V/50%
[offboard_node-2] [INFO] [1785265182.631787021] [offboard_node]: 정밀착륙 AGL=50.0m 수평오차=1.36m 정렬대기 state=LOCK age=0.02s t=2/60s
[telemetry_node-1] [INFO] [1785265183.935036283] [telemetry_node]: pos_ned=[301.697052     4.79647684  49.7199173 ]  yaw=-0.089  armed=True  vtol=3  batt=15.30V/50%
[offboard_node-2] [INFO] [1785265184.632179068] [offboard_node]: 정밀착륙 AGL=49.6m 수평오차=0.06m 하강 state=LOCK age=0.20s t=4/60s
[telemetry_node-1] [INFO] [1785265185.934863731] [telemetry_node]: pos_ned=[302.12921143   5.80493069  48.75379562]  yaw=-0.085  armed=True  vtol=3  batt=15.30V/50%
[offboard_node-2] [INFO] [1785265186.731408896] [offboard_node]: 정밀착륙 AGL=48.2m 수평오차=0.26m 하강 state=LOCK age=0.03s t=6/60s
[telemetry_node-1] [INFO] [1785265187.934940773] [telemetry_node]: pos_ned=[302.10424805   5.95908689  47.28922653]  yaw=-0.096  armed=True  vtol=3  batt=15.30V/50%
[offboard_node-2] [INFO] [1785265188.731628097] [offboard_node]: 정밀착륙 AGL=46.7m 수평오차=0.58m 하강 state=LOCK age=0.21s t=8/60s
[telemetry_node-1] [INFO] [1785265189.934271724] [telemetry_node]: pos_ned=[301.87014771   5.9514637   45.70281219]  yaw=-0.096  armed=True  vtol=3  batt=15.30V/50%
[offboard_node-2] [INFO] [1785265190.731405311] [offboard_node]: 정밀착륙 AGL=45.1m 수평오차=0.28m 하강 state=LOCK age=0.16s t=10/60s
[telemetry_node-1] [INFO] [1785265191.934756603] [telemetry_node]: pos_ned=[302.08325195   6.07506037  44.06238556]  yaw=-0.115  armed=True  vtol=3  batt=15.30V/50%
[telemetry_node-1] [INFO] [1785265194.148849239] [telemetry_node]: pos_ned=[301.98657227   5.96199369  43.78359604]  yaw=-0.106  armed=True  vtol=3  batt=15.30V/50%
[offboard_node-2] [INFO] [1785265194.532828319] [offboard_node]: 정밀착륙 AGL=43.5m 수평오차=0.04m 하강 state=LOCK age=0.08s t=12/60s
[telemetry_node-1] [INFO] [1785265195.935564171] [telemetry_node]: pos_ned=[302.00415039   5.90037441  42.32204437]  yaw=-0.125  armed=True  vtol=3  batt=15.30V/50%
[offboard_node-2] [INFO] [1785265196.538618893] [offboard_node]: 정밀착륙 AGL=41.9m 수평오차=0.12m 하강 state=LOCK age=0.06s t=14/60s
[telemetry_node-1] [INFO] [1785265197.935753318] [telemetry_node]: pos_ned=[302.06408691   6.13077116  40.731987  ]  yaw=-0.137  armed=True  vtol=3  batt=15.30V/50%
[offboard_node-2] [INFO] [1785265198.533085938] [offboard_node]: 정밀착륙 AGL=40.2m 수평오차=0.24m 하강 state=LOCK age=0.00s t=16/60s
[telemetry_node-1] [INFO] [1785265199.935833444] [telemetry_node]: pos_ned=[301.96887207   5.98831701  39.11884689]  yaw=-0.137  armed=True  vtol=3  batt=15.30V/50%
[offboard_node-2] [INFO] [1785265200.532496999] [offboard_node]: 정밀착륙 AGL=38.6m 수평오차=0.39m 하강 state=LOCK age=0.19s t=18/60s
[telemetry_node-1] [INFO] [1785265201.935738619] [telemetry_node]: pos_ned=[301.98095703   6.0199995   37.48458099]  yaw=-0.141  armed=True  vtol=3  batt=15.30V/50%
[offboard_node-2] [INFO] [1785265202.435886349] [offboard_node]: 정밀착륙 AGL=37.1m 수평오차=0.25m 하강 state=LOCK age=0.04s t=20/60s
[telemetry_node-1] [INFO] [1785265203.935877166] [telemetry_node]: pos_ned=[302.03775024   6.08191681  35.98758316]  yaw=-0.166  armed=True  vtol=3  batt=15.30V/50%
[offboard_node-2] [INFO] [1785265204.431990648] [offboard_node]: 정밀착륙 AGL=35.5m 수평오차=0.23m 하강 state=LOCK age=0.22s t=22/60s
[telemetry_node-1] [INFO] [1785265205.935502852] [telemetry_node]: pos_ned=[301.8894043    5.92499352  34.28497314]  yaw=-0.163  armed=True  vtol=3  batt=15.30V/50%
[offboard_node-2] [INFO] [1785265206.432081542] [offboard_node]: 정밀착륙 AGL=33.9m 수평오차=0.40m 하강 state=LOCK age=0.18s t=24/60s
[telemetry_node-1] [INFO] [1785265207.935586546] [telemetry_node]: pos_ned=[302.05307007   5.98787594  32.70218658]  yaw=-0.179  armed=True  vtol=3  batt=15.30V/50%
[offboard_node-2] [INFO] [1785265208.436488956] [offboard_node]: 정밀착륙 AGL=32.3m 수평오차=0.61m 하강 state=LOCK age=0.14s t=26/60s
[telemetry_node-1] [INFO] [1785265209.936362183] [telemetry_node]: pos_ned=[301.97625732   5.84042692  31.12741661]  yaw=-0.181  armed=True  vtol=3  batt=15.30V/50%
[offboard_node-2] [INFO] [1785265210.432302892] [offboard_node]: 정밀착륙 AGL=30.7m 수평오차=0.30m 하강 state=LOCK age=0.09s t=28/60s
[telemetry_node-1] [INFO] [1785265211.935644167] [telemetry_node]: pos_ned=[301.9085083    6.0093708   29.53210449]  yaw=-0.177  armed=True  vtol=3  batt=15.30V/50%
[offboard_node-2] [INFO] [1785265212.432097085] [offboard_node]: 정밀착륙 AGL=29.1m 수평오차=0.23m 하강 state=LOCK age=0.04s t=30/60s
[telemetry_node-1] [INFO] [1785265213.936032093] [telemetry_node]: pos_ned=[302.0803833    6.13458681  27.92414284]  yaw=-0.196  armed=True  vtol=3  batt=15.30V/50%
[offboard_node-2] [INFO] [1785265214.431840706] [offboard_node]: 정밀착륙 AGL=27.5m 수평오차=0.29m 하강 state=LOCK age=0.22s t=32/60s
[telemetry_node-1] [INFO] [1785265215.936494843] [telemetry_node]: pos_ned=[302.00650024   5.98305893  26.33563805]  yaw=-0.207  armed=True  vtol=3  batt=15.30V/50%
[offboard_node-2] [INFO] [1785265216.432760927] [offboard_node]: 정밀착륙 AGL=25.9m 수평오차=0.52m 하강 state=LOCK age=0.18s t=34/60s
[telemetry_node-1] [INFO] [1785265217.935141668] [telemetry_node]: pos_ned=[302.11361694   6.15376663  24.76603317]  yaw=-0.222  armed=True  vtol=3  batt=15.30V/50%
[offboard_node-2] [INFO] [1785265218.531346817] [offboard_node]: 정밀착륙 AGL=24.3m 수평오차=0.30m 하강 state=LOCK age=0.01s t=36/60s
[telemetry_node-1] [INFO] [1785265219.935838499] [telemetry_node]: pos_ned=[302.09555054   6.03212643  23.18323326]  yaw=-0.231  armed=True  vtol=3  batt=15.30V/50%
[offboard_node-2] [INFO] [1785265220.532556955] [offboard_node]: 정밀착륙 AGL=22.7m 수평오차=0.47m 하강 state=LOCK age=0.18s t=38/60s
[telemetry_node-1] [INFO] [1785265221.935715920] [telemetry_node]: pos_ned=[301.95367432   6.10570478  21.60177994]  yaw=-0.220  armed=True  vtol=3  batt=15.30V/50%
[offboard_node-2] [INFO] [1785265222.431851243] [offboard_node]: vision land 인계 힌트 (state=TERMINAL) → LANDING (AUTO.LAND)
[offboard_node-2] [INFO] [1785265222.533254888] [offboard_node]: AUTO.LAND 요청
[telemetry_node-1] [INFO] [1785265223.939423977] [telemetry_node]: pos_ned=[301.66412354   5.66397429  19.549366  ]  yaw=-0.178  armed=True  vtol=3  batt=15.30V/50%
[telemetry_node-1] [INFO] [1785265225.935347688] [telemetry_node]: pos_ned=[302.02426147   5.63076353  16.71028328]  yaw=-0.190  armed=True  vtol=3  batt=15.30V/50%
[telemetry_node-1] [INFO] [1785265228.426548663] [telemetry_node]: pos_ned=[302.12716675   5.68138218  15.85077   ]  yaw=-0.198  armed=True  vtol=3  batt=15.30V/50%
[telemetry_node-1] [INFO] [1785265229.936730480] [telemetry_node]: pos_ned=[301.9017334    5.64383507  13.83535576]  yaw=-0.205  armed=True  vtol=3  batt=15.30V/50%
[telemetry_node-1] [INFO] [1785265231.935843579] [telemetry_node]: pos_ned=[301.99612427   5.62849283  11.01088333]  yaw=-0.213  armed=True  vtol=3  batt=15.30V/50%
[telemetry_node-1] [INFO] [1785265233.936132948] [telemetry_node]: pos_ned=[302.0173645    5.65183067   8.18083668]  yaw=-0.212  armed=True  vtol=3  batt=15.30V/50%
[telemetry_node-1] [INFO] [1785265235.935895772] [telemetry_node]: pos_ned=[301.98922729   5.69590664   6.17356396]  yaw=-0.214  armed=True  vtol=3  batt=15.30V/50%
[telemetry_node-1] [INFO] [1785265237.935448514] [telemetry_node]: pos_ned=[302.09979248   5.67896032   4.65318727]  yaw=-0.214  armed=True  vtol=3  batt=15.30V/50%
[telemetry_node-1] [INFO] [1785265239.935930507] [telemetry_node]: pos_ned=[301.94921875   5.6484046    3.31234384]  yaw=-0.213  armed=True  vtol=3  batt=15.30V/50%
[telemetry_node-1] [INFO] [1785265241.935811222] [telemetry_node]: pos_ned=[302.00402832   5.63799286   1.98603475]  yaw=-0.214  armed=True  vtol=3  batt=15.30V/50%
[telemetry_node-1] [INFO] [1785265243.935623031] [telemetry_node]: pos_ned=[301.94345093   5.68034506   0.59236181]  yaw=-0.212  armed=True  vtol=3  batt=15.30V/50%
[telemetry_node-1] [INFO] [1785265245.934699147] [telemetry_node]: pos_ned=[3.01962891e+02 5.68867302e+00 1.39091372e-01]  yaw=-0.214  armed=True  vtol=3  batt=15.30V/50%
[telemetry_node-1] [INFO] [1785265247.935431035] [telemetry_node]: pos_ned=[3.01951996e+02 5.69945383e+00 1.31845623e-01]  yaw=-0.214  armed=True  vtol=3  batt=15.30V/50%
[offboard_node-2] [INFO] [1785265248.631698649] [offboard_node]: 착륙 완료 (disarmed) -> DONE
[telemetry_node-1] [INFO] [1785265249.935371560] [telemetry_node]: pos_ned=[3.01957214e+02 5.71585464e+00 5.24389967e-02]  yaw=-0.243  armed=False  vtol=3  batt=16.20V/78%
[telemetry_node-1] [INFO] [1785265251.935534833] [telemetry_node]: pos_ned=[3.01945465e+02 5.72317553e+00 1.02103427e-02]  yaw=-0.244  armed=False  vtol=3  batt=16.20V/97%
[telemetry_node-1] [INFO] [1785265253.934975490] [telemetry_node]: pos_ned=[3.01923492e+02 5.73904037e+00 1.70534775e-02]  yaw=-0.245  armed=False  vtol=3  batt=16.20V/100%
[WARNING] [launch]: user interrupted with ctrl-c (SIGINT)
[INFO] [offboard_node-2]: sending signal 'SIGINT' to process[offboard_node-2]
[INFO] [telemetry_node-1]: sending signal 'SIGINT' to process[telemetry_node-1]
[telemetry_node-1] Traceback (most recent call last):
[telemetry_node-1]   File "/root/ws_f2/install/fc_ros/lib/python3.10/site-packages/fc_ros/nodes/telemetry_node.py", line 109, in main
[telemetry_node-1]     rclpy.spin(node)
[telemetry_node-1]   File "/opt/ros/humble/local/lib/python3.10/dist-packages/rclpy/__init__.py", line 229, in spin
[offboard_node-2] Traceback (most recent call last):
[offboard_node-2]   File "/root/ws_f2/install/fc_ros/lib/python3.10/site-packages/fc_ros/nodes/offboard_node.py", line 2049, in main
[offboard_node-2]     rclpy.spin(node)
[offboard_node-2]   File "/opt/ros/humble/local/lib/python3.10/dist-packages/rclpy/__init__.py", line 229, in spin
[telemetry_node-1]     executor.spin_once()
[telemetry_node-1]   File "/opt/ros/humble/local/lib/python3.10/dist-packages/rclpy/executors.py", line 808, in spin_once
[offboard_node-2]     executor.spin_once()
[offboard_node-2]   File "/opt/ros/humble/local/lib/python3.10/dist-packages/rclpy/executors.py", line 808, in spin_once
[telemetry_node-1]     self._spin_once_impl(timeout_sec)
[telemetry_node-1]   File "/opt/ros/humble/local/lib/python3.10/dist-packages/rclpy/executors.py", line 797, in _spin_once_impl
[offboard_node-2]     self._spin_once_impl(timeout_sec)
[offboard_node-2]   File "/opt/ros/humble/local/lib/python3.10/dist-packages/rclpy/executors.py", line 797, in _spin_once_impl
[offboard_node-2]     handler, entity, node = self.wait_for_ready_callbacks(timeout_sec=timeout_sec)
[offboard_node-2]   File "/opt/ros/humble/local/lib/python3.10/dist-packages/rclpy/executors.py", line 780, in wait_for_ready_callbacks
[offboard_node-2]     return next(self._cb_iter)
[offboard_node-2]   File "/opt/ros/humble/local/lib/python3.10/dist-packages/rclpy/executors.py", line 677, in _wait_for_ready_callbacks
[offboard_node-2]     wait_set.wait(timeout_nsec)
[offboard_node-2] KeyboardInterrupt
[offboard_node-2] 
[offboard_node-2] During handling of the above exception, another exception occurred:
[offboard_node-2] 
[offboard_node-2] Traceback (most recent call last):
[offboard_node-2]   File "/root/ws_f2/install/fc_ros/lib/fc_ros/offboard_node", line 33, in <module>
[offboard_node-2]     sys.exit(load_entry_point('fc-ros==0.1.0', 'console_scripts', 'offboard_node')())
[offboard_node-2]   File "/root/ws_f2/install/fc_ros/lib/python3.10/site-packages/fc_ros/nodes/offboard_node.py", line 2051, in main
[telemetry_node-1]     handler, entity, node = self.wait_for_ready_callbacks(timeout_sec=timeout_sec)
[telemetry_node-1]   File "/opt/ros/humble/local/lib/python3.10/dist-packages/rclpy/executors.py", line 780, in wait_for_ready_callbacks
[telemetry_node-1]     return next(self._cb_iter)
[telemetry_node-1]   File "/opt/ros/humble/local/lib/python3.10/dist-packages/rclpy/executors.py", line 677, in _wait_for_ready_callbacks
[telemetry_node-1]     wait_set.wait(timeout_nsec)
[telemetry_node-1] KeyboardInterrupt
[telemetry_node-1] 
[telemetry_node-1] During handling of the above exception, another exception occurred:
[telemetry_node-1] 
[telemetry_node-1] Traceback (most recent call last):
[telemetry_node-1]   File "/root/ws_f2/install/fc_ros/lib/fc_ros/telemetry_node", line 33, in <module>
[telemetry_node-1]     sys.exit(load_entry_point('fc-ros==0.1.0', 'console_scripts', 'telemetry_node')())
[telemetry_node-1]   File "/root/ws_f2/install/fc_ros/lib/python3.10/site-packages/fc_ros/nodes/telemetry_node.py", line 111, in main
[telemetry_node-1]     node.destroy_node()
[telemetry_node-1]   File "/opt/ros/humble/local/lib/python3.10/dist-packages/rclpy/node.py", line 1687, in destroy_node
[offboard_node-2]     node.destroy_node()
[offboard_node-2]   File "/opt/ros/humble/local/lib/python3.10/dist-packages/rclpy/node.py", line 1687, in destroy_node
[telemetry_node-1]     self.destroy_subscription(self._subscriptions[0])
[telemetry_node-1]   File "/opt/ros/humble/local/lib/python3.10/dist-packages/rclpy/node.py", line 1583, in destroy_subscription
[offboard_node-2]     self.destroy_subscription(self._subscriptions[0])
[offboard_node-2]   File "/opt/ros/humble/local/lib/python3.10/dist-packages/rclpy/node.py", line 1583, in destroy_subscription
[telemetry_node-1]     subscription.destroy()
[telemetry_node-1]   File "/opt/ros/humble/local/lib/python3.10/dist-packages/rclpy/subscription.py", line 80, in destroy
[offboard_node-2]     subscription.destroy()
[offboard_node-2]   File "/opt/ros/humble/local/lib/python3.10/dist-packages/rclpy/subscription.py", line 80, in destroy
[telemetry_node-1]     self.handle.destroy_when_not_in_use()
[telemetry_node-1] KeyboardInterrupt
[offboard_node-2]     self.handle.destroy_when_not_in_use()
[offboard_node-2] KeyboardInterrupt
[ERROR] [telemetry_node-1]: process has died [pid 1376, exit code -2, cmd '/root/ws_f2/install/fc_ros/lib/fc_ros/telemetry_node --ros-args -r __node:=telemetry_node'].
[ERROR] [offboard_node-2]: process has died [pid 1378, exit code -2, cmd '/root/ws_f2/install/fc_ros/lib/fc_ros/offboard_node --ros-args -r __node:=offboard_node --params-file /root/ws_f2/install/fc_ros/share/fc_ros/params/fc_ros_params.yaml --params-file /tmp/launch_params_096os2jk'].
