[INFO] [launch]: All log files can be found below /root/.ros/log/2026-07-29-13-02-09-428064-DESKTOP-Kilogram-24387
[INFO] [launch]: Default logging verbosity is set to INFO
[INFO] [telemetry_node-1]: process started with pid [24409]
[INFO] [offboard_node-2]: process started with pid [24411]
[offboard_node-2] [INFO] [1785297730.041492619] [offboard_node]: 경로 계획 시작 — planner=eta3 WP 4개 v_cruise=18.0 → 예상 약 180s 블로킹. 이 동안 노드는 응답하지 않는다 — 죽은 것이 아니니 재기동 금지 (재기동하면 중복 인스턴스가 된다).
[offboard_node-2] [Eta3ClothoidPlannerV3] WARNING: NR pos residual 9.450m is large. affine correction guarantees WP passage but curve may be deformed.
[offboard_node-2] [INFO] [1785297730.070384570] [offboard_node]: 경로 계획 완료 — 소요 0.0s (예상 180s), 경로점 515개, 전장 513.2m
[offboard_node-2] [INFO] [1785297730.196679913] [offboard_node]: ARM 요청
[offboard_node-2] [INFO] [1785297731.396302788] [offboard_node]: 경로 원점 = 이륙지점 [N=-0.02, E=-0.03, h_up=-0.02] 적용 (frame=takeoff) → WP0=[-0.02,-0.03] 순항고도 h_up=49.98
[offboard_node-2] [INFO] [1785297731.397142385] [offboard_node]: 거리 상한 감시 활성 800m (이륙지점 기준 수평, 경로 최원점 492m)
[offboard_node-2] [INFO] [1785297731.397790950] [offboard_node]: CommandTOL 이륙 요청 alt=50.2m AMSL (지면 0.2+50.0) -> CLIMBING
[telemetry_node-1] [INFO] [1785297732.000965930] [telemetry_node]: pos_ned=[-0.01790581 -0.03097901 -0.01954497]  yaw=1.589  armed=False  vtol=3  batt=0.00V/100%
[telemetry_node-1] [INFO] [1785297733.971481357] [telemetry_node]: pos_ned=[-0.01388078 -0.03372623 -0.00404099]  yaw=1.588  armed=True  vtol=3  batt=16.13V/98%
[telemetry_node-1] [INFO] [1785297735.971259462] [telemetry_node]: pos_ned=[-0.03644425  0.01645371  0.47465575]  yaw=1.587  armed=True  vtol=3  batt=16.07V/94%
[telemetry_node-1] [INFO] [1785297737.971541449] [telemetry_node]: pos_ned=[-0.07600364  0.00762123  2.83184767]  yaw=1.577  armed=True  vtol=3  batt=16.01V/91%
[telemetry_node-1] [INFO] [1785297739.971631986] [telemetry_node]: pos_ned=[-4.63930070e-02 -4.42973629e-04  5.51929760e+00]  yaw=1.569  armed=True  vtol=3  batt=15.95V/88%
[telemetry_node-1] [INFO] [1785297741.971560619] [telemetry_node]: pos_ned=[-0.07336027 -0.03925006  8.34920597]  yaw=1.576  armed=True  vtol=3  batt=15.89V/84%
[telemetry_node-1] [INFO] [1785297743.971453529] [telemetry_node]: pos_ned=[-0.02159948 -0.02490469 11.72770882]  yaw=1.575  armed=True  vtol=3  batt=15.83V/81%
[telemetry_node-1] [INFO] [1785297745.971125300] [telemetry_node]: pos_ned=[-1.43720703e-02 -5.03077963e-03  1.74520931e+01]  yaw=1.572  armed=True  vtol=3  batt=15.77V/78%
[telemetry_node-1] [INFO] [1785297747.971621780] [telemetry_node]: pos_ned=[-2.01304387e-02 -1.11515133e-03  2.32811966e+01]  yaw=1.572  armed=True  vtol=3  batt=15.71V/74%
[telemetry_node-1] [INFO] [1785297749.971153089] [telemetry_node]: pos_ned=[-1.95278823e-02 -3.98877077e-02  2.92172012e+01]  yaw=1.576  armed=True  vtol=3  batt=15.65V/71%
[telemetry_node-1] [INFO] [1785297751.971310681] [telemetry_node]: pos_ned=[-1.75974350e-02  2.02030363e-03  3.50700340e+01]  yaw=1.579  armed=True  vtol=3  batt=15.59V/68%
[telemetry_node-1] [INFO] [1785297753.971689994] [telemetry_node]: pos_ned=[-1.10359732e-02  1.17828585e-02  4.09882355e+01]  yaw=1.580  armed=True  vtol=3  batt=15.53V/64%
[telemetry_node-1] [INFO] [1785297755.971161866] [telemetry_node]: pos_ned=[-1.32758671e-03 -5.39788278e-03  4.61639099e+01]  yaw=1.581  armed=True  vtol=3  batt=15.47V/61%
[telemetry_node-1] [INFO] [1785297758.377517397] [telemetry_node]: pos_ned=[-1.53891658e-02 -3.53195588e-03  4.73359947e+01]  yaw=1.580  armed=True  vtol=3  batt=15.47V/61%
[telemetry_node-1] [INFO] [1785297759.971675595] [telemetry_node]: pos_ned=[-2.35659629e-02 -2.84451675e-02  4.88187714e+01]  yaw=1.583  armed=True  vtol=3  batt=15.41V/58%
[offboard_node-2] [INFO] [1785297761.595991375] [offboard_node]: 운용 고도 50.0m 도달 → transition_fw
[telemetry_node-1] [INFO] [1785297761.970906532] [telemetry_node]: pos_ned=[-2.56057177e-02 -6.36414811e-02  4.96053276e+01]  yaw=1.584  armed=True  vtol=3  batt=15.35V/54%
[offboard_node-2] [INFO] [1785297763.596960915] [offboard_node]: 천이 전 MC OFFBOARD 요청 (헤딩 정렬 대기)
[offboard_node-2] [WARN] [1785297763.697021067] [offboard_node]: 정렬 구간 OFFBOARD 이탈 → 재요청 (mode=AUTO.LOITER)
[telemetry_node-1] [INFO] [1785297763.970970306] [telemetry_node]: pos_ned=[-4.44988124e-02 -5.66848963e-02  4.98893013e+01]  yaw=1.587  armed=True  vtol=3  batt=15.30V/51%
[telemetry_node-1] [INFO] [1785297765.971368474] [telemetry_node]: pos_ned=[-5.77745736e-02 -3.17081064e-02  4.99667778e+01]  yaw=0.890  armed=True  vtol=3  batt=15.30V/50%
[telemetry_node-1] [INFO] [1785297767.971274919] [telemetry_node]: pos_ned=[-2.69823838e-02 -3.15913521e-02  4.99989586e+01]  yaw=0.412  armed=True  vtol=3  batt=15.30V/50%
[telemetry_node-1] [INFO] [1785297769.971226738] [telemetry_node]: pos_ned=[-0.07033683 -0.08708531 49.99929428]  yaw=0.191  armed=True  vtol=3  batt=15.30V/50%
[offboard_node-2] [INFO] [1785297771.795983598] [offboard_node]: 헤딩 정렬 완료 target=-3.6° current=8.8° err=-12.3° (20틱 안정) → 전진 + 천이 명령
[offboard_node-2] [INFO] [1785297771.796456688] [offboard_node]: FW 고도 램프 시작 50.0 → 50.0m (계단 -0.0m, 3.0m/s, 0.0s 소요)
[offboard_node-2] [INFO] [1785297771.797440235] [offboard_node]: MC→FW 천이 명령 요청 (위치 setpoint 직선 천이)
[telemetry_node-1] [INFO] [1785297771.971037482] [telemetry_node]: pos_ned=[-0.08072387 -0.11017621 50.01476288]  yaw=0.150  armed=True  vtol=1  batt=15.30V/50%
[telemetry_node-1] [INFO] [1785297773.971259890] [telemetry_node]: pos_ned=[ 4.41648054  0.54175818 50.07262421]  yaw=0.128  armed=True  vtol=1  batt=15.30V/50%
[offboard_node-2] [INFO] [1785297774.495692092] [offboard_node]: FW 전환 완료 -> STREAMING
[offboard_node-2] [INFO] [1785297774.597499720] [offboard_node]: OFFBOARD 확인 → FOLLOWING
[offboard_node-2] [INFO] [1785297774.699419459] [offboard_node]: FOLLOWING 시작 pos=[13.7,1.8] tgt=[83.5,-3.7] cte=2.6m mode=OFFBOARD seg=13/514
[telemetry_node-1] [INFO] [1785297775.971720260] [telemetry_node]: pos_ned=[36.60163879  5.13701916 51.00210571]  yaw=0.074  armed=True  vtol=4  batt=15.30V/50%
[offboard_node-2] [INFO] [1785297776.597746250] [offboard_node]: FOLLOWING tick=20 mode=OFFBOARD cte=7.2m pos=[46.8,4.6] tgt=[116.4,-2.9] seg=46/514
[telemetry_node-1] [INFO] [1785297777.971000340] [telemetry_node]: pos_ned=[68.34007263  2.83286333 49.1987114 ]  yaw=-0.006  armed=True  vtol=4  batt=15.30V/50%
[offboard_node-2] [INFO] [1785297778.598963499] [offboard_node]: FOLLOWING tick=40 mode=OFFBOARD cte=6.5m pos=[78.6,2.9] tgt=[148.4,-0.2] seg=78/514
[telemetry_node-1] [INFO] [1785297779.971250197] [telemetry_node]: pos_ned=[100.34086609   2.03427744  48.93278503]  yaw=-0.073  armed=True  vtol=4  batt=15.30V/50%
[offboard_node-2] [INFO] [1785297780.599889537] [offboard_node]: FOLLOWING tick=60 mode=OFFBOARD cte=5.1m pos=[110.0,1.9] tgt=[178.2,10.3] seg=109/514
[telemetry_node-1] [INFO] [1785297781.970996935] [telemetry_node]: pos_ned=[130.69752502   3.81231403  48.77235413]  yaw=-0.009  armed=True  vtol=4  batt=15.30V/50%
[offboard_node-2] [INFO] [1785297782.600997047] [offboard_node]: FOLLOWING tick=80 mode=OFFBOARD cte=6.3m pos=[139.6,5.1] tgt=[205.7,22.5] seg=140/514
[telemetry_node-1] [INFO] [1785297783.971764469] [telemetry_node]: pos_ned=[159.82780457   9.50854778  49.24095917]  yaw=0.171  armed=True  vtol=4  batt=15.30V/50%
[offboard_node-2] [INFO] [1785297784.599742677] [offboard_node]: FOLLOWING tick=100 mode=OFFBOARD cte=5.2m pos=[168.2,11.9] tgt=[233.3,36.9] seg=171/514
[telemetry_node-1] [INFO] [1785297785.971186675] [telemetry_node]: pos_ned=[187.05708313  18.42215729  49.51116943]  yaw=0.381  armed=True  vtol=4  batt=15.30V/50%
[offboard_node-2] [INFO] [1785297786.598491614] [offboard_node]: FOLLOWING tick=120 mode=OFFBOARD cte=3.8m pos=[194.9,21.6] tgt=[257.9,51.5] seg=200/514
[telemetry_node-1] [INFO] [1785297787.971197827] [telemetry_node]: pos_ned=[212.61709595  29.5431366   49.76947403]  yaw=0.504  armed=True  vtol=4  batt=15.30V/50%
[offboard_node-2] [INFO] [1785297788.598081080] [offboard_node]: FOLLOWING tick=140 mode=OFFBOARD cte=3.1m pos=[220.0,33.2] tgt=[281.3,66.8] seg=228/514
[telemetry_node-1] [INFO] [1785297789.971245814] [telemetry_node]: pos_ned=[236.95602417  42.17801666  49.89424896]  yaw=0.517  armed=True  vtol=4  batt=15.30V/50%
[offboard_node-2] [INFO] [1785297790.599944226] [offboard_node]: FOLLOWING tick=160 mode=OFFBOARD cte=2.7m pos=[244.0,46.2] tgt=[303.7,82.6] seg=255/514
[telemetry_node-1] [INFO] [1785297792.229033959] [telemetry_node]: pos_ned=[244.41525269  46.41394043  49.91734314]  yaw=0.511  armed=True  vtol=4  batt=15.30V/50%
[telemetry_node-1] [INFO] [1785297793.971236587] [telemetry_node]: pos_ned=[264.92486572  58.73954773  49.96006393]  yaw=0.505  armed=True  vtol=4  batt=15.30V/50%
[offboard_node-2] [INFO] [1785297794.100832538] [offboard_node]: FOLLOWING tick=180 mode=OFFBOARD cte=2.3m pos=[266.1,59.5] tgt=[324.8,97.6] seg=281/514
[telemetry_node-1] [INFO] [1785297795.971097869] [telemetry_node]: pos_ned=[287.56152344  73.32718658  49.99995041]  yaw=0.552  armed=True  vtol=4  batt=15.30V/50%
[offboard_node-2] [INFO] [1785297796.098257502] [offboard_node]: FOLLOWING tick=200 mode=OFFBOARD cte=1.8m pos=[288.7,74.1] tgt=[346.3,113.8] seg=308/514
[telemetry_node-1] [INFO] [1785297797.971043726] [telemetry_node]: pos_ned=[309.72045898  88.58486938  50.0483284 ]  yaw=0.627  armed=True  vtol=4  batt=15.30V/50%
[offboard_node-2] [INFO] [1785297798.098490355] [offboard_node]: FOLLOWING tick=220 mode=OFFBOARD cte=1.5m pos=[311.2,89.6] tgt=[367.8,130.8] seg=335/514
[telemetry_node-1] [INFO] [1785297799.971294626] [telemetry_node]: pos_ned=[331.49499512 104.4377594   50.10371399]  yaw=0.671  armed=True  vtol=4  batt=15.30V/50%
[offboard_node-2] [INFO] [1785297800.099146251] [offboard_node]: FOLLOWING tick=240 mode=OFFBOARD cte=1.5m pos=[332.5,105.2] tgt=[388.3,147.5] seg=362/514
[telemetry_node-1] [INFO] [1785297801.970883262] [telemetry_node]: pos_ned=[352.921875   120.71775055  50.1212883 ]  yaw=0.665  armed=True  vtol=4  batt=15.30V/50%
[offboard_node-2] [INFO] [1785297802.098431652] [offboard_node]: FOLLOWING tick=260 mode=OFFBOARD cte=1.4m pos=[353.9,121.5] tgt=[408.9,164.8] seg=389/514
[telemetry_node-1] [INFO] [1785297803.970990664] [telemetry_node]: pos_ned=[374.18161011 137.41627502  50.16174698]  yaw=0.648  armed=True  vtol=4  batt=15.30V/50%
[offboard_node-2] [INFO] [1785297804.098022483] [offboard_node]: FOLLOWING tick=280 mode=OFFBOARD cte=1.2m pos=[375.2,138.2] tgt=[429.5,182.4] seg=416/514
[telemetry_node-1] [INFO] [1785297805.971313615] [telemetry_node]: pos_ned=[394.88226318 154.27120972  50.11779022]  yaw=0.657  armed=True  vtol=4  batt=15.30V/50%
[offboard_node-2] [INFO] [1785297806.099490237] [offboard_node]: FOLLOWING tick=300 mode=OFFBOARD cte=1.0m pos=[396.2,155.4] tgt=[450.0,200.0] seg=443/514
[telemetry_node-1] [INFO] [1785297807.971752368] [telemetry_node]: pos_ned=[415.7144165  171.64196777  50.14212036]  yaw=0.689  armed=True  vtol=4  batt=15.30V/50%
[offboard_node-2] [INFO] [1785297808.098357568] [offboard_node]: FOLLOWING tick=320 mode=OFFBOARD cte=0.8m pos=[417.1,172.8] tgt=[450.0,200.0] seg=471/514
[telemetry_node-1] [INFO] [1785297809.971317071] [telemetry_node]: pos_ned=[436.7147522  189.22569275  50.15518951]  yaw=0.706  armed=True  vtol=4  batt=15.30V/50%
[offboard_node-2] [INFO] [1785297810.098013823] [offboard_node]: FOLLOWING tick=340 mode=OFFBOARD cte=0.5m pos=[438.1,190.4] tgt=[450.0,200.0] seg=498/514
[offboard_node-2] [INFO] [1785297810.496622324] [offboard_node]: 경로 추종 완료 -> transition_mc
[offboard_node-2] [INFO] [1785297810.596523779] [offboard_node]: FW->MC 역천이 명령 요청
[telemetry_node-1] [INFO] [1785297811.971985732] [telemetry_node]: pos_ned=[457.02172852 205.9901886   49.91511154]  yaw=0.684  armed=True  vtol=2  batt=15.30V/50%
[telemetry_node-1] [INFO] [1785297813.971242077] [telemetry_node]: pos_ned=[471.84857178 218.12400818  51.01008224]  yaw=0.672  armed=True  vtol=2  batt=15.30V/50%
[offboard_node-2] [INFO] [1785297815.696660586] [offboard_node]: MC 전환 완료 -> HOLD (WP1 복귀)
[telemetry_node-1] [INFO] [1785297815.971744262] [telemetry_node]: pos_ned=[481.27639771 225.9894104   51.06131744]  yaw=0.656  armed=True  vtol=3  batt=15.30V/50%
[offboard_node-2] [INFO] [1785297817.696338974] [offboard_node]: WP1 홀드 dist=38.0m speed=7.9m/s stable=0/10
[telemetry_node-1] [INFO] [1785297817.971654031] [telemetry_node]: pos_ned=[477.63049316 222.88842773  50.69667053]  yaw=0.658  armed=True  vtol=3  batt=15.30V/50%
[offboard_node-2] [INFO] [1785297819.700081856] [offboard_node]: WP1 홀드 dist=27.4m speed=4.9m/s stable=0/10
[telemetry_node-1] [INFO] [1785297819.971471399] [telemetry_node]: pos_ned=[469.98843384 216.61499023  50.52924347]  yaw=0.656  armed=True  vtol=3  batt=15.30V/50%
[offboard_node-2] [INFO] [1785297821.696214835] [offboard_node]: WP1 홀드 dist=16.6m speed=4.7m/s stable=0/10
[telemetry_node-1] [INFO] [1785297821.971007167] [telemetry_node]: pos_ned=[461.77154541 209.81562805  50.26441956]  yaw=0.657  armed=True  vtol=3  batt=15.30V/50%
[offboard_node-2] [INFO] [1785297823.696234559] [offboard_node]: WP1 홀드 dist=6.3m speed=4.7m/s stable=0/10
[telemetry_node-1] [INFO] [1785297823.971720573] [telemetry_node]: pos_ned=[453.82843018 203.22648621  50.02955246]  yaw=0.660  armed=True  vtol=3  batt=15.30V/50%
[telemetry_node-1] [INFO] [1785297826.088930634] [telemetry_node]: pos_ned=[452.21548462 201.8973999   50.0520668 ]  yaw=0.659  armed=True  vtol=3  batt=15.30V/50%
[offboard_node-2] [INFO] [1785297827.196440879] [offboard_node]: WP1 홀드 dist=0.8m speed=0.6m/s stable=4/10
[offboard_node-2] [INFO] [1785297827.695903832] [offboard_node]: WP1 도달·안정 (dist=0.6m speed=0.1m/s) → LANDING
[offboard_node-2] [INFO] [1785297827.796078728] [offboard_node]: AUTO.LAND 요청
[telemetry_node-1] [INFO] [1785297827.971003417] [telemetry_node]: pos_ned=[450.41253662 200.38853455  49.97032547]  yaw=0.655  armed=True  vtol=3  batt=15.30V/50%
[telemetry_node-1] [INFO] [1785297829.971161553] [telemetry_node]: pos_ned=[450.55957031 200.43138123  47.59721756]  yaw=0.655  armed=True  vtol=3  batt=15.30V/50%
[telemetry_node-1] [INFO] [1785297831.971154663] [telemetry_node]: pos_ned=[450.42559814 200.31336975  44.68080139]  yaw=0.654  armed=True  vtol=3  batt=15.30V/50%
[telemetry_node-1] [INFO] [1785297833.971096683] [telemetry_node]: pos_ned=[450.58856201 200.43621826  41.64653397]  yaw=0.653  armed=True  vtol=3  batt=15.30V/50%
[telemetry_node-1] [INFO] [1785297835.970880953] [telemetry_node]: pos_ned=[450.46929932 200.35150146  38.63349915]  yaw=0.651  armed=True  vtol=3  batt=15.30V/50%
[telemetry_node-1] [INFO] [1785297837.970944300] [telemetry_node]: pos_ned=[450.519104   200.39874268  35.58415985]  yaw=0.650  armed=True  vtol=3  batt=15.30V/50%
[telemetry_node-1] [INFO] [1785297839.970942173] [telemetry_node]: pos_ned=[450.47872925 200.38192749  32.60655212]  yaw=0.647  armed=True  vtol=3  batt=15.30V/50%
[telemetry_node-1] [INFO] [1785297841.971184391] [telemetry_node]: pos_ned=[450.47930908 200.3769989   29.59759903]  yaw=0.645  armed=True  vtol=3  batt=15.30V/50%
[telemetry_node-1] [INFO] [1785297843.970983408] [telemetry_node]: pos_ned=[450.53747559 200.44546509  26.63097382]  yaw=0.642  armed=True  vtol=3  batt=15.30V/50%
[telemetry_node-1] [INFO] [1785297845.971084369] [telemetry_node]: pos_ned=[450.49160767 200.38845825  23.63603401]  yaw=0.641  armed=True  vtol=3  batt=15.30V/50%
[telemetry_node-1] [INFO] [1785297847.971382658] [telemetry_node]: pos_ned=[450.47546387 200.36140442  20.61337852]  yaw=0.639  armed=True  vtol=3  batt=15.30V/50%
[telemetry_node-1] [INFO] [1785297849.971339850] [telemetry_node]: pos_ned=[450.52206421 200.39173889  17.69395256]  yaw=0.636  armed=True  vtol=3  batt=15.30V/50%
[telemetry_node-1] [INFO] [1785297851.972029482] [telemetry_node]: pos_ned=[450.4692688  200.3853302   14.76232338]  yaw=0.635  armed=True  vtol=3  batt=15.30V/50%
[telemetry_node-1] [INFO] [1785297853.971190256] [telemetry_node]: pos_ned=[450.49954224 200.40139771  11.80602551]  yaw=0.634  armed=True  vtol=3  batt=15.30V/50%
[telemetry_node-1] [INFO] [1785297855.971847201] [telemetry_node]: pos_ned=[450.47201538 200.37385559   8.90745735]  yaw=0.630  armed=True  vtol=3  batt=15.30V/50%
[telemetry_node-1] [INFO] [1785297857.971332657] [telemetry_node]: pos_ned=[450.46011353 200.38082886   6.64229155]  yaw=0.630  armed=True  vtol=3  batt=15.30V/50%
[telemetry_node-1] [INFO] [1785297859.971435621] [telemetry_node]: pos_ned=[450.44781494 200.38046265   6.24982977]  yaw=0.630  armed=True  vtol=3  batt=15.30V/50%
[telemetry_node-1] [INFO] [1785297861.971496094] [telemetry_node]: pos_ned=[450.50137329 200.4021759    4.71587706]  yaw=0.629  armed=True  vtol=3  batt=15.30V/50%
[telemetry_node-1] [INFO] [1785297863.971367496] [telemetry_node]: pos_ned=[450.51296997 200.41400146   3.36163425]  yaw=0.628  armed=True  vtol=3  batt=15.30V/50%
[telemetry_node-1] [INFO] [1785297865.971333816] [telemetry_node]: pos_ned=[450.4800415  200.38998413   2.03303218]  yaw=0.628  armed=True  vtol=3  batt=15.30V/50%
[telemetry_node-1] [INFO] [1785297867.971245967] [telemetry_node]: pos_ned=[450.46722412 200.36300659   0.71497595]  yaw=0.628  armed=True  vtol=3  batt=15.30V/50%
[telemetry_node-1] [INFO] [1785297869.971149206] [telemetry_node]: pos_ned=[ 4.50529785e+02  2.00426804e+02 -1.68143734e-01]  yaw=0.628  armed=True  vtol=3  batt=15.30V/50%
[telemetry_node-1] [INFO] [1785297871.971562165] [telemetry_node]: pos_ned=[ 4.50530670e+02  2.00396957e+02 -9.81846303e-02]  yaw=0.627  armed=True  vtol=3  batt=15.30V/50%
[offboard_node-2] [INFO] [1785297872.996033691] [offboard_node]: 착륙 완료 (disarmed) -> DONE
[telemetry_node-1] [INFO] [1785297873.971506486] [telemetry_node]: pos_ned=[ 4.50559906e+02  2.00415482e+02 -1.35902584e-01]  yaw=0.627  armed=False  vtol=3  batt=16.20V/88%
[telemetry_node-1] [INFO] [1785297875.971642246] [telemetry_node]: pos_ned=[ 4.50566223e+02  2.00429245e+02 -1.17698260e-01]  yaw=0.627  armed=False  vtol=3  batt=16.20V/98%
[telemetry_node-1] [INFO] [1785297877.970772684] [telemetry_node]: pos_ned=[ 4.50567383e+02  2.00397629e+02 -9.14003551e-02]  yaw=0.627  armed=False  vtol=3  batt=16.20V/100%
[WARNING] [launch]: user interrupted with ctrl-c (SIGINT)
[INFO] [offboard_node-2]: sending signal 'SIGINT' to process[offboard_node-2]
[INFO] [telemetry_node-1]: sending signal 'SIGINT' to process[telemetry_node-1]
[offboard_node-2] Traceback (most recent call last):
[offboard_node-2]   File "/root/ws_f5/install/fc_ros/lib/python3.10/site-packages/fc_ros/nodes/offboard_node.py", line 2320, in main
[telemetry_node-1] Traceback (most recent call last):
[telemetry_node-1]   File "/root/ws_f5/install/fc_ros/lib/python3.10/site-packages/fc_ros/nodes/telemetry_node.py", line 109, in main
[telemetry_node-1]     rclpy.spin(node)
[telemetry_node-1]   File "/opt/ros/humble/local/lib/python3.10/dist-packages/rclpy/__init__.py", line 229, in spin
[telemetry_node-1]     executor.spin_once()
[telemetry_node-1]   File "/opt/ros/humble/local/lib/python3.10/dist-packages/rclpy/executors.py", line 808, in spin_once
[telemetry_node-1]     self._spin_once_impl(timeout_sec)
[telemetry_node-1]   File "/opt/ros/humble/local/lib/python3.10/dist-packages/rclpy/executors.py", line 803, in _spin_once_impl
[offboard_node-2]     rclpy.spin(node)
[offboard_node-2]   File "/opt/ros/humble/local/lib/python3.10/dist-packages/rclpy/__init__.py", line 229, in spin
[telemetry_node-1]     handler()
[telemetry_node-1]   File "/opt/ros/humble/local/lib/python3.10/dist-packages/rclpy/task.py", line 256, in __call__
[telemetry_node-1]     self._execute_coroutine_step(self._handler)
[telemetry_node-1]   File "/opt/ros/humble/local/lib/python3.10/dist-packages/rclpy/task.py", line 272, in _execute_coroutine_step
[telemetry_node-1]     result = coro.send(None)
[telemetry_node-1]   File "/opt/ros/humble/local/lib/python3.10/dist-packages/rclpy/executors.py", line 488, in handler
[offboard_node-2]     executor.spin_once()
[offboard_node-2]   File "/opt/ros/humble/local/lib/python3.10/dist-packages/rclpy/executors.py", line 808, in spin_once
[offboard_node-2]     self._spin_once_impl(timeout_sec)
[offboard_node-2]   File "/opt/ros/humble/local/lib/python3.10/dist-packages/rclpy/executors.py", line 805, in _spin_once_impl
[telemetry_node-1]     await call_coroutine(entity, arg)
[telemetry_node-1]   File "/opt/ros/humble/local/lib/python3.10/dist-packages/rclpy/executors.py", line 407, in _execute_subscription
[telemetry_node-1]     await await_or_execute(sub.callback, msg)
[telemetry_node-1]   File "/opt/ros/humble/local/lib/python3.10/dist-packages/rclpy/executors.py", line 110, in await_or_execute
[telemetry_node-1]     return callback(*args)
[telemetry_node-1]   File "/root/ws_f5/install/fc_ros/lib/python3.10/site-packages/fc_ros/nodes/telemetry_node.py", line 78, in _cb_pose
[telemetry_node-1]     update_from_pose(self._state, msg)
[telemetry_node-1]   File "/root/ws_f5/install/fc_ros/lib/python3.10/site-packages/fc_ros/adapters/vehicle_state_bridge.py", line 31, in update_from_pose
[offboard_node-2]     raise handler.exception()
[offboard_node-2]   File "/opt/ros/humble/local/lib/python3.10/dist-packages/rclpy/task.py", line 272, in _execute_coroutine_step
[offboard_node-2]     result = coro.send(None)
[offboard_node-2]   File "/opt/ros/humble/local/lib/python3.10/dist-packages/rclpy/executors.py", line 478, in handler
[offboard_node-2]     arg = take_from_wait_list(entity)
[offboard_node-2]   File "/opt/ros/humble/local/lib/python3.10/dist-packages/rclpy/executors.py", line 400, in _take_subscription
[offboard_node-2]     msg_info = sub.handle.take_message(sub.msg_type, sub.raw)
[offboard_node-2] RuntimeError: Unable to convert call argument to Python object (compile in debug mode for details)
[offboard_node-2] 
[offboard_node-2] During handling of the above exception, another exception occurred:
[offboard_node-2] 
[offboard_node-2] Traceback (most recent call last):
[offboard_node-2]   File "/root/ws_f5/install/fc_ros/lib/fc_ros/offboard_node", line 33, in <module>
[offboard_node-2]     sys.exit(load_entry_point('fc-ros==0.1.0', 'console_scripts', 'offboard_node')())
[offboard_node-2]   File "/root/ws_f5/install/fc_ros/lib/python3.10/site-packages/fc_ros/nodes/offboard_node.py", line 2322, in main
[telemetry_node-1]     state.pos_ned = np.array([p.y, p.x, p.z])
[telemetry_node-1] KeyboardInterrupt
[telemetry_node-1] 
[telemetry_node-1] During handling of the above exception, another exception occurred:
[telemetry_node-1] 
[telemetry_node-1] Traceback (most recent call last):
[telemetry_node-1]   File "/root/ws_f5/install/fc_ros/lib/fc_ros/telemetry_node", line 33, in <module>
[telemetry_node-1]     sys.exit(load_entry_point('fc-ros==0.1.0', 'console_scripts', 'telemetry_node')())
[telemetry_node-1]   File "/root/ws_f5/install/fc_ros/lib/python3.10/site-packages/fc_ros/nodes/telemetry_node.py", line 111, in main
[telemetry_node-1]     node.destroy_node()
[telemetry_node-1]   File "/opt/ros/humble/local/lib/python3.10/dist-packages/rclpy/node.py", line 1691, in destroy_node
[telemetry_node-1]     self.destroy_service(self._services[0])
[telemetry_node-1]   File "/opt/ros/humble/local/lib/python3.10/dist-packages/rclpy/node.py", line 1618, in destroy_service
[telemetry_node-1]     self._wake_executor()
[telemetry_node-1]   File "/opt/ros/humble/local/lib/python3.10/dist-packages/rclpy/node.py", line 289, in _wake_executor
[telemetry_node-1]     executor.wake()
[telemetry_node-1]   File "/opt/ros/humble/local/lib/python3.10/dist-packages/rclpy/executors.py", line 313, in wake
[telemetry_node-1]     self._guard.trigger()
[telemetry_node-1]   File "/opt/ros/humble/local/lib/python3.10/dist-packages/rclpy/guard_condition.py", line 34, in trigger
[offboard_node-2]     node.destroy_node()
[offboard_node-2]   File "/opt/ros/humble/local/lib/python3.10/dist-packages/rclpy/node.py", line 1689, in destroy_node
[offboard_node-2]     self.destroy_client(self._clients[0])
[offboard_node-2]   File "/opt/ros/humble/local/lib/python3.10/dist-packages/rclpy/node.py", line 1599, in destroy_client
[offboard_node-2]     client.destroy()
[offboard_node-2]   File "/opt/ros/humble/local/lib/python3.10/dist-packages/rclpy/client.py", line 187, in destroy
[offboard_node-2]     self.__client.destroy_when_not_in_use()
[offboard_node-2] KeyboardInterrupt
[telemetry_node-1]     self.__gc.trigger_guard_condition()
[telemetry_node-1] KeyboardInterrupt
[ERROR] [offboard_node-2]: process has died [pid 24411, exit code -2, cmd '/root/ws_f5/install/fc_ros/lib/fc_ros/offboard_node --ros-args -r __node:=offboard_node --params-file /root/ws_f5/install/fc_ros/share/fc_ros/params/fc_ros_params.yaml --params-file /tmp/launch_params_e0q2oebw'].
[ERROR] [telemetry_node-1]: process has died [pid 24409, exit code -2, cmd '/root/ws_f5/install/fc_ros/lib/fc_ros/telemetry_node --ros-args -r __node:=telemetry_node'].
