[INFO] [launch]: All log files can be found below /root/.ros/log/2026-07-29-03-33-02-722906-DESKTOP-Kilogram-1434
[INFO] [launch]: Default logging verbosity is set to INFO
[INFO] [telemetry_node-1]: process started with pid [1472]
[INFO] [offboard_node-2]: process started with pid [1474]
[offboard_node-2] [INFO] [1785263583.310064231] [offboard_node]: 경로 계획 시작 — planner=eta3 WP 2개 v_cruise=18.0 → 예상 약 0s 블로킹. 이 동안 노드는 응답하지 않는다 — 죽은 것이 아니니 재기동 금지 (재기동하면 중복 인스턴스가 된다).
[offboard_node-2] [INFO] [1785263583.327761963] [offboard_node]: 경로 계획 완료 — 소요 0.0s (예상 0s), 경로점 301개, 전장 300.0m
[offboard_node-2] [INFO] [1785263583.451128237] [offboard_node]: ARM 요청
[offboard_node-2] [INFO] [1785263585.151072645] [offboard_node]: 거리 상한 감시 활성 1200m (이륙지점 기준 수평, 경로 최원점 300m)
[offboard_node-2] [INFO] [1785263585.160052251] [offboard_node]: CommandTOL 이륙 요청 alt=50.1m AMSL (지면 0.1+50.0) -> CLIMBING
[telemetry_node-1] [INFO] [1785263585.236422929] [telemetry_node]: pos_ned=[ 0.0576746  -0.01238937  0.01994817]  yaw=1.690  armed=True  vtol=3  batt=16.18V/100%
[telemetry_node-1] [INFO] [1785263587.209973973] [telemetry_node]: pos_ned=[ 0.05266379 -0.02266256  0.02735431]  yaw=1.692  armed=True  vtol=3  batt=16.12V/97%
[telemetry_node-1] [INFO] [1785263589.209636298] [telemetry_node]: pos_ned=[0.01074035 0.01021511 0.55328304]  yaw=1.694  armed=True  vtol=3  batt=16.06V/94%
[telemetry_node-1] [INFO] [1785263591.209797507] [telemetry_node]: pos_ned=[ 0.05398955 -0.03020132  3.03059816]  yaw=1.690  armed=True  vtol=3  batt=16.00V/90%
[telemetry_node-1] [INFO] [1785263593.209959917] [telemetry_node]: pos_ned=[ 0.05152084 -0.00992558  5.82820272]  yaw=1.686  armed=True  vtol=3  batt=15.94V/87%
[telemetry_node-1] [INFO] [1785263595.209359412] [telemetry_node]: pos_ned=[ 5.39915524e-02 -4.10174951e-03  8.73702621e+00]  yaw=1.684  armed=True  vtol=3  batt=15.88V/84%
[telemetry_node-1] [INFO] [1785263597.210487725] [telemetry_node]: pos_ned=[ 0.04636244 -0.03833323 12.56746197]  yaw=1.682  armed=True  vtol=3  batt=15.82V/80%
[telemetry_node-1] [INFO] [1785263599.209294053] [telemetry_node]: pos_ned=[ 3.50323692e-02 -6.60968572e-03  1.83222771e+01]  yaw=1.683  armed=True  vtol=3  batt=15.76V/77%
[telemetry_node-1] [INFO] [1785263601.209339700] [telemetry_node]: pos_ned=[ 0.0542645  -0.0395328  24.19483566]  yaw=1.680  armed=True  vtol=3  batt=15.70V/74%
[telemetry_node-1] [INFO] [1785263603.209248256] [telemetry_node]: pos_ned=[ 0.05902791 -0.04697209 30.03024673]  yaw=1.683  armed=True  vtol=3  batt=15.64V/70%
[telemetry_node-1] [INFO] [1785263605.209349734] [telemetry_node]: pos_ned=[ 6.37750402e-02 -2.20170468e-02  3.59763107e+01]  yaw=1.684  armed=True  vtol=3  batt=15.58V/67%
[telemetry_node-1] [INFO] [1785263607.209259502] [telemetry_node]: pos_ned=[ 7.94429630e-02 -2.98523847e-02  4.19234924e+01]  yaw=1.686  armed=True  vtol=3  batt=15.52V/64%
[telemetry_node-1] [INFO] [1785263609.209927682] [telemetry_node]: pos_ned=[ 8.46724138e-02 -2.68784855e-02  4.66076546e+01]  yaw=1.682  armed=True  vtol=3  batt=15.46V/60%
[telemetry_node-1] [INFO] [1785263611.209938497] [telemetry_node]: pos_ned=[ 0.07297005 -0.05074468 48.76475525]  yaw=1.680  armed=True  vtol=3  batt=15.40V/57%
[offboard_node-2] [INFO] [1785263613.050557834] [offboard_node]: 운용 고도 50.0m 도달 → transition_fw
[telemetry_node-1] [INFO] [1785263614.707928870] [telemetry_node]: pos_ned=[ 8.02965388e-02 -4.60834987e-02  4.95614700e+01]  yaw=1.678  armed=True  vtol=3  batt=15.40V/57%
[telemetry_node-1] [INFO] [1785263615.209479361] [telemetry_node]: pos_ned=[ 6.36585578e-02 -3.95782143e-02  4.96690445e+01]  yaw=1.678  armed=True  vtol=3  batt=15.34V/54%
[offboard_node-2] [INFO] [1785263616.551276630] [offboard_node]: 천이 전 MC OFFBOARD 요청 (헤딩 정렬 대기)
[offboard_node-2] [WARN] [1785263616.651202270] [offboard_node]: 정렬 구간 OFFBOARD 이탈 → 재요청 (mode=AUTO.LOITER)
[telemetry_node-1] [INFO] [1785263617.209688295] [telemetry_node]: pos_ned=[ 3.01259998e-02 -2.93712895e-02  4.98598251e+01]  yaw=1.602  armed=True  vtol=3  batt=15.30V/51%
[telemetry_node-1] [INFO] [1785263619.209418331] [telemetry_node]: pos_ned=[-0.07863142 -0.0681316  49.82784653]  yaw=0.760  armed=True  vtol=3  batt=15.30V/50%
[telemetry_node-1] [INFO] [1785263621.209427696] [telemetry_node]: pos_ned=[-0.17620954 -0.14873892 49.73796463]  yaw=0.382  armed=True  vtol=3  batt=15.30V/50%
[telemetry_node-1] [INFO] [1785263623.209464521] [telemetry_node]: pos_ned=[-0.19880484 -0.20954658 49.62786865]  yaw=0.210  armed=True  vtol=3  batt=15.30V/50%
[telemetry_node-1] [INFO] [1785263625.209405855] [telemetry_node]: pos_ned=[-0.28801671 -0.24998496 49.48515701]  yaw=0.117  armed=True  vtol=3  batt=15.30V/50%
[telemetry_node-1] [INFO] [1785263627.209631376] [telemetry_node]: pos_ned=[-0.3154684  -0.21239763 49.31595993]  yaw=0.065  armed=True  vtol=3  batt=15.30V/50%
[telemetry_node-1] [INFO] [1785263629.209916505] [telemetry_node]: pos_ned=[-0.38989893 -0.22891718 49.11324692]  yaw=0.041  armed=True  vtol=3  batt=15.30V/50%
[offboard_node-2] [INFO] [1785263630.050978421] [offboard_node]: 헤딩 정렬 완료 target=0.0° current=2.3° err=-2.3° (20틱 안정) → 전진 + 천이 명령
[offboard_node-2] [INFO] [1785263630.051468057] [offboard_node]: FW 고도 램프 시작 49.0 → 50.0m (계단 +1.0m, 3.0m/s, 0.3s 소요)
[offboard_node-2] [INFO] [1785263630.052355757] [offboard_node]: MC→FW 천이 명령 요청 (위치 setpoint 직선 천이)
[telemetry_node-1] [INFO] [1785263631.209747563] [telemetry_node]: pos_ned=[-4.72334540e-03 -1.79542243e-01  4.92150040e+01]  yaw=0.034  armed=True  vtol=1  batt=15.30V/50%
[offboard_node-2] [INFO] [1785263632.750543057] [offboard_node]: FW 전환 완료 -> STREAMING
[offboard_node-2] [INFO] [1785263632.865972259] [offboard_node]: OFFBOARD 확인 → FOLLOWING
[offboard_node-2] [INFO] [1785263632.952399007] [offboard_node]: FOLLOWING 시작 pos=[13.2,-0.4] tgt=[83.2,0.0] cte=-0.4m mode=OFFBOARD seg=13/300
[telemetry_node-1] [INFO] [1785263633.209737486] [telemetry_node]: pos_ned=[17.98521423 -0.49010283 48.35963058]  yaw=-0.006  armed=True  vtol=4  batt=15.30V/50%
[offboard_node-2] [INFO] [1785263634.852180445] [offboard_node]: FOLLOWING tick=20 mode=OFFBOARD cte=-0.5m pos=[44.3,-0.5] tgt=[114.3,0.0] seg=44/300
[telemetry_node-1] [INFO] [1785263635.209873044] [telemetry_node]: pos_ned=[49.07345963 -0.48416933 50.913311  ]  yaw=0.033  armed=True  vtol=4  batt=15.30V/50%
[offboard_node-2] [INFO] [1785263636.852589693] [offboard_node]: FOLLOWING tick=40 mode=OFFBOARD cte=-0.2m pos=[73.3,-0.2] tgt=[143.3,0.0] seg=73/300
[telemetry_node-1] [INFO] [1785263637.209385930] [telemetry_node]: pos_ned=[79.0535202  -0.12121207 47.86137009]  yaw=0.030  armed=True  vtol=4  batt=15.30V/50%
[offboard_node-2] [INFO] [1785263638.853335181] [offboard_node]: FOLLOWING tick=60 mode=OFFBOARD cte=0.2m pos=[104.1,0.2] tgt=[174.1,0.0] seg=104/300
[telemetry_node-1] [INFO] [1785263639.209333067] [telemetry_node]: pos_ned=[109.48616028   0.20487101  48.56579971]  yaw=0.003  armed=True  vtol=4  batt=15.30V/50%
[offboard_node-2] [INFO] [1785263640.853752576] [offboard_node]: FOLLOWING tick=80 mode=OFFBOARD cte=0.4m pos=[133.3,0.4] tgt=[203.3,0.0] seg=133/300
[telemetry_node-1] [INFO] [1785263641.209854498] [telemetry_node]: pos_ned=[138.64639282   0.4010925   48.43768311]  yaw=-0.014  armed=True  vtol=4  batt=15.30V/50%
[offboard_node-2] [INFO] [1785263642.852443579] [offboard_node]: FOLLOWING tick=100 mode=OFFBOARD cte=0.4m pos=[162.1,0.4] tgt=[232.1,0.0] seg=162/300
[telemetry_node-1] [INFO] [1785263643.209817567] [telemetry_node]: pos_ned=[167.23271179   0.43154773  48.86600494]  yaw=-0.008  armed=True  vtol=4  batt=15.30V/50%
[offboard_node-2] [INFO] [1785263644.852443412] [offboard_node]: FOLLOWING tick=120 mode=OFFBOARD cte=0.4m pos=[190.0,0.4] tgt=[260.0,0.0] seg=190/300
[telemetry_node-1] [INFO] [1785263645.209585080] [telemetry_node]: pos_ned=[195.15362549   0.42831403  49.06032562]  yaw=0.007  armed=True  vtol=4  batt=15.30V/50%
[offboard_node-2] [INFO] [1785263646.852394644] [offboard_node]: FOLLOWING tick=140 mode=OFFBOARD cte=0.4m pos=[217.2,0.4] tgt=[287.2,0.0] seg=217/300
[telemetry_node-1] [INFO] [1785263648.802786279] [telemetry_node]: pos_ned=[222.11907959   0.43899527  49.23723984]  yaw=0.016  armed=True  vtol=4  batt=15.30V/50%
[telemetry_node-1] [INFO] [1785263649.209449040] [telemetry_node]: pos_ned=[227.5809021    0.4546138   49.26858139]  yaw=0.016  armed=True  vtol=4  batt=15.30V/50%
[offboard_node-2] [INFO] [1785263650.352558641] [offboard_node]: FOLLOWING tick=160 mode=OFFBOARD cte=0.5m pos=[243.5,0.5] tgt=[300.0,0.0] seg=243/300
[telemetry_node-1] [INFO] [1785263651.209552099] [telemetry_node]: pos_ned=[254.96264648   0.43078929  49.38588715]  yaw=0.011  armed=True  vtol=4  batt=15.30V/50%
[offboard_node-2] [INFO] [1785263652.352935984] [offboard_node]: FOLLOWING tick=180 mode=OFFBOARD cte=0.4m pos=[270.2,0.4] tgt=[300.0,0.0] seg=270/300
[telemetry_node-1] [INFO] [1785263653.209284616] [telemetry_node]: pos_ned=[281.91317749   0.31872424  49.45114136]  yaw=0.006  armed=True  vtol=4  batt=15.30V/50%
[offboard_node-2] [INFO] [1785263653.851273524] [offboard_node]: 경로 추종 완료 -> transition_mc
[offboard_node-2] [INFO] [1785263653.950896539] [offboard_node]: FW->MC 역천이 명령 요청
[telemetry_node-1] [INFO] [1785263655.209292279] [telemetry_node]: pos_ned=[3.08103973e+02 4.98824380e-02 4.93992043e+01]  yaw=0.004  armed=True  vtol=2  batt=15.30V/50%
[telemetry_node-1] [INFO] [1785263657.209522583] [telemetry_node]: pos_ned=[3.27706573e+02 2.01213539e-01 5.00050735e+01]  yaw=0.009  armed=True  vtol=2  batt=15.30V/50%
[offboard_node-2] [INFO] [1785263659.050572720] [offboard_node]: MC 전환 완료 -> HOLD (WP1 복귀)
[telemetry_node-1] [INFO] [1785263659.209321909] [telemetry_node]: pos_ned=[340.36422729   0.66867346  50.20075226]  yaw=0.003  armed=True  vtol=3  batt=15.30V/50%
[offboard_node-2] [INFO] [1785263661.050493744] [offboard_node]: WP1 홀드 dist=37.5m speed=7.8m/s stable=0/10
[telemetry_node-1] [INFO] [1785263661.209370519] [telemetry_node]: pos_ned=[336.27639771   0.88420016  49.93632889]  yaw=0.020  armed=True  vtol=3  batt=15.30V/50%
[offboard_node-2] [INFO] [1785263663.051316778] [offboard_node]: WP1 홀드 dist=27.6m speed=5.0m/s stable=0/10
[telemetry_node-1] [INFO] [1785263663.209742766] [telemetry_node]: pos_ned=[326.92660522   0.46530047  49.94714355]  yaw=0.003  armed=True  vtol=3  batt=15.30V/50%
[offboard_node-2] [INFO] [1785263665.050837324] [offboard_node]: WP1 홀드 dist=16.8m speed=4.5m/s stable=0/10
[telemetry_node-1] [INFO] [1785263665.209720861] [telemetry_node]: pos_ned=[3.16182770e+02 2.08492696e-01 4.98897629e+01]  yaw=-0.004  armed=True  vtol=3  batt=15.30V/50%
[offboard_node-2] [INFO] [1785263667.050734413] [offboard_node]: WP1 홀드 dist=6.6m speed=4.8m/s stable=0/10
[telemetry_node-1] [INFO] [1785263667.209570608] [telemetry_node]: pos_ned=[3.05915222e+02 9.08537731e-02 4.98874626e+01]  yaw=-0.003  armed=True  vtol=3  batt=15.30V/50%
[offboard_node-2] [INFO] [1785263669.050848431] [offboard_node]: WP1 홀드 dist=0.9m speed=0.6m/s stable=4/10
[telemetry_node-1] [INFO] [1785263669.209860592] [telemetry_node]: pos_ned=[3.00792114e+02 9.95542738e-04 5.00268593e+01]  yaw=-0.011  armed=True  vtol=3  batt=15.30V/50%
[offboard_node-2] [INFO] [1785263669.550591115] [offboard_node]: WP1 도달·안정 (dist=0.7m speed=0.1m/s) → LANDING
[offboard_node-2] [INFO] [1785263669.650993819] [offboard_node]: AUTO.LAND 요청
[telemetry_node-1] [INFO] [1785263671.209558380] [telemetry_node]: pos_ned=[ 3.00917786e+02 -4.89672413e-03  4.84437447e+01]  yaw=-0.015  armed=True  vtol=3  batt=15.30V/50%
[telemetry_node-1] [INFO] [1785263673.209534653] [telemetry_node]: pos_ned=[3.00545776e+02 2.05705930e-02 4.55806770e+01]  yaw=-0.015  armed=True  vtol=3  batt=15.30V/50%
[telemetry_node-1] [INFO] [1785263675.209663684] [telemetry_node]: pos_ned=[3.00713501e+02 2.01375764e-02 4.26091003e+01]  yaw=-0.017  armed=True  vtol=3  batt=15.30V/50%
[telemetry_node-1] [INFO] [1785263677.209512941] [telemetry_node]: pos_ned=[3.00765442e+02 1.98423341e-02 3.96063957e+01]  yaw=-0.019  armed=True  vtol=3  batt=15.30V/50%
[telemetry_node-1] [INFO] [1785263679.209578428] [telemetry_node]: pos_ned=[ 3.00594849e+02 -1.59668904e-02  3.66144028e+01]  yaw=-0.020  armed=True  vtol=3  batt=15.30V/50%
[telemetry_node-1] [INFO] [1785263681.209720895] [telemetry_node]: pos_ned=[ 3.00770020e+02 -1.95812830e-03  3.36206284e+01]  yaw=-0.021  armed=True  vtol=3  batt=15.30V/50%
[telemetry_node-1] [INFO] [1785263683.209825740] [telemetry_node]: pos_ned=[ 3.00793274e+02 -5.47209196e-03  3.26090584e+01]  yaw=-0.022  armed=True  vtol=3  batt=15.30V/50%
[telemetry_node-1] [INFO] [1785263685.209697590] [telemetry_node]: pos_ned=[3.00690247e+02 1.40935471e-02 2.95821762e+01]  yaw=-0.023  armed=True  vtol=3  batt=15.30V/50%
[telemetry_node-1] [INFO] [1785263687.209987085] [telemetry_node]: pos_ned=[3.00665680e+02 3.63327451e-02 2.66153660e+01]  yaw=-0.024  armed=True  vtol=3  batt=15.30V/50%
[telemetry_node-1] [INFO] [1785263689.210720495] [telemetry_node]: pos_ned=[3.00757690e+02 1.09565724e-02 2.36394024e+01]  yaw=-0.025  armed=True  vtol=3  batt=15.30V/50%
[telemetry_node-1] [INFO] [1785263691.210149789] [telemetry_node]: pos_ned=[ 3.00685242e+02 -1.76973548e-02  2.06478271e+01]  yaw=-0.025  armed=True  vtol=3  batt=15.30V/50%
[telemetry_node-1] [INFO] [1785263693.210134656] [telemetry_node]: pos_ned=[ 3.00665131e+02 -3.82011868e-02  1.76959820e+01]  yaw=-0.025  armed=True  vtol=3  batt=15.30V/50%
[telemetry_node-1] [INFO] [1785263695.210563539] [telemetry_node]: pos_ned=[ 3.00731140e+02 -3.13765891e-02  1.48125410e+01]  yaw=-0.025  armed=True  vtol=3  batt=15.30V/50%
[telemetry_node-1] [INFO] [1785263697.210322599] [telemetry_node]: pos_ned=[ 3.00690491e+02 -3.36574018e-02  1.18683748e+01]  yaw=-0.025  armed=True  vtol=3  batt=15.30V/50%
[telemetry_node-1] [INFO] [1785263699.210073911] [telemetry_node]: pos_ned=[ 3.00691071e+02 -7.93132745e-03  9.05975819e+00]  yaw=-0.025  armed=True  vtol=3  batt=15.30V/50%
[telemetry_node-1] [INFO] [1785263701.211289156] [telemetry_node]: pos_ned=[ 3.00692139e+02 -3.19456868e-02  6.89323997e+00]  yaw=-0.024  armed=True  vtol=3  batt=15.30V/50%
[telemetry_node-1] [INFO] [1785263703.210155769] [telemetry_node]: pos_ned=[ 3.00704376e+02 -4.34530266e-02  5.27096987e+00]  yaw=-0.024  armed=True  vtol=3  batt=15.30V/50%
[telemetry_node-1] [INFO] [1785263705.210097595] [telemetry_node]: pos_ned=[ 3.00724579e+02 -3.10429614e-02  3.96561933e+00]  yaw=-0.023  armed=True  vtol=3  batt=15.30V/50%
[telemetry_node-1] [INFO] [1785263707.210131964] [telemetry_node]: pos_ned=[ 3.00693695e+02 -1.06973797e-02  2.70111823e+00]  yaw=-0.022  armed=True  vtol=3  batt=15.30V/50%
[telemetry_node-1] [INFO] [1785263709.210664180] [telemetry_node]: pos_ned=[ 3.00670441e+02 -8.70531052e-03  1.45351231e+00]  yaw=-0.021  armed=True  vtol=3  batt=15.30V/50%
[telemetry_node-1] [INFO] [1785263711.210543526] [telemetry_node]: pos_ned=[3.00744995e+02 1.41759599e-02 1.92399800e-01]  yaw=-0.020  armed=True  vtol=3  batt=15.30V/50%
[telemetry_node-1] [INFO] [1785263713.209991369] [telemetry_node]: pos_ned=[ 3.00737427e+02  1.75526924e-02 -3.71056944e-01]  yaw=-0.020  armed=True  vtol=3  batt=15.30V/50%
[telemetry_node-1] [INFO] [1785263716.569013678] [telemetry_node]: pos_ned=[ 3.00744720e+02  3.89237106e-02 -3.42466682e-01]  yaw=-0.020  armed=True  vtol=3  batt=15.30V/50%
[telemetry_node-1] [INFO] [1785263717.209947262] [telemetry_node]: pos_ned=[ 3.00757111e+02  5.36853857e-02 -3.36756974e-01]  yaw=-0.021  armed=True  vtol=3  batt=15.30V/50%
[offboard_node-2] [INFO] [1785263717.350612909] [offboard_node]: 착륙 완료 (disarmed) -> DONE
[telemetry_node-1] [INFO] [1785263719.209965266] [telemetry_node]: pos_ned=[ 3.00748016e+02  3.12464442e-02 -9.62828100e-02]  yaw=-0.021  armed=False  vtol=3  batt=16.20V/70%
[telemetry_node-1] [INFO] [1785263721.210014460] [telemetry_node]: pos_ned=[ 3.00742218e+02  1.54342800e-02 -3.24008763e-02]  yaw=-0.022  armed=False  vtol=3  batt=16.20V/96%
[telemetry_node-1] [INFO] [1785263723.209839883] [telemetry_node]: pos_ned=[ 3.00769379e+02  2.35267933e-02 -1.00449659e-02]  yaw=-0.022  armed=False  vtol=3  batt=16.20V/99%
[WARNING] [launch]: user interrupted with ctrl-c (SIGINT)
[INFO] [offboard_node-2]: sending signal 'SIGINT' to process[offboard_node-2]
[INFO] [telemetry_node-1]: sending signal 'SIGINT' to process[telemetry_node-1]
[offboard_node-2] Traceback (most recent call last):
[offboard_node-2]   File "/root/ws_f2/install/fc_ros/lib/python3.10/site-packages/fc_ros/nodes/offboard_node.py", line 2048, in main
[telemetry_node-1] Traceback (most recent call last):
[telemetry_node-1]   File "/root/ws_f2/install/fc_ros/lib/python3.10/site-packages/fc_ros/nodes/telemetry_node.py", line 109, in main
[telemetry_node-1]     rclpy.spin(node)
[telemetry_node-1]   File "/opt/ros/humble/local/lib/python3.10/dist-packages/rclpy/__init__.py", line 229, in spin
[offboard_node-2]     rclpy.spin(node)
[offboard_node-2]   File "/opt/ros/humble/local/lib/python3.10/dist-packages/rclpy/__init__.py", line 229, in spin
[offboard_node-2]     executor.spin_once()
[offboard_node-2]   File "/opt/ros/humble/local/lib/python3.10/dist-packages/rclpy/executors.py", line 808, in spin_once
[telemetry_node-1]     executor.spin_once()
[telemetry_node-1]   File "/opt/ros/humble/local/lib/python3.10/dist-packages/rclpy/executors.py", line 808, in spin_once
[offboard_node-2]     self._spin_once_impl(timeout_sec)
[offboard_node-2]   File "/opt/ros/humble/local/lib/python3.10/dist-packages/rclpy/executors.py", line 797, in _spin_once_impl
[telemetry_node-1]     self._spin_once_impl(timeout_sec)
[telemetry_node-1]   File "/opt/ros/humble/local/lib/python3.10/dist-packages/rclpy/executors.py", line 797, in _spin_once_impl
[offboard_node-2]     handler, entity, node = self.wait_for_ready_callbacks(timeout_sec=timeout_sec)
[offboard_node-2]   File "/opt/ros/humble/local/lib/python3.10/dist-packages/rclpy/executors.py", line 780, in wait_for_ready_callbacks
[offboard_node-2]     return next(self._cb_iter)
[offboard_node-2]   File "/opt/ros/humble/local/lib/python3.10/dist-packages/rclpy/executors.py", line 677, in _wait_for_ready_callbacks
[telemetry_node-1]     handler, entity, node = self.wait_for_ready_callbacks(timeout_sec=timeout_sec)
[telemetry_node-1]   File "/opt/ros/humble/local/lib/python3.10/dist-packages/rclpy/executors.py", line 780, in wait_for_ready_callbacks
[telemetry_node-1]     return next(self._cb_iter)
[telemetry_node-1]   File "/opt/ros/humble/local/lib/python3.10/dist-packages/rclpy/executors.py", line 677, in _wait_for_ready_callbacks
[offboard_node-2]     wait_set.wait(timeout_nsec)
[offboard_node-2] KeyboardInterrupt
[offboard_node-2] 
[offboard_node-2] During handling of the above exception, another exception occurred:
[offboard_node-2] 
[offboard_node-2] Traceback (most recent call last):
[offboard_node-2]   File "/root/ws_f2/install/fc_ros/lib/fc_ros/offboard_node", line 33, in <module>
[offboard_node-2]     sys.exit(load_entry_point('fc-ros==0.1.0', 'console_scripts', 'offboard_node')())
[offboard_node-2]   File "/root/ws_f2/install/fc_ros/lib/python3.10/site-packages/fc_ros/nodes/offboard_node.py", line 2050, in main
[telemetry_node-1]     wait_set.wait(timeout_nsec)
[telemetry_node-1] KeyboardInterrupt
[telemetry_node-1] 
[telemetry_node-1] During handling of the above exception, another exception occurred:
[telemetry_node-1] 
[telemetry_node-1] Traceback (most recent call last):
[telemetry_node-1]   File "/root/ws_f2/install/fc_ros/lib/fc_ros/telemetry_node", line 33, in <module>
[telemetry_node-1]     sys.exit(load_entry_point('fc-ros==0.1.0', 'console_scripts', 'telemetry_node')())
[telemetry_node-1]   File "/root/ws_f2/install/fc_ros/lib/python3.10/site-packages/fc_ros/nodes/telemetry_node.py", line 111, in main
[telemetry_node-1]     node.destroy_node()
[telemetry_node-1]   File "/opt/ros/humble/local/lib/python3.10/dist-packages/rclpy/node.py", line 1687, in destroy_node
[offboard_node-2]     node.destroy_node()
[offboard_node-2]   File "/opt/ros/humble/local/lib/python3.10/dist-packages/rclpy/node.py", line 1687, in destroy_node
[offboard_node-2]     self.destroy_subscription(self._subscriptions[0])
[offboard_node-2]   File "/opt/ros/humble/local/lib/python3.10/dist-packages/rclpy/node.py", line 1583, in destroy_subscription
[telemetry_node-1]     self.destroy_subscription(self._subscriptions[0])
[telemetry_node-1]   File "/opt/ros/humble/local/lib/python3.10/dist-packages/rclpy/node.py", line 1583, in destroy_subscription
[offboard_node-2]     subscription.destroy()
[offboard_node-2]   File "/opt/ros/humble/local/lib/python3.10/dist-packages/rclpy/subscription.py", line 80, in destroy
[offboard_node-2]     self.handle.destroy_when_not_in_use()
[offboard_node-2] KeyboardInterrupt
[telemetry_node-1]     subscription.destroy()
[telemetry_node-1]   File "/opt/ros/humble/local/lib/python3.10/dist-packages/rclpy/subscription.py", line 80, in destroy
[telemetry_node-1]     self.handle.destroy_when_not_in_use()
[telemetry_node-1] KeyboardInterrupt
[ERROR] [telemetry_node-1]: process has died [pid 1472, exit code -2, cmd '/root/ws_f2/install/fc_ros/lib/fc_ros/telemetry_node --ros-args -r __node:=telemetry_node'].
[ERROR] [offboard_node-2]: process has died [pid 1474, exit code -2, cmd '/root/ws_f2/install/fc_ros/lib/fc_ros/offboard_node --ros-args -r __node:=offboard_node --params-file /root/ws_f2/install/fc_ros/share/fc_ros/params/fc_ros_params.yaml --params-file /tmp/launch_params_7l2o3iro'].
