[INFO] [launch]: All log files can be found below /root/.ros/log/2026-07-29-03-06-12-848930-DESKTOP-Kilogram-1310
[INFO] [launch]: Default logging verbosity is set to INFO
[INFO] [telemetry_node-1]: process started with pid [1321]
[INFO] [offboard_node-2]: process started with pid [1323]
[offboard_node-2] [INFO] [1785261974.010857595] [offboard_node]: 경로 계획 시작 — planner=eta3 WP 2개 v_cruise=18.0 → 예상 약 0s 블로킹. 이 동안 노드는 응답하지 않는다 — 죽은 것이 아니니 재기동 금지 (재기동하면 중복 인스턴스가 된다).
[offboard_node-2] [INFO] [1785261974.022246520] [offboard_node]: 경로 계획 완료 — 소요 0.0s (예상 0s), 경로점 301개, 전장 300.0m
[offboard_node-2] [WARN] [1785261974.149490959] [offboard_node]: /mavros/cmd/arming 서비스 없음
[offboard_node-2] [WARN] [1785261974.248962894] [offboard_node]: /mavros/cmd/arming 서비스 없음
[offboard_node-2] [WARN] [1785261974.349381427] [offboard_node]: /mavros/cmd/arming 서비스 없음
[offboard_node-2] [WARN] [1785261974.449384798] [offboard_node]: /mavros/cmd/arming 서비스 없음
[offboard_node-2] [WARN] [1785261974.549168639] [offboard_node]: /mavros/cmd/arming 서비스 없음
[offboard_node-2] [WARN] [1785261974.649402882] [offboard_node]: /mavros/cmd/arming 서비스 없음
[offboard_node-2] [WARN] [1785261974.748905630] [offboard_node]: /mavros/cmd/arming 서비스 없음
[offboard_node-2] [WARN] [1785261974.849025233] [offboard_node]: /mavros/cmd/arming 서비스 없음
[offboard_node-2] [WARN] [1785261974.949260912] [offboard_node]: /mavros/cmd/arming 서비스 없음
[offboard_node-2] [WARN] [1785261975.049279784] [offboard_node]: /mavros/cmd/arming 서비스 없음
[offboard_node-2] [INFO] [1785261975.149669157] [offboard_node]: ARM 요청
[telemetry_node-1] [INFO] [1785261976.021989673] [telemetry_node]: pos_ned=[ 0.01345348 -0.00089493 -0.07898869]  yaw=1.687  armed=False  vtol=3  batt=0.00V/100%
[offboard_node-2] [INFO] [1785261976.149385263] [offboard_node]: 거리 상한 감시 활성 1200m (이륙지점 기준 수평, 경로 최원점 300m)
[offboard_node-2] [INFO] [1785261976.151973116] [offboard_node]: CommandTOL 이륙 요청 alt=120.0m AMSL (지면 -0.0+120.0) -> CLIMBING
[telemetry_node-1] [INFO] [1785261977.980784187] [telemetry_node]: pos_ned=[-0.01140335 -0.01341003 -0.10639822]  yaw=1.685  armed=True  vtol=3  batt=16.17V/100%
[telemetry_node-1] [INFO] [1785261979.981203510] [telemetry_node]: pos_ned=[-0.09716032 -0.04571216  0.46905285]  yaw=1.687  armed=True  vtol=3  batt=16.11V/97%
[telemetry_node-1] [INFO] [1785261981.980598580] [telemetry_node]: pos_ned=[-0.09831021 -0.03476299  3.11782503]  yaw=1.667  armed=True  vtol=3  batt=16.05V/94%
[telemetry_node-1] [INFO] [1785261983.980580736] [telemetry_node]: pos_ned=[-0.07296041 -0.03133496  6.04846907]  yaw=1.642  armed=True  vtol=3  batt=15.99V/90%
[telemetry_node-1] [INFO] [1785261985.980928442] [telemetry_node]: pos_ned=[-0.06638267 -0.01636298  8.98230457]  yaw=1.644  armed=True  vtol=3  batt=15.93V/87%
[telemetry_node-1] [INFO] [1785261987.980508393] [telemetry_node]: pos_ned=[-8.49493966e-02  6.51830866e-04  1.32134914e+01]  yaw=1.636  armed=True  vtol=3  batt=15.87V/84%
[telemetry_node-1] [INFO] [1785261989.980721217] [telemetry_node]: pos_ned=[-4.31476943e-02  8.33901670e-03  1.90249443e+01]  yaw=1.632  armed=True  vtol=3  batt=15.81V/80%
[telemetry_node-1] [INFO] [1785261991.981282611] [telemetry_node]: pos_ned=[-0.04792863 -0.02520648 25.03272629]  yaw=1.636  armed=True  vtol=3  batt=15.75V/77%
[telemetry_node-1] [INFO] [1785261993.980689435] [telemetry_node]: pos_ned=[-5.64579889e-02  6.84944633e-03  3.09498672e+01]  yaw=1.637  armed=True  vtol=3  batt=15.69V/74%
[telemetry_node-1] [INFO] [1785261995.981143797] [telemetry_node]: pos_ned=[-4.63960283e-02 -4.28457558e-03  3.68184090e+01]  yaw=1.637  armed=True  vtol=3  batt=15.63V/70%
[telemetry_node-1] [INFO] [1785261997.980561759] [telemetry_node]: pos_ned=[-5.37693202e-02 -1.72718782e-02  4.28330650e+01]  yaw=1.638  armed=True  vtol=3  batt=15.57V/67%
[telemetry_node-1] [INFO] [1785261999.980513097] [telemetry_node]: pos_ned=[-6.49350733e-02 -4.00906289e-03  4.87874680e+01]  yaw=1.636  armed=True  vtol=3  batt=15.51V/64%
[telemetry_node-1] [INFO] [1785262001.981163589] [telemetry_node]: pos_ned=[-3.03356666e-02 -1.25684543e-02  5.48514709e+01]  yaw=1.634  armed=True  vtol=3  batt=15.45V/60%
[telemetry_node-1] [INFO] [1785262003.980761498] [telemetry_node]: pos_ned=[-2.32134704e-02  1.36798453e-02  6.08264122e+01]  yaw=1.632  armed=True  vtol=3  batt=15.39V/57%
[telemetry_node-1] [INFO] [1785262006.109201377] [telemetry_node]: pos_ned=[-2.00600270e-02  1.16218859e-02  6.16084595e+01]  yaw=1.631  armed=True  vtol=3  batt=15.33V/54%
[telemetry_node-1] [INFO] [1785262007.980668669] [telemetry_node]: pos_ned=[-2.75688246e-02  2.57944390e-02  6.73895798e+01]  yaw=1.630  armed=True  vtol=3  batt=15.30V/51%
[telemetry_node-1] [INFO] [1785262009.981133063] [telemetry_node]: pos_ned=[-6.28609657e-02  6.66175364e-03  7.33691025e+01]  yaw=1.631  armed=True  vtol=3  batt=15.30V/50%
[telemetry_node-1] [INFO] [1785262011.980911738] [telemetry_node]: pos_ned=[-6.30639344e-02  1.28442934e-03  7.93272476e+01]  yaw=1.633  armed=True  vtol=3  batt=15.30V/50%
[telemetry_node-1] [INFO] [1785262013.980915016] [telemetry_node]: pos_ned=[-5.86286895e-02  2.36083437e-02  8.53828888e+01]  yaw=1.634  armed=True  vtol=3  batt=15.30V/50%
[telemetry_node-1] [INFO] [1785262015.981351774] [telemetry_node]: pos_ned=[-1.63943209e-02  1.73217300e-02  9.12527618e+01]  yaw=1.631  armed=True  vtol=3  batt=15.30V/50%
[telemetry_node-1] [INFO] [1785262017.980868602] [telemetry_node]: pos_ned=[ 4.59468504e-03 -3.04574519e-02  9.73049850e+01]  yaw=1.631  armed=True  vtol=3  batt=15.30V/50%
[telemetry_node-1] [INFO] [1785262019.981270380] [telemetry_node]: pos_ned=[ 1.66402708e-04 -4.75293957e-02  1.03264771e+02]  yaw=1.624  armed=True  vtol=3  batt=15.30V/50%
[telemetry_node-1] [INFO] [1785262021.980786487] [telemetry_node]: pos_ned=[-2.63676550e-02 -3.50027010e-02  1.09056503e+02]  yaw=1.621  armed=True  vtol=3  batt=15.30V/50%
[telemetry_node-1] [INFO] [1785262023.980586326] [telemetry_node]: pos_ned=[-2.27230303e-02  3.84627306e-03  1.14885620e+02]  yaw=1.624  armed=True  vtol=3  batt=15.30V/50%
[telemetry_node-1] [INFO] [1785262025.980546431] [telemetry_node]: pos_ned=[-4.24587354e-02  1.22263068e-02  1.18113892e+02]  yaw=1.626  armed=True  vtol=3  batt=15.30V/50%
[telemetry_node-1] [INFO] [1785262027.981245475] [telemetry_node]: pos_ned=[-4.41517346e-02  1.61413588e-02  1.19383286e+02]  yaw=1.622  armed=True  vtol=3  batt=15.30V/50%
[offboard_node-2] [INFO] [1785262028.148911214] [offboard_node]: 운용 고도 120.0m 도달 → transition_fw
[telemetry_node-1] [INFO] [1785262029.981112331] [telemetry_node]: pos_ned=[-1.54122226e-02  1.09549034e-02  1.19831398e+02]  yaw=1.619  armed=True  vtol=3  batt=15.30V/50%
[offboard_node-2] [INFO] [1785262030.149256852] [offboard_node]: 천이 전 MC OFFBOARD 요청 (헤딩 정렬 대기)
[offboard_node-2] [WARN] [1785262030.249718768] [offboard_node]: 정렬 구간 OFFBOARD 이탈 → 재요청 (mode=AUTO.LOITER)
[telemetry_node-1] [INFO] [1785262031.980813457] [telemetry_node]: pos_ned=[-5.15030213e-02 -3.88486236e-02  1.20116867e+02]  yaw=1.341  armed=True  vtol=3  batt=15.30V/50%
[telemetry_node-1] [INFO] [1785262033.980428831] [telemetry_node]: pos_ned=[-1.37917489e-01 -1.09552749e-01  1.20359886e+02]  yaw=0.630  armed=True  vtol=3  batt=15.30V/50%
[telemetry_node-1] [INFO] [1785262035.980684789] [telemetry_node]: pos_ned=[ -0.2515654   -0.16260181 120.58351898]  yaw=0.330  armed=True  vtol=3  batt=15.30V/50%
[telemetry_node-1] [INFO] [1785262037.980549463] [telemetry_node]: pos_ned=[-2.75844604e-01 -1.12642549e-01  1.20823128e+02]  yaw=0.181  armed=True  vtol=3  batt=15.30V/50%
[telemetry_node-1] [INFO] [1785262040.252874891] [telemetry_node]: pos_ned=[-2.86872178e-01 -9.93064418e-02  1.20868088e+02]  yaw=0.163  armed=True  vtol=3  batt=15.30V/50%
[telemetry_node-1] [INFO] [1785262041.980664279] [telemetry_node]: pos_ned=[-2.69921154e-01 -2.07788441e-02  1.21088463e+02]  yaw=0.095  armed=True  vtol=3  batt=15.30V/50%
[telemetry_node-1] [INFO] [1785262043.980572089] [telemetry_node]: pos_ned=[-2.64918476e-01  1.26007358e-02  1.21352295e+02]  yaw=0.052  armed=True  vtol=3  batt=15.30V/50%
[telemetry_node-1] [INFO] [1785262045.980658782] [telemetry_node]: pos_ned=[-2.29249284e-01  3.48818228e-02  1.21602295e+02]  yaw=0.041  armed=True  vtol=3  batt=15.30V/50%
[offboard_node-2] [INFO] [1785262046.048855566] [offboard_node]: 헤딩 정렬 완료 target=0.0° current=2.4° err=-2.4° (20틱 안정) → 전진 + 천이 명령
[offboard_node-2] [INFO] [1785262046.049505280] [offboard_node]: FW 고도 램프 시작 121.6 → 50.0m (계단 -71.6m, 3.0m/s, 23.9s 소요)
[offboard_node-2] [WARN] [1785262046.049908117] [offboard_node]: ⚠️ 천이고도와 경로고도가 71.6m 어긋난다 (transition_alt=120.0m vs 경로 순항고도, 현재 121.6m → 50.0m). 램프가 계단은 막지만 기체는 이 고도차를 순항 중에 메워야 한다 — 의도한 값인지 확인할 것
[offboard_node-2] [INFO] [1785262046.050904928] [offboard_node]: MC→FW 천이 명령 요청 (위치 setpoint 직선 천이)
[telemetry_node-1] [INFO] [1785262047.980687306] [telemetry_node]: pos_ned=[2.53462815e+00 7.75871500e-02 1.21814423e+02]  yaw=-0.023  armed=True  vtol=1  batt=15.30V/50%
[offboard_node-2] [INFO] [1785262048.648513991] [offboard_node]: FW 전환 완료 -> STREAMING
[offboard_node-2] [INFO] [1785262048.758535413] [offboard_node]: OFFBOARD 확인 → FOLLOWING
[offboard_node-2] [INFO] [1785262048.850905606] [offboard_node]: FOLLOWING 시작 pos=[11.6,-0.1] tgt=[81.6,0.0] cte=-0.1m mode=OFFBOARD seg=11/300
[telemetry_node-1] [INFO] [1785262049.981010109] [telemetry_node]: pos_ned=[ 3.13539333e+01 -1.50689846e-02  1.20909210e+02]  yaw=0.022  armed=True  vtol=4  batt=15.30V/50%
[offboard_node-2] [INFO] [1785262050.756288086] [offboard_node]: FOLLOWING tick=20 mode=OFFBOARD cte=-0.1m pos=[43.4,-0.1] tgt=[113.4,0.0] seg=43/300
[telemetry_node-1] [INFO] [1785262051.980655322] [telemetry_node]: pos_ned=[ 6.16368179e+01 -1.18449531e-01  1.19313507e+02]  yaw=0.053  armed=True  vtol=4  batt=15.30V/50%
[offboard_node-2] [INFO] [1785262052.750814128] [offboard_node]: FOLLOWING tick=40 mode=OFFBOARD cte=-0.1m pos=[73.1,-0.1] tgt=[143.1,0.0] seg=73/300
[telemetry_node-1] [INFO] [1785262053.980742838] [telemetry_node]: pos_ned=[ 9.21364288e+01 -6.31453022e-02  1.14371872e+02]  yaw=0.056  armed=True  vtol=4  batt=15.30V/50%
[offboard_node-2] [INFO] [1785262054.751422298] [offboard_node]: FOLLOWING tick=60 mode=OFFBOARD cte=-0.1m pos=[103.7,-0.1] tgt=[173.7,0.0] seg=103/300
[telemetry_node-1] [INFO] [1785262055.981501282] [telemetry_node]: pos_ned=[ 1.22231567e+02 -3.80782858e-02  1.11077797e+02]  yaw=0.029  armed=True  vtol=4  batt=15.30V/50%
[offboard_node-2] [INFO] [1785262056.751489410] [offboard_node]: FOLLOWING tick=80 mode=OFFBOARD cte=-0.1m pos=[133.5,-0.1] tgt=[203.5,0.0] seg=133/300
[telemetry_node-1] [INFO] [1785262057.980871245] [telemetry_node]: pos_ned=[ 1.51791534e+02 -1.07615836e-01  1.07372169e+02]  yaw=-0.010  armed=True  vtol=4  batt=15.30V/50%
[offboard_node-2] [INFO] [1785262058.752896254] [offboard_node]: FOLLOWING tick=100 mode=OFFBOARD cte=-0.1m pos=[162.9,-0.1] tgt=[232.9,0.0] seg=162/300
[telemetry_node-1] [INFO] [1785262059.980914861] [telemetry_node]: pos_ned=[ 1.80765213e+02 -1.68609336e-01  1.03879524e+02]  yaw=-0.044  armed=True  vtol=4  batt=15.30V/50%
[offboard_node-2] [INFO] [1785262060.752600723] [offboard_node]: FOLLOWING tick=120 mode=OFFBOARD cte=-0.2m pos=[191.6,-0.2] tgt=[261.6,0.0] seg=191/300
[telemetry_node-1] [INFO] [1785262061.980799718] [telemetry_node]: pos_ned=[209.34280396  -0.21495037 100.22064209]  yaw=-0.059  armed=True  vtol=4  batt=15.30V/50%
[offboard_node-2] [INFO] [1785262062.751220328] [offboard_node]: FOLLOWING tick=140 mode=OFFBOARD cte=-0.2m pos=[220.2,-0.2] tgt=[290.2,0.0] seg=220/300
[telemetry_node-1] [INFO] [1785262063.980529318] [telemetry_node]: pos_ned=[ 2.37657333e+02 -2.15219900e-01  9.65701904e+01]  yaw=-0.052  armed=True  vtol=4  batt=15.30V/50%
[offboard_node-2] [INFO] [1785262064.750215972] [offboard_node]: FOLLOWING tick=160 mode=OFFBOARD cte=-0.2m pos=[248.5,-0.2] tgt=[300.0,0.0] seg=248/300
[telemetry_node-1] [INFO] [1785262065.980473799] [telemetry_node]: pos_ned=[ 2.65913483e+02 -2.25565985e-01  9.28112259e+01]  yaw=-0.031  armed=True  vtol=4  batt=15.30V/50%
[offboard_node-2] [INFO] [1785262066.749843656] [offboard_node]: FOLLOWING tick=180 mode=OFFBOARD cte=-0.7m pos=[276.7,-0.7] tgt=[300.0,0.0] seg=276/300
[telemetry_node-1] [INFO] [1785262067.980804780] [telemetry_node]: pos_ned=[291.53540039  -9.48870754  86.1664505 ]  yaw=-0.628  armed=True  vtol=4  batt=15.30V/50%
[offboard_node-2] [INFO] [1785262068.749286761] [offboard_node]: FOLLOWING tick=200 mode=OFFBOARD cte=-21.6m pos=[297.1,-21.6] tgt=[300.0,0.0] seg=297/300
[telemetry_node-1] [INFO] [1785262069.981018256] [telemetry_node]: pos_ned=[305.34475708 -38.81442642  83.52102661]  yaw=-1.079  armed=True  vtol=4  batt=15.30V/50%
[offboard_node-2] [INFO] [1785262070.749994990] [offboard_node]: FOLLOWING tick=220 mode=OFFBOARD cte=-46.0m pos=[313.9,-46.0] tgt=[300.0,0.0] seg=299/300
[telemetry_node-1] [INFO] [1785262071.980762164] [telemetry_node]: pos_ned=[326.90377808 -57.30105591  76.38477325]  yaw=-1.334  armed=True  vtol=4  batt=15.30V/50%
[telemetry_node-1] [INFO] [1785262074.457466526] [telemetry_node]: pos_ned=[334.81185913 -63.29040909  70.0792923 ]  yaw=-1.245  armed=True  vtol=4  batt=15.30V/50%
[offboard_node-2] [INFO] [1785262074.649334583] [offboard_node]: FOLLOWING tick=240 mode=OFFBOARD cte=-65.4m pos=[338.0,-65.4] tgt=[300.0,0.0] seg=299/300
[telemetry_node-1] [INFO] [1785262075.980715747] [telemetry_node]: pos_ned=[368.70440674 -64.34207916  59.23691177]  yaw=0.497  armed=True  vtol=4  batt=15.30V/50%
[offboard_node-2] [INFO] [1785262076.650831173] [offboard_node]: FOLLOWING tick=260 mode=OFFBOARD cte=-51.9m pos=[376.8,-51.9] tgt=[300.0,0.0] seg=299/300
[telemetry_node-1] [INFO] [1785262077.980811238] [telemetry_node]: pos_ned=[373.82369995 -30.70143318  72.77798462]  yaw=2.289  armed=True  vtol=4  batt=15.30V/50%
[offboard_node-2] [INFO] [1785262078.649704176] [offboard_node]: FOLLOWING tick=280 mode=OFFBOARD cte=-23.5m pos=[369.2,-23.5] tgt=[300.0,0.0] seg=299/300
[telemetry_node-1] [INFO] [1785262079.980753879] [telemetry_node]: pos_ned=[357.92431641 -11.70018387  73.01474762]  yaw=2.607  armed=True  vtol=4  batt=15.30V/50%
[offboard_node-2] [INFO] [1785262080.649617424] [offboard_node]: FOLLOWING tick=300 mode=OFFBOARD cte=-7.0m pos=[350.6,-7.0] tgt=[300.0,0.0] seg=299/300
[telemetry_node-1] [INFO] [1785262081.980499507] [telemetry_node]: pos_ned=[333.29931641  -1.85967922  67.98138428]  yaw=2.983  armed=True  vtol=4  batt=15.30V/50%
[offboard_node-2] [INFO] [1785262082.649428479] [offboard_node]: FOLLOWING tick=320 mode=OFFBOARD cte=-0.3m pos=[324.5,-0.3] tgt=[300.0,0.0] seg=299/300
[telemetry_node-1] [INFO] [1785262083.980592945] [telemetry_node]: pos_ned=[309.11175537   9.25819969  62.19768524]  yaw=2.707  armed=True  vtol=4  batt=15.30V/50%
[offboard_node-2] [INFO] [1785262084.649098884] [offboard_node]: FOLLOWING tick=340 mode=OFFBOARD cte=18.4m pos=[304.0,18.4] tgt=[300.0,0.0] seg=299/300
[telemetry_node-1] [INFO] [1785262085.980534168] [telemetry_node]: pos_ned=[292.25054932  36.94282913  56.63994217]  yaw=2.518  armed=True  vtol=4  batt=15.30V/50%
[offboard_node-2] [INFO] [1785262086.649569881] [offboard_node]: FOLLOWING tick=360 mode=OFFBOARD cte=40.2m pos=[282.8,40.2] tgt=[300.0,0.0] seg=282/300
[telemetry_node-1] [INFO] [1785262087.981139471] [telemetry_node]: pos_ned=[262.72467041  49.12453079  43.96115494]  yaw=2.200  armed=True  vtol=4  batt=15.30V/50%
[offboard_node-2] [INFO] [1785262088.653631396] [offboard_node]: FOLLOWING tick=380 mode=OFFBOARD cte=55.6m pos=[249.3,55.6] tgt=[300.0,0.0] seg=249/300
[telemetry_node-1] [INFO] [1785262089.980895864] [telemetry_node]: pos_ned=[212.0843811   47.31338501  28.32288742]  yaw=-1.966  armed=True  vtol=4  batt=15.30V/50%
[offboard_node-2] [INFO] [1785262090.651766995] [offboard_node]: FOLLOWING tick=400 mode=OFFBOARD cte=32.3m pos=[196.4,32.3] tgt=[266.4,0.0] seg=196/300
[telemetry_node-1] [INFO] [1785262091.981802523] [telemetry_node]: pos_ned=[190.57267761  -6.11127567  34.58271027]  yaw=-1.439  armed=True  vtol=4  batt=15.30V/50%
[offboard_node-2] [INFO] [1785262092.652229378] [offboard_node]: FOLLOWING tick=420 mode=OFFBOARD cte=-20.7m pos=[199.5,-20.7] tgt=[269.5,0.0] seg=199/300
[telemetry_node-1] [INFO] [1785262093.980516516] [telemetry_node]: pos_ned=[215.77560425 -47.22513199  51.45999908]  yaw=-1.311  armed=True  vtol=4  batt=15.30V/50%
[offboard_node-2] [INFO] [1785262094.651325100] [offboard_node]: FOLLOWING tick=440 mode=OFFBOARD cte=-63.1m pos=[222.7,-63.1] tgt=[292.7,0.0] seg=222/300
[telemetry_node-1] [INFO] [1785262095.980524887] [telemetry_node]: pos_ned=[ 236.65135193 -103.46413422   38.43593979]  yaw=-0.130  armed=True  vtol=4  batt=15.30V/50%
[offboard_node-2] [INFO] [1785262096.651185046] [offboard_node]: FOLLOWING tick=460 mode=OFFBOARD cte=-122.3m pos=[246.8,-122.3] tgt=[300.0,0.0] seg=246/300
[telemetry_node-1] [INFO] [1785262097.980661010] [telemetry_node]: pos_ned=[ 254.93165588 -137.00726318   -2.07298803]  yaw=2.146  armed=True  vtol=4  batt=15.30V/50%
[offboard_node-2] [INFO] [1785262098.651704864] [offboard_node]: FOLLOWING tick=480 mode=OFFBOARD cte=-136.3m pos=[253.4,-136.3] tgt=[300.0,0.0] seg=253/300
[telemetry_node-1] [INFO] [1785262099.980468755] [telemetry_node]: pos_ned=[ 255.15493774 -133.86999512   -1.24550283]  yaw=2.160  armed=True  vtol=4  batt=15.30V/50%
[offboard_node-2] [INFO] [1785262100.650462060] [offboard_node]: FOLLOWING tick=500 mode=OFFBOARD cte=-133.6m pos=[255.2,-133.6] tgt=[300.0,0.0] seg=255/300
[telemetry_node-1] [INFO] [1785262101.980536791] [telemetry_node]: pos_ned=[ 255.13993835 -133.42700195   -0.65753788]  yaw=2.161  armed=True  vtol=4  batt=15.30V/50%
[offboard_node-2] [INFO] [1785262102.650372945] [offboard_node]: FOLLOWING tick=520 mode=OFFBOARD cte=-133.4m pos=[255.1,-133.4] tgt=[300.0,0.0] seg=255/300
[telemetry_node-1] [INFO] [1785262103.980914787] [telemetry_node]: pos_ned=[ 254.95457458 -133.37771606   -0.47584569]  yaw=2.163  armed=True  vtol=4  batt=15.30V/50%
[offboard_node-2] [INFO] [1785262104.651312022] [offboard_node]: FOLLOWING tick=540 mode=OFFBOARD cte=-133.4m pos=[254.9,-133.4] tgt=[300.0,0.0] seg=254/300
[telemetry_node-1] [INFO] [1785262105.980790480] [telemetry_node]: pos_ned=[ 254.8768158  -133.3143158    -0.43445772]  yaw=2.166  armed=True  vtol=4  batt=15.30V/50%
[offboard_node-2] [INFO] [1785262106.650848309] [offboard_node]: FOLLOWING tick=560 mode=OFFBOARD cte=-133.3m pos=[254.8,-133.3] tgt=[300.0,0.0] seg=254/300
[telemetry_node-1] [INFO] [1785262108.773384574] [telemetry_node]: pos_ned=[ 254.83447266 -133.29486084   -0.43907404]  yaw=2.168  armed=True  vtol=4  batt=15.30V/50%
[telemetry_node-1] [INFO] [1785262109.980637820] [telemetry_node]: pos_ned=[ 254.78947449 -133.28256226   -0.43203181]  yaw=2.170  armed=True  vtol=4  batt=15.30V/50%
[offboard_node-2] [INFO] [1785262110.450861341] [offboard_node]: FOLLOWING tick=580 mode=OFFBOARD cte=-133.3m pos=[254.8,-133.3] tgt=[300.0,0.0] seg=254/300
[telemetry_node-1] [INFO] [1785262111.980652876] [telemetry_node]: pos_ned=[ 254.79345703 -133.24455261   -0.476587  ]  yaw=2.172  armed=True  vtol=4  batt=15.30V/50%
[offboard_node-2] [INFO] [1785262112.450483326] [offboard_node]: FOLLOWING tick=600 mode=OFFBOARD cte=-133.3m pos=[254.8,-133.3] tgt=[300.0,0.0] seg=254/300
[telemetry_node-1] [INFO] [1785262113.980751545] [telemetry_node]: pos_ned=[ 254.7928772  -133.26144409   -0.49608946]  yaw=2.175  armed=True  vtol=4  batt=15.30V/50%
[offboard_node-2] [INFO] [1785262114.452515707] [offboard_node]: FOLLOWING tick=620 mode=OFFBOARD cte=-133.3m pos=[254.8,-133.3] tgt=[300.0,0.0] seg=254/300
[telemetry_node-1] [INFO] [1785262115.980465152] [telemetry_node]: pos_ned=[ 254.81134033 -133.23867798   -0.54960448]  yaw=2.177  armed=True  vtol=4  batt=15.30V/50%
[offboard_node-2] [INFO] [1785262116.450271832] [offboard_node]: FOLLOWING tick=640 mode=OFFBOARD cte=-133.2m pos=[254.8,-133.2] tgt=[300.0,0.0] seg=254/300
[telemetry_node-1] [INFO] [1785262117.980668863] [telemetry_node]: pos_ned=[ 254.81915283 -133.2484436    -0.53095514]  yaw=2.180  armed=True  vtol=4  batt=15.30V/50%
[offboard_node-2] [INFO] [1785262118.450477638] [offboard_node]: FOLLOWING tick=660 mode=OFFBOARD cte=-133.3m pos=[254.8,-133.3] tgt=[300.0,0.0] seg=254/300
[telemetry_node-1] [INFO] [1785262119.980650794] [telemetry_node]: pos_ned=[ 254.82487488 -133.23217773   -0.51715338]  yaw=2.182  armed=True  vtol=4  batt=15.30V/50%
[offboard_node-2] [INFO] [1785262120.452113027] [offboard_node]: FOLLOWING tick=680 mode=OFFBOARD cte=-133.2m pos=[254.8,-133.2] tgt=[300.0,0.0] seg=254/300
[telemetry_node-1] [INFO] [1785262121.980508897] [telemetry_node]: pos_ned=[ 254.84046936 -133.18797302   -0.48711234]  yaw=2.185  armed=True  vtol=4  batt=15.30V/50%
[offboard_node-2] [INFO] [1785262122.450599879] [offboard_node]: FOLLOWING tick=700 mode=OFFBOARD cte=-133.2m pos=[254.8,-133.2] tgt=[300.0,0.0] seg=254/300
[telemetry_node-1] [INFO] [1785262123.980571874] [telemetry_node]: pos_ned=[ 254.83164978 -133.21600342   -0.5059399 ]  yaw=2.188  armed=True  vtol=4  batt=15.30V/50%
[offboard_node-2] [INFO] [1785262124.450597841] [offboard_node]: FOLLOWING tick=720 mode=OFFBOARD cte=-133.2m pos=[254.8,-133.2] tgt=[300.0,0.0] seg=254/300
[telemetry_node-1] [INFO] [1785262125.981011799] [telemetry_node]: pos_ned=[ 254.81874084 -133.24205017   -0.53489619]  yaw=2.190  armed=True  vtol=4  batt=15.30V/50%
[offboard_node-2] [INFO] [1785262126.450313527] [offboard_node]: FOLLOWING tick=740 mode=OFFBOARD cte=-133.2m pos=[254.8,-133.2] tgt=[300.0,0.0] seg=254/300
[telemetry_node-1] [INFO] [1785262127.980874560] [telemetry_node]: pos_ned=[ 254.85289001 -133.24905396   -0.53819436]  yaw=2.193  armed=True  vtol=4  batt=15.30V/50%
[offboard_node-2] [INFO] [1785262128.450463750] [offboard_node]: FOLLOWING tick=760 mode=OFFBOARD cte=-133.2m pos=[254.9,-133.2] tgt=[300.0,0.0] seg=254/300
[telemetry_node-1] [INFO] [1785262129.980944359] [telemetry_node]: pos_ned=[ 254.86669922 -133.24621582   -0.57668191]  yaw=2.195  armed=True  vtol=4  batt=15.30V/50%
[offboard_node-2] [INFO] [1785262130.450945744] [offboard_node]: FOLLOWING tick=780 mode=OFFBOARD cte=-133.2m pos=[254.9,-133.2] tgt=[300.0,0.0] seg=254/300
[telemetry_node-1] [INFO] [1785262131.981287271] [telemetry_node]: pos_ned=[ 254.84735107 -133.23080444   -0.58009577]  yaw=2.197  armed=True  vtol=4  batt=15.30V/50%
[offboard_node-2] [INFO] [1785262132.451571412] [offboard_node]: FOLLOWING tick=800 mode=OFFBOARD cte=-133.2m pos=[254.8,-133.2] tgt=[300.0,0.0] seg=254/300
[telemetry_node-1] [INFO] [1785262133.980566719] [telemetry_node]: pos_ned=[ 254.85275269 -133.24185181   -0.59774816]  yaw=2.199  armed=True  vtol=4  batt=15.30V/50%
[offboard_node-2] [INFO] [1785262134.450479312] [offboard_node]: FOLLOWING tick=820 mode=OFFBOARD cte=-133.2m pos=[254.9,-133.2] tgt=[300.0,0.0] seg=254/300
[telemetry_node-1] [INFO] [1785262135.981148837] [telemetry_node]: pos_ned=[ 254.854599   -133.23316956   -0.60857522]  yaw=2.201  armed=True  vtol=4  batt=15.30V/50%
[offboard_node-2] [INFO] [1785262136.451335102] [offboard_node]: FOLLOWING tick=840 mode=OFFBOARD cte=-133.2m pos=[254.9,-133.2] tgt=[300.0,0.0] seg=254/300
[telemetry_node-1] [INFO] [1785262137.980913782] [telemetry_node]: pos_ned=[ 254.86772156 -133.26116943   -0.60783452]  yaw=2.202  armed=True  vtol=4  batt=15.30V/50%
[offboard_node-2] [INFO] [1785262138.450431418] [offboard_node]: FOLLOWING tick=860 mode=OFFBOARD cte=-133.3m pos=[254.9,-133.3] tgt=[300.0,0.0] seg=254/300
[telemetry_node-1] [INFO] [1785262139.980656628] [telemetry_node]: pos_ned=[ 254.8782196  -133.25741577   -0.60467291]  yaw=2.203  armed=True  vtol=4  batt=15.30V/50%
[offboard_node-2] [INFO] [1785262140.450484469] [offboard_node]: FOLLOWING tick=880 mode=OFFBOARD cte=-133.2m pos=[254.9,-133.2] tgt=[300.0,0.0] seg=254/300
[telemetry_node-1] [INFO] [1785262142.804457927] [telemetry_node]: pos_ned=[ 254.87866211 -133.23820496   -0.60335523]  yaw=2.204  armed=True  vtol=4  batt=15.30V/50%
[telemetry_node-1] [INFO] [1785262143.980716272] [telemetry_node]: pos_ned=[ 254.88522339 -133.24266052   -0.59764975]  yaw=2.204  armed=True  vtol=4  batt=15.30V/50%
[offboard_node-2] [INFO] [1785262144.150997110] [offboard_node]: FOLLOWING tick=900 mode=OFFBOARD cte=-133.2m pos=[254.9,-133.2] tgt=[300.0,0.0] seg=254/300
[telemetry_node-1] [INFO] [1785262145.981059014] [telemetry_node]: pos_ned=[ 254.87954712 -133.29071045   -0.57370734]  yaw=2.205  armed=True  vtol=4  batt=15.30V/50%
[offboard_node-2] [INFO] [1785262146.150613683] [offboard_node]: FOLLOWING tick=920 mode=OFFBOARD cte=-133.3m pos=[254.9,-133.3] tgt=[300.0,0.0] seg=254/300
[telemetry_node-1] [INFO] [1785262147.980651076] [telemetry_node]: pos_ned=[ 254.86994934 -133.27687073   -0.55754381]  yaw=2.205  armed=True  vtol=4  batt=15.30V/50%
[offboard_node-2] [INFO] [1785262148.150530826] [offboard_node]: FOLLOWING tick=940 mode=OFFBOARD cte=-133.3m pos=[254.9,-133.3] tgt=[300.0,0.0] seg=254/300
[telemetry_node-1] [INFO] [1785262149.980652308] [telemetry_node]: pos_ned=[ 254.86134338 -133.25968933   -0.53261375]  yaw=2.206  armed=True  vtol=4  batt=15.30V/50%
[offboard_node-2] [INFO] [1785262150.151363766] [offboard_node]: FOLLOWING tick=960 mode=OFFBOARD cte=-133.3m pos=[254.9,-133.3] tgt=[300.0,0.0] seg=254/300
[telemetry_node-1] [INFO] [1785262151.980661738] [telemetry_node]: pos_ned=[ 254.86764526 -133.27151489   -0.50737834]  yaw=2.206  armed=True  vtol=4  batt=15.30V/50%
[offboard_node-2] [INFO] [1785262152.150821405] [offboard_node]: FOLLOWING tick=980 mode=OFFBOARD cte=-133.3m pos=[254.9,-133.3] tgt=[300.0,0.0] seg=254/300
[telemetry_node-1] [INFO] [1785262153.980709835] [telemetry_node]: pos_ned=[ 254.87771606 -133.28683472   -0.46018732]  yaw=2.206  armed=True  vtol=4  batt=15.30V/50%
[offboard_node-2] [INFO] [1785262154.150675981] [offboard_node]: FOLLOWING tick=1000 mode=OFFBOARD cte=-133.3m pos=[254.9,-133.3] tgt=[300.0,0.0] seg=254/300
[telemetry_node-1] [INFO] [1785262155.981730023] [telemetry_node]: pos_ned=[ 254.87117004 -133.2631073    -0.42614239]  yaw=2.206  armed=True  vtol=4  batt=15.30V/50%
[offboard_node-2] [INFO] [1785262156.151408821] [offboard_node]: FOLLOWING tick=1020 mode=OFFBOARD cte=-133.3m pos=[254.9,-133.3] tgt=[300.0,0.0] seg=254/300
[telemetry_node-1] [INFO] [1785262157.980520615] [telemetry_node]: pos_ned=[ 254.87594604 -133.28367615   -0.37734979]  yaw=2.206  armed=True  vtol=4  batt=15.30V/50%
[offboard_node-2] [INFO] [1785262158.152636817] [offboard_node]: FOLLOWING tick=1040 mode=OFFBOARD cte=-133.3m pos=[254.9,-133.3] tgt=[300.0,0.0] seg=254/300
[telemetry_node-1] [INFO] [1785262159.980451596] [telemetry_node]: pos_ned=[ 254.87779236 -133.26399231   -0.33438873]  yaw=2.206  armed=True  vtol=4  batt=15.30V/50%
[offboard_node-2] [INFO] [1785262160.151116866] [offboard_node]: FOLLOWING tick=1060 mode=OFFBOARD cte=-133.3m pos=[254.9,-133.3] tgt=[300.0,0.0] seg=254/300
[telemetry_node-1] [INFO] [1785262161.980736147] [telemetry_node]: pos_ned=[ 254.8427124  -133.27789307   -0.33135718]  yaw=2.205  armed=True  vtol=4  batt=15.30V/50%
[offboard_node-2] [INFO] [1785262162.157588782] [offboard_node]: FOLLOWING tick=1080 mode=OFFBOARD cte=-133.3m pos=[254.8,-133.3] tgt=[300.0,0.0] seg=254/300
[telemetry_node-1] [INFO] [1785262163.980458484] [telemetry_node]: pos_ned=[ 254.84425354 -133.26963806   -0.34801865]  yaw=2.205  armed=True  vtol=4  batt=15.30V/50%
[offboard_node-2] [INFO] [1785262164.151757065] [offboard_node]: FOLLOWING tick=1100 mode=OFFBOARD cte=-133.3m pos=[254.8,-133.3] tgt=[300.0,0.0] seg=254/300
[telemetry_node-1] [INFO] [1785262165.980431964] [telemetry_node]: pos_ned=[ 254.82725525 -133.27081299   -0.32641381]  yaw=2.204  armed=True  vtol=4  batt=15.30V/50%
[offboard_node-2] [INFO] [1785262166.151171991] [offboard_node]: FOLLOWING tick=1120 mode=OFFBOARD cte=-133.3m pos=[254.8,-133.3] tgt=[300.0,0.0] seg=254/300
[telemetry_node-1] [INFO] [1785262167.980653524] [telemetry_node]: pos_ned=[ 254.83207703 -133.27557373   -0.35739148]  yaw=2.203  armed=True  vtol=4  batt=15.30V/50%
[offboard_node-2] [INFO] [1785262168.150294026] [offboard_node]: FOLLOWING tick=1140 mode=OFFBOARD cte=-133.3m pos=[254.8,-133.3] tgt=[300.0,0.0] seg=254/300
[telemetry_node-1] [INFO] [1785262169.980830999] [telemetry_node]: pos_ned=[ 254.85475159 -133.25331116   -0.37419719]  yaw=2.202  armed=True  vtol=4  batt=15.30V/50%
[offboard_node-2] [INFO] [1785262170.151098280] [offboard_node]: FOLLOWING tick=1160 mode=OFFBOARD cte=-133.3m pos=[254.9,-133.3] tgt=[300.0,0.0] seg=254/300
[telemetry_node-1] [INFO] [1785262171.980875039] [telemetry_node]: pos_ned=[ 254.8735199  -133.25610352   -0.40651947]  yaw=2.201  armed=True  vtol=4  batt=15.30V/50%
[offboard_node-2] [INFO] [1785262172.150612572] [offboard_node]: FOLLOWING tick=1180 mode=OFFBOARD cte=-133.3m pos=[254.9,-133.3] tgt=[300.0,0.0] seg=254/300
[telemetry_node-1] [INFO] [1785262173.980672625] [telemetry_node]: pos_ned=[ 254.88441467 -133.2454071    -0.45693207]  yaw=2.200  armed=True  vtol=4  batt=15.30V/50%
[offboard_node-2] [INFO] [1785262174.151347274] [offboard_node]: FOLLOWING tick=1200 mode=OFFBOARD cte=-133.2m pos=[254.9,-133.2] tgt=[300.0,0.0] seg=254/300
[telemetry_node-1] [INFO] [1785262176.839552819] [telemetry_node]: pos_ned=[ 254.87516785 -133.25421143   -0.44703132]  yaw=2.200  armed=True  vtol=4  batt=15.30V/50%
[offboard_node-2] [INFO] [1785262177.750824870] [offboard_node]: FOLLOWING tick=1220 mode=OFFBOARD cte=-133.3m pos=[254.9,-133.3] tgt=[300.0,0.0] seg=254/300
[telemetry_node-1] [INFO] [1785262177.980514350] [telemetry_node]: pos_ned=[ 254.87467957 -133.26205444   -0.43645883]  yaw=2.199  armed=True  vtol=4  batt=15.30V/50%
[offboard_node-2] [INFO] [1785262179.752581896] [offboard_node]: FOLLOWING tick=1240 mode=OFFBOARD cte=-133.3m pos=[254.9,-133.3] tgt=[300.0,0.0] seg=254/300
[telemetry_node-1] [INFO] [1785262179.981041719] [telemetry_node]: pos_ned=[ 254.87980652 -133.26596069   -0.40714967]  yaw=2.199  armed=True  vtol=4  batt=15.30V/50%
[offboard_node-2] [INFO] [1785262181.751273259] [offboard_node]: FOLLOWING tick=1260 mode=OFFBOARD cte=-133.3m pos=[254.9,-133.3] tgt=[300.0,0.0] seg=254/300
[telemetry_node-1] [INFO] [1785262181.980798827] [telemetry_node]: pos_ned=[ 254.86190796 -133.26599121   -0.38654721]  yaw=2.199  armed=True  vtol=4  batt=15.30V/50%
[offboard_node-2] [INFO] [1785262183.752383344] [offboard_node]: FOLLOWING tick=1280 mode=OFFBOARD cte=-133.3m pos=[254.9,-133.3] tgt=[300.0,0.0] seg=254/300
[telemetry_node-1] [INFO] [1785262183.980710179] [telemetry_node]: pos_ned=[ 254.87110901 -133.28826904   -0.37649357]  yaw=2.200  armed=True  vtol=4  batt=15.30V/50%
[offboard_node-2] [INFO] [1785262185.752440500] [offboard_node]: FOLLOWING tick=1300 mode=OFFBOARD cte=-133.3m pos=[254.9,-133.3] tgt=[300.0,0.0] seg=254/300
[telemetry_node-1] [INFO] [1785262185.981151900] [telemetry_node]: pos_ned=[ 254.87359619 -133.27101135   -0.38613808]  yaw=2.200  armed=True  vtol=4  batt=15.30V/50%
[offboard_node-2] [INFO] [1785262187.751772352] [offboard_node]: FOLLOWING tick=1320 mode=OFFBOARD cte=-133.3m pos=[254.9,-133.3] tgt=[300.0,0.0] seg=254/300
[telemetry_node-1] [INFO] [1785262187.980769751] [telemetry_node]: pos_ned=[ 254.85752869 -133.25836182   -0.39906979]  yaw=2.200  armed=True  vtol=4  batt=15.30V/50%
[offboard_node-2] [INFO] [1785262189.751114769] [offboard_node]: FOLLOWING tick=1340 mode=OFFBOARD cte=-133.2m pos=[254.9,-133.2] tgt=[300.0,0.0] seg=254/300
[telemetry_node-1] [INFO] [1785262189.980459072] [telemetry_node]: pos_ned=[ 254.87794495 -133.24612427   -0.4260124 ]  yaw=2.200  armed=True  vtol=4  batt=15.30V/50%
[offboard_node-2] [INFO] [1785262191.750625144] [offboard_node]: FOLLOWING tick=1360 mode=OFFBOARD cte=-133.3m pos=[254.9,-133.3] tgt=[300.0,0.0] seg=254/300
[telemetry_node-1] [INFO] [1785262191.980636025] [telemetry_node]: pos_ned=[ 254.87120056 -133.2492981    -0.48015529]  yaw=2.200  armed=True  vtol=4  batt=15.30V/50%
[offboard_node-2] [INFO] [1785262193.751271868] [offboard_node]: FOLLOWING tick=1380 mode=OFFBOARD cte=-133.2m pos=[254.9,-133.2] tgt=[300.0,0.0] seg=254/300
[telemetry_node-1] [INFO] [1785262193.980412355] [telemetry_node]: pos_ned=[ 254.86376953 -133.24111938   -0.49604952]  yaw=2.199  armed=True  vtol=4  batt=15.30V/50%
[offboard_node-2] [INFO] [1785262195.750574666] [offboard_node]: FOLLOWING tick=1400 mode=OFFBOARD cte=-133.3m pos=[254.9,-133.3] tgt=[300.0,0.0] seg=254/300
[telemetry_node-1] [INFO] [1785262195.980502288] [telemetry_node]: pos_ned=[ 254.8682251  -133.27180481   -0.47583383]  yaw=2.198  armed=True  vtol=4  batt=15.30V/50%
[offboard_node-2] [INFO] [1785262197.750275434] [offboard_node]: FOLLOWING tick=1420 mode=OFFBOARD cte=-133.3m pos=[254.9,-133.3] tgt=[300.0,0.0] seg=254/300
[telemetry_node-1] [INFO] [1785262197.980443058] [telemetry_node]: pos_ned=[ 254.88175964 -133.26766968   -0.45017177]  yaw=2.198  armed=True  vtol=4  batt=15.30V/50%
[offboard_node-2] [INFO] [1785262199.750814125] [offboard_node]: FOLLOWING tick=1440 mode=OFFBOARD cte=-133.3m pos=[254.9,-133.3] tgt=[300.0,0.0] seg=254/300
[telemetry_node-1] [INFO] [1785262199.980555064] [telemetry_node]: pos_ned=[ 254.88082886 -133.27944946   -0.41252726]  yaw=2.197  armed=True  vtol=4  batt=15.30V/50%
[offboard_node-2] [INFO] [1785262201.750937386] [offboard_node]: FOLLOWING tick=1460 mode=OFFBOARD cte=-133.2m pos=[254.9,-133.2] tgt=[300.0,0.0] seg=254/300
[telemetry_node-1] [INFO] [1785262201.980518923] [telemetry_node]: pos_ned=[ 254.90870667 -133.24275208   -0.36137682]  yaw=2.197  armed=True  vtol=4  batt=15.30V/50%
[offboard_node-2] [INFO] [1785262203.751325844] [offboard_node]: FOLLOWING tick=1480 mode=OFFBOARD cte=-133.2m pos=[254.9,-133.2] tgt=[300.0,0.0] seg=254/300
[telemetry_node-1] [INFO] [1785262203.980702544] [telemetry_node]: pos_ned=[ 254.86175537 -133.241745     -0.31750071]  yaw=2.197  armed=True  vtol=4  batt=15.30V/50%
[offboard_node-2] [INFO] [1785262205.750174847] [offboard_node]: FOLLOWING tick=1500 mode=OFFBOARD cte=-133.3m pos=[254.9,-133.3] tgt=[300.0,0.0] seg=254/300
[telemetry_node-1] [INFO] [1785262205.980613165] [telemetry_node]: pos_ned=[ 254.87628174 -133.24737549   -0.27486378]  yaw=2.197  armed=True  vtol=4  batt=15.30V/50%
[offboard_node-2] [INFO] [1785262207.750722247] [offboard_node]: FOLLOWING tick=1520 mode=OFFBOARD cte=-133.3m pos=[254.9,-133.3] tgt=[300.0,0.0] seg=254/300
[telemetry_node-1] [INFO] [1785262207.980864915] [telemetry_node]: pos_ned=[ 2.54862381e+02 -1.33286240e+02 -2.24386483e-01]  yaw=2.197  armed=True  vtol=4  batt=15.30V/50%
[telemetry_node-1] [INFO] [1785262210.867879610] [telemetry_node]: pos_ned=[ 2.54856369e+02 -1.33276031e+02 -2.05294386e-01]  yaw=2.197  armed=True  vtol=4  batt=15.30V/50%
[offboard_node-2] [INFO] [1785262211.451205984] [offboard_node]: FOLLOWING tick=1540 mode=OFFBOARD cte=-133.3m pos=[254.9,-133.3] tgt=[300.0,0.0] seg=254/300
[telemetry_node-1] [INFO] [1785262211.980637999] [telemetry_node]: pos_ned=[ 2.54876495e+02 -1.33250916e+02 -2.08381668e-01]  yaw=2.197  armed=True  vtol=4  batt=15.30V/50%
[offboard_node-2] [INFO] [1785262213.452162718] [offboard_node]: FOLLOWING tick=1560 mode=OFFBOARD cte=-133.2m pos=[254.9,-133.2] tgt=[300.0,0.0] seg=254/300
[telemetry_node-1] [INFO] [1785262213.981225401] [telemetry_node]: pos_ned=[ 2.54896530e+02 -1.33226654e+02 -1.96462139e-01]  yaw=2.198  armed=True  vtol=4  batt=15.30V/50%
[offboard_node-2] [INFO] [1785262215.451212729] [offboard_node]: FOLLOWING tick=1580 mode=OFFBOARD cte=-133.2m pos=[254.9,-133.2] tgt=[300.0,0.0] seg=254/300
[telemetry_node-1] [INFO] [1785262215.980764070] [telemetry_node]: pos_ned=[ 2.54904343e+02 -1.33244125e+02 -1.92217946e-01]  yaw=2.198  armed=True  vtol=4  batt=15.30V/50%
[offboard_node-2] [INFO] [1785262217.450526359] [offboard_node]: FOLLOWING tick=1600 mode=OFFBOARD cte=-133.3m pos=[254.9,-133.3] tgt=[300.0,0.0] seg=254/300
[telemetry_node-1] [INFO] [1785262217.980737710] [telemetry_node]: pos_ned=[ 2.54878143e+02 -1.33275208e+02 -1.54067069e-01]  yaw=2.198  armed=True  vtol=4  batt=15.30V/50%
[offboard_node-2] [INFO] [1785262219.451552105] [offboard_node]: FOLLOWING tick=1620 mode=OFFBOARD cte=-133.3m pos=[254.9,-133.3] tgt=[300.0,0.0] seg=254/300
[telemetry_node-1] [INFO] [1785262219.980770440] [telemetry_node]: pos_ned=[ 2.54857864e+02 -1.33287476e+02 -1.01917669e-01]  yaw=2.198  armed=True  vtol=4  batt=15.30V/50%
[offboard_node-2] [INFO] [1785262221.451557430] [offboard_node]: FOLLOWING tick=1640 mode=OFFBOARD cte=-133.3m pos=[254.9,-133.3] tgt=[300.0,0.0] seg=254/300
[telemetry_node-1] [INFO] [1785262221.980781638] [telemetry_node]: pos_ned=[ 2.54874298e+02 -1.33267822e+02 -6.26152381e-02]  yaw=2.198  armed=True  vtol=4  batt=15.30V/50%
[offboard_node-2] [INFO] [1785262223.450437857] [offboard_node]: FOLLOWING tick=1660 mode=OFFBOARD cte=-133.3m pos=[254.9,-133.3] tgt=[300.0,0.0] seg=254/300
[telemetry_node-1] [INFO] [1785262223.981099534] [telemetry_node]: pos_ned=[ 2.54877823e+02 -1.33255936e+02 -3.99935804e-02]  yaw=2.198  armed=True  vtol=4  batt=15.30V/50%
[offboard_node-2] [INFO] [1785262225.450437275] [offboard_node]: FOLLOWING tick=1680 mode=OFFBOARD cte=-133.3m pos=[254.9,-133.3] tgt=[300.0,0.0] seg=254/300
[telemetry_node-1] [INFO] [1785262225.980578922] [telemetry_node]: pos_ned=[ 2.54867996e+02 -1.33275314e+02 -4.98332530e-02]  yaw=2.197  armed=True  vtol=4  batt=15.30V/50%
[offboard_node-2] [INFO] [1785262227.451580596] [offboard_node]: FOLLOWING tick=1700 mode=OFFBOARD cte=-133.3m pos=[254.9,-133.3] tgt=[300.0,0.0] seg=254/300
[telemetry_node-1] [INFO] [1785262227.980775621] [telemetry_node]: pos_ned=[ 2.54871979e+02 -1.33280792e+02 -7.00579882e-02]  yaw=2.197  armed=True  vtol=4  batt=15.30V/50%
[offboard_node-2] [INFO] [1785262229.451202784] [offboard_node]: FOLLOWING tick=1720 mode=OFFBOARD cte=-133.3m pos=[254.9,-133.3] tgt=[300.0,0.0] seg=254/300
[telemetry_node-1] [INFO] [1785262229.980639033] [telemetry_node]: pos_ned=[ 2.54902725e+02 -1.33259872e+02 -9.64199230e-02]  yaw=2.196  armed=True  vtol=4  batt=15.30V/50%
[offboard_node-2] [INFO] [1785262231.451775893] [offboard_node]: FOLLOWING tick=1740 mode=OFFBOARD cte=-133.3m pos=[254.9,-133.3] tgt=[300.0,0.0] seg=254/300
[telemetry_node-1] [INFO] [1785262231.980560842] [telemetry_node]: pos_ned=[ 2.54869827e+02 -1.33265381e+02 -6.34345859e-02]  yaw=2.195  armed=True  vtol=4  batt=15.30V/50%
[offboard_node-2] [INFO] [1785262233.450543955] [offboard_node]: FOLLOWING tick=1760 mode=OFFBOARD cte=-133.3m pos=[254.9,-133.3] tgt=[300.0,0.0] seg=254/300
[telemetry_node-1] [INFO] [1785262233.981005431] [telemetry_node]: pos_ned=[ 2.54879639e+02 -1.33256439e+02 -3.06185819e-02]  yaw=2.194  armed=True  vtol=4  batt=15.30V/50%
[offboard_node-2] [INFO] [1785262235.454297577] [offboard_node]: FOLLOWING tick=1780 mode=OFFBOARD cte=-133.3m pos=[254.9,-133.3] tgt=[300.0,0.0] seg=254/300
[telemetry_node-1] [INFO] [1785262235.980676782] [telemetry_node]: pos_ned=[ 2.54883347e+02 -1.33285767e+02 -1.83098204e-02]  yaw=2.194  armed=True  vtol=4  batt=15.30V/50%
[offboard_node-2] [INFO] [1785262237.451069100] [offboard_node]: FOLLOWING tick=1800 mode=OFFBOARD cte=-133.3m pos=[254.9,-133.3] tgt=[300.0,0.0] seg=254/300
[telemetry_node-1] [INFO] [1785262237.980618185] [telemetry_node]: pos_ned=[ 2.54903595e+02 -1.33270462e+02  2.74085253e-03]  yaw=2.193  armed=True  vtol=4  batt=15.30V/50%
[offboard_node-2] [INFO] [1785262239.451416309] [offboard_node]: FOLLOWING tick=1820 mode=OFFBOARD cte=-133.3m pos=[254.9,-133.3] tgt=[300.0,0.0] seg=254/300
[telemetry_node-1] [INFO] [1785262239.981176801] [telemetry_node]: pos_ned=[ 2.54907150e+02 -1.33253067e+02  2.33078599e-02]  yaw=2.193  armed=True  vtol=4  batt=15.30V/50%
[offboard_node-2] [INFO] [1785262241.450695663] [offboard_node]: FOLLOWING tick=1840 mode=OFFBOARD cte=-133.2m pos=[254.9,-133.2] tgt=[300.0,0.0] seg=254/300
[telemetry_node-1] [INFO] [1785262241.980786109] [telemetry_node]: pos_ned=[ 2.54897919e+02 -1.33254150e+02  2.66476795e-02]  yaw=2.193  armed=True  vtol=4  batt=15.30V/50%
[telemetry_node-1] [INFO] [1785262244.885342707] [telemetry_node]: pos_ned=[ 2.54884796e+02 -1.33258560e+02  2.52184868e-02]  yaw=2.193  armed=True  vtol=4  batt=15.30V/50%
[offboard_node-2] [INFO] [1785262245.051109858] [offboard_node]: FOLLOWING tick=1860 mode=OFFBOARD cte=-133.3m pos=[254.9,-133.3] tgt=[300.0,0.0] seg=254/300
[telemetry_node-1] [INFO] [1785262245.980739319] [telemetry_node]: pos_ned=[ 2.54866531e+02 -1.33261414e+02  9.80357081e-02]  yaw=2.192  armed=True  vtol=4  batt=15.30V/50%
[offboard_node-2] [INFO] [1785262247.053163541] [offboard_node]: FOLLOWING tick=1880 mode=OFFBOARD cte=-133.3m pos=[254.9,-133.3] tgt=[300.0,0.0] seg=254/300
[telemetry_node-1] [INFO] [1785262247.980926777] [telemetry_node]: pos_ned=[ 2.54875183e+02 -1.33265350e+02  1.24391183e-01]  yaw=2.192  armed=True  vtol=4  batt=15.30V/50%
[offboard_node-2] [INFO] [1785262249.050740667] [offboard_node]: FOLLOWING tick=1900 mode=OFFBOARD cte=-133.3m pos=[254.9,-133.3] tgt=[300.0,0.0] seg=254/300
[telemetry_node-1] [INFO] [1785262249.980744582] [telemetry_node]: pos_ned=[ 2.54897095e+02 -1.33275406e+02  9.98245627e-02]  yaw=2.191  armed=True  vtol=4  batt=15.30V/50%
[offboard_node-2] [INFO] [1785262251.050789330] [offboard_node]: FOLLOWING tick=1920 mode=OFFBOARD cte=-133.3m pos=[254.9,-133.3] tgt=[300.0,0.0] seg=254/300
[telemetry_node-1] [INFO] [1785262251.981628983] [telemetry_node]: pos_ned=[ 2.54891800e+02 -1.33285172e+02  8.92052799e-02]  yaw=2.191  armed=True  vtol=4  batt=15.30V/50%
[offboard_node-2] [INFO] [1785262253.051752462] [offboard_node]: FOLLOWING tick=1940 mode=OFFBOARD cte=-133.3m pos=[254.9,-133.3] tgt=[300.0,0.0] seg=254/300
[telemetry_node-1] [INFO] [1785262253.980394782] [telemetry_node]: pos_ned=[ 2.54871689e+02 -1.33268997e+02  3.87422293e-02]  yaw=2.191  armed=True  vtol=4  batt=15.30V/50%
[offboard_node-2] [INFO] [1785262255.051162858] [offboard_node]: FOLLOWING tick=1960 mode=OFFBOARD cte=-133.3m pos=[254.9,-133.3] tgt=[300.0,0.0] seg=254/300
[telemetry_node-1] [INFO] [1785262255.980429156] [telemetry_node]: pos_ned=[ 2.54916245e+02 -1.33262329e+02  1.33697093e-02]  yaw=2.190  armed=True  vtol=4  batt=15.30V/50%
[offboard_node-2] [INFO] [1785262257.051068004] [offboard_node]: FOLLOWING tick=1980 mode=OFFBOARD cte=-133.3m pos=[254.9,-133.3] tgt=[300.0,0.0] seg=254/300
[telemetry_node-1] [INFO] [1785262257.980983870] [telemetry_node]: pos_ned=[ 2.54917831e+02 -1.33286224e+02 -8.77327472e-03]  yaw=2.189  armed=True  vtol=4  batt=15.30V/50%
[offboard_node-2] [INFO] [1785262259.052616207] [offboard_node]: FOLLOWING tick=2000 mode=OFFBOARD cte=-133.3m pos=[254.9,-133.3] tgt=[300.0,0.0] seg=254/300
[telemetry_node-1] [INFO] [1785262259.981178381] [telemetry_node]: pos_ned=[ 2.54898376e+02 -1.33265594e+02  2.94161215e-02]  yaw=2.188  armed=True  vtol=4  batt=15.30V/50%
[offboard_node-2] [INFO] [1785262261.049988303] [offboard_node]: FOLLOWING tick=2020 mode=OFFBOARD cte=-133.3m pos=[254.9,-133.3] tgt=[300.0,0.0] seg=254/300
[telemetry_node-1] [INFO] [1785262261.980669003] [telemetry_node]: pos_ned=[ 2.54908096e+02 -1.33264999e+02  7.13042021e-02]  yaw=2.188  armed=True  vtol=4  batt=15.30V/50%
[offboard_node-2] [INFO] [1785262263.050981628] [offboard_node]: FOLLOWING tick=2040 mode=OFFBOARD cte=-133.2m pos=[254.9,-133.2] tgt=[300.0,0.0] seg=254/300
[telemetry_node-1] [INFO] [1785262263.980776060] [telemetry_node]: pos_ned=[ 2.54870544e+02 -1.33242676e+02  1.27852619e-01]  yaw=2.187  armed=True  vtol=4  batt=15.30V/50%
[offboard_node-2] [INFO] [1785262265.050971842] [offboard_node]: FOLLOWING tick=2060 mode=OFFBOARD cte=-133.2m pos=[254.9,-133.2] tgt=[300.0,0.0] seg=254/300
[telemetry_node-1] [INFO] [1785262265.980473388] [telemetry_node]: pos_ned=[ 2.54862671e+02 -1.33227905e+02  1.87332317e-01]  yaw=2.186  armed=True  vtol=4  batt=15.30V/50%
[offboard_node-2] [INFO] [1785262267.050468966] [offboard_node]: FOLLOWING tick=2080 mode=OFFBOARD cte=-133.2m pos=[254.8,-133.2] tgt=[300.0,0.0] seg=254/300
[telemetry_node-1] [INFO] [1785262267.980616995] [telemetry_node]: pos_ned=[ 2.54837494e+02 -1.33260239e+02  2.31917694e-01]  yaw=2.185  armed=True  vtol=4  batt=15.30V/50%
[offboard_node-2] [INFO] [1785262269.051058587] [offboard_node]: FOLLOWING tick=2100 mode=OFFBOARD cte=-133.2m pos=[254.9,-133.2] tgt=[300.0,0.0] seg=254/300
[telemetry_node-1] [INFO] [1785262269.980498985] [telemetry_node]: pos_ned=[ 254.8928833  -133.25469971    0.27012491]  yaw=2.184  armed=True  vtol=4  batt=15.30V/50%
[offboard_node-2] [INFO] [1785262271.051413966] [offboard_node]: FOLLOWING tick=2120 mode=OFFBOARD cte=-133.3m pos=[254.9,-133.3] tgt=[300.0,0.0] seg=254/300
[telemetry_node-1] [INFO] [1785262271.980514768] [telemetry_node]: pos_ned=[ 254.88336182 -133.27116394    0.29616004]  yaw=2.183  armed=True  vtol=4  batt=15.30V/50%
[offboard_node-2] [INFO] [1785262273.050736394] [offboard_node]: FOLLOWING tick=2140 mode=OFFBOARD cte=-133.3m pos=[254.9,-133.3] tgt=[300.0,0.0] seg=254/300
[telemetry_node-1] [INFO] [1785262273.980615481] [telemetry_node]: pos_ned=[ 254.87820435 -133.28369141    0.2937873 ]  yaw=2.182  armed=True  vtol=4  batt=15.30V/50%
[offboard_node-2] [INFO] [1785262275.050901813] [offboard_node]: FOLLOWING tick=2160 mode=OFFBOARD cte=-133.3m pos=[254.9,-133.3] tgt=[300.0,0.0] seg=254/300
[telemetry_node-1] [INFO] [1785262275.980650585] [telemetry_node]: pos_ned=[ 254.91697693 -133.29177856    0.29773253]  yaw=2.182  armed=True  vtol=4  batt=15.30V/50%
[offboard_node-2] [INFO] [1785262277.055101864] [offboard_node]: FOLLOWING tick=2180 mode=OFFBOARD cte=-133.3m pos=[254.9,-133.3] tgt=[300.0,0.0] seg=254/300
[telemetry_node-1] [INFO] [1785262278.843235372] [telemetry_node]: pos_ned=[ 254.90666199 -133.29934692    0.28225678]  yaw=2.182  armed=True  vtol=4  batt=15.30V/50%
[telemetry_node-1] [INFO] [1785262279.980508897] [telemetry_node]: pos_ned=[ 254.90437317 -133.27284241    0.27504295]  yaw=2.182  armed=True  vtol=4  batt=15.30V/50%
[offboard_node-2] [INFO] [1785262280.653047179] [offboard_node]: FOLLOWING tick=2200 mode=OFFBOARD cte=-133.3m pos=[254.9,-133.3] tgt=[300.0,0.0] seg=254/300
[telemetry_node-1] [INFO] [1785262281.980704330] [telemetry_node]: pos_ned=[ 254.88246155 -133.26275635    0.27522731]  yaw=2.181  armed=True  vtol=4  batt=15.30V/50%
[offboard_node-2] [INFO] [1785262282.651112628] [offboard_node]: FOLLOWING tick=2220 mode=OFFBOARD cte=-133.3m pos=[254.9,-133.3] tgt=[300.0,0.0] seg=254/300
[telemetry_node-1] [INFO] [1785262283.980636180] [telemetry_node]: pos_ned=[ 254.87277222 -133.26654053    0.28591776]  yaw=2.180  armed=True  vtol=4  batt=15.30V/50%
[offboard_node-2] [INFO] [1785262284.651180570] [offboard_node]: FOLLOWING tick=2240 mode=OFFBOARD cte=-133.3m pos=[254.9,-133.3] tgt=[300.0,0.0] seg=254/300
[telemetry_node-1] [INFO] [1785262285.980578242] [telemetry_node]: pos_ned=[ 254.88919067 -133.26908875    0.31474173]  yaw=2.180  armed=True  vtol=4  batt=15.30V/50%
[offboard_node-2] [INFO] [1785262286.650655372] [offboard_node]: FOLLOWING tick=2260 mode=OFFBOARD cte=-133.3m pos=[254.9,-133.3] tgt=[300.0,0.0] seg=254/300
[telemetry_node-1] [INFO] [1785262287.980526323] [telemetry_node]: pos_ned=[ 254.87522888 -133.25274658    0.30165851]  yaw=2.180  armed=True  vtol=4  batt=15.30V/50%
[offboard_node-2] [INFO] [1785262288.650624239] [offboard_node]: FOLLOWING tick=2280 mode=OFFBOARD cte=-133.3m pos=[254.9,-133.3] tgt=[300.0,0.0] seg=254/300
[telemetry_node-1] [INFO] [1785262289.980473854] [telemetry_node]: pos_ned=[ 254.89920044 -133.25138855    0.2808044 ]  yaw=2.179  armed=True  vtol=4  batt=15.30V/50%
[offboard_node-2] [INFO] [1785262290.651140004] [offboard_node]: FOLLOWING tick=2300 mode=OFFBOARD cte=-133.3m pos=[254.9,-133.3] tgt=[300.0,0.0] seg=254/300
[telemetry_node-1] [INFO] [1785262291.980534961] [telemetry_node]: pos_ned=[ 254.87290955 -133.26235962    0.27590626]  yaw=2.178  armed=True  vtol=4  batt=15.30V/50%
[offboard_node-2] [INFO] [1785262292.651431249] [offboard_node]: FOLLOWING tick=2320 mode=OFFBOARD cte=-133.3m pos=[254.9,-133.3] tgt=[300.0,0.0] seg=254/300
[telemetry_node-1] [INFO] [1785262293.980782062] [telemetry_node]: pos_ned=[ 254.85388184 -133.25987244    0.27312064]  yaw=2.178  armed=True  vtol=4  batt=15.30V/50%
[offboard_node-2] [INFO] [1785262294.650466807] [offboard_node]: FOLLOWING tick=2340 mode=OFFBOARD cte=-133.2m pos=[254.8,-133.2] tgt=[300.0,0.0] seg=254/300
[telemetry_node-1] [INFO] [1785262295.980675689] [telemetry_node]: pos_ned=[ 254.83096313 -133.22773743    0.30042911]  yaw=2.177  armed=True  vtol=4  batt=15.30V/50%
[offboard_node-2] [INFO] [1785262296.651039366] [offboard_node]: FOLLOWING tick=2360 mode=OFFBOARD cte=-133.2m pos=[254.8,-133.2] tgt=[300.0,0.0] seg=254/300
[telemetry_node-1] [INFO] [1785262297.980707970] [telemetry_node]: pos_ned=[ 254.83815002 -133.22685242    0.28958774]  yaw=2.176  armed=True  vtol=4  batt=15.30V/50%
[offboard_node-2] [INFO] [1785262298.651691918] [offboard_node]: FOLLOWING tick=2380 mode=OFFBOARD cte=-133.2m pos=[254.8,-133.2] tgt=[300.0,0.0] seg=254/300
[telemetry_node-1] [INFO] [1785262299.981053983] [telemetry_node]: pos_ned=[ 254.85346985 -133.25134277    0.26554698]  yaw=2.175  armed=True  vtol=4  batt=15.30V/50%
[offboard_node-2] [INFO] [1785262300.651277738] [offboard_node]: FOLLOWING tick=2400 mode=OFFBOARD cte=-133.3m pos=[254.9,-133.3] tgt=[300.0,0.0] seg=254/300
[telemetry_node-1] [INFO] [1785262301.980437078] [telemetry_node]: pos_ned=[ 254.88070679 -133.24028015    0.28166407]  yaw=2.175  armed=True  vtol=4  batt=15.30V/50%
[offboard_node-2] [INFO] [1785262302.651475886] [offboard_node]: FOLLOWING tick=2420 mode=OFFBOARD cte=-133.2m pos=[254.9,-133.2] tgt=[300.0,0.0] seg=254/300
[telemetry_node-1] [INFO] [1785262303.980550704] [telemetry_node]: pos_ned=[ 254.8621521  -133.26234436    0.29453093]  yaw=2.174  armed=True  vtol=4  batt=15.30V/50%
[offboard_node-2] [INFO] [1785262304.650402125] [offboard_node]: FOLLOWING tick=2440 mode=OFFBOARD cte=-133.3m pos=[254.9,-133.3] tgt=[300.0,0.0] seg=254/300
[telemetry_node-1] [INFO] [1785262305.980608165] [telemetry_node]: pos_ned=[ 254.87805176 -133.26387024    0.33158779]  yaw=2.173  armed=True  vtol=4  batt=15.30V/50%
[offboard_node-2] [INFO] [1785262306.650194850] [offboard_node]: FOLLOWING tick=2460 mode=OFFBOARD cte=-133.3m pos=[254.9,-133.3] tgt=[300.0,0.0] seg=254/300
[telemetry_node-1] [INFO] [1785262307.980914799] [telemetry_node]: pos_ned=[ 254.89953613 -133.25672913    0.35386294]  yaw=2.173  armed=True  vtol=4  batt=15.30V/50%
[offboard_node-2] [INFO] [1785262308.650560184] [offboard_node]: FOLLOWING tick=2480 mode=OFFBOARD cte=-133.2m pos=[254.9,-133.2] tgt=[300.0,0.0] seg=254/300
[telemetry_node-1] [INFO] [1785262309.980553076] [telemetry_node]: pos_ned=[ 254.90313721 -133.25062561    0.35525393]  yaw=2.173  armed=True  vtol=4  batt=15.30V/50%
[offboard_node-2] [INFO] [1785262310.650647122] [offboard_node]: FOLLOWING tick=2500 mode=OFFBOARD cte=-133.2m pos=[254.9,-133.2] tgt=[300.0,0.0] seg=254/300
[telemetry_node-1] [INFO] [1785262312.819271055] [telemetry_node]: pos_ned=[ 254.88349915 -133.24079895    0.35393745]  yaw=2.172  armed=True  vtol=4  batt=15.30V/50%
[telemetry_node-1] [INFO] [1785262313.980853794] [telemetry_node]: pos_ned=[ 254.88296509 -133.25047302    0.34211528]  yaw=2.172  armed=True  vtol=4  batt=15.30V/50%
[offboard_node-2] [INFO] [1785262314.251509925] [offboard_node]: FOLLOWING tick=2520 mode=OFFBOARD cte=-133.3m pos=[254.9,-133.3] tgt=[300.0,0.0] seg=254/300
[telemetry_node-1] [INFO] [1785262315.981069364] [telemetry_node]: pos_ned=[ 254.89305115 -133.24687195    0.32525772]  yaw=2.172  armed=True  vtol=4  batt=15.30V/50%
[offboard_node-2] [INFO] [1785262316.251008582] [offboard_node]: FOLLOWING tick=2540 mode=OFFBOARD cte=-133.2m pos=[254.9,-133.2] tgt=[300.0,0.0] seg=254/300
[telemetry_node-1] [INFO] [1785262317.980653054] [telemetry_node]: pos_ned=[ 254.89369202 -133.25848389    0.30644155]  yaw=2.171  armed=True  vtol=4  batt=15.30V/50%
[offboard_node-2] [INFO] [1785262318.250800961] [offboard_node]: FOLLOWING tick=2560 mode=OFFBOARD cte=-133.3m pos=[254.9,-133.3] tgt=[300.0,0.0] seg=254/300
[telemetry_node-1] [INFO] [1785262319.984974660] [telemetry_node]: pos_ned=[ 254.86701965 -133.26506042    0.26218623]  yaw=2.171  armed=True  vtol=4  batt=15.30V/50%
[offboard_node-2] [INFO] [1785262320.253677140] [offboard_node]: FOLLOWING tick=2580 mode=OFFBOARD cte=-133.3m pos=[254.9,-133.3] tgt=[300.0,0.0] seg=254/300
[telemetry_node-1] [INFO] [1785262321.980830113] [telemetry_node]: pos_ned=[ 2.54865189e+02 -1.33257538e+02  2.53187597e-01]  yaw=2.171  armed=True  vtol=4  batt=15.30V/50%
[offboard_node-2] [INFO] [1785262322.250161886] [offboard_node]: FOLLOWING tick=2600 mode=OFFBOARD cte=-133.3m pos=[254.9,-133.3] tgt=[300.0,0.0] seg=254/300
[telemetry_node-1] [INFO] [1785262323.981034716] [telemetry_node]: pos_ned=[ 254.89285278 -133.28344727    0.27686602]  yaw=2.171  armed=True  vtol=4  batt=15.30V/50%
[offboard_node-2] [INFO] [1785262324.249971024] [offboard_node]: FOLLOWING tick=2620 mode=OFFBOARD cte=-133.3m pos=[254.9,-133.3] tgt=[300.0,0.0] seg=254/300
[telemetry_node-1] [INFO] [1785262325.980999692] [telemetry_node]: pos_ned=[ 2.54891632e+02 -1.33268326e+02  2.14627638e-01]  yaw=2.172  armed=True  vtol=4  batt=15.30V/50%
[offboard_node-2] [INFO] [1785262326.250363993] [offboard_node]: FOLLOWING tick=2640 mode=OFFBOARD cte=-133.3m pos=[254.9,-133.3] tgt=[300.0,0.0] seg=254/300
[telemetry_node-1] [INFO] [1785262327.980437351] [telemetry_node]: pos_ned=[ 2.54877930e+02 -1.33263657e+02  1.78023726e-01]  yaw=2.172  armed=True  vtol=4  batt=15.30V/50%
[offboard_node-2] [INFO] [1785262328.250204828] [offboard_node]: FOLLOWING tick=2660 mode=OFFBOARD cte=-133.3m pos=[254.9,-133.3] tgt=[300.0,0.0] seg=254/300
[telemetry_node-1] [INFO] [1785262329.980467578] [telemetry_node]: pos_ned=[ 2.54875366e+02 -1.33262924e+02  1.49242446e-01]  yaw=2.172  armed=True  vtol=4  batt=15.30V/50%
[offboard_node-2] [INFO] [1785262330.251930189] [offboard_node]: FOLLOWING tick=2680 mode=OFFBOARD cte=-133.3m pos=[254.9,-133.3] tgt=[300.0,0.0] seg=254/300
[telemetry_node-1] [INFO] [1785262331.980517144] [telemetry_node]: pos_ned=[ 2.54873444e+02 -1.33261642e+02  1.31626502e-01]  yaw=2.172  armed=True  vtol=4  batt=15.30V/50%
[offboard_node-2] [INFO] [1785262332.252383068] [offboard_node]: FOLLOWING tick=2700 mode=OFFBOARD cte=-133.3m pos=[254.9,-133.3] tgt=[300.0,0.0] seg=254/300
[telemetry_node-1] [INFO] [1785262333.981051272] [telemetry_node]: pos_ned=[ 2.54872757e+02 -1.33231110e+02  1.39755666e-01]  yaw=2.172  armed=True  vtol=4  batt=15.30V/50%
[offboard_node-2] [INFO] [1785262334.251273750] [offboard_node]: FOLLOWING tick=2720 mode=OFFBOARD cte=-133.2m pos=[254.9,-133.2] tgt=[300.0,0.0] seg=254/300
[telemetry_node-1] [INFO] [1785262335.980818448] [telemetry_node]: pos_ned=[ 2.54851868e+02 -1.33236038e+02  1.66076958e-01]  yaw=2.172  armed=True  vtol=4  batt=15.30V/50%
[offboard_node-2] [INFO] [1785262336.250469196] [offboard_node]: FOLLOWING tick=2740 mode=OFFBOARD cte=-133.2m pos=[254.8,-133.2] tgt=[300.0,0.0] seg=254/300
[telemetry_node-1] [INFO] [1785262337.980599454] [telemetry_node]: pos_ned=[ 2.54861649e+02 -1.33234512e+02  2.19000712e-01]  yaw=2.172  armed=True  vtol=4  batt=15.30V/50%
[offboard_node-2] [INFO] [1785262338.251891375] [offboard_node]: FOLLOWING tick=2760 mode=OFFBOARD cte=-133.2m pos=[254.9,-133.2] tgt=[300.0,0.0] seg=254/300
[telemetry_node-1] [INFO] [1785262339.980579320] [telemetry_node]: pos_ned=[ 254.90284729 -133.25617981    0.25667465]  yaw=2.172  armed=True  vtol=4  batt=15.30V/50%
[offboard_node-2] [INFO] [1785262340.251705793] [offboard_node]: FOLLOWING tick=2780 mode=OFFBOARD cte=-133.3m pos=[254.9,-133.3] tgt=[300.0,0.0] seg=254/300
[telemetry_node-1] [INFO] [1785262341.980547620] [telemetry_node]: pos_ned=[ 254.90408325 -133.24917603    0.30731326]  yaw=2.172  armed=True  vtol=4  batt=15.30V/50%
[offboard_node-2] [INFO] [1785262342.250760964] [offboard_node]: FOLLOWING tick=2800 mode=OFFBOARD cte=-133.2m pos=[254.9,-133.2] tgt=[300.0,0.0] seg=254/300
[telemetry_node-1] [INFO] [1785262343.980753076] [telemetry_node]: pos_ned=[ 254.89801025 -133.28633118    0.33775312]  yaw=2.172  armed=True  vtol=4  batt=15.30V/50%
[offboard_node-2] [INFO] [1785262344.252435656] [offboard_node]: FOLLOWING tick=2820 mode=OFFBOARD cte=-133.3m pos=[254.9,-133.3] tgt=[300.0,0.0] seg=254/300
[telemetry_node-1] [INFO] [1785262346.692531008] [telemetry_node]: pos_ned=[ 254.90570068 -133.27973938    0.34300447]  yaw=2.172  armed=True  vtol=4  batt=15.30V/50%
[offboard_node-2] [INFO] [1785262347.850448769] [offboard_node]: FOLLOWING tick=2840 mode=OFFBOARD cte=-133.3m pos=[254.9,-133.3] tgt=[300.0,0.0] seg=254/300
[telemetry_node-1] [INFO] [1785262347.980513217] [telemetry_node]: pos_ned=[ 254.90885925 -133.26026917    0.33383608]  yaw=2.172  armed=True  vtol=4  batt=15.30V/50%
[offboard_node-2] [INFO] [1785262349.851193250] [offboard_node]: FOLLOWING tick=2860 mode=OFFBOARD cte=-133.3m pos=[254.9,-133.3] tgt=[300.0,0.0] seg=254/300
[telemetry_node-1] [INFO] [1785262349.981233587] [telemetry_node]: pos_ned=[ 254.8757782  -133.2585907     0.29875207]  yaw=2.172  armed=True  vtol=4  batt=15.30V/50%
[offboard_node-2] [INFO] [1785262351.850917227] [offboard_node]: FOLLOWING tick=2880 mode=OFFBOARD cte=-133.3m pos=[254.9,-133.3] tgt=[300.0,0.0] seg=254/300
[telemetry_node-1] [INFO] [1785262351.980564333] [telemetry_node]: pos_ned=[ 254.85090637 -133.25270081    0.281582  ]  yaw=2.172  armed=True  vtol=4  batt=15.30V/50%
[offboard_node-2] [INFO] [1785262353.850825693] [offboard_node]: FOLLOWING tick=2900 mode=OFFBOARD cte=-133.3m pos=[254.9,-133.3] tgt=[300.0,0.0] seg=254/300
[telemetry_node-1] [INFO] [1785262353.980634564] [telemetry_node]: pos_ned=[ 254.86560059 -133.27053833    0.26972079]  yaw=2.172  armed=True  vtol=4  batt=15.30V/50%
[offboard_node-2] [INFO] [1785262355.851438703] [offboard_node]: FOLLOWING tick=2920 mode=OFFBOARD cte=-133.2m pos=[254.9,-133.2] tgt=[300.0,0.0] seg=254/300
[telemetry_node-1] [INFO] [1785262355.980754399] [telemetry_node]: pos_ned=[ 254.87324524 -133.24197388    0.27751315]  yaw=2.172  armed=True  vtol=4  batt=15.30V/50%
[offboard_node-2] [INFO] [1785262357.851043501] [offboard_node]: FOLLOWING tick=2940 mode=OFFBOARD cte=-133.3m pos=[254.9,-133.3] tgt=[300.0,0.0] seg=254/300
[telemetry_node-1] [INFO] [1785262357.980378029] [telemetry_node]: pos_ned=[ 254.87535095 -133.27461243    0.2906    ]  yaw=2.171  armed=True  vtol=4  batt=15.30V/50%
[offboard_node-2] [INFO] [1785262359.850187157] [offboard_node]: FOLLOWING tick=2960 mode=OFFBOARD cte=-133.3m pos=[254.9,-133.3] tgt=[300.0,0.0] seg=254/300
[telemetry_node-1] [INFO] [1785262359.980733821] [telemetry_node]: pos_ned=[ 254.88391113 -133.26496887    0.34118348]  yaw=2.172  armed=True  vtol=4  batt=15.30V/50%
[offboard_node-2] [INFO] [1785262361.851277823] [offboard_node]: FOLLOWING tick=2980 mode=OFFBOARD cte=-133.3m pos=[254.9,-133.3] tgt=[300.0,0.0] seg=254/300
[telemetry_node-1] [INFO] [1785262361.983346987] [telemetry_node]: pos_ned=[ 254.89204407 -133.25564575    0.36291617]  yaw=2.172  armed=True  vtol=4  batt=15.30V/50%
[offboard_node-2] [INFO] [1785262363.851889786] [offboard_node]: FOLLOWING tick=3000 mode=OFFBOARD cte=-133.2m pos=[254.9,-133.2] tgt=[300.0,0.0] seg=254/300
[telemetry_node-1] [INFO] [1785262363.980645644] [telemetry_node]: pos_ned=[ 254.89057922 -133.23364258    0.39700389]  yaw=2.172  armed=True  vtol=4  batt=15.30V/50%
[offboard_node-2] [INFO] [1785262365.850486895] [offboard_node]: FOLLOWING tick=3020 mode=OFFBOARD cte=-133.3m pos=[254.9,-133.3] tgt=[300.0,0.0] seg=254/300
[telemetry_node-1] [INFO] [1785262365.980757963] [telemetry_node]: pos_ned=[ 254.88960266 -133.26091003    0.39818799]  yaw=2.172  armed=True  vtol=4  batt=15.30V/50%
[offboard_node-2] [INFO] [1785262367.850983811] [offboard_node]: FOLLOWING tick=3040 mode=OFFBOARD cte=-133.3m pos=[254.9,-133.3] tgt=[300.0,0.0] seg=254/300
[telemetry_node-1] [INFO] [1785262367.980586161] [telemetry_node]: pos_ned=[ 254.88597107 -133.2771759     0.39532262]  yaw=2.172  armed=True  vtol=4  batt=15.30V/50%
[offboard_node-2] [INFO] [1785262369.850845831] [offboard_node]: FOLLOWING tick=3060 mode=OFFBOARD cte=-133.3m pos=[254.9,-133.3] tgt=[300.0,0.0] seg=254/300
[telemetry_node-1] [INFO] [1785262369.980425523] [telemetry_node]: pos_ned=[ 254.89151001 -133.27633667    0.41145402]  yaw=2.173  armed=True  vtol=4  batt=15.30V/50%
[offboard_node-2] [INFO] [1785262371.850828260] [offboard_node]: FOLLOWING tick=3080 mode=OFFBOARD cte=-133.3m pos=[254.9,-133.3] tgt=[300.0,0.0] seg=254/300
[telemetry_node-1] [INFO] [1785262371.981117314] [telemetry_node]: pos_ned=[ 254.8883667  -133.25593567    0.44807929]  yaw=2.174  armed=True  vtol=4  batt=15.30V/50%
[offboard_node-2] [INFO] [1785262373.850994493] [offboard_node]: FOLLOWING tick=3100 mode=OFFBOARD cte=-133.3m pos=[254.9,-133.3] tgt=[300.0,0.0] seg=254/300
[telemetry_node-1] [INFO] [1785262373.980539546] [telemetry_node]: pos_ned=[ 254.89019775 -133.26301575    0.45519817]  yaw=2.174  armed=True  vtol=4  batt=15.30V/50%
[offboard_node-2] [INFO] [1785262375.851109563] [offboard_node]: FOLLOWING tick=3120 mode=OFFBOARD cte=-133.2m pos=[254.9,-133.2] tgt=[300.0,0.0] seg=254/300
[telemetry_node-1] [INFO] [1785262375.980565256] [telemetry_node]: pos_ned=[ 254.87661743 -133.24150085    0.43468297]  yaw=2.175  armed=True  vtol=4  batt=15.30V/50%
[offboard_node-2] [INFO] [1785262377.851712806] [offboard_node]: FOLLOWING tick=3140 mode=OFFBOARD cte=-133.2m pos=[254.9,-133.2] tgt=[300.0,0.0] seg=254/300
[telemetry_node-1] [INFO] [1785262377.980705665] [telemetry_node]: pos_ned=[ 254.8754425  -133.23417664    0.43370652]  yaw=2.175  armed=True  vtol=4  batt=15.30V/50%
[telemetry_node-1] [INFO] [1785262380.710969050] [telemetry_node]: pos_ned=[ 254.87205505 -133.24023438    0.42043763]  yaw=2.175  armed=True  vtol=4  batt=15.30V/50%
[offboard_node-2] [INFO] [1785262381.555351894] [offboard_node]: FOLLOWING tick=3160 mode=OFFBOARD cte=-133.3m pos=[254.9,-133.3] tgt=[300.0,0.0] seg=254/300
[telemetry_node-1] [INFO] [1785262381.981019214] [telemetry_node]: pos_ned=[ 254.87931824 -133.25288391    0.40605837]  yaw=2.175  armed=True  vtol=4  batt=15.30V/50%
[offboard_node-2] [INFO] [1785262383.550655871] [offboard_node]: FOLLOWING tick=3180 mode=OFFBOARD cte=-133.2m pos=[254.9,-133.2] tgt=[300.0,0.0] seg=254/300
[telemetry_node-1] [INFO] [1785262383.981073388] [telemetry_node]: pos_ned=[ 254.86708069 -133.22967529    0.39436042]  yaw=2.175  armed=True  vtol=4  batt=15.30V/50%
[offboard_node-2] [INFO] [1785262385.550516761] [offboard_node]: FOLLOWING tick=3200 mode=OFFBOARD cte=-133.2m pos=[254.9,-133.2] tgt=[300.0,0.0] seg=254/300
[telemetry_node-1] [INFO] [1785262385.980724417] [telemetry_node]: pos_ned=[ 254.90823364 -133.21879578    0.35700279]  yaw=2.175  armed=True  vtol=4  batt=15.30V/50%
[offboard_node-2] [INFO] [1785262387.551576751] [offboard_node]: FOLLOWING tick=3220 mode=OFFBOARD cte=-133.2m pos=[254.9,-133.2] tgt=[300.0,0.0] seg=254/300
[telemetry_node-1] [INFO] [1785262387.980799247] [telemetry_node]: pos_ned=[ 254.89076233 -133.2507019     0.32603806]  yaw=2.174  armed=True  vtol=4  batt=15.30V/50%
[offboard_node-2] [INFO] [1785262389.550587913] [offboard_node]: FOLLOWING tick=3240 mode=OFFBOARD cte=-133.2m pos=[254.9,-133.2] tgt=[300.0,0.0] seg=254/300
[telemetry_node-1] [INFO] [1785262389.980569914] [telemetry_node]: pos_ned=[ 254.86358643 -133.23262024    0.34325999]  yaw=2.175  armed=True  vtol=4  batt=15.30V/50%
[offboard_node-2] [INFO] [1785262391.551932150] [offboard_node]: FOLLOWING tick=3260 mode=OFFBOARD cte=-133.3m pos=[254.9,-133.3] tgt=[300.0,0.0] seg=254/300
[telemetry_node-1] [INFO] [1785262391.980690246] [telemetry_node]: pos_ned=[ 254.86367798 -133.25762939    0.35326487]  yaw=2.175  armed=True  vtol=4  batt=15.30V/50%
[offboard_node-2] [INFO] [1785262393.551458906] [offboard_node]: FOLLOWING tick=3280 mode=OFFBOARD cte=-133.3m pos=[254.9,-133.3] tgt=[300.0,0.0] seg=254/300
[telemetry_node-1] [INFO] [1785262393.980679273] [telemetry_node]: pos_ned=[ 254.8646698  -133.26028442    0.33670741]  yaw=2.175  armed=True  vtol=4  batt=15.30V/50%
[offboard_node-2] [INFO] [1785262395.550439316] [offboard_node]: FOLLOWING tick=3300 mode=OFFBOARD cte=-133.3m pos=[254.9,-133.3] tgt=[300.0,0.0] seg=254/300
[telemetry_node-1] [INFO] [1785262395.980587372] [telemetry_node]: pos_ned=[ 254.90969849 -133.25965881    0.36793315]  yaw=2.176  armed=True  vtol=4  batt=15.30V/50%
[offboard_node-2] [INFO] [1785262397.551872427] [offboard_node]: FOLLOWING tick=3320 mode=OFFBOARD cte=-133.3m pos=[254.9,-133.3] tgt=[300.0,0.0] seg=254/300
[telemetry_node-1] [INFO] [1785262397.980849137] [telemetry_node]: pos_ned=[ 254.8795166  -133.26463318    0.38662422]  yaw=2.177  armed=True  vtol=4  batt=15.30V/50%
[offboard_node-2] [INFO] [1785262399.550452288] [offboard_node]: FOLLOWING tick=3340 mode=OFFBOARD cte=-133.3m pos=[254.8,-133.3] tgt=[300.0,0.0] seg=254/300
[telemetry_node-1] [INFO] [1785262399.980846132] [telemetry_node]: pos_ned=[ 254.83883667 -133.26560974    0.42298913]  yaw=2.177  armed=True  vtol=4  batt=15.30V/50%
[offboard_node-2] [INFO] [1785262401.550604434] [offboard_node]: FOLLOWING tick=3360 mode=OFFBOARD cte=-133.3m pos=[254.9,-133.3] tgt=[300.0,0.0] seg=254/300
[telemetry_node-1] [INFO] [1785262401.981295700] [telemetry_node]: pos_ned=[ 254.84988403 -133.26293945    0.4198572 ]  yaw=2.178  armed=True  vtol=4  batt=15.30V/50%
[offboard_node-2] [INFO] [1785262403.551807768] [offboard_node]: FOLLOWING tick=3380 mode=OFFBOARD cte=-133.3m pos=[254.9,-133.3] tgt=[300.0,0.0] seg=254/300
[telemetry_node-1] [INFO] [1785262403.981387497] [telemetry_node]: pos_ned=[ 254.86256409 -133.27450562    0.39130062]  yaw=2.179  armed=True  vtol=4  batt=15.30V/50%
[offboard_node-2] [INFO] [1785262405.551924815] [offboard_node]: FOLLOWING tick=3400 mode=OFFBOARD cte=-133.3m pos=[254.9,-133.3] tgt=[300.0,0.0] seg=254/300
[telemetry_node-1] [INFO] [1785262405.981357885] [telemetry_node]: pos_ned=[ 254.86659241 -133.27929688    0.38662326]  yaw=2.179  armed=True  vtol=4  batt=15.30V/50%
[offboard_node-2] [INFO] [1785262407.550760522] [offboard_node]: FOLLOWING tick=3420 mode=OFFBOARD cte=-133.3m pos=[254.9,-133.3] tgt=[300.0,0.0] seg=254/300
[telemetry_node-1] [INFO] [1785262407.980589960] [telemetry_node]: pos_ned=[ 254.89639282 -133.24597168    0.36860526]  yaw=2.180  armed=True  vtol=4  batt=15.30V/50%
[offboard_node-2] [INFO] [1785262409.553424000] [offboard_node]: FOLLOWING tick=3440 mode=OFFBOARD cte=-133.3m pos=[254.9,-133.3] tgt=[300.0,0.0] seg=254/300
[telemetry_node-1] [INFO] [1785262409.981141721] [telemetry_node]: pos_ned=[ 254.89414978 -133.26245117    0.37274534]  yaw=2.181  armed=True  vtol=4  batt=15.30V/50%
[offboard_node-2] [INFO] [1785262411.550594917] [offboard_node]: FOLLOWING tick=3460 mode=OFFBOARD cte=-133.3m pos=[254.9,-133.3] tgt=[300.0,0.0] seg=254/300
[telemetry_node-1] [INFO] [1785262411.980656741] [telemetry_node]: pos_ned=[ 254.90756226 -133.26449585    0.37781626]  yaw=2.181  armed=True  vtol=4  batt=15.30V/50%
[telemetry_node-1] [INFO] [1785262414.636058431] [telemetry_node]: pos_ned=[ 254.89567566 -133.25660706    0.37072283]  yaw=2.181  armed=True  vtol=4  batt=15.30V/50%
[offboard_node-2] [INFO] [1785262415.052641095] [offboard_node]: FOLLOWING tick=3480 mode=OFFBOARD cte=-133.3m pos=[254.9,-133.3] tgt=[300.0,0.0] seg=254/300
[telemetry_node-1] [INFO] [1785262415.980648778] [telemetry_node]: pos_ned=[ 254.89797974 -133.2613678     0.37859666]  yaw=2.181  armed=True  vtol=4  batt=15.30V/50%
[offboard_node-2] [INFO] [1785262417.051278241] [offboard_node]: FOLLOWING tick=3500 mode=OFFBOARD cte=-133.3m pos=[254.9,-133.3] tgt=[300.0,0.0] seg=254/300
[telemetry_node-1] [INFO] [1785262417.980911447] [telemetry_node]: pos_ned=[ 254.87898254 -133.25720215    0.37081504]  yaw=2.182  armed=True  vtol=4  batt=15.30V/50%
[offboard_node-2] [INFO] [1785262419.052049165] [offboard_node]: FOLLOWING tick=3520 mode=OFFBOARD cte=-133.3m pos=[254.9,-133.3] tgt=[300.0,0.0] seg=254/300
[telemetry_node-1] [INFO] [1785262419.981124499] [telemetry_node]: pos_ned=[ 254.88444519 -133.26141357    0.38536316]  yaw=2.183  armed=True  vtol=4  batt=15.30V/50%
[offboard_node-2] [INFO] [1785262421.050832769] [offboard_node]: FOLLOWING tick=3540 mode=OFFBOARD cte=-133.3m pos=[254.9,-133.3] tgt=[300.0,0.0] seg=254/300
[telemetry_node-1] [INFO] [1785262421.980750714] [telemetry_node]: pos_ned=[ 254.86183167 -133.26025391    0.3984791 ]  yaw=2.183  armed=True  vtol=4  batt=15.30V/50%
[offboard_node-2] [INFO] [1785262423.050804524] [offboard_node]: FOLLOWING tick=3560 mode=OFFBOARD cte=-133.3m pos=[254.9,-133.3] tgt=[300.0,0.0] seg=254/300
[telemetry_node-1] [INFO] [1785262423.980625829] [telemetry_node]: pos_ned=[ 254.85076904 -133.2558136     0.40571177]  yaw=2.184  armed=True  vtol=4  batt=15.30V/50%
[offboard_node-2] [INFO] [1785262425.050764739] [offboard_node]: FOLLOWING tick=3580 mode=OFFBOARD cte=-133.3m pos=[254.8,-133.3] tgt=[300.0,0.0] seg=254/300
[telemetry_node-1] [INFO] [1785262425.980642406] [telemetry_node]: pos_ned=[ 254.85864258 -133.26873779    0.39130515]  yaw=2.184  armed=True  vtol=4  batt=15.30V/50%
[offboard_node-2] [INFO] [1785262427.052423574] [offboard_node]: FOLLOWING tick=3600 mode=OFFBOARD cte=-133.3m pos=[254.9,-133.3] tgt=[300.0,0.0] seg=254/300
[telemetry_node-1] [INFO] [1785262427.980498023] [telemetry_node]: pos_ned=[ 254.88795471 -133.26321411    0.35655302]  yaw=2.184  armed=True  vtol=4  batt=15.30V/50%
[offboard_node-2] [INFO] [1785262429.052408209] [offboard_node]: FOLLOWING tick=3620 mode=OFFBOARD cte=-133.3m pos=[254.9,-133.3] tgt=[300.0,0.0] seg=254/300
[telemetry_node-1] [INFO] [1785262429.980446679] [telemetry_node]: pos_ned=[ 254.90312195 -133.269104      0.34354585]  yaw=2.184  armed=True  vtol=4  batt=15.30V/50%
[offboard_node-2] [INFO] [1785262431.051683068] [offboard_node]: FOLLOWING tick=3640 mode=OFFBOARD cte=-133.3m pos=[254.9,-133.3] tgt=[300.0,0.0] seg=254/300
[telemetry_node-1] [INFO] [1785262431.980560838] [telemetry_node]: pos_ned=[ 254.88426208 -133.24873352    0.32830161]  yaw=2.185  armed=True  vtol=4  batt=15.30V/50%
[offboard_node-2] [INFO] [1785262433.050893392] [offboard_node]: FOLLOWING tick=3660 mode=OFFBOARD cte=-133.2m pos=[254.9,-133.2] tgt=[300.0,0.0] seg=254/300
[telemetry_node-1] [INFO] [1785262433.980778203] [telemetry_node]: pos_ned=[ 254.89633179 -133.25112915    0.31654632]  yaw=2.185  armed=True  vtol=4  batt=15.30V/50%
[offboard_node-2] [INFO] [1785262435.050516632] [offboard_node]: FOLLOWING tick=3680 mode=OFFBOARD cte=-133.3m pos=[254.9,-133.3] tgt=[300.0,0.0] seg=254/300
[telemetry_node-1] [INFO] [1785262436.394502436] [telemetry_node]: pos_ned=[ 254.91412354 -133.27566528    0.30150479]  yaw=2.185  armed=True  vtol=4  batt=15.30V/50%
[telemetry_node-1] [INFO] [1785262437.980610828] [telemetry_node]: pos_ned=[ 254.90390015 -133.25265503    0.2962175 ]  yaw=2.185  armed=True  vtol=4  batt=15.30V/50%
[offboard_node-2] [INFO] [1785262438.251375549] [offboard_node]: FOLLOWING tick=3700 mode=OFFBOARD cte=-133.3m pos=[254.9,-133.3] tgt=[300.0,0.0] seg=254/300
[telemetry_node-1] [INFO] [1785262439.980524331] [telemetry_node]: pos_ned=[ 254.87515259 -133.26737976    0.28821552]  yaw=2.184  armed=True  vtol=4  batt=15.30V/50%
[offboard_node-2] [INFO] [1785262440.251140057] [offboard_node]: FOLLOWING tick=3720 mode=OFFBOARD cte=-133.3m pos=[254.9,-133.3] tgt=[300.0,0.0] seg=254/300
[telemetry_node-1] [INFO] [1785262441.980515876] [telemetry_node]: pos_ned=[ 254.84864807 -133.24952698    0.25779688]  yaw=2.183  armed=True  vtol=4  batt=15.30V/50%
[offboard_node-2] [INFO] [1785262442.250833936] [offboard_node]: FOLLOWING tick=3740 mode=OFFBOARD cte=-133.2m pos=[254.9,-133.2] tgt=[300.0,0.0] seg=254/300
[telemetry_node-1] [INFO] [1785262443.980484374] [telemetry_node]: pos_ned=[ 2.54890228e+02 -1.33269440e+02  2.15818301e-01]  yaw=2.183  armed=True  vtol=4  batt=15.30V/50%
[offboard_node-2] [INFO] [1785262444.251619462] [offboard_node]: FOLLOWING tick=3760 mode=OFFBOARD cte=-133.3m pos=[254.9,-133.3] tgt=[300.0,0.0] seg=254/300
[telemetry_node-1] [INFO] [1785262445.981396558] [telemetry_node]: pos_ned=[ 2.54868057e+02 -1.33293106e+02  1.99338123e-01]  yaw=2.182  armed=True  vtol=4  batt=15.30V/50%
[offboard_node-2] [INFO] [1785262446.252470365] [offboard_node]: FOLLOWING tick=3780 mode=OFFBOARD cte=-133.3m pos=[254.9,-133.3] tgt=[300.0,0.0] seg=254/300
[telemetry_node-1] [INFO] [1785262447.980550859] [telemetry_node]: pos_ned=[ 2.54882629e+02 -1.33283615e+02  1.76909640e-01]  yaw=2.181  armed=True  vtol=4  batt=15.30V/50%
[offboard_node-2] [INFO] [1785262448.251643920] [offboard_node]: FOLLOWING tick=3800 mode=OFFBOARD cte=-133.3m pos=[254.9,-133.3] tgt=[300.0,0.0] seg=254/300
[telemetry_node-1] [INFO] [1785262449.980720137] [telemetry_node]: pos_ned=[ 2.54895889e+02 -1.33250000e+02  1.92827746e-01]  yaw=2.181  armed=True  vtol=4  batt=15.30V/50%
[offboard_node-2] [INFO] [1785262450.264665117] [offboard_node]: FOLLOWING tick=3820 mode=OFFBOARD cte=-133.2m pos=[254.9,-133.2] tgt=[300.0,0.0] seg=254/300
[telemetry_node-1] [INFO] [1785262451.980564358] [telemetry_node]: pos_ned=[ 2.54888611e+02 -1.33231934e+02  2.04856589e-01]  yaw=2.180  armed=True  vtol=4  batt=15.30V/50%
[offboard_node-2] [INFO] [1785262452.250728951] [offboard_node]: FOLLOWING tick=3840 mode=OFFBOARD cte=-133.2m pos=[254.9,-133.2] tgt=[300.0,0.0] seg=254/300
[telemetry_node-1] [INFO] [1785262453.981013395] [telemetry_node]: pos_ned=[ 2.54864975e+02 -1.33264526e+02  2.26713911e-01]  yaw=2.179  armed=True  vtol=4  batt=15.30V/50%
[offboard_node-2] [INFO] [1785262454.251214116] [offboard_node]: FOLLOWING tick=3860 mode=OFFBOARD cte=-133.3m pos=[254.9,-133.3] tgt=[300.0,0.0] seg=254/300
[telemetry_node-1] [INFO] [1785262455.981504279] [telemetry_node]: pos_ned=[ 254.87583923 -133.26431274    0.27336687]  yaw=2.179  armed=True  vtol=4  batt=15.30V/50%
[offboard_node-2] [INFO] [1785262456.251598362] [offboard_node]: FOLLOWING tick=3880 mode=OFFBOARD cte=-133.3m pos=[254.9,-133.3] tgt=[300.0,0.0] seg=254/300
[telemetry_node-1] [INFO] [1785262457.981134028] [telemetry_node]: pos_ned=[ 254.88056946 -133.26913452    0.31096053]  yaw=2.179  armed=True  vtol=4  batt=15.30V/50%
[offboard_node-2] [INFO] [1785262458.250896782] [offboard_node]: FOLLOWING tick=3900 mode=OFFBOARD cte=-133.3m pos=[254.9,-133.3] tgt=[300.0,0.0] seg=254/300
[telemetry_node-1] [INFO] [1785262459.980686841] [telemetry_node]: pos_ned=[ 254.87606812 -133.2809906     0.35769027]  yaw=2.179  armed=True  vtol=4  batt=15.30V/50%
[offboard_node-2] [INFO] [1785262460.250960741] [offboard_node]: FOLLOWING tick=3920 mode=OFFBOARD cte=-133.3m pos=[254.9,-133.3] tgt=[300.0,0.0] seg=254/300
[telemetry_node-1] [INFO] [1785262461.981113529] [telemetry_node]: pos_ned=[ 254.88769531 -133.28117371    0.39570892]  yaw=2.180  armed=True  vtol=4  batt=15.30V/50%
[offboard_node-2] [INFO] [1785262462.250993586] [offboard_node]: FOLLOWING tick=3940 mode=OFFBOARD cte=-133.3m pos=[254.9,-133.3] tgt=[300.0,0.0] seg=254/300
[telemetry_node-1] [INFO] [1785262463.981646396] [telemetry_node]: pos_ned=[ 254.88990784 -133.27455139    0.42962682]  yaw=2.180  armed=True  vtol=4  batt=15.30V/50%
[offboard_node-2] [INFO] [1785262464.253673295] [offboard_node]: FOLLOWING tick=3960 mode=OFFBOARD cte=-133.3m pos=[254.9,-133.3] tgt=[300.0,0.0] seg=254/300
[telemetry_node-1] [INFO] [1785262465.980866749] [telemetry_node]: pos_ned=[ 254.89508057 -133.27130127    0.40083122]  yaw=2.180  armed=True  vtol=4  batt=15.30V/50%
[offboard_node-2] [INFO] [1785262466.250580342] [offboard_node]: FOLLOWING tick=3980 mode=OFFBOARD cte=-133.3m pos=[254.9,-133.3] tgt=[300.0,0.0] seg=254/300
[telemetry_node-1] [INFO] [1785262467.980960670] [telemetry_node]: pos_ned=[ 254.90434265 -133.28321838    0.36943644]  yaw=2.180  armed=True  vtol=4  batt=15.30V/50%
[offboard_node-2] [INFO] [1785262468.254237800] [offboard_node]: FOLLOWING tick=4000 mode=OFFBOARD cte=-133.3m pos=[254.9,-133.3] tgt=[300.0,0.0] seg=254/300
[telemetry_node-1] [INFO] [1785262470.717294734] [telemetry_node]: pos_ned=[ 254.91151428 -133.27392578    0.35444474]  yaw=2.180  armed=True  vtol=4  batt=15.30V/50%
[offboard_node-2] [INFO] [1785262471.951862895] [offboard_node]: FOLLOWING tick=4020 mode=OFFBOARD cte=-133.3m pos=[254.9,-133.3] tgt=[300.0,0.0] seg=254/300
[telemetry_node-1] [INFO] [1785262471.980859156] [telemetry_node]: pos_ned=[ 254.90956116 -133.27949524    0.33258688]  yaw=2.180  armed=True  vtol=4  batt=15.30V/50%
[offboard_node-2] [INFO] [1785262473.951647130] [offboard_node]: FOLLOWING tick=4040 mode=OFFBOARD cte=-133.3m pos=[254.9,-133.3] tgt=[300.0,0.0] seg=254/300
[telemetry_node-1] [INFO] [1785262473.980354546] [telemetry_node]: pos_ned=[ 254.89506531 -133.27238464    0.32757109]  yaw=2.180  armed=True  vtol=4  batt=15.30V/50%
[offboard_node-2] [INFO] [1785262475.951359317] [offboard_node]: FOLLOWING tick=4060 mode=OFFBOARD cte=-133.3m pos=[254.9,-133.3] tgt=[300.0,0.0] seg=254/300
[telemetry_node-1] [INFO] [1785262475.981205557] [telemetry_node]: pos_ned=[ 254.89857483 -133.29220581    0.32811797]  yaw=2.180  armed=True  vtol=4  batt=15.30V/50%
[offboard_node-2] [INFO] [1785262477.951303661] [offboard_node]: FOLLOWING tick=4080 mode=OFFBOARD cte=-133.3m pos=[254.9,-133.3] tgt=[300.0,0.0] seg=254/300
[telemetry_node-1] [INFO] [1785262477.981056845] [telemetry_node]: pos_ned=[ 254.88446045 -133.30239868    0.31721187]  yaw=2.180  armed=True  vtol=4  batt=15.30V/50%
[offboard_node-2] [INFO] [1785262479.950711151] [offboard_node]: FOLLOWING tick=4100 mode=OFFBOARD cte=-133.3m pos=[254.9,-133.3] tgt=[300.0,0.0] seg=254/300
[telemetry_node-1] [INFO] [1785262479.980727444] [telemetry_node]: pos_ned=[ 254.88293457 -133.26344299    0.27700502]  yaw=2.180  armed=True  vtol=4  batt=15.30V/50%
[offboard_node-2] [INFO] [1785262481.950446262] [offboard_node]: FOLLOWING tick=4120 mode=OFFBOARD cte=-133.3m pos=[254.9,-133.3] tgt=[300.0,0.0] seg=254/300
[telemetry_node-1] [INFO] [1785262481.980645330] [telemetry_node]: pos_ned=[ 254.88288879 -133.2628479     0.26701689]  yaw=2.181  armed=True  vtol=4  batt=15.30V/50%
[offboard_node-2] [INFO] [1785262483.950791437] [offboard_node]: FOLLOWING tick=4140 mode=OFFBOARD cte=-133.3m pos=[254.9,-133.3] tgt=[300.0,0.0] seg=254/300
[telemetry_node-1] [INFO] [1785262483.980579613] [telemetry_node]: pos_ned=[ 254.88856506 -133.26803589    0.28952456]  yaw=2.181  armed=True  vtol=4  batt=15.30V/50%
[offboard_node-2] [INFO] [1785262485.950855317] [offboard_node]: FOLLOWING tick=4160 mode=OFFBOARD cte=-133.2m pos=[254.9,-133.2] tgt=[300.0,0.0] seg=254/300
[telemetry_node-1] [INFO] [1785262485.980667152] [telemetry_node]: pos_ned=[ 254.90472412 -133.24710083    0.31271064]  yaw=2.182  armed=True  vtol=4  batt=15.30V/50%
[offboard_node-2] [INFO] [1785262487.950158383] [offboard_node]: FOLLOWING tick=4180 mode=OFFBOARD cte=-133.2m pos=[254.9,-133.2] tgt=[300.0,0.0] seg=254/300
[telemetry_node-1] [INFO] [1785262487.980598052] [telemetry_node]: pos_ned=[ 254.90220642 -133.24197388    0.31042808]  yaw=2.182  armed=True  vtol=4  batt=15.30V/50%
[offboard_node-2] [INFO] [1785262489.950434282] [offboard_node]: FOLLOWING tick=4200 mode=OFFBOARD cte=-133.2m pos=[254.9,-133.2] tgt=[300.0,0.0] seg=254/300
[telemetry_node-1] [INFO] [1785262489.980798990] [telemetry_node]: pos_ned=[ 254.87571716 -133.24711609    0.32891083]  yaw=2.182  armed=True  vtol=4  batt=15.30V/50%
[offboard_node-2] [INFO] [1785262491.951121282] [offboard_node]: FOLLOWING tick=4220 mode=OFFBOARD cte=-133.2m pos=[254.9,-133.2] tgt=[300.0,0.0] seg=254/300
[telemetry_node-1] [INFO] [1785262491.980960299] [telemetry_node]: pos_ned=[ 254.87619019 -133.23869324    0.33815765]  yaw=2.183  armed=True  vtol=4  batt=15.30V/50%
[offboard_node-2] [INFO] [1785262493.951416710] [offboard_node]: FOLLOWING tick=4240 mode=OFFBOARD cte=-133.3m pos=[254.9,-133.3] tgt=[300.0,0.0] seg=254/300
[telemetry_node-1] [INFO] [1785262493.981054907] [telemetry_node]: pos_ned=[ 254.88175964 -133.25668335    0.35609615]  yaw=2.183  armed=True  vtol=4  batt=15.30V/50%
[offboard_node-2] [INFO] [1785262495.951356817] [offboard_node]: FOLLOWING tick=4260 mode=OFFBOARD cte=-133.3m pos=[254.9,-133.3] tgt=[300.0,0.0] seg=254/300
[telemetry_node-1] [INFO] [1785262495.981255267] [telemetry_node]: pos_ned=[ 254.88798523 -133.27037048    0.37789857]  yaw=2.184  armed=True  vtol=4  batt=15.30V/50%
[offboard_node-2] [INFO] [1785262497.950343949] [offboard_node]: FOLLOWING tick=4280 mode=OFFBOARD cte=-133.3m pos=[254.9,-133.3] tgt=[300.0,0.0] seg=254/300
[telemetry_node-1] [INFO] [1785262497.980453879] [telemetry_node]: pos_ned=[ 254.91682434 -133.25839233    0.39435524]  yaw=2.184  armed=True  vtol=4  batt=15.30V/50%
[offboard_node-2] [INFO] [1785262499.952273516] [offboard_node]: FOLLOWING tick=4300 mode=OFFBOARD cte=-133.3m pos=[254.9,-133.3] tgt=[300.0,0.0] seg=254/300
[telemetry_node-1] [INFO] [1785262499.981124232] [telemetry_node]: pos_ned=[ 254.88308716 -133.2618866     0.38081133]  yaw=2.185  armed=True  vtol=4  batt=15.30V/50%
[offboard_node-2] [INFO] [1785262501.950396496] [offboard_node]: FOLLOWING tick=4320 mode=OFFBOARD cte=-133.3m pos=[254.9,-133.3] tgt=[300.0,0.0] seg=254/300
[telemetry_node-1] [INFO] [1785262501.980622536] [telemetry_node]: pos_ned=[ 254.87712097 -133.26031494    0.35897869]  yaw=2.186  armed=True  vtol=4  batt=15.30V/50%
[telemetry_node-1] [INFO] [1785262504.792780759] [telemetry_node]: pos_ned=[ 254.87278748 -133.24879456    0.34445029]  yaw=2.186  armed=True  vtol=4  batt=15.30V/50%
[offboard_node-2] [INFO] [1785262505.450424579] [offboard_node]: FOLLOWING tick=4340 mode=OFFBOARD cte=-133.3m pos=[254.9,-133.3] tgt=[300.0,0.0] seg=254/300
[telemetry_node-1] [INFO] [1785262505.980781206] [telemetry_node]: pos_ned=[ 254.86581421 -133.25627136    0.35076571]  yaw=2.187  armed=True  vtol=4  batt=15.30V/50%
[offboard_node-2] [INFO] [1785262507.452849307] [offboard_node]: FOLLOWING tick=4360 mode=OFFBOARD cte=-133.2m pos=[254.9,-133.2] tgt=[300.0,0.0] seg=254/300
[telemetry_node-1] [INFO] [1785262507.981262592] [telemetry_node]: pos_ned=[ 254.88790894 -133.24819946    0.34568506]  yaw=2.187  armed=True  vtol=4  batt=15.30V/50%
[offboard_node-2] [INFO] [1785262509.452040509] [offboard_node]: FOLLOWING tick=4380 mode=OFFBOARD cte=-133.3m pos=[254.9,-133.3] tgt=[300.0,0.0] seg=254/300
[telemetry_node-1] [INFO] [1785262509.981205935] [telemetry_node]: pos_ned=[ 254.88879395 -133.26470947    0.36740655]  yaw=2.188  armed=True  vtol=4  batt=15.30V/50%
[offboard_node-2] [INFO] [1785262511.451909211] [offboard_node]: FOLLOWING tick=4400 mode=OFFBOARD cte=-133.3m pos=[254.9,-133.3] tgt=[300.0,0.0] seg=254/300
[telemetry_node-1] [INFO] [1785262511.981608631] [telemetry_node]: pos_ned=[ 254.86616516 -133.2502594     0.36369371]  yaw=2.188  armed=True  vtol=4  batt=15.30V/50%
[offboard_node-2] [INFO] [1785262513.451280694] [offboard_node]: FOLLOWING tick=4420 mode=OFFBOARD cte=-133.3m pos=[254.9,-133.3] tgt=[300.0,0.0] seg=254/300
[telemetry_node-1] [INFO] [1785262513.980662637] [telemetry_node]: pos_ned=[ 254.8809967  -133.26747131    0.3441059 ]  yaw=2.189  armed=True  vtol=4  batt=15.30V/50%
[offboard_node-2] [INFO] [1785262515.452490613] [offboard_node]: FOLLOWING tick=4440 mode=OFFBOARD cte=-133.3m pos=[254.9,-133.3] tgt=[300.0,0.0] seg=254/300
[telemetry_node-1] [INFO] [1785262515.980768679] [telemetry_node]: pos_ned=[ 254.87374878 -133.28839111    0.34521633]  yaw=2.189  armed=True  vtol=4  batt=15.30V/50%
[offboard_node-2] [INFO] [1785262517.450863870] [offboard_node]: FOLLOWING tick=4460 mode=OFFBOARD cte=-133.3m pos=[254.9,-133.3] tgt=[300.0,0.0] seg=254/300
[telemetry_node-1] [INFO] [1785262517.980937109] [telemetry_node]: pos_ned=[ 254.88601685 -133.26765442    0.34272122]  yaw=2.190  armed=True  vtol=4  batt=15.30V/50%
[offboard_node-2] [INFO] [1785262519.450961314] [offboard_node]: FOLLOWING tick=4480 mode=OFFBOARD cte=-133.3m pos=[254.9,-133.3] tgt=[300.0,0.0] seg=254/300
[telemetry_node-1] [INFO] [1785262519.980935846] [telemetry_node]: pos_ned=[ 254.88673401 -133.25056458    0.36135203]  yaw=2.190  armed=True  vtol=4  batt=15.30V/50%
[offboard_node-2] [INFO] [1785262521.450702216] [offboard_node]: FOLLOWING tick=4500 mode=OFFBOARD cte=-133.3m pos=[254.9,-133.3] tgt=[300.0,0.0] seg=254/300
[telemetry_node-1] [INFO] [1785262521.980981069] [telemetry_node]: pos_ned=[ 254.89508057 -133.25444031    0.40206695]  yaw=2.190  armed=True  vtol=4  batt=15.30V/50%
[offboard_node-2] [INFO] [1785262523.452534482] [offboard_node]: FOLLOWING tick=4520 mode=OFFBOARD cte=-133.3m pos=[254.9,-133.3] tgt=[300.0,0.0] seg=254/300
[telemetry_node-1] [INFO] [1785262523.981270024] [telemetry_node]: pos_ned=[ 254.88218689 -133.25822449    0.44098443]  yaw=2.190  armed=True  vtol=4  batt=15.30V/50%
[offboard_node-2] [INFO] [1785262525.450358807] [offboard_node]: FOLLOWING tick=4540 mode=OFFBOARD cte=-133.3m pos=[254.9,-133.3] tgt=[300.0,0.0] seg=254/300
[telemetry_node-1] [INFO] [1785262525.980847346] [telemetry_node]: pos_ned=[ 254.88076782 -133.25286865    0.46472871]  yaw=2.190  armed=True  vtol=4  batt=15.30V/50%
[offboard_node-2] [INFO] [1785262527.450666416] [offboard_node]: FOLLOWING tick=4560 mode=OFFBOARD cte=-133.3m pos=[254.9,-133.3] tgt=[300.0,0.0] seg=254/300
[telemetry_node-1] [INFO] [1785262527.981139685] [telemetry_node]: pos_ned=[ 254.88168335 -133.25666809    0.47204196]  yaw=2.190  armed=True  vtol=4  batt=15.30V/50%
[offboard_node-2] [INFO] [1785262529.451338764] [offboard_node]: FOLLOWING tick=4580 mode=OFFBOARD cte=-133.2m pos=[254.9,-133.2] tgt=[300.0,0.0] seg=254/300
[telemetry_node-1] [INFO] [1785262529.980575793] [telemetry_node]: pos_ned=[ 254.88223267 -133.23480225    0.45771807]  yaw=2.190  armed=True  vtol=4  batt=15.30V/50%
[offboard_node-2] [INFO] [1785262531.451470238] [offboard_node]: FOLLOWING tick=4600 mode=OFFBOARD cte=-133.2m pos=[254.9,-133.2] tgt=[300.0,0.0] seg=254/300
[telemetry_node-1] [INFO] [1785262531.980488270] [telemetry_node]: pos_ned=[ 254.8724823  -133.22555542    0.43032211]  yaw=2.189  armed=True  vtol=4  batt=15.30V/50%
[offboard_node-2] [INFO] [1785262533.451350680] [offboard_node]: FOLLOWING tick=4620 mode=OFFBOARD cte=-133.2m pos=[254.9,-133.2] tgt=[300.0,0.0] seg=254/300
[telemetry_node-1] [INFO] [1785262533.980922024] [telemetry_node]: pos_ned=[ 254.86190796 -133.24546814    0.39222604]  yaw=2.189  armed=True  vtol=4  batt=15.30V/50%
[offboard_node-2] [INFO] [1785262535.452730707] [offboard_node]: FOLLOWING tick=4640 mode=OFFBOARD cte=-133.3m pos=[254.9,-133.3] tgt=[300.0,0.0] seg=254/300
[telemetry_node-1] [INFO] [1785262535.980514694] [telemetry_node]: pos_ned=[ 254.87034607 -133.29190063    0.35929215]  yaw=2.188  armed=True  vtol=4  batt=15.30V/50%
[telemetry_node-1] [INFO] [1785262538.994589210] [telemetry_node]: pos_ned=[ 254.88189697 -133.26965332    0.31667197]  yaw=2.188  armed=True  vtol=4  batt=15.30V/50%
[offboard_node-2] [INFO] [1785262539.050696752] [offboard_node]: FOLLOWING tick=4660 mode=OFFBOARD cte=-133.3m pos=[254.9,-133.3] tgt=[300.0,0.0] seg=254/300
[telemetry_node-1] [INFO] [1785262539.980833425] [telemetry_node]: pos_ned=[ 254.8684845  -133.26461792    0.28064972]  yaw=2.188  armed=True  vtol=4  batt=15.30V/50%
[offboard_node-2] [INFO] [1785262541.052280971] [offboard_node]: FOLLOWING tick=4680 mode=OFFBOARD cte=-133.3m pos=[254.9,-133.3] tgt=[300.0,0.0] seg=254/300
[telemetry_node-1] [INFO] [1785262541.981032494] [telemetry_node]: pos_ned=[ 2.54871399e+02 -1.33262466e+02  2.46621862e-01]  yaw=2.187  armed=True  vtol=4  batt=15.30V/50%
[offboard_node-2] [INFO] [1785262543.050871971] [offboard_node]: FOLLOWING tick=4700 mode=OFFBOARD cte=-133.3m pos=[254.9,-133.3] tgt=[300.0,0.0] seg=254/300
[WARNING] [launch]: user interrupted with ctrl-c (SIGINT)
[INFO] [offboard_node-2]: sending signal 'SIGINT' to process[offboard_node-2]
[INFO] [telemetry_node-1]: sending signal 'SIGINT' to process[telemetry_node-1]
[offboard_node-2] Traceback (most recent call last):
[offboard_node-2]   File "/root/ws_r5b/install/fc_ros/lib/python3.10/site-packages/fc_ros/nodes/offboard_node.py", line 2048, in main
[telemetry_node-1] Traceback (most recent call last):
[telemetry_node-1]   File "/root/ws_r5b/install/fc_ros/lib/python3.10/site-packages/fc_ros/nodes/telemetry_node.py", line 109, in main
[telemetry_node-1]     rclpy.spin(node)
[telemetry_node-1]   File "/opt/ros/humble/local/lib/python3.10/dist-packages/rclpy/__init__.py", line 229, in spin
[offboard_node-2]     rclpy.spin(node)
[offboard_node-2]   File "/opt/ros/humble/local/lib/python3.10/dist-packages/rclpy/__init__.py", line 229, in spin
[telemetry_node-1]     executor.spin_once()
[telemetry_node-1]   File "/opt/ros/humble/local/lib/python3.10/dist-packages/rclpy/executors.py", line 808, in spin_once
[offboard_node-2]     executor.spin_once()
[offboard_node-2]   File "/opt/ros/humble/local/lib/python3.10/dist-packages/rclpy/executors.py", line 808, in spin_once
[offboard_node-2]     self._spin_once_impl(timeout_sec)
[offboard_node-2]   File "/opt/ros/humble/local/lib/python3.10/dist-packages/rclpy/executors.py", line 797, in _spin_once_impl
[offboard_node-2]     handler, entity, node = self.wait_for_ready_callbacks(timeout_sec=timeout_sec)
[offboard_node-2]   File "/opt/ros/humble/local/lib/python3.10/dist-packages/rclpy/executors.py", line 780, in wait_for_ready_callbacks
[telemetry_node-1]     self._spin_once_impl(timeout_sec)
[telemetry_node-1]   File "/opt/ros/humble/local/lib/python3.10/dist-packages/rclpy/executors.py", line 797, in _spin_once_impl
[telemetry_node-1]     handler, entity, node = self.wait_for_ready_callbacks(timeout_sec=timeout_sec)
[telemetry_node-1]   File "/opt/ros/humble/local/lib/python3.10/dist-packages/rclpy/executors.py", line 780, in wait_for_ready_callbacks
[telemetry_node-1]     return next(self._cb_iter)
[telemetry_node-1]   File "/opt/ros/humble/local/lib/python3.10/dist-packages/rclpy/executors.py", line 677, in _wait_for_ready_callbacks
[offboard_node-2]     return next(self._cb_iter)
[offboard_node-2]   File "/opt/ros/humble/local/lib/python3.10/dist-packages/rclpy/executors.py", line 677, in _wait_for_ready_callbacks
[offboard_node-2]     wait_set.wait(timeout_nsec)
[offboard_node-2] KeyboardInterrupt
[offboard_node-2] 
[offboard_node-2] During handling of the above exception, another exception occurred:
[offboard_node-2] 
[offboard_node-2] Traceback (most recent call last):
[offboard_node-2]   File "/root/ws_r5b/install/fc_ros/lib/fc_ros/offboard_node", line 33, in <module>
[offboard_node-2]     sys.exit(load_entry_point('fc-ros==0.1.0', 'console_scripts', 'offboard_node')())
[offboard_node-2]   File "/root/ws_r5b/install/fc_ros/lib/python3.10/site-packages/fc_ros/nodes/offboard_node.py", line 2050, in main
[telemetry_node-1]     wait_set.wait(timeout_nsec)
[telemetry_node-1] KeyboardInterrupt
[telemetry_node-1] 
[telemetry_node-1] During handling of the above exception, another exception occurred:
[telemetry_node-1] 
[telemetry_node-1] Traceback (most recent call last):
[telemetry_node-1]   File "/root/ws_r5b/install/fc_ros/lib/fc_ros/telemetry_node", line 33, in <module>
[telemetry_node-1]     sys.exit(load_entry_point('fc-ros==0.1.0', 'console_scripts', 'telemetry_node')())
[telemetry_node-1]   File "/root/ws_r5b/install/fc_ros/lib/python3.10/site-packages/fc_ros/nodes/telemetry_node.py", line 111, in main
[telemetry_node-1]     node.destroy_node()
[telemetry_node-1]   File "/opt/ros/humble/local/lib/python3.10/dist-packages/rclpy/node.py", line 1691, in destroy_node
[offboard_node-2]     node.destroy_node()
[offboard_node-2]   File "/opt/ros/humble/local/lib/python3.10/dist-packages/rclpy/node.py", line 1687, in destroy_node
[telemetry_node-1]     self.destroy_service(self._services[0])
[telemetry_node-1]   File "/opt/ros/humble/local/lib/python3.10/dist-packages/rclpy/node.py", line 1615, in destroy_service
[offboard_node-2]     self.destroy_subscription(self._subscriptions[0])
[offboard_node-2]   File "/opt/ros/humble/local/lib/python3.10/dist-packages/rclpy/node.py", line 1583, in destroy_subscription
[telemetry_node-1]     service.destroy()
[telemetry_node-1]   File "/opt/ros/humble/local/lib/python3.10/dist-packages/rclpy/service.py", line 93, in destroy
[offboard_node-2]     subscription.destroy()
[offboard_node-2]   File "/opt/ros/humble/local/lib/python3.10/dist-packages/rclpy/subscription.py", line 80, in destroy
[telemetry_node-1]     self.__service.destroy_when_not_in_use()
[telemetry_node-1] KeyboardInterrupt
[offboard_node-2]     self.handle.destroy_when_not_in_use()
[offboard_node-2] KeyboardInterrupt
[ERROR] [telemetry_node-1]: process has died [pid 1321, exit code -2, cmd '/root/ws_r5b/install/fc_ros/lib/fc_ros/telemetry_node --ros-args -r __node:=telemetry_node'].
[ERROR] [offboard_node-2]: process has died [pid 1323, exit code -2, cmd '/root/ws_r5b/install/fc_ros/lib/fc_ros/offboard_node --ros-args -r __node:=offboard_node --params-file /root/ws_r5b/install/fc_ros/share/fc_ros/params/fc_ros_params.yaml --params-file /tmp/launch_params_nip1l4ai'].
