[INFO] [launch]: All log files can be found below /root/.ros/log/2026-07-21-11-29-11-012288-doksuri-867
[INFO] [launch]: Default logging verbosity is set to INFO
[INFO] [telemetry_node-1]: process started with pid [869]
[INFO] [offboard_node-2]: process started with pid [871]
[offboard_node-2] [INFO] [1784633351.720355210] [offboard_node]: ARM 요청
[offboard_node-2] [WARN] [1784633353.059967096] [offboard_node]: home_position 미수신 — 이륙 목표 AMSL 계산 불가, 대기
[telemetry_node-1] [INFO] [1784633353.590514163] [telemetry_node]: pos_ned=[-0.45986515  0.82213128  1.40500641]  yaw=-2.843  armed=True  vtol=0
[offboard_node-2] [INFO] [1784633354.360205492] [offboard_node]: CommandTOL 이륙 요청 alt=54.1m AMSL (지면 50.1+4.0) -> CLIMBING
[telemetry_node-1] [INFO] [1784633355.556062533] [telemetry_node]: pos_ned=[-0.46545991  0.77226996  1.61914444]  yaw=-2.846  armed=True  vtol=0
[telemetry_node-1] [INFO] [1784633357.555983676] [telemetry_node]: pos_ned=[-0.50139976  0.65358734  1.92694855]  yaw=-2.753  armed=True  vtol=0
[telemetry_node-1] [INFO] [1784633359.556042664] [telemetry_node]: pos_ned=[-0.4928652   0.53981155  2.27853775]  yaw=-1.827  armed=True  vtol=0
[telemetry_node-1] [INFO] [1784633361.555891804] [telemetry_node]: pos_ned=[-0.04456734  0.63508338  2.09043884]  yaw=-1.295  armed=True  vtol=0
[telemetry_node-1] [INFO] [1784633363.556355113] [telemetry_node]: pos_ned=[-0.09796549  0.83638763  1.96819496]  yaw=-1.159  armed=True  vtol=0
[telemetry_node-1] [INFO] [1784633365.556193529] [telemetry_node]: pos_ned=[-0.14543204  0.84947598  2.27318192]  yaw=-0.804  armed=True  vtol=0
[telemetry_node-1] [INFO] [1784633367.556098676] [telemetry_node]: pos_ned=[-0.06948249  0.93865192  2.59824562]  yaw=-0.623  armed=True  vtol=0
[telemetry_node-1] [INFO] [1784633369.556057851] [telemetry_node]: pos_ned=[-0.24189201  0.95947635  1.87659454]  yaw=-0.470  armed=True  vtol=0
[telemetry_node-1] [INFO] [1784633371.556097775] [telemetry_node]: pos_ned=[-0.19264945  0.93853915  1.30383682]  yaw=-0.114  armed=True  vtol=0
[telemetry_node-1] [INFO] [1784633373.556093429] [telemetry_node]: pos_ned=[-0.30238366  0.93016088  0.98962784]  yaw=0.287  armed=True  vtol=0
[telemetry_node-1] [INFO] [1784633375.555909734] [telemetry_node]: pos_ned=[-0.43123084  0.82573807  0.77109528]  yaw=0.556  armed=True  vtol=0
[telemetry_node-1] [INFO] [1784633377.555997663] [telemetry_node]: pos_ned=[-0.45512846  0.91597348  0.60323143]  yaw=0.671  armed=True  vtol=0
[telemetry_node-1] [INFO] [1784633379.556132100] [telemetry_node]: pos_ned=[-0.2725963   0.74926895  0.47406578]  yaw=1.358  armed=True  vtol=0
[telemetry_node-1] [INFO] [1784633381.555963631] [telemetry_node]: pos_ned=[-0.33501294  0.77067608  0.33444214]  yaw=1.620  armed=True  vtol=0
[telemetry_node-1] [INFO] [1784633383.555863298] [telemetry_node]: pos_ned=[-0.1566692   0.75732785  0.29946899]  yaw=1.488  armed=True  vtol=0
[telemetry_node-1] [INFO] [1784633385.556010126] [telemetry_node]: pos_ned=[-0.22343704  1.19929862  0.17721367]  yaw=1.694  armed=True  vtol=0
[telemetry_node-1] [INFO] [1784633387.556106940] [telemetry_node]: pos_ned=[-0.23024999  1.37194204  0.11850929]  yaw=1.692  armed=True  vtol=0
[telemetry_node-1] [INFO] [1784633389.555933459] [telemetry_node]: pos_ned=[-0.17089826  1.40802526  0.11857414]  yaw=1.635  armed=True  vtol=0
[telemetry_node-1] [INFO] [1784633391.555993284] [telemetry_node]: pos_ned=[-0.04844693  1.3893404   0.07416725]  yaw=1.650  armed=False  vtol=0
[telemetry_node-1] [INFO] [1784633393.556000392] [telemetry_node]: pos_ned=[-0.00945982  1.36570311  0.14335632]  yaw=1.650  armed=False  vtol=0
[telemetry_node-1] [INFO] [1784633395.556193510] [telemetry_node]: pos_ned=[-0.00178071  1.37247109  0.19768333]  yaw=1.652  armed=False  vtol=0
[telemetry_node-1] [INFO] [1784633397.555996532] [telemetry_node]: pos_ned=[1.53573561 0.96838176 0.91225052]  yaw=2.790  armed=False  vtol=0
[telemetry_node-1] [INFO] [1784633399.555994138] [telemetry_node]: pos_ned=[3.26860499 1.5146029  0.82953072]  yaw=2.911  armed=False  vtol=0
[telemetry_node-1] [INFO] [1784633401.555980859] [telemetry_node]: pos_ned=[2.75411844 1.35160637 0.68294144]  yaw=1.266  armed=False  vtol=0
[telemetry_node-1] [INFO] [1784633403.556050161] [telemetry_node]: pos_ned=[2.35132098 1.22859919 0.02502632]  yaw=0.604  armed=False  vtol=0
[telemetry_node-1] [INFO] [1784633405.555978262] [telemetry_node]: pos_ned=[ 2.28142548  1.15238881 -0.04973984]  yaw=0.597  armed=False  vtol=0
[telemetry_node-1] [INFO] [1784633407.556095223] [telemetry_node]: pos_ned=[ 2.36131001  1.15657234 -0.18507767]  yaw=0.592  armed=False  vtol=0
[telemetry_node-1] [INFO] [1784633409.555801180] [telemetry_node]: pos_ned=[ 2.39377117  1.09960699 -0.2888031 ]  yaw=0.589  armed=False  vtol=0
[telemetry_node-1] [INFO] [1784633411.556086301] [telemetry_node]: pos_ned=[ 2.40148711  1.06288302 -0.59091759]  yaw=0.587  armed=False  vtol=0
[telemetry_node-1] [INFO] [1784633413.556000807] [telemetry_node]: pos_ned=[ 2.33492017  1.06592691 -1.05542183]  yaw=0.586  armed=False  vtol=0
[telemetry_node-1] [INFO] [1784633415.556282288] [telemetry_node]: pos_ned=[ 2.32247186  1.02909899 -1.47675323]  yaw=0.585  armed=False  vtol=0
[telemetry_node-1] [INFO] [1784633417.555927205] [telemetry_node]: pos_ned=[ 2.2969234   1.00614035 -1.67193031]  yaw=0.584  armed=False  vtol=0
[telemetry_node-1] [INFO] [1784633419.555931613] [telemetry_node]: pos_ned=[ 2.25577068  0.91728151 -1.74129295]  yaw=0.583  armed=False  vtol=0
[telemetry_node-1] [INFO] [1784633421.556032398] [telemetry_node]: pos_ned=[ 2.14758849  0.80657089 -1.74060822]  yaw=0.582  armed=False  vtol=0
[telemetry_node-1] [INFO] [1784633423.556087703] [telemetry_node]: pos_ned=[ 2.0574944   0.76316947 -1.74198341]  yaw=0.581  armed=False  vtol=0
[telemetry_node-1] [INFO] [1784633425.556099511] [telemetry_node]: pos_ned=[ 2.00766063  0.70580941 -1.80888176]  yaw=0.580  armed=False  vtol=0
[telemetry_node-1] [INFO] [1784633427.556031987] [telemetry_node]: pos_ned=[ 1.95244825  0.66391236 -1.86533356]  yaw=0.580  armed=False  vtol=0
[telemetry_node-1] [INFO] [1784633429.555985540] [telemetry_node]: pos_ned=[ 1.91574156  0.58278954 -1.90754128]  yaw=0.579  armed=False  vtol=0
