[INFO] [launch]: All log files can be found below /root/.ros/log/2026-07-17-10-11-46-922527-doksuri-409
[INFO] [launch]: Default logging verbosity is set to INFO
[INFO] [telemetry_node-1]: process started with pid [411]
[INFO] [offboard_node-2]: process started with pid [413]
[offboard_node-2] [INFO] [1784283107.756639421] [offboard_node]: ARM 요청
[offboard_node-2] [INFO] [1784283109.009670812] [offboard_node]: CommandTOL 이륙 요청 altitude=4.0m -> CLIMBING
[telemetry_node-1] [INFO] [1784283109.471419937] [telemetry_node]: pos_ned=[-2.91187477  0.85474694 -3.75834465]  yaw=-2.704  armed=True  vtol=3
[telemetry_node-1] [INFO] [1784283111.436322973] [telemetry_node]: pos_ned=[-3.00526571  0.87703586 -3.50748062]  yaw=-2.712  armed=True  vtol=3
[telemetry_node-1] [INFO] [1784283113.436245398] [telemetry_node]: pos_ned=[-3.07286263  0.79062265 -3.2552681 ]  yaw=-2.710  armed=True  vtol=3
[telemetry_node-1] [INFO] [1784283115.436187518] [telemetry_node]: pos_ned=[-3.15987277  0.68715167 -2.98978233]  yaw=-2.697  armed=True  vtol=3
[telemetry_node-1] [INFO] [1784283117.436260268] [telemetry_node]: pos_ned=[-3.23722744  0.62513787 -2.75163841]  yaw=-2.687  armed=True  vtol=3
[telemetry_node-1] [INFO] [1784283119.436265089] [telemetry_node]: pos_ned=[-3.25295091  0.56838071 -2.51820374]  yaw=-2.682  armed=True  vtol=3
[telemetry_node-1] [INFO] [1784283121.436374087] [telemetry_node]: pos_ned=[-3.30722022  0.47621009 -2.19549561]  yaw=-2.680  armed=False  vtol=3
[telemetry_node-1] [INFO] [1784283123.436226668] [telemetry_node]: pos_ned=[-3.39947462  0.40684426 -1.88532066]  yaw=-2.676  armed=False  vtol=3
[telemetry_node-1] [INFO] [1784283125.436319156] [telemetry_node]: pos_ned=[-3.51078248  0.43053177 -1.6082325 ]  yaw=-2.676  armed=False  vtol=3
[telemetry_node-1] [INFO] [1784283127.436216357] [telemetry_node]: pos_ned=[-3.62037849  0.48555535 -1.38093948]  yaw=-2.675  armed=False  vtol=3
[telemetry_node-1] [INFO] [1784283129.436434356] [telemetry_node]: pos_ned=[-3.7503531   0.51115841 -1.15775871]  yaw=-2.675  armed=False  vtol=3
[telemetry_node-1] [INFO] [1784283131.436258118] [telemetry_node]: pos_ned=[-3.8282094   0.54715747 -1.05337524]  yaw=-2.675  armed=False  vtol=3
[telemetry_node-1] [INFO] [1784283133.436317830] [telemetry_node]: pos_ned=[-3.91337705  0.56511611 -1.09096718]  yaw=-2.674  armed=False  vtol=3
[telemetry_node-1] [INFO] [1784283135.436315536] [telemetry_node]: pos_ned=[-3.96971703  0.58510578 -1.20125961]  yaw=-2.673  armed=False  vtol=3
[telemetry_node-1] [INFO] [1784283137.436355354] [telemetry_node]: pos_ned=[-4.06988764  0.58191931 -1.29789734]  yaw=-2.672  armed=False  vtol=3
[telemetry_node-1] [INFO] [1784283139.436294174] [telemetry_node]: pos_ned=[-4.10057878  0.60359317 -1.40543175]  yaw=-2.672  armed=False  vtol=3
[telemetry_node-1] [INFO] [1784283141.436392391] [telemetry_node]: pos_ned=[-4.09097004  0.66540319 -1.56695938]  yaw=-2.672  armed=False  vtol=3
[telemetry_node-1] [INFO] [1784283143.436361085] [telemetry_node]: pos_ned=[-4.08404493  0.66974467 -1.68573189]  yaw=-2.672  armed=False  vtol=3
[telemetry_node-1] [INFO] [1784283145.436276815] [telemetry_node]: pos_ned=[-4.06235981  0.68001431 -1.89613724]  yaw=-2.672  armed=False  vtol=3
[telemetry_node-1] [INFO] [1784283147.436280428] [telemetry_node]: pos_ned=[-4.03222847  0.69311678 -2.12681198]  yaw=-2.672  armed=False  vtol=3
