[INFO] [launch]: All log files can be found below /root/.ros/log/2026-07-29-13-25-26-544587-DESKTOP-Kilogram-37155
[INFO] [launch]: Default logging verbosity is set to INFO
[INFO] [telemetry_node-1]: process started with pid [37166]
[INFO] [offboard_node-2]: process started with pid [37168]
[offboard_node-2] [INFO] [1785299127.202114046] [offboard_node]: 경로 계획 시작 — planner=eta3 WP 3개 v_cruise=18.0 → 예상 약 90s 블로킹. 이 동안 노드는 응답하지 않는다 — 죽은 것이 아니니 재기동 금지 (재기동하면 중복 인스턴스가 된다).
[offboard_node-2] [Eta3ClothoidPlannerV3] WARNING: NR pos residual 37.445m is large. affine correction guarantees WP passage but curve may be deformed.
[offboard_node-2] [INFO] [1785299127.249659350] [offboard_node]: 경로 계획 완료 — 소요 0.0s (예상 90s), 경로점 504개, 전장 504.8m
[offboard_node-2] [INFO] [1785299127.399324854] [offboard_node]: ARM 요청
[offboard_node-2] [INFO] [1785299128.898305413] [offboard_node]: 경로 원점 = 이륙지점 [N=-0.01, E=0.01, h_up=0.12] 적용 (frame=takeoff) → WP0=[-0.01,0.01] 순항고도 h_up=50.12
[offboard_node-2] [INFO] [1785299128.898897449] [offboard_node]: 거리 상한 감시 활성 800m (이륙지점 기준 수평, 경로 최원점 354m)
[offboard_node-2] [INFO] [1785299128.899554497] [offboard_node]: CommandTOL 이륙 요청 alt=50.2m AMSL (지면 0.2+50.0) -> CLIMBING
[telemetry_node-1] [INFO] [1785299129.221074696] [telemetry_node]: pos_ned=[-0.01802156  0.00411147  0.12083825]  yaw=1.675  armed=True  vtol=3  batt=0.00V/100%
[telemetry_node-1] [INFO] [1785299131.189286017] [telemetry_node]: pos_ned=[-0.02257005  0.0289597   0.14455482]  yaw=1.674  armed=True  vtol=3  batt=16.15V/99%
[telemetry_node-1] [INFO] [1785299133.189290337] [telemetry_node]: pos_ned=[ 0.06414811 -0.17706919  0.5888955 ]  yaw=1.681  armed=True  vtol=3  batt=16.09V/96%
[telemetry_node-1] [INFO] [1785299135.189456779] [telemetry_node]: pos_ned=[ 0.10202292 -0.06736163  2.91621852]  yaw=1.672  armed=True  vtol=3  batt=16.03V/92%
[telemetry_node-1] [INFO] [1785299137.189414920] [telemetry_node]: pos_ned=[2.41550002e-02 3.05501558e-03 5.56105947e+00]  yaw=1.675  armed=True  vtol=3  batt=15.97V/89%
[telemetry_node-1] [INFO] [1785299139.189135131] [telemetry_node]: pos_ned=[0.01985722 0.01792137 8.36175442]  yaw=1.673  armed=True  vtol=3  batt=15.91V/86%
[telemetry_node-1] [INFO] [1785299141.189159915] [telemetry_node]: pos_ned=[8.73463415e-03 2.61077192e-02 1.15553827e+01]  yaw=1.670  armed=True  vtol=3  batt=15.85V/82%
[telemetry_node-1] [INFO] [1785299143.189986683] [telemetry_node]: pos_ned=[1.43171498e-03 5.72730824e-02 1.72265167e+01]  yaw=1.670  armed=True  vtol=3  batt=15.79V/79%
[telemetry_node-1] [INFO] [1785299145.189066261] [telemetry_node]: pos_ned=[-7.56310765e-03  4.28429544e-02  2.29875774e+01]  yaw=1.669  armed=True  vtol=3  batt=15.73V/76%
[telemetry_node-1] [INFO] [1785299147.189175105] [telemetry_node]: pos_ned=[-5.87996468e-03  4.00274061e-02  2.87141838e+01]  yaw=1.670  armed=True  vtol=3  batt=15.67V/72%
[telemetry_node-1] [INFO] [1785299149.189410846] [telemetry_node]: pos_ned=[-1.32141095e-02  3.41809541e-02  3.44372292e+01]  yaw=1.670  armed=True  vtol=3  batt=15.61V/69%
[telemetry_node-1] [INFO] [1785299151.189242399] [telemetry_node]: pos_ned=[-1.79002807e-02  3.80647555e-02  4.02245445e+01]  yaw=1.670  armed=True  vtol=3  batt=15.55V/66%
[telemetry_node-1] [INFO] [1785299153.645355866] [telemetry_node]: pos_ned=[-7.57665024e-04  3.81126590e-02  4.28038521e+01]  yaw=1.670  armed=True  vtol=3  batt=15.49V/62%
[telemetry_node-1] [INFO] [1785299155.191177932] [telemetry_node]: pos_ned=[-5.46152238e-03  6.19931705e-02  4.64027901e+01]  yaw=1.669  armed=True  vtol=3  batt=15.49V/62%
[telemetry_node-1] [INFO] [1785299157.189132319] [telemetry_node]: pos_ned=[1.01265041e-02 4.15193215e-02 4.86542511e+01]  yaw=1.668  armed=True  vtol=3  batt=15.43V/59%
[telemetry_node-1] [INFO] [1785299159.189328139] [telemetry_node]: pos_ned=[2.60999911e-02 8.05513281e-03 4.95247841e+01]  yaw=1.668  armed=True  vtol=3  batt=15.37V/56%
[offboard_node-2] [INFO] [1785299159.798377005] [offboard_node]: 운용 고도 50.0m 도달 → transition_fw
[telemetry_node-1] [INFO] [1785299161.189660106] [telemetry_node]: pos_ned=[ 2.41330396e-02 -3.45251337e-03  4.98518257e+01]  yaw=1.666  armed=True  vtol=3  batt=15.31V/52%
[offboard_node-2] [INFO] [1785299161.799084317] [offboard_node]: 천이 전 MC OFFBOARD 요청 (헤딩 정렬 대기)
[offboard_node-2] [WARN] [1785299161.899216149] [offboard_node]: 정렬 구간 OFFBOARD 이탈 → 재요청 (mode=AUTO.LOITER)
[telemetry_node-1] [INFO] [1785299163.188982092] [telemetry_node]: pos_ned=[5.76959252e-02 2.28046812e-02 4.98431969e+01]  yaw=1.439  armed=True  vtol=3  batt=15.30V/50%
[telemetry_node-1] [INFO] [1785299165.189152656] [telemetry_node]: pos_ned=[1.54963911e-01 3.72793265e-02 4.96985054e+01]  yaw=0.603  armed=True  vtol=3  batt=15.30V/50%
[telemetry_node-1] [INFO] [1785299167.189020263] [telemetry_node]: pos_ned=[ 4.91328597e-01 -1.84665937e-02  4.95676651e+01]  yaw=0.250  armed=True  vtol=3  batt=15.30V/50%
[telemetry_node-1] [INFO] [1785299169.189320023] [telemetry_node]: pos_ned=[ 0.67096114 -0.10528113 49.43212509]  yaw=0.081  armed=True  vtol=3  batt=15.30V/50%
[offboard_node-2] [INFO] [1785299170.498336021] [offboard_node]: 헤딩 정렬 완료 target=-8.3° current=3.6° err=-11.9° (20틱 안정) → 전진 + 천이 명령
[offboard_node-2] [INFO] [1785299170.498945552] [offboard_node]: FW 고도 램프 시작 49.3 → 50.1m (계단 +0.8m, 3.0m/s, 0.3s 소요)
[offboard_node-2] [INFO] [1785299170.499991941] [offboard_node]: MC→FW 천이 명령 요청 (위치 setpoint 직선 천이)
[telemetry_node-1] [INFO] [1785299171.189430310] [telemetry_node]: pos_ned=[ 0.79826069 -0.12517825 49.42766953]  yaw=0.061  armed=True  vtol=1  batt=15.30V/50%
[offboard_node-2] [INFO] [1785299173.098404971] [offboard_node]: FW 전환 완료 -> STREAMING
[telemetry_node-1] [INFO] [1785299173.189129608] [telemetry_node]: pos_ned=[10.85973835 -0.14074689 49.43855286]  yaw=0.012  armed=True  vtol=4  batt=15.30V/50%
[offboard_node-2] [INFO] [1785299173.200899052] [offboard_node]: OFFBOARD 확인 → FOLLOWING
[offboard_node-2] [INFO] [1785299173.300554715] [offboard_node]: FOLLOWING 시작 pos=[12.9,-0.1] tgt=[82.1,-10.8] cte=1.7m mode=OFFBOARD seg=12/503
[telemetry_node-1] [INFO] [1785299175.189265456] [telemetry_node]: pos_ned=[43.41860199 -1.93468285 50.53325272]  yaw=-0.076  armed=True  vtol=4  batt=15.30V/50%
[offboard_node-2] [INFO] [1785299175.200237495] [offboard_node]: FOLLOWING tick=20 mode=OFFBOARD cte=4.2m pos=[43.9,-2.0] tgt=[112.9,-13.3] seg=42/503
[telemetry_node-1] [INFO] [1785299177.191161845] [telemetry_node]: pos_ned=[65.61804199 -5.40434933 49.54660416]  yaw=-0.091  armed=True  vtol=4  batt=15.30V/50%
[offboard_node-2] [INFO] [1785299177.230238188] [offboard_node]: FOLLOWING tick=40 mode=OFFBOARD cte=3.5m pos=[65.6,-5.4] tgt=[135.0,-14.2] seg=63/503
[telemetry_node-1] [INFO] [1785299179.189335637] [telemetry_node]: pos_ned=[94.65737915 -8.82787609 48.79210281]  yaw=-0.177  armed=True  vtol=4  batt=15.30V/50%
[offboard_node-2] [INFO] [1785299179.201472805] [offboard_node]: FOLLOWING tick=60 mode=OFFBOARD cte=3.1m pos=[94.7,-8.8] tgt=[164.3,-14.0] seg=91/503
[telemetry_node-1] [INFO] [1785299181.189011628] [telemetry_node]: pos_ned=[124.46350098 -11.12799835  48.7447319 ]  yaw=-0.165  armed=True  vtol=4  batt=15.30V/50%
[offboard_node-2] [INFO] [1785299181.200271132] [offboard_node]: FOLLOWING tick=80 mode=OFFBOARD cte=2.7m pos=[124.5,-11.1] tgt=[194.2,-11.7] seg=120/503
[telemetry_node-1] [INFO] [1785299183.189183692] [telemetry_node]: pos_ned=[153.66403198 -11.70625401  48.72166824]  yaw=-0.044  armed=True  vtol=4  batt=15.30V/50%
[offboard_node-2] [INFO] [1785299183.200876737] [offboard_node]: FOLLOWING tick=100 mode=OFFBOARD cte=2.5m pos=[153.7,-11.7] tgt=[223.2,-7.0] seg=149/503
[telemetry_node-1] [INFO] [1785299185.189523608] [telemetry_node]: pos_ned=[181.91082764  -9.96257305  48.93635941]  yaw=0.105  armed=True  vtol=4  batt=15.30V/50%
[offboard_node-2] [INFO] [1785299185.200965928] [offboard_node]: FOLLOWING tick=120 mode=OFFBOARD cte=2.9m pos=[181.9,-10.0] tgt=[250.2,0.8] seg=177/503
[telemetry_node-1] [INFO] [1785299187.404522452] [telemetry_node]: pos_ned=[191.99940491  -8.75972748  48.98484039]  yaw=0.151  armed=True  vtol=4  batt=15.30V/50%
[offboard_node-2] [INFO] [1785299188.600868538] [offboard_node]: FOLLOWING tick=140 mode=OFFBOARD cte=4.3m pos=[208.3,-5.4] tgt=[257.4,26.8] seg=205/503
[telemetry_node-1] [INFO] [1785299189.189102866] [telemetry_node]: pos_ned=[216.00926208  -2.36639857  48.92657852]  yaw=0.296  armed=True  vtol=4  batt=15.30V/50%
[offboard_node-2] [INFO] [1785299190.601682681] [offboard_node]: FOLLOWING tick=160 mode=OFFBOARD cte=12.6m pos=[232.3,8.0] tgt=[262.4,55.5] seg=232/503
[telemetry_node-1] [INFO] [1785299191.190335145] [telemetry_node]: pos_ned=[238.53364563  14.05674648  47.99107361]  yaw=0.592  armed=True  vtol=4  batt=15.30V/50%
[offboard_node-2] [INFO] [1785299192.600228951] [offboard_node]: FOLLOWING tick=180 mode=OFFBOARD cte=8.5m pos=[249.7,31.4] tgt=[265.3,99.1] seg=279/503
[telemetry_node-1] [INFO] [1785299193.189229998] [telemetry_node]: pos_ned=[252.73770142  39.68725204  47.87853241]  yaw=1.136  armed=True  vtol=4  batt=15.30V/50%
[offboard_node-2] [INFO] [1785299194.603013151] [offboard_node]: FOLLOWING tick=200 mode=OFFBOARD cte=5.1m pos=[257.6,58.6] tgt=[264.8,127.8] seg=308/503
[telemetry_node-1] [INFO] [1785299195.189202257] [telemetry_node]: pos_ned=[258.98196411  66.48786163  49.55117798]  yaw=1.604  armed=True  vtol=4  batt=15.30V/50%
[offboard_node-2] [INFO] [1785299196.601309635] [offboard_node]: FOLLOWING tick=220 mode=OFFBOARD cte=4.0m pos=[261.0,85.4] tgt=[262.9,155.2] seg=336/503
[telemetry_node-1] [INFO] [1785299197.188935673] [telemetry_node]: pos_ned=[261.41342163  93.69929504  49.39919662]  yaw=1.745  armed=True  vtol=4  batt=15.30V/50%
[offboard_node-2] [INFO] [1785299198.600534921] [offboard_node]: FOLLOWING tick=240 mode=OFFBOARD cte=3.5m pos=[261.8,112.9] tgt=[259.9,182.7] seg=364/503
[telemetry_node-1] [INFO] [1785299199.189371041] [telemetry_node]: pos_ned=[261.70806885 120.95498657  49.91437912]  yaw=1.594  armed=True  vtol=4  batt=15.30V/50%
[offboard_node-2] [INFO] [1785299200.602700452] [offboard_node]: FOLLOWING tick=260 mode=OFFBOARD cte=3.0m pos=[261.1,139.8] tgt=[256.3,209.6] seg=391/503
[telemetry_node-1] [INFO] [1785299201.189272499] [telemetry_node]: pos_ned=[260.69186401 147.99252319  49.79976273]  yaw=1.467  armed=True  vtol=4  batt=15.30V/50%
[offboard_node-2] [INFO] [1785299202.601665844] [offboard_node]: FOLLOWING tick=280 mode=OFFBOARD cte=2.4m pos=[259.4,167.2] tgt=[252.1,236.8] seg=419/503
[telemetry_node-1] [INFO] [1785299203.190401330] [telemetry_node]: pos_ned=[258.63336182 175.48591614  49.70662308]  yaw=1.543  armed=True  vtol=4  batt=15.30V/50%
[offboard_node-2] [INFO] [1785299204.600181549] [offboard_node]: FOLLOWING tick=300 mode=OFFBOARD cte=1.8m pos=[256.6,194.6] tgt=[250.0,250.0] seg=446/503
[telemetry_node-1] [INFO] [1785299205.189104168] [telemetry_node]: pos_ned=[255.66789246 202.70295715  49.89682007]  yaw=1.718  armed=True  vtol=4  batt=15.30V/50%
[offboard_node-2] [INFO] [1785299206.600039514] [offboard_node]: FOLLOWING tick=320 mode=OFFBOARD cte=1.1m pos=[253.3,221.6] tgt=[250.0,250.0] seg=474/503
[telemetry_node-1] [INFO] [1785299207.189576053] [telemetry_node]: pos_ned=[252.29612732 229.8543396   49.7871666 ]  yaw=1.787  armed=True  vtol=4  batt=15.30V/50%
[offboard_node-2] [INFO] [1785299207.999561781] [offboard_node]: 경로 추종 완료 -> transition_mc
[offboard_node-2] [INFO] [1785299208.098971932] [offboard_node]: FW->MC 역천이 명령 요청
[telemetry_node-1] [INFO] [1785299209.189342808] [telemetry_node]: pos_ned=[249.08369446 256.65142822  49.71099472]  yaw=1.698  armed=True  vtol=2  batt=15.30V/50%
[telemetry_node-1] [INFO] [1785299211.189527871] [telemetry_node]: pos_ned=[247.34440613 277.1027832   50.59312057]  yaw=1.671  armed=True  vtol=2  batt=15.30V/50%
[telemetry_node-1] [INFO] [1785299213.189036099] [telemetry_node]: pos_ned=[246.75376892 290.55722046  50.53983307]  yaw=1.653  armed=True  vtol=2  batt=15.30V/50%
[offboard_node-2] [INFO] [1785299213.498333398] [offboard_node]: MC 전환 완료 -> HOLD (WP1 복귀)
[telemetry_node-1] [INFO] [1785299215.189116842] [telemetry_node]: pos_ned=[247.02540588 292.6456604   50.1386528 ]  yaw=1.628  armed=True  vtol=3  batt=15.30V/50%
[offboard_node-2] [INFO] [1785299215.499079006] [offboard_node]: WP1 홀드 dist=40.4m speed=8.1m/s stable=0/10
[telemetry_node-1] [INFO] [1785299217.189059479] [telemetry_node]: pos_ned=[247.55567932 281.54800415  50.10353851]  yaw=1.609  armed=True  vtol=3  batt=15.30V/50%
[offboard_node-2] [INFO] [1785299217.498622911] [offboard_node]: WP1 홀드 dist=30.4m speed=4.8m/s stable=0/10
[telemetry_node-1] [INFO] [1785299219.189948541] [telemetry_node]: pos_ned=[248.26167297 270.91235352  50.09072113]  yaw=1.618  armed=True  vtol=3  batt=15.30V/50%
[offboard_node-2] [INFO] [1785299219.498592454] [offboard_node]: WP1 홀드 dist=19.4m speed=4.5m/s stable=0/10
[telemetry_node-1] [INFO] [1785299221.296464710] [telemetry_node]: pos_ned=[248.47045898 268.04122925  50.06290436]  yaw=1.617  armed=True  vtol=3  batt=15.30V/50%
[offboard_node-2] [INFO] [1785299222.798626092] [offboard_node]: WP1 홀드 dist=9.1m speed=5.6m/s stable=0/10
[telemetry_node-1] [INFO] [1785299223.189379245] [telemetry_node]: pos_ned=[249.33451843 257.17654419  50.12942123]  yaw=1.614  armed=True  vtol=3  batt=15.30V/50%
[offboard_node-2] [INFO] [1785299224.798376618] [offboard_node]: WP1 홀드 dist=1.7m speed=1.6m/s stable=0/10
[telemetry_node-1] [INFO] [1785299225.189649712] [telemetry_node]: pos_ned=[249.76460266 251.21697998  50.16690063]  yaw=1.618  armed=True  vtol=3  batt=15.30V/50%
[offboard_node-2] [INFO] [1785299225.798748410] [offboard_node]: WP1 도달·안정 (dist=0.9m speed=0.2m/s) → LANDING
[offboard_node-2] [INFO] [1785299225.898641826] [offboard_node]: AUTO.LAND 요청
[telemetry_node-1] [INFO] [1785299227.189499901] [telemetry_node]: pos_ned=[249.93482971 250.88217163  48.94532013]  yaw=1.618  armed=True  vtol=3  batt=15.30V/50%
[telemetry_node-1] [INFO] [1785299229.189492434] [telemetry_node]: pos_ned=[249.98632812 250.77403259  46.13212204]  yaw=1.617  armed=True  vtol=3  batt=15.30V/50%
[telemetry_node-1] [INFO] [1785299231.189260684] [telemetry_node]: pos_ned=[250.00617981 250.73110962  43.18645096]  yaw=1.618  armed=True  vtol=3  batt=15.30V/50%
[telemetry_node-1] [INFO] [1785299233.188999566] [telemetry_node]: pos_ned=[249.97459412 250.82885742  40.20863342]  yaw=1.618  armed=True  vtol=3  batt=15.30V/50%
[telemetry_node-1] [INFO] [1785299235.189172128] [telemetry_node]: pos_ned=[249.95895386 250.76753235  37.22437668]  yaw=1.617  armed=True  vtol=3  batt=15.30V/50%
[telemetry_node-1] [INFO] [1785299237.189845015] [telemetry_node]: pos_ned=[249.95823669 250.7684021   34.32260895]  yaw=1.616  armed=True  vtol=3  batt=15.30V/50%
[telemetry_node-1] [INFO] [1785299239.189728535] [telemetry_node]: pos_ned=[249.92996216 250.77145386  31.33420372]  yaw=1.614  armed=True  vtol=3  batt=15.30V/50%
[telemetry_node-1] [INFO] [1785299241.189316068] [telemetry_node]: pos_ned=[249.91119385 250.75819397  28.34351349]  yaw=1.613  armed=True  vtol=3  batt=15.30V/50%
[telemetry_node-1] [INFO] [1785299243.189653549] [telemetry_node]: pos_ned=[249.9105072 250.8013916  25.2871685]  yaw=1.612  armed=True  vtol=3  batt=15.30V/50%
[telemetry_node-1] [INFO] [1785299245.189312794] [telemetry_node]: pos_ned=[249.91325378 250.76435852  22.26921654]  yaw=1.611  armed=True  vtol=3  batt=15.30V/50%
[telemetry_node-1] [INFO] [1785299247.189736059] [telemetry_node]: pos_ned=[249.89813232 250.74957275  19.27082062]  yaw=1.610  armed=True  vtol=3  batt=15.30V/50%
[telemetry_node-1] [INFO] [1785299249.189516185] [telemetry_node]: pos_ned=[249.91387939 250.75970459  16.24372482]  yaw=1.609  armed=True  vtol=3  batt=15.30V/50%
[telemetry_node-1] [INFO] [1785299251.189420369] [telemetry_node]: pos_ned=[249.9642334  250.75897217  13.23820782]  yaw=1.609  armed=True  vtol=3  batt=15.30V/50%
[telemetry_node-1] [INFO] [1785299253.189115325] [telemetry_node]: pos_ned=[249.987854   250.80174255  10.24854088]  yaw=1.609  armed=True  vtol=3  batt=15.30V/50%
[telemetry_node-1] [INFO] [1785299255.189477958] [telemetry_node]: pos_ned=[249.98243713 250.79556274   9.57014656]  yaw=1.609  armed=True  vtol=3  batt=15.30V/50%
[telemetry_node-1] [INFO] [1785299257.189295372] [telemetry_node]: pos_ned=[249.96629333 250.71707153   7.14946556]  yaw=1.610  armed=True  vtol=3  batt=15.30V/50%
[telemetry_node-1] [INFO] [1785299259.189228349] [telemetry_node]: pos_ned=[249.96878052 250.76663208   5.39253521]  yaw=1.610  armed=True  vtol=3  batt=15.30V/50%
[telemetry_node-1] [INFO] [1785299261.189217858] [telemetry_node]: pos_ned=[249.95497131 250.78779602   3.94087696]  yaw=1.610  armed=True  vtol=3  batt=15.30V/50%
[telemetry_node-1] [INFO] [1785299263.189092090] [telemetry_node]: pos_ned=[249.94610596 250.73564148   2.53432727]  yaw=1.612  armed=True  vtol=3  batt=15.30V/50%
[telemetry_node-1] [INFO] [1785299265.189245693] [telemetry_node]: pos_ned=[249.92861938 250.79371643   1.10654688]  yaw=1.612  armed=True  vtol=3  batt=15.30V/50%
[telemetry_node-1] [INFO] [1785299267.189106261] [telemetry_node]: pos_ned=[2.49925949e+02 2.50766693e+02 2.47731358e-01]  yaw=1.616  armed=True  vtol=3  batt=15.30V/50%
[telemetry_node-1] [INFO] [1785299269.189273556] [telemetry_node]: pos_ned=[249.91267395 250.77305603   0.30782273]  yaw=1.616  armed=True  vtol=3  batt=15.30V/50%
[offboard_node-2] [INFO] [1785299270.498251792] [offboard_node]: 착륙 완료 (disarmed) -> DONE
[telemetry_node-1] [INFO] [1785299271.190104596] [telemetry_node]: pos_ned=[2.49918091e+02 2.50777908e+02 1.95663035e-01]  yaw=1.617  armed=False  vtol=3  batt=16.20V/79%
[telemetry_node-1] [INFO] [1785299273.188975800] [telemetry_node]: pos_ned=[2.49929459e+02 2.50756317e+02 6.81794807e-02]  yaw=1.618  armed=False  vtol=3  batt=16.20V/97%
[telemetry_node-1] [INFO] [1785299275.189220805] [telemetry_node]: pos_ned=[2.49924652e+02 2.50777527e+02 3.88259962e-02]  yaw=1.619  armed=False  vtol=3  batt=16.20V/100%
[WARNING] [launch]: user interrupted with ctrl-c (SIGINT)
[INFO] [offboard_node-2]: sending signal 'SIGINT' to process[offboard_node-2]
[INFO] [telemetry_node-1]: sending signal 'SIGINT' to process[telemetry_node-1]
[offboard_node-2] Traceback (most recent call last):
[offboard_node-2]   File "/root/ws_f5/install/fc_ros/lib/python3.10/site-packages/fc_ros/nodes/offboard_node.py", line 2320, in main
[offboard_node-2]     rclpy.spin(node)
[offboard_node-2]   File "/opt/ros/humble/local/lib/python3.10/dist-packages/rclpy/__init__.py", line 229, in spin
[offboard_node-2]     executor.spin_once()
[offboard_node-2]   File "/opt/ros/humble/local/lib/python3.10/dist-packages/rclpy/executors.py", line 808, in spin_once
[offboard_node-2]     self._spin_once_impl(timeout_sec)
[offboard_node-2]   File "/opt/ros/humble/local/lib/python3.10/dist-packages/rclpy/executors.py", line 805, in _spin_once_impl
[offboard_node-2]     raise handler.exception()
[offboard_node-2]   File "/opt/ros/humble/local/lib/python3.10/dist-packages/rclpy/task.py", line 272, in _execute_coroutine_step
[offboard_node-2]     result = coro.send(None)
[offboard_node-2]   File "/opt/ros/humble/local/lib/python3.10/dist-packages/rclpy/executors.py", line 478, in handler
[offboard_node-2]     arg = take_from_wait_list(entity)
[offboard_node-2]   File "/opt/ros/humble/local/lib/python3.10/dist-packages/rclpy/executors.py", line 400, in _take_subscription
[offboard_node-2]     msg_info = sub.handle.take_message(sub.msg_type, sub.raw)
[offboard_node-2] RuntimeError: Unable to convert call argument to Python object (compile in debug mode for details)
[offboard_node-2] 
[offboard_node-2] During handling of the above exception, another exception occurred:
[offboard_node-2] 
[offboard_node-2] Traceback (most recent call last):
[offboard_node-2]   File "/root/ws_f5/install/fc_ros/lib/fc_ros/offboard_node", line 33, in <module>
[offboard_node-2]     sys.exit(load_entry_point('fc-ros==0.1.0', 'console_scripts', 'offboard_node')())
[offboard_node-2]   File "/root/ws_f5/install/fc_ros/lib/python3.10/site-packages/fc_ros/nodes/offboard_node.py", line 2322, in main
[offboard_node-2]     node.destroy_node()
[offboard_node-2]   File "/opt/ros/humble/local/lib/python3.10/dist-packages/rclpy/node.py", line 1689, in destroy_node
[offboard_node-2]     self.destroy_client(self._clients[0])
[offboard_node-2]   File "/opt/ros/humble/local/lib/python3.10/dist-packages/rclpy/node.py", line 1599, in destroy_client
[offboard_node-2]     client.destroy()
[offboard_node-2]   File "/opt/ros/humble/local/lib/python3.10/dist-packages/rclpy/client.py", line 187, in destroy
[offboard_node-2]     self.__client.destroy_when_not_in_use()
[offboard_node-2] KeyboardInterrupt
[telemetry_node-1] Traceback (most recent call last):
[telemetry_node-1]   File "/root/ws_f5/install/fc_ros/lib/python3.10/site-packages/fc_ros/nodes/telemetry_node.py", line 109, in main
[telemetry_node-1]     rclpy.spin(node)
[telemetry_node-1]   File "/opt/ros/humble/local/lib/python3.10/dist-packages/rclpy/__init__.py", line 229, in spin
[telemetry_node-1]     executor.spin_once()
[telemetry_node-1]   File "/opt/ros/humble/local/lib/python3.10/dist-packages/rclpy/executors.py", line 808, in spin_once
[telemetry_node-1]     self._spin_once_impl(timeout_sec)
[telemetry_node-1]   File "/opt/ros/humble/local/lib/python3.10/dist-packages/rclpy/executors.py", line 805, in _spin_once_impl
[telemetry_node-1]     raise handler.exception()
[telemetry_node-1]   File "/opt/ros/humble/local/lib/python3.10/dist-packages/rclpy/task.py", line 272, in _execute_coroutine_step
[telemetry_node-1]     result = coro.send(None)
[telemetry_node-1]   File "/opt/ros/humble/local/lib/python3.10/dist-packages/rclpy/executors.py", line 478, in handler
[telemetry_node-1]     arg = take_from_wait_list(entity)
[telemetry_node-1]   File "/opt/ros/humble/local/lib/python3.10/dist-packages/rclpy/executors.py", line 400, in _take_subscription
[telemetry_node-1]     msg_info = sub.handle.take_message(sub.msg_type, sub.raw)
[telemetry_node-1] RuntimeError: Unable to convert call argument to Python object (compile in debug mode for details)
[telemetry_node-1] 
[telemetry_node-1] During handling of the above exception, another exception occurred:
[telemetry_node-1] 
[telemetry_node-1] Traceback (most recent call last):
[telemetry_node-1]   File "/root/ws_f5/install/fc_ros/lib/fc_ros/telemetry_node", line 33, in <module>
[telemetry_node-1]     sys.exit(load_entry_point('fc-ros==0.1.0', 'console_scripts', 'telemetry_node')())
[telemetry_node-1]   File "/root/ws_f5/install/fc_ros/lib/python3.10/site-packages/fc_ros/nodes/telemetry_node.py", line 111, in main
[telemetry_node-1]     node.destroy_node()
[telemetry_node-1]   File "/opt/ros/humble/local/lib/python3.10/dist-packages/rclpy/node.py", line 1687, in destroy_node
[telemetry_node-1]     self.destroy_subscription(self._subscriptions[0])
[telemetry_node-1]   File "/opt/ros/humble/local/lib/python3.10/dist-packages/rclpy/node.py", line 1583, in destroy_subscription
[telemetry_node-1]     subscription.destroy()
[telemetry_node-1]   File "/opt/ros/humble/local/lib/python3.10/dist-packages/rclpy/subscription.py", line 80, in destroy
[telemetry_node-1]     self.handle.destroy_when_not_in_use()
[telemetry_node-1] KeyboardInterrupt
[ERROR] [offboard_node-2]: process has died [pid 37168, exit code -2, cmd '/root/ws_f5/install/fc_ros/lib/fc_ros/offboard_node --ros-args -r __node:=offboard_node --params-file /root/ws_f5/install/fc_ros/share/fc_ros/params/fc_ros_params.yaml --params-file /tmp/launch_params_pxaqbq6l'].
[ERROR] [telemetry_node-1]: process has died [pid 37166, exit code -2, cmd '/root/ws_f5/install/fc_ros/lib/fc_ros/telemetry_node --ros-args -r __node:=telemetry_node'].
