[INFO] [launch]: All log files can be found below /root/.ros/log/2026-07-29-13-39-56-255113-DESKTOP-Kilogram-44757
[INFO] [launch]: Default logging verbosity is set to INFO
[INFO] [telemetry_node-1]: process started with pid [44778]
[INFO] [offboard_node-2]: process started with pid [44780]
[offboard_node-2] [INFO] [1785299996.863129871] [offboard_node]: 경로 계획 시작 — planner=eta3 WP 3개 v_cruise=18.0 → 예상 약 90s 블로킹. 이 동안 노드는 응답하지 않는다 — 죽은 것이 아니니 재기동 금지 (재기동하면 중복 인스턴스가 된다).
[offboard_node-2] [Eta3ClothoidPlannerV3] WARNING: NR pos residual 9.593m is large. affine correction guarantees WP passage but curve may be deformed.
[offboard_node-2] [INFO] [1785299997.397455343] [offboard_node]: 경로 계획 완료 — 소요 0.5s (예상 90s), 경로점 477개, 전장 462.2m
[telemetry_node-1] [INFO] [1785299999.084042816] [telemetry_node]: pos_ned=[-0.02726359  0.02015137 -0.29051718]  yaw=1.631  armed=False  vtol=3  batt=0.00V/100%
[offboard_node-2] [WARN] [1785299999.093250947] [offboard_node]: /mavros/cmd/arming 서비스 없음
[offboard_node-2] [WARN] [1785299999.117613866] [offboard_node]: /mavros/cmd/arming 서비스 없음
[offboard_node-2] [WARN] [1785299999.217811268] [offboard_node]: /mavros/cmd/arming 서비스 없음
[offboard_node-2] [WARN] [1785299999.317913759] [offboard_node]: /mavros/cmd/arming 서비스 없음
[offboard_node-2] [WARN] [1785299999.417850609] [offboard_node]: /mavros/cmd/arming 서비스 없음
[offboard_node-2] [WARN] [1785299999.517773492] [offboard_node]: /mavros/cmd/arming 서비스 없음
[offboard_node-2] [WARN] [1785299999.617981991] [offboard_node]: /mavros/cmd/arming 서비스 없음
[offboard_node-2] [WARN] [1785299999.717592528] [offboard_node]: /mavros/cmd/arming 서비스 없음
[offboard_node-2] [WARN] [1785299999.817672117] [offboard_node]: /mavros/cmd/arming 서비스 없음
[offboard_node-2] [WARN] [1785299999.917638364] [offboard_node]: /mavros/cmd/arming 서비스 없음
[offboard_node-2] [WARN] [1785300000.017737080] [offboard_node]: /mavros/cmd/arming 서비스 없음
[offboard_node-2] [WARN] [1785300000.117524139] [offboard_node]: /mavros/cmd/arming 서비스 없음
[offboard_node-2] [WARN] [1785300000.217667899] [offboard_node]: /mavros/cmd/arming 서비스 없음
[offboard_node-2] [WARN] [1785300000.317469325] [offboard_node]: /mavros/cmd/arming 서비스 없음
[offboard_node-2] [WARN] [1785300000.417602245] [offboard_node]: /mavros/cmd/arming 서비스 없음
[offboard_node-2] [WARN] [1785300000.517513600] [offboard_node]: /mavros/cmd/arming 서비스 없음
[offboard_node-2] [WARN] [1785300000.617756413] [offboard_node]: /mavros/cmd/arming 서비스 없음
[offboard_node-2] [WARN] [1785300000.717585934] [offboard_node]: /mavros/cmd/arming 서비스 없음
[telemetry_node-1] [INFO] [1785300000.773450730] [telemetry_node]: pos_ned=[-0.02724051  0.01163797 -0.31538343]  yaw=1.627  armed=False  vtol=3  batt=16.20V/100%
[offboard_node-2] [WARN] [1785300000.817658933] [offboard_node]: /mavros/cmd/arming 서비스 없음
[offboard_node-2] [INFO] [1785300000.917963176] [offboard_node]: ARM 요청
[offboard_node-2] [INFO] [1785300002.018015814] [offboard_node]: 경로 원점 = 이륙지점 [N=-0.03, E=0.01, h_up=-0.35] 적용 (frame=takeoff) → WP0=[-0.03,0.01] 순항고도 h_up=49.65
[offboard_node-2] [INFO] [1785300002.018678022] [offboard_node]: 거리 상한 감시 활성 800m (이륙지점 기준 수평, 경로 최원점 250m)
[offboard_node-2] [INFO] [1785300002.019474518] [offboard_node]: CommandTOL 이륙 요청 alt=49.7m AMSL (지면 -0.3+50.0) -> CLIMBING
[telemetry_node-1] [INFO] [1785300002.773684974] [telemetry_node]: pos_ned=[-0.00988883  0.00879118 -0.37906051]  yaw=1.625  armed=True  vtol=3  batt=16.17V/99%
[telemetry_node-1] [INFO] [1785300004.774256689] [telemetry_node]: pos_ned=[ 0.00916512  0.02823046 -0.36710307]  yaw=1.629  armed=True  vtol=3  batt=16.11V/97%
[telemetry_node-1] [INFO] [1785300006.773879358] [telemetry_node]: pos_ned=[-0.03576617 -0.01785019  1.91959357]  yaw=1.625  armed=True  vtol=3  batt=16.05V/93%
[telemetry_node-1] [INFO] [1785300008.773948675] [telemetry_node]: pos_ned=[-2.12609079e-02  4.22493042e-03  5.18518543e+00]  yaw=1.635  armed=True  vtol=3  batt=15.99V/90%
[telemetry_node-1] [INFO] [1785300010.773995498] [telemetry_node]: pos_ned=[-0.01743813  0.03122155  8.69016838]  yaw=1.634  armed=True  vtol=3  batt=15.93V/87%
[telemetry_node-1] [INFO] [1785300012.774167705] [telemetry_node]: pos_ned=[1.38155837e-02 1.15513522e-02 1.34355822e+01]  yaw=1.634  armed=True  vtol=3  batt=15.87V/83%
[telemetry_node-1] [INFO] [1785300014.774134652] [telemetry_node]: pos_ned=[3.90592031e-02 1.49360346e-02 1.93435020e+01]  yaw=1.629  armed=True  vtol=3  batt=15.81V/80%
[telemetry_node-1] [INFO] [1785300016.774008095] [telemetry_node]: pos_ned=[3.30598727e-02 2.22536977e-02 2.53436089e+01]  yaw=1.625  armed=True  vtol=3  batt=15.75V/77%
[telemetry_node-1] [INFO] [1785300018.773696928] [telemetry_node]: pos_ned=[-1.44984657e-02  7.67013244e-03  3.13136559e+01]  yaw=1.625  armed=True  vtol=3  batt=15.69V/73%
[telemetry_node-1] [INFO] [1785300020.774018396] [telemetry_node]: pos_ned=[-2.74132658e-02 -1.52864894e-02  3.72448540e+01]  yaw=1.623  armed=True  vtol=3  batt=15.63V/70%
[telemetry_node-1] [INFO] [1785300022.773858727] [telemetry_node]: pos_ned=[-2.92827729e-02  1.78267434e-03  4.32469902e+01]  yaw=1.621  armed=True  vtol=3  batt=15.57V/67%
[telemetry_node-1] [INFO] [1785300024.773691121] [telemetry_node]: pos_ned=[-2.35654525e-02  2.88064294e-02  4.72105293e+01]  yaw=1.620  armed=True  vtol=3  batt=15.51V/63%
[telemetry_node-1] [INFO] [1785300026.773773795] [telemetry_node]: pos_ned=[-1.92507654e-02  4.34554443e-02  4.89272995e+01]  yaw=1.617  armed=True  vtol=3  batt=15.45V/60%
[offboard_node-2] [INFO] [1785300027.317543939] [offboard_node]: 운용 고도 50.0m 도달 → transition_fw
[telemetry_node-1] [INFO] [1785300028.773692109] [telemetry_node]: pos_ned=[-1.93385407e-02  2.23744903e-02  4.95438652e+01]  yaw=1.617  armed=True  vtol=3  batt=15.39V/57%
[offboard_node-2] [INFO] [1785300029.318311724] [offboard_node]: 천이 전 MC OFFBOARD 요청 (헤딩 정렬 대기)
[offboard_node-2] [WARN] [1785300029.418015849] [offboard_node]: 정렬 구간 OFFBOARD 이탈 → 재요청 (mode=AUTO.LOITER)
[telemetry_node-1] [INFO] [1785300030.773719202] [telemetry_node]: pos_ned=[-4.31173742e-02 -4.70609870e-03  4.99582863e+01]  yaw=1.430  armed=True  vtol=3  batt=15.33V/53%
[telemetry_node-1] [INFO] [1785300032.923598361] [telemetry_node]: pos_ned=[-5.95671162e-02 -5.64447464e-03  5.00711937e+01]  yaw=1.186  armed=True  vtol=3  batt=15.33V/53%
[telemetry_node-1] [INFO] [1785300034.773561384] [telemetry_node]: pos_ned=[-9.68810618e-02 -4.44395952e-02  5.04621353e+01]  yaw=0.592  armed=True  vtol=3  batt=15.30V/51%
[telemetry_node-1] [INFO] [1785300036.773600780] [telemetry_node]: pos_ned=[-4.91316542e-02 -3.11748181e-02  5.08575249e+01]  yaw=0.310  armed=True  vtol=3  batt=15.30V/50%
[telemetry_node-1] [INFO] [1785300038.773678774] [telemetry_node]: pos_ned=[-8.84573534e-02 -5.00765070e-02  5.12583046e+01]  yaw=0.215  armed=True  vtol=3  batt=15.30V/50%
[offboard_node-2] [INFO] [1785300039.317617795] [offboard_node]: 헤딩 정렬 완료 target=-0.0° current=12.0° err=-12.0° (20틱 안정) → 전진 + 천이 명령
[offboard_node-2] [INFO] [1785300039.318255850] [offboard_node]: FW 고도 램프 시작 51.4 → 49.6m (계단 -1.7m, 3.0m/s, 0.6s 소요)
[offboard_node-2] [INFO] [1785300039.319308076] [offboard_node]: MC→FW 천이 명령 요청 (위치 setpoint 직선 천이)
[telemetry_node-1] [INFO] [1785300040.773512815] [telemetry_node]: pos_ned=[ 0.77707267  0.07390344 51.56659317]  yaw=0.172  armed=True  vtol=1  batt=15.30V/50%
[offboard_node-2] [INFO] [1785300041.917501721] [offboard_node]: FW 전환 완료 -> STREAMING
[offboard_node-2] [INFO] [1785300042.019704474] [offboard_node]: OFFBOARD 확인 → FOLLOWING
[offboard_node-2] [INFO] [1785300042.120744676] [offboard_node]: FOLLOWING 시작 pos=[11.5,1.9] tgt=[81.5,0.0] cte=1.9m mode=OFFBOARD seg=11/476
[telemetry_node-1] [INFO] [1785300042.773570539] [telemetry_node]: pos_ned=[23.060009    4.30495501 49.84890366]  yaw=0.229  armed=True  vtol=4  batt=15.30V/50%
[offboard_node-2] [INFO] [1785300044.019887222] [offboard_node]: FOLLOWING tick=20 mode=OFFBOARD cte=4.4m pos=[45.3,4.4] tgt=[115.3,0.0] seg=46/476
[telemetry_node-1] [INFO] [1785300044.773684485] [telemetry_node]: pos_ned=[58.70383072  2.44936442 51.83367157]  yaw=-0.027  armed=True  vtol=4  batt=15.30V/50%
[offboard_node-2] [INFO] [1785300046.019523315] [offboard_node]: FOLLOWING tick=40 mode=OFFBOARD cte=2.8m pos=[79.4,2.8] tgt=[149.4,0.0] seg=81/476
[telemetry_node-1] [INFO] [1785300046.774220924] [telemetry_node]: pos_ned=[92.22338104  2.53338766 51.56198883]  yaw=-0.089  armed=True  vtol=4  batt=15.30V/50%
[offboard_node-2] [INFO] [1785300048.019963325] [offboard_node]: FOLLOWING tick=60 mode=OFFBOARD cte=0.7m pos=[113.5,0.7] tgt=[183.5,0.0] seg=116/476
[telemetry_node-1] [INFO] [1785300048.773557641] [telemetry_node]: pos_ned=[126.6187973    0.78252232  51.30895996]  yaw=-0.105  armed=True  vtol=4  batt=15.30V/50%
[offboard_node-2] [INFO] [1785300050.020907931] [offboard_node]: FOLLOWING tick=80 mode=OFFBOARD cte=0.7m pos=[147.1,0.7] tgt=[217.1,-0.0] seg=150/476
[telemetry_node-1] [INFO] [1785300050.774130121] [telemetry_node]: pos_ned=[1.59880676e+02 1.26251310e-01 5.17661438e+01]  yaw=-0.084  armed=True  vtol=4  batt=15.30V/50%
[offboard_node-2] [INFO] [1785300052.020341615] [offboard_node]: FOLLOWING tick=100 mode=OFFBOARD cte=0.0m pos=[180.1,0.0] tgt=[215.1,34.9] seg=184/476
[telemetry_node-1] [INFO] [1785300052.773406959] [telemetry_node]: pos_ned=[1.92468491e+02 9.30815712e-02 5.20923309e+01]  yaw=0.025  armed=True  vtol=4  batt=15.30V/50%
[offboard_node-2] [INFO] [1785300054.021059603] [offboard_node]: FOLLOWING tick=120 mode=OFFBOARD cte=6.3m pos=[212.9,6.3] tgt=[204.9,45.0] seg=217/476
[offboard_node-2] [WARN] [1785300054.423213901] [offboard_node]: 세그먼트 인덱스 급변 222→285 (Δ+63, 전체 476) pos=[218.2,13.3] — 경로상 전진이 아니라 다른 레그 선택일 수 있다
[telemetry_node-1] [INFO] [1785300054.774369850] [telemetry_node]: pos_ned=[220.47572327  21.23518562  50.93893051]  yaw=1.333  armed=True  vtol=4  batt=15.30V/50%
[offboard_node-2] [INFO] [1785300056.019795400] [offboard_node]: FOLLOWING tick=140 mode=OFFBOARD cte=-8.4m pos=[214.7,47.2] tgt=[159.3,90.7] seg=313/476
[telemetry_node-1] [INFO] [1785300056.773526437] [telemetry_node]: pos_ned=[206.05497742  60.06595612  55.83306503]  yaw=2.136  armed=True  vtol=4  batt=15.30V/50%
[offboard_node-2] [INFO] [1785300058.020580394] [offboard_node]: FOLLOWING tick=160 mode=OFFBOARD cte=-10.6m pos=[188.5,76.4] tgt=[131.5,118.4] seg=354/476
[telemetry_node-1] [INFO] [1785300058.773515680] [telemetry_node]: pos_ned=[177.47813416  85.22009277  54.38008499]  yaw=2.175  armed=True  vtol=4  batt=15.30V/50%
[offboard_node-2] [INFO] [1785300060.019715169] [offboard_node]: FOLLOWING tick=180 mode=OFFBOARD cte=-5.8m pos=[160.2,98.0] tgt=[106.6,143.4] seg=392/476
[telemetry_node-1] [INFO] [1785300060.774044339] [telemetry_node]: pos_ned=[150.09283447 105.33880615  53.84056473]  yaw=2.265  armed=True  vtol=4  batt=15.30V/50%
[offboard_node-2] [INFO] [1785300062.020046018] [offboard_node]: FOLLOWING tick=200 mode=OFFBOARD cte=-1.9m pos=[135.1,117.5] tgt=[100.0,150.0] seg=425/476
[telemetry_node-1] [INFO] [1785300062.773458352] [telemetry_node]: pos_ned=[126.45254517 124.72309113  54.13866043]  yaw=2.593  armed=True  vtol=4  batt=15.30V/50%
[offboard_node-2] [INFO] [1785300064.019555508] [offboard_node]: FOLLOWING tick=220 mode=OFFBOARD cte=0.5m pos=[112.6,136.6] tgt=[100.0,150.0] seg=456/476
[offboard_node-2] [INFO] [1785300064.619538612] [offboard_node]: 경로 추종 완료 -> transition_mc
[offboard_node-2] [INFO] [1785300064.718914576] [offboard_node]: FW->MC 역천이 명령 요청
[telemetry_node-1] [INFO] [1785300064.773611645] [telemetry_node]: pos_ned=[103.43745422 145.19732666  52.65690613]  yaw=2.725  armed=True  vtol=4  batt=15.30V/50%
[telemetry_node-1] [INFO] [1785300066.848504465] [telemetry_node]: pos_ned=[ 98.83307648 149.98892212  52.504776  ]  yaw=2.685  armed=True  vtol=2  batt=15.30V/50%
[telemetry_node-1] [INFO] [1785300068.773649093] [telemetry_node]: pos_ned=[ 80.35345459 170.65568542  53.06850052]  yaw=2.692  armed=True  vtol=2  batt=15.30V/50%
[telemetry_node-1] [INFO] [1785300070.774326965] [telemetry_node]: pos_ned=[ 66.05281067 185.75923157  53.90453339]  yaw=2.791  armed=True  vtol=2  batt=15.30V/50%
[offboard_node-2] [INFO] [1785300072.418139157] [offboard_node]: MC 전환 완료 -> HOLD (WP1 복귀)
[telemetry_node-1] [INFO] [1785300072.773573913] [telemetry_node]: pos_ned=[ 56.46140671 196.34796143  53.67040253]  yaw=2.891  armed=True  vtol=3  batt=15.30V/50%
[offboard_node-2] [INFO] [1785300074.418143810] [offboard_node]: WP1 홀드 dist=61.2m speed=8.1m/s stable=0/10
[telemetry_node-1] [INFO] [1785300074.773636934] [telemetry_node]: pos_ned=[ 59.69978333 192.38050842  53.21244049]  yaw=2.865  armed=True  vtol=3  batt=15.30V/50%
[offboard_node-2] [INFO] [1785300076.417979454] [offboard_node]: WP1 홀드 dist=49.7m speed=5.3m/s stable=0/10
[telemetry_node-1] [INFO] [1785300076.773886354] [telemetry_node]: pos_ned=[ 67.16906738 184.83074951  52.67995834]  yaw=2.899  armed=True  vtol=3  batt=15.30V/50%
[offboard_node-2] [INFO] [1785300078.417561712] [offboard_node]: WP1 홀드 dist=38.8m speed=5.2m/s stable=0/10
[telemetry_node-1] [INFO] [1785300078.773558966] [telemetry_node]: pos_ned=[ 74.80053711 177.12922668  52.05946732]  yaw=2.882  armed=True  vtol=3  batt=15.30V/50%
[offboard_node-2] [INFO] [1785300080.417948048] [offboard_node]: WP1 홀드 dist=28.6m speed=5.2m/s stable=0/10
[telemetry_node-1] [INFO] [1785300080.773799966] [telemetry_node]: pos_ned=[ 81.74963379 169.68580627  51.45491791]  yaw=2.863  armed=True  vtol=3  batt=15.30V/50%
[offboard_node-2] [INFO] [1785300082.418083519] [offboard_node]: WP1 홀드 dist=18.6m speed=5.2m/s stable=0/10
[telemetry_node-1] [INFO] [1785300082.773791125] [telemetry_node]: pos_ned=[ 88.58840179 162.26979065  50.79495621]  yaw=2.853  armed=True  vtol=3  batt=15.30V/50%
[offboard_node-2] [INFO] [1785300084.418232501] [offboard_node]: WP1 홀드 dist=8.6m speed=5.1m/s stable=0/10
[telemetry_node-1] [INFO] [1785300084.774314445] [telemetry_node]: pos_ned=[ 95.39729309 154.95132446  50.15609741]  yaw=2.850  armed=True  vtol=3  batt=15.30V/50%
[offboard_node-2] [INFO] [1785300086.418408965] [offboard_node]: WP1 홀드 dist=1.4m speed=1.2m/s stable=1/10
[telemetry_node-1] [INFO] [1785300086.774678683] [telemetry_node]: pos_ned=[ 99.5837326  151.05189514  49.97764206]  yaw=2.870  armed=True  vtol=3  batt=15.30V/50%
[offboard_node-2] [INFO] [1785300087.218107845] [offboard_node]: WP1 도달·안정 (dist=0.9m speed=0.6m/s) → LANDING
[offboard_node-2] [INFO] [1785300087.317903178] [offboard_node]: AUTO.LAND 요청
[telemetry_node-1] [INFO] [1785300088.774166550] [telemetry_node]: pos_ned=[ 99.21281433 150.48797607  48.46731949]  yaw=2.805  armed=True  vtol=3  batt=15.30V/50%
[telemetry_node-1] [INFO] [1785300090.774279861] [telemetry_node]: pos_ned=[ 99.57337952 150.28413391  45.72389603]  yaw=2.791  armed=True  vtol=3  batt=15.30V/50%
[telemetry_node-1] [INFO] [1785300092.773907705] [telemetry_node]: pos_ned=[ 99.38278961 150.36930847  42.9882431 ]  yaw=2.788  armed=True  vtol=3  batt=15.30V/50%
[telemetry_node-1] [INFO] [1785300094.774065931] [telemetry_node]: pos_ned=[ 99.42733765 150.38725281  40.17662048]  yaw=2.788  armed=True  vtol=3  batt=15.30V/50%
[telemetry_node-1] [INFO] [1785300096.773840122] [telemetry_node]: pos_ned=[ 99.54199219 150.35572815  37.37665939]  yaw=2.789  armed=True  vtol=3  batt=15.30V/50%
[telemetry_node-1] [INFO] [1785300098.773866547] [telemetry_node]: pos_ned=[ 99.44478607 150.40576172  34.5689888 ]  yaw=2.791  armed=True  vtol=3  batt=15.30V/50%
[telemetry_node-1] [INFO] [1785300100.773608760] [telemetry_node]: pos_ned=[ 99.4280777  150.40115356  34.00663376]  yaw=2.791  armed=True  vtol=3  batt=15.30V/50%
[telemetry_node-1] [INFO] [1785300102.773711855] [telemetry_node]: pos_ned=[ 99.4740448  150.3547821   31.20916939]  yaw=2.793  armed=True  vtol=3  batt=15.30V/50%
[telemetry_node-1] [INFO] [1785300104.773923608] [telemetry_node]: pos_ned=[ 99.4719162  150.36413574  28.4529438 ]  yaw=2.793  armed=True  vtol=3  batt=15.30V/50%
[telemetry_node-1] [INFO] [1785300106.773588600] [telemetry_node]: pos_ned=[ 99.44644928 150.4105072   25.76487923]  yaw=2.795  armed=True  vtol=3  batt=15.30V/50%
[telemetry_node-1] [INFO] [1785300108.773731479] [telemetry_node]: pos_ned=[ 99.47711182 150.37306213  23.01667786]  yaw=2.796  armed=True  vtol=3  batt=15.30V/50%
[telemetry_node-1] [INFO] [1785300110.773599558] [telemetry_node]: pos_ned=[ 99.51663208 150.34239197  20.26612473]  yaw=2.797  armed=True  vtol=3  batt=15.30V/50%
[telemetry_node-1] [INFO] [1785300112.773416581] [telemetry_node]: pos_ned=[ 99.42230988 150.35765076  17.50712395]  yaw=2.797  armed=True  vtol=3  batt=15.30V/50%
[telemetry_node-1] [INFO] [1785300114.773878871] [telemetry_node]: pos_ned=[ 99.49133301 150.35661316  14.71587658]  yaw=2.798  armed=True  vtol=3  batt=15.30V/50%
[telemetry_node-1] [INFO] [1785300116.773902047] [telemetry_node]: pos_ned=[ 99.4666214  150.37931824  11.93188095]  yaw=2.798  armed=True  vtol=3  batt=15.30V/50%
[telemetry_node-1] [INFO] [1785300118.774118574] [telemetry_node]: pos_ned=[ 99.45513153 150.3973999    9.17751312]  yaw=2.799  armed=True  vtol=3  batt=15.30V/50%
[telemetry_node-1] [INFO] [1785300120.773985786] [telemetry_node]: pos_ned=[ 99.46768951 150.34161377   6.87905979]  yaw=2.799  armed=True  vtol=3  batt=15.30V/50%
[telemetry_node-1] [INFO] [1785300122.773811733] [telemetry_node]: pos_ned=[ 99.48562622 150.35693359   5.18227577]  yaw=2.800  armed=True  vtol=3  batt=15.30V/50%
[telemetry_node-1] [INFO] [1785300124.773551591] [telemetry_node]: pos_ned=[ 99.40522766 150.39903259   3.83970594]  yaw=2.800  armed=True  vtol=3  batt=15.30V/50%
[telemetry_node-1] [INFO] [1785300126.773483132] [telemetry_node]: pos_ned=[ 99.40856171 150.40382385   2.52469063]  yaw=2.801  armed=True  vtol=3  batt=15.30V/50%
[telemetry_node-1] [INFO] [1785300128.773411371] [telemetry_node]: pos_ned=[ 99.46140289 150.3717804    1.20870554]  yaw=2.801  armed=True  vtol=3  batt=15.30V/50%
[telemetry_node-1] [INFO] [1785300130.773401261] [telemetry_node]: pos_ned=[ 9.94330826e+01  1.50388489e+02 -1.30287051e-01]  yaw=2.801  armed=True  vtol=3  batt=15.30V/50%
[telemetry_node-1] [INFO] [1785300132.774056004] [telemetry_node]: pos_ned=[ 99.41326904 150.41059875  -0.20892885]  yaw=2.803  armed=True  vtol=3  batt=15.30V/50%
[telemetry_node-1] [INFO] [1785300134.973781827] [telemetry_node]: pos_ned=[ 99.41481018 150.40953064  -0.20939818]  yaw=2.803  armed=True  vtol=3  batt=15.30V/50%
[telemetry_node-1] [INFO] [1785300136.773668934] [telemetry_node]: pos_ned=[ 99.41959381 150.39562988  -0.23528877]  yaw=2.805  armed=True  vtol=3  batt=15.30V/50%
[offboard_node-2] [INFO] [1785300137.117753763] [offboard_node]: 착륙 완료 (disarmed) -> DONE
[telemetry_node-1] [INFO] [1785300138.773724283] [telemetry_node]: pos_ned=[ 9.93948898e+01  1.50427933e+02 -6.31410480e-02]  yaw=2.806  armed=False  vtol=3  batt=16.20V/80%
[telemetry_node-1] [INFO] [1785300140.774923264] [telemetry_node]: pos_ned=[ 9.94447784e+01  1.50428375e+02 -6.48233965e-02]  yaw=2.808  armed=False  vtol=3  batt=16.20V/97%
[telemetry_node-1] [INFO] [1785300142.773737225] [telemetry_node]: pos_ned=[ 9.94625778e+01  1.50445206e+02 -3.14738899e-02]  yaw=2.809  armed=False  vtol=3  batt=16.20V/100%
[WARNING] [launch]: user interrupted with ctrl-c (SIGINT)
[INFO] [offboard_node-2]: sending signal 'SIGINT' to process[offboard_node-2]
[INFO] [telemetry_node-1]: sending signal 'SIGINT' to process[telemetry_node-1]
[offboard_node-2] Traceback (most recent call last):
[offboard_node-2]   File "/root/ws_f5/install/fc_ros/lib/python3.10/site-packages/fc_ros/nodes/offboard_node.py", line 2320, in main
[telemetry_node-1] Traceback (most recent call last):
[telemetry_node-1]   File "/root/ws_f5/install/fc_ros/lib/python3.10/site-packages/fc_ros/nodes/telemetry_node.py", line 109, in main
[telemetry_node-1]     rclpy.spin(node)
[telemetry_node-1]   File "/opt/ros/humble/local/lib/python3.10/dist-packages/rclpy/__init__.py", line 229, in spin
[telemetry_node-1]     executor.spin_once()
[telemetry_node-1]   File "/opt/ros/humble/local/lib/python3.10/dist-packages/rclpy/executors.py", line 808, in spin_once
[telemetry_node-1]     self._spin_once_impl(timeout_sec)
[telemetry_node-1]   File "/opt/ros/humble/local/lib/python3.10/dist-packages/rclpy/executors.py", line 797, in _spin_once_impl
[telemetry_node-1]     handler, entity, node = self.wait_for_ready_callbacks(timeout_sec=timeout_sec)
[telemetry_node-1]   File "/opt/ros/humble/local/lib/python3.10/dist-packages/rclpy/executors.py", line 780, in wait_for_ready_callbacks
[telemetry_node-1]     return next(self._cb_iter)
[telemetry_node-1]   File "/opt/ros/humble/local/lib/python3.10/dist-packages/rclpy/executors.py", line 677, in _wait_for_ready_callbacks
[telemetry_node-1]     wait_set.wait(timeout_nsec)
[telemetry_node-1] KeyboardInterrupt
[telemetry_node-1] 
[telemetry_node-1] During handling of the above exception, another exception occurred:
[telemetry_node-1] 
[telemetry_node-1] Traceback (most recent call last):
[telemetry_node-1]   File "/root/ws_f5/install/fc_ros/lib/fc_ros/telemetry_node", line 33, in <module>
[offboard_node-2]     rclpy.spin(node)
[offboard_node-2]   File "/opt/ros/humble/local/lib/python3.10/dist-packages/rclpy/__init__.py", line 229, in spin
[telemetry_node-1]     sys.exit(load_entry_point('fc-ros==0.1.0', 'console_scripts', 'telemetry_node')())
[telemetry_node-1]   File "/root/ws_f5/install/fc_ros/lib/python3.10/site-packages/fc_ros/nodes/telemetry_node.py", line 111, in main
[telemetry_node-1]     node.destroy_node()
[telemetry_node-1]   File "/opt/ros/humble/local/lib/python3.10/dist-packages/rclpy/node.py", line 1691, in destroy_node
[offboard_node-2]     executor.spin_once()
[offboard_node-2]   File "/opt/ros/humble/local/lib/python3.10/dist-packages/rclpy/executors.py", line 808, in spin_once
[offboard_node-2]     self._spin_once_impl(timeout_sec)
[offboard_node-2]   File "/opt/ros/humble/local/lib/python3.10/dist-packages/rclpy/executors.py", line 797, in _spin_once_impl
[offboard_node-2]     handler, entity, node = self.wait_for_ready_callbacks(timeout_sec=timeout_sec)
[offboard_node-2]   File "/opt/ros/humble/local/lib/python3.10/dist-packages/rclpy/executors.py", line 780, in wait_for_ready_callbacks
[offboard_node-2]     return next(self._cb_iter)
[offboard_node-2]   File "/opt/ros/humble/local/lib/python3.10/dist-packages/rclpy/executors.py", line 677, in _wait_for_ready_callbacks
[offboard_node-2]     wait_set.wait(timeout_nsec)
[offboard_node-2] KeyboardInterrupt
[offboard_node-2] 
[offboard_node-2] During handling of the above exception, another exception occurred:
[offboard_node-2] 
[offboard_node-2] Traceback (most recent call last):
[offboard_node-2]   File "/root/ws_f5/install/fc_ros/lib/fc_ros/offboard_node", line 33, in <module>
[offboard_node-2]     sys.exit(load_entry_point('fc-ros==0.1.0', 'console_scripts', 'offboard_node')())
[offboard_node-2]   File "/root/ws_f5/install/fc_ros/lib/python3.10/site-packages/fc_ros/nodes/offboard_node.py", line 2322, in main
[offboard_node-2]     node.destroy_node()
[offboard_node-2]   File "/opt/ros/humble/local/lib/python3.10/dist-packages/rclpy/node.py", line 1687, in destroy_node
[telemetry_node-1]     self.destroy_service(self._services[0])
[telemetry_node-1]   File "/opt/ros/humble/local/lib/python3.10/dist-packages/rclpy/node.py", line 1615, in destroy_service
[offboard_node-2]     self.destroy_subscription(self._subscriptions[0])
[offboard_node-2]   File "/opt/ros/humble/local/lib/python3.10/dist-packages/rclpy/node.py", line 1583, in destroy_subscription
[offboard_node-2]     subscription.destroy()
[offboard_node-2]   File "/opt/ros/humble/local/lib/python3.10/dist-packages/rclpy/subscription.py", line 80, in destroy
[offboard_node-2]     self.handle.destroy_when_not_in_use()
[offboard_node-2] KeyboardInterrupt
[telemetry_node-1]     service.destroy()
[telemetry_node-1]   File "/opt/ros/humble/local/lib/python3.10/dist-packages/rclpy/service.py", line 93, in destroy
[telemetry_node-1]     self.__service.destroy_when_not_in_use()
[telemetry_node-1] KeyboardInterrupt
[ERROR] [telemetry_node-1]: process has died [pid 44778, exit code -2, cmd '/root/ws_f5/install/fc_ros/lib/fc_ros/telemetry_node --ros-args -r __node:=telemetry_node'].
[ERROR] [offboard_node-2]: process has died [pid 44780, exit code -2, cmd '/root/ws_f5/install/fc_ros/lib/fc_ros/offboard_node --ros-args -r __node:=offboard_node --params-file /root/ws_f5/install/fc_ros/share/fc_ros/params/fc_ros_params.yaml --params-file /tmp/launch_params_vnd4_4r_'].
