[INFO] [launch]: All log files can be found below /root/.ros/log/2026-07-27-23-17-00-772898-DESKTOP-Kilogram-1112
[INFO] [launch]: Default logging verbosity is set to INFO
[INFO] [telemetry_node-1]: process started with pid [1123]
[INFO] [offboard_node-2]: process started with pid [1125]
[offboard_node-2] [INFO] [1785161821.858539024] [offboard_node]: 경로 계획 시작 — planner=eta3 WP 3개 v_cruise=20.0 → 예상 약 75s 블로킹. 이 동안 노드는 응답하지 않는다 — 죽은 것이 아니니 재기동 금지 (재기동하면 중복 인스턴스가 된다).
[telemetry_node-1] [INFO] [1785161823.647201038] [telemetry_node]: pos_ned=[ 0.03080813 -0.00516661  0.07220202]  yaw=1.645  armed=False  vtol=3  batt=16.20V/100%
[telemetry_node-1] [INFO] [1785161828.098110383] [telemetry_node]: pos_ned=[ 0.04652491 -0.00420775  0.08782741]  yaw=1.645  armed=False  vtol=3  batt=16.20V/100%
[telemetry_node-1] [INFO] [1785161829.598731076] [telemetry_node]: pos_ned=[ 0.04452354 -0.01399165  0.10588352]  yaw=1.642  armed=False  vtol=3  batt=16.20V/100%
[telemetry_node-1] [INFO] [1785161831.598879571] [telemetry_node]: pos_ned=[-0.00568309 -0.02965298  0.12983704]  yaw=1.642  armed=False  vtol=3  batt=16.20V/100%
[telemetry_node-1] [INFO] [1785161833.598844905] [telemetry_node]: pos_ned=[-0.01063104 -0.00648433  0.08940627]  yaw=1.637  armed=False  vtol=3  batt=16.20V/100%
[telemetry_node-1] [INFO] [1785161835.599831304] [telemetry_node]: pos_ned=[-0.02215989 -0.00873258  0.03765344]  yaw=1.635  armed=False  vtol=3  batt=16.20V/100%
[telemetry_node-1] [INFO] [1785161837.598842359] [telemetry_node]: pos_ned=[-0.0058974   0.00503285 -0.01236971]  yaw=1.632  armed=False  vtol=3  batt=16.20V/100%
[telemetry_node-1] [INFO] [1785161839.599930128] [telemetry_node]: pos_ned=[ 0.02941137  0.01521296 -0.07113236]  yaw=1.627  armed=False  vtol=3  batt=16.20V/100%
[telemetry_node-1] [INFO] [1785161841.598507026] [telemetry_node]: pos_ned=[ 0.03408214 -0.00442333 -0.11475724]  yaw=1.622  armed=False  vtol=3  batt=16.20V/100%
[telemetry_node-1] [INFO] [1785161843.599102240] [telemetry_node]: pos_ned=[ 0.00773719  0.00249845 -0.16283283]  yaw=1.622  armed=False  vtol=3  batt=16.20V/100%
[telemetry_node-1] [INFO] [1785161845.598714103] [telemetry_node]: pos_ned=[ 0.0135066  -0.01640115 -0.20009857]  yaw=1.620  armed=False  vtol=3  batt=16.20V/100%
[telemetry_node-1] [INFO] [1785161847.600636243] [telemetry_node]: pos_ned=[ 0.00270321 -0.00396121 -0.23747605]  yaw=1.620  armed=False  vtol=3  batt=16.20V/100%
[telemetry_node-1] [INFO] [1785161849.598815082] [telemetry_node]: pos_ned=[-0.01300983  0.0108775  -0.25176662]  yaw=1.620  armed=False  vtol=3  batt=16.20V/100%
[telemetry_node-1] [INFO] [1785161851.599378533] [telemetry_node]: pos_ned=[-0.003942    0.01785946 -0.26288542]  yaw=1.619  armed=False  vtol=3  batt=16.20V/100%
[telemetry_node-1] [INFO] [1785161853.598773225] [telemetry_node]: pos_ned=[ 0.00293361  0.01781978 -0.26535147]  yaw=1.618  armed=False  vtol=3  batt=16.20V/100%
[telemetry_node-1] [INFO] [1785161855.598503321] [telemetry_node]: pos_ned=[-0.01167712 -0.00050116 -0.29398844]  yaw=1.617  armed=False  vtol=3  batt=16.20V/100%
[telemetry_node-1] [INFO] [1785161857.598988960] [telemetry_node]: pos_ned=[-0.02076054 -0.002018   -0.28777194]  yaw=1.612  armed=False  vtol=3  batt=16.20V/100%
[telemetry_node-1] [INFO] [1785161859.599190293] [telemetry_node]: pos_ned=[-0.0516059   0.01433707 -0.28728679]  yaw=1.609  armed=False  vtol=3  batt=16.20V/100%
[telemetry_node-1] [INFO] [1785161864.114293373] [telemetry_node]: pos_ned=[-0.05423462  0.01887233 -0.29720676]  yaw=1.606  armed=False  vtol=3  batt=16.20V/100%
[telemetry_node-1] [INFO] [1785161865.600280757] [telemetry_node]: pos_ned=[-0.00152783  0.00362356 -0.29205   ]  yaw=1.596  armed=False  vtol=3  batt=16.20V/100%
[telemetry_node-1] [INFO] [1785161867.599093907] [telemetry_node]: pos_ned=[ 0.01456188 -0.01527847 -0.31354403]  yaw=1.594  armed=False  vtol=3  batt=16.20V/100%
[telemetry_node-1] [INFO] [1785161869.598718856] [telemetry_node]: pos_ned=[ 0.02605618 -0.00714504 -0.29738733]  yaw=1.592  armed=False  vtol=3  batt=16.20V/100%
[telemetry_node-1] [INFO] [1785161871.598702767] [telemetry_node]: pos_ned=[ 0.03637633 -0.01717055 -0.30219355]  yaw=1.592  armed=False  vtol=3  batt=16.20V/100%
[telemetry_node-1] [INFO] [1785161873.598373305] [telemetry_node]: pos_ned=[ 0.01836667  0.00451114 -0.30797711]  yaw=1.595  armed=False  vtol=3  batt=16.20V/100%
[telemetry_node-1] [INFO] [1785161875.598901928] [telemetry_node]: pos_ned=[ 0.00223926  0.00504319 -0.27635336]  yaw=1.602  armed=False  vtol=3  batt=16.20V/100%
[telemetry_node-1] [INFO] [1785161877.598799396] [telemetry_node]: pos_ned=[ 0.01646327  0.01457542 -0.28811806]  yaw=1.605  armed=False  vtol=3  batt=16.20V/100%
[telemetry_node-1] [INFO] [1785161879.599012004] [telemetry_node]: pos_ned=[-0.00682258  0.02016206 -0.29979679]  yaw=1.608  armed=False  vtol=3  batt=16.20V/100%
[offboard_node-2] [Eta3ClothoidPlannerV3] WARNING: NR pos residual 9.776m is large. affine correction guarantees WP passage but curve may be deformed.
[offboard_node-2] [INFO] [1785161881.471538411] [offboard_node]: 경로 계획 완료 — 소요 52.4s (예상 75s), 경로점 473개, 전장 462.1m
[telemetry_node-1] [INFO] [1785161881.598569602] [telemetry_node]: pos_ned=[ 0.01342025  0.00616974 -0.30687588]  yaw=1.610  armed=False  vtol=3  batt=16.20V/100%
[offboard_node-2] [INFO] [1785161881.608555140] [offboard_node]: ARM 요청
[offboard_node-2] [INFO] [1785161881.908465270] [offboard_node]: 경로 원점 = 이륙지점 [N=0.01, E=0.00, h_up=-0.30] 적용 (frame=takeoff) → WP0=[0.01,0.00] 순항고도 h_up=49.70
[offboard_node-2] [INFO] [1785161881.909191704] [offboard_node]: 거리 상한 감시 활성 1500m (이륙지점 기준 수평, 경로 최원점 250m)
[offboard_node-2] [INFO] [1785161881.917064627] [offboard_node]: CommandTOL 이륙 요청 alt=49.8m AMSL (지면 -0.2+50.0) -> CLIMBING
[telemetry_node-1] [INFO] [1785161883.598264535] [telemetry_node]: pos_ned=[-0.00481162  0.00863308 -0.25917837]  yaw=1.612  armed=True  vtol=3  batt=16.19V/100%
[telemetry_node-1] [INFO] [1785161885.599458801] [telemetry_node]: pos_ned=[-0.01563415  0.02995263 -0.19443817]  yaw=1.612  armed=True  vtol=3  batt=16.13V/98%
[telemetry_node-1] [INFO] [1785161887.598242995] [telemetry_node]: pos_ned=[-0.0379414  -0.02753015  1.79595006]  yaw=1.615  armed=True  vtol=3  batt=16.07V/95%
[telemetry_node-1] [INFO] [1785161889.598289671] [telemetry_node]: pos_ned=[-0.00830517  0.00964763  4.67309427]  yaw=1.598  armed=True  vtol=3  batt=16.01V/91%
[telemetry_node-1] [INFO] [1785161891.598306308] [telemetry_node]: pos_ned=[-0.03946164  0.01334919  7.75913334]  yaw=1.596  armed=True  vtol=3  batt=15.95V/88%
[telemetry_node-1] [INFO] [1785161893.598475272] [telemetry_node]: pos_ned=[-0.0258944   0.03922647 11.26116848]  yaw=1.598  armed=True  vtol=3  batt=15.89V/85%
[telemetry_node-1] [INFO] [1785161895.598197689] [telemetry_node]: pos_ned=[-1.54093979e-02  1.72790680e-02  1.71423359e+01]  yaw=1.601  armed=True  vtol=3  batt=15.83V/81%
[telemetry_node-1] [INFO] [1785161900.208175977] [telemetry_node]: pos_ned=[1.65599920e-02 4.08390351e-02 2.01908512e+01]  yaw=1.602  armed=True  vtol=3  batt=15.77V/78%
[telemetry_node-1] [INFO] [1785161901.598550633] [telemetry_node]: pos_ned=[-9.18877404e-03  5.95729649e-02  2.43613262e+01]  yaw=1.599  armed=True  vtol=3  batt=15.71V/75%
[telemetry_node-1] [INFO] [1785161903.598192408] [telemetry_node]: pos_ned=[-1.84204839e-02  3.62225734e-02  3.03874779e+01]  yaw=1.600  armed=True  vtol=3  batt=15.65V/71%
[telemetry_node-1] [INFO] [1785161905.598628961] [telemetry_node]: pos_ned=[-0.04432272  0.04390653 36.36994171]  yaw=1.604  armed=True  vtol=3  batt=15.59V/68%
[telemetry_node-1] [INFO] [1785161907.598075766] [telemetry_node]: pos_ned=[-6.44186139e-03  2.64105387e-02  4.24438896e+01]  yaw=1.606  armed=True  vtol=3  batt=15.53V/65%
[telemetry_node-1] [INFO] [1785161909.598215874] [telemetry_node]: pos_ned=[-3.82748693e-02  6.09255247e-02  4.68400421e+01]  yaw=1.606  armed=True  vtol=3  batt=15.47V/61%
[telemetry_node-1] [INFO] [1785161911.598433311] [telemetry_node]: pos_ned=[-2.83326153e-02  3.33161578e-02  4.87301712e+01]  yaw=1.606  armed=True  vtol=3  batt=15.41V/58%
[offboard_node-2] [INFO] [1785161912.707213271] [offboard_node]: 운용 고도 50.0m 도달 → transition_fw
[telemetry_node-1] [INFO] [1785161913.598114880] [telemetry_node]: pos_ned=[-2.65751146e-02  9.71684232e-03  4.94487190e+01]  yaw=1.607  armed=True  vtol=3  batt=15.35V/55%
[offboard_node-2] [INFO] [1785161914.708156896] [offboard_node]: 천이 전 MC OFFBOARD 요청 (헤딩 정렬 대기)
[offboard_node-2] [WARN] [1785161914.808309994] [offboard_node]: 정렬 구간 OFFBOARD 이탈 → 재요청 (mode=AUTO.LOITER)
[telemetry_node-1] [INFO] [1785161915.598657964] [telemetry_node]: pos_ned=[-3.05804200e-02  3.41558456e-02  4.97457695e+01]  yaw=1.605  armed=True  vtol=3  batt=15.30V/51%
[telemetry_node-1] [INFO] [1785161917.598085692] [telemetry_node]: pos_ned=[-4.72940020e-02  2.14530546e-02  5.00548744e+01]  yaw=0.849  armed=True  vtol=3  batt=15.30V/50%
[telemetry_node-1] [INFO] [1785161919.598812477] [telemetry_node]: pos_ned=[-2.40733325e-02  1.26586994e-04  5.03310394e+01]  yaw=0.431  armed=True  vtol=3  batt=15.30V/50%
[telemetry_node-1] [INFO] [1785161921.598363007] [telemetry_node]: pos_ned=[-1.62538956e-04 -1.37172388e-02  5.05550270e+01]  yaw=0.231  armed=True  vtol=3  batt=15.30V/50%
[telemetry_node-1] [INFO] [1785161923.598778337] [telemetry_node]: pos_ned=[5.14752939e-02 1.22505920e-02 5.07406502e+01]  yaw=0.130  armed=True  vtol=3  batt=15.30V/50%
[telemetry_node-1] [INFO] [1785161925.599227554] [telemetry_node]: pos_ned=[1.05996691e-01 4.58445624e-02 5.09129333e+01]  yaw=0.074  armed=True  vtol=3  batt=15.30V/50%
[telemetry_node-1] [INFO] [1785161927.598666293] [telemetry_node]: pos_ned=[9.30195153e-02 4.90951054e-02 5.10614548e+01]  yaw=0.045  armed=True  vtol=3  batt=15.30V/50%
[offboard_node-2] [INFO] [1785161928.907502123] [offboard_node]: 헤딩 정렬 완료 target=0.0° current=2.5° err=-2.5° (20틱 안정) → 전진 + 천이 명령
[offboard_node-2] [INFO] [1785161928.908581914] [offboard_node]: MC→FW 천이 명령 요청 (위치 setpoint 직선 천이)
[telemetry_node-1] [INFO] [1785161929.598691768] [telemetry_node]: pos_ned=[ 0.13943748  0.06879243 51.12961197]  yaw=0.044  armed=True  vtol=1  batt=15.30V/50%
[offboard_node-2] [INFO] [1785161931.507279889] [offboard_node]: FW 전환 완료 -> STREAMING
[telemetry_node-1] [INFO] [1785161931.598559873] [telemetry_node]: pos_ned=[1.01151705e+01 4.10012007e-02 5.11260452e+01]  yaw=0.004  armed=True  vtol=4  batt=15.30V/50%
[offboard_node-2] [INFO] [1785161931.610143303] [offboard_node]: OFFBOARD 확인 → FOLLOWING
[offboard_node-2] [INFO] [1785161931.709707150] [offboard_node]: FOLLOWING 시작 pos=[11.6,0.0] tgt=[81.6,0.0] cte=0.0m mode=OFFBOARD seg=11/472
[telemetry_node-1] [INFO] [1785161935.932911265] [telemetry_node]: pos_ned=[28.30195618 -0.06271386 50.03272629]  yaw=0.010  armed=True  vtol=4  batt=15.30V/50%
[offboard_node-2] [INFO] [1785161936.809481881] [offboard_node]: FOLLOWING tick=20 mode=OFFBOARD cte=-0.1m pos=[42.5,-0.1] tgt=[112.5,0.0] seg=43/472
[telemetry_node-1] [INFO] [1785161937.598207563] [telemetry_node]: pos_ned=[53.5088501  -0.13998872 51.02069473]  yaw=0.020  armed=True  vtol=4  batt=15.30V/50%
[offboard_node-2] [INFO] [1785161938.809825399] [offboard_node]: FOLLOWING tick=40 mode=OFFBOARD cte=-0.1m pos=[71.5,-0.1] tgt=[141.5,0.0] seg=73/472
[telemetry_node-1] [INFO] [1785161939.598131271] [telemetry_node]: pos_ned=[ 8.30608521e+01 -8.17757845e-02  4.86677246e+01]  yaw=0.006  armed=True  vtol=4  batt=15.30V/50%
[offboard_node-2] [INFO] [1785161940.809673858] [offboard_node]: FOLLOWING tick=60 mode=OFFBOARD cte=-0.1m pos=[101.2,-0.1] tgt=[171.2,0.0] seg=103/472
[telemetry_node-1] [INFO] [1785161941.598120270] [telemetry_node]: pos_ned=[ 1.13009789e+02 -7.63222426e-02  4.88731956e+01]  yaw=-0.017  armed=True  vtol=4  batt=15.30V/50%
[offboard_node-2] [INFO] [1785161942.809490793] [offboard_node]: FOLLOWING tick=80 mode=OFFBOARD cte=-0.1m pos=[130.5,-0.1] tgt=[200.5,0.0] seg=133/472
[telemetry_node-1] [INFO] [1785161943.598147364] [telemetry_node]: pos_ned=[142.07307434  -0.14617376  48.72759628]  yaw=-0.020  armed=True  vtol=4  batt=15.30V/50%
[offboard_node-2] [INFO] [1785161944.810050689] [offboard_node]: FOLLOWING tick=100 mode=OFFBOARD cte=-0.2m pos=[159.2,-0.2] tgt=[229.2,-0.2] seg=163/472
[telemetry_node-1] [INFO] [1785161945.598124978] [telemetry_node]: pos_ned=[170.4884491   -0.20432624  48.98330307]  yaw=-0.006  armed=True  vtol=4  batt=15.30V/50%
[offboard_node-2] [INFO] [1785161946.809654019] [offboard_node]: FOLLOWING tick=120 mode=OFFBOARD cte=-0.2m pos=[187.3,-0.2] tgt=[214.3,35.8] seg=191/472
[telemetry_node-1] [INFO] [1785161947.598071686] [telemetry_node]: pos_ned=[198.32835388   0.83823043  48.85956192]  yaw=0.142  armed=True  vtol=4  batt=15.30V/50%
[offboard_node-2] [INFO] [1785161948.810400167] [offboard_node]: FOLLOWING tick=140 mode=OFFBOARD cte=11.6m pos=[212.7,11.6] tgt=[202.4,47.6] seg=217/472
[offboard_node-2] [WARN] [1785161949.109500319] [offboard_node]: 세그먼트 인덱스 급변 219→286 (Δ+67, 전체 472) pos=[215.1,15.9] — 경로상 전진이 아니라 다른 레그 선택일 수 있다
[telemetry_node-1] [INFO] [1785161949.598344591] [telemetry_node]: pos_ned=[217.78527832  24.23281097  43.75931549]  yaw=1.160  armed=True  vtol=4  batt=15.30V/50%
[offboard_node-2] [INFO] [1785161950.808900747] [offboard_node]: FOLLOWING tick=160 mode=OFFBOARD cte=-4.5m pos=[211.8,44.6] tgt=[159.2,90.9] seg=309/472
[telemetry_node-1] [INFO] [1785161951.598118002] [telemetry_node]: pos_ned=[201.88592529  53.11654282  45.52581024]  yaw=2.539  armed=True  vtol=4  batt=15.30V/50%
[offboard_node-2] [INFO] [1785161952.809152631] [offboard_node]: FOLLOWING tick=180 mode=OFFBOARD cte=-2.5m pos=[190.0,63.5] tgt=[138.7,111.3] seg=340/472
[telemetry_node-1] [INFO] [1785161953.598364636] [telemetry_node]: pos_ned=[182.33615112  70.02084351  49.66295242]  yaw=3.049  armed=True  vtol=4  batt=15.30V/50%
[offboard_node-2] [INFO] [1785161954.809375730] [offboard_node]: FOLLOWING tick=200 mode=OFFBOARD cte=1.0m pos=[167.2,81.4] tgt=[118.4,131.6] seg=370/472
[telemetry_node-1] [INFO] [1785161955.598456484] [telemetry_node]: pos_ned=[158.24108887  89.68243408  47.84088135]  yaw=2.738  armed=True  vtol=4  batt=15.30V/50%
[offboard_node-2] [INFO] [1785161956.809128754] [offboard_node]: FOLLOWING tick=220 mode=OFFBOARD cte=1.1m pos=[145.9,102.5] tgt=[100.0,150.0] seg=402/472
[telemetry_node-1] [INFO] [1785161957.598334855] [telemetry_node]: pos_ned=[138.83187866 109.51516724  51.20765305]  yaw=2.186  armed=True  vtol=4  batt=15.30V/50%
[offboard_node-2] [INFO] [1785161958.808828788] [offboard_node]: FOLLOWING tick=240 mode=OFFBOARD cte=1.0m pos=[127.0,121.5] tgt=[100.0,150.0] seg=430/472
[telemetry_node-1] [INFO] [1785161959.598429181] [telemetry_node]: pos_ned=[119.5582962  129.60847473  49.72769547]  yaw=2.055  armed=True  vtol=4  batt=15.30V/50%
[offboard_node-2] [INFO] [1785161960.808138062] [offboard_node]: FOLLOWING tick=260 mode=OFFBOARD cte=0.1m pos=[107.5,142.4] tgt=[100.0,150.0] seg=460/472
[offboard_node-2] [INFO] [1785161960.908125701] [offboard_node]: 경로 추종 완료 -> transition_mc
[offboard_node-2] [INFO] [1785161961.008773306] [offboard_node]: FW->MC 역천이 명령 요청
[telemetry_node-1] [INFO] [1785161961.598275237] [telemetry_node]: pos_ned=[100.307724   149.7878418   50.80900955]  yaw=2.363  armed=True  vtol=2  batt=15.30V/50%
[telemetry_node-1] [INFO] [1785161963.598087621] [telemetry_node]: pos_ned=[ 84.72362518 165.79348755  51.28681564]  yaw=2.500  armed=True  vtol=2  batt=15.30V/50%
[telemetry_node-1] [INFO] [1785161965.598764417] [telemetry_node]: pos_ned=[ 74.64617157 176.27354431  52.18883514]  yaw=2.372  armed=True  vtol=2  batt=15.30V/50%
[offboard_node-2] [INFO] [1785161966.208151071] [offboard_node]: MC 전환 완료 -> HOLD (WP1 복귀)
[telemetry_node-1] [INFO] [1785161967.598214881] [telemetry_node]: pos_ned=[ 70.04903412 180.89596558  52.19865036]  yaw=2.291  armed=True  vtol=3  batt=15.30V/50%
[offboard_node-2] [INFO] [1785161968.207604374] [offboard_node]: WP1 홀드 dist=38.9m speed=7.9m/s stable=0/10
[telemetry_node-1] [INFO] [1785161972.153373142] [telemetry_node]: pos_ned=[ 73.90459442 176.34509277  51.82414627]  yaw=2.341  armed=True  vtol=3  batt=15.30V/50%
[telemetry_node-1] [INFO] [1785161973.598160734] [telemetry_node]: pos_ned=[ 79.95562744 170.85917664  51.46854401]  yaw=2.316  armed=True  vtol=3  batt=15.30V/50%
[offboard_node-2] [INFO] [1785161973.807368635] [offboard_node]: WP1 홀드 dist=28.1m speed=4.7m/s stable=0/10
[telemetry_node-1] [INFO] [1785161975.598071226] [telemetry_node]: pos_ned=[ 87.59275818 163.28475952  50.83146667]  yaw=2.298  armed=True  vtol=3  batt=15.30V/50%
[offboard_node-2] [INFO] [1785161975.807543324] [offboard_node]: WP1 홀드 dist=17.2m speed=4.8m/s stable=0/10
[telemetry_node-1] [INFO] [1785161977.598124289] [telemetry_node]: pos_ned=[ 94.63025665 155.97590637  50.27668762]  yaw=2.291  armed=True  vtol=3  batt=15.30V/50%
[offboard_node-2] [INFO] [1785161977.807369445] [offboard_node]: WP1 홀드 dist=7.0m speed=4.9m/s stable=0/10
[telemetry_node-1] [INFO] [1785161979.597959133] [telemetry_node]: pos_ned=[ 99.45014954 150.86279297  50.10314941]  yaw=2.289  armed=True  vtol=3  batt=15.30V/50%
[offboard_node-2] [INFO] [1785161979.807463839] [offboard_node]: WP1 홀드 dist=0.9m speed=0.8m/s stable=3/10
[offboard_node-2] [INFO] [1785161980.407381341] [offboard_node]: WP1 도달·안정 → LANDING (dist=0.6m speed=0.1m/s)
[offboard_node-2] [INFO] [1785161980.507957333] [offboard_node]: AUTO.LAND 요청
[telemetry_node-1] [INFO] [1785161981.598467099] [telemetry_node]: pos_ned=[ 99.5164566  150.70480347  49.01490402]  yaw=2.294  armed=True  vtol=3  batt=15.30V/50%
[telemetry_node-1] [INFO] [1785161983.598613048] [telemetry_node]: pos_ned=[ 99.68975067 150.41384888  46.3287735 ]  yaw=2.287  armed=True  vtol=3  batt=15.30V/50%
[telemetry_node-1] [INFO] [1785161985.598329180] [telemetry_node]: pos_ned=[ 99.56468964 150.57992554  43.5858345 ]  yaw=2.288  armed=True  vtol=3  batt=15.30V/50%
[telemetry_node-1] [INFO] [1785161987.598507054] [telemetry_node]: pos_ned=[ 99.60712433 150.53517151  40.78502655]  yaw=2.289  armed=True  vtol=3  batt=15.30V/50%
[telemetry_node-1] [INFO] [1785161989.598337682] [telemetry_node]: pos_ned=[ 99.63573456 150.56100464  38.01541138]  yaw=2.291  armed=True  vtol=3  batt=15.30V/50%
[telemetry_node-1] [INFO] [1785161991.598083532] [telemetry_node]: pos_ned=[ 99.60420227 150.66818237  35.22439575]  yaw=2.294  armed=True  vtol=3  batt=15.30V/50%
[telemetry_node-1] [INFO] [1785161993.598732817] [telemetry_node]: pos_ned=[ 99.70220947 150.54766846  32.41785049]  yaw=2.296  armed=True  vtol=3  batt=15.30V/50%
[telemetry_node-1] [INFO] [1785161995.598216037] [telemetry_node]: pos_ned=[ 99.68047333 150.59632874  29.64455605]  yaw=2.298  armed=True  vtol=3  batt=15.30V/50%
[telemetry_node-1] [INFO] [1785161997.598303914] [telemetry_node]: pos_ned=[ 99.60025024 150.62083435  26.85521317]  yaw=2.300  armed=True  vtol=3  batt=15.30V/50%
[telemetry_node-1] [INFO] [1785161999.598325732] [telemetry_node]: pos_ned=[ 99.6763916  150.53561401  24.06513023]  yaw=2.302  armed=True  vtol=3  batt=15.30V/50%
[telemetry_node-1] [INFO] [1785162001.598317910] [telemetry_node]: pos_ned=[ 99.69276428 150.52296448  21.282938  ]  yaw=2.304  armed=True  vtol=3  batt=15.30V/50%
[telemetry_node-1] [INFO] [1785162003.598337526] [telemetry_node]: pos_ned=[ 99.62810516 150.57537842  18.48697281]  yaw=2.305  armed=True  vtol=3  batt=15.30V/50%
[telemetry_node-1] [INFO] [1785162007.810772041] [telemetry_node]: pos_ned=[ 99.63674164 150.57022095  17.07072258]  yaw=2.306  armed=True  vtol=3  batt=15.30V/50%
[telemetry_node-1] [INFO] [1785162009.598166670] [telemetry_node]: pos_ned=[ 99.66703796 150.52255249  14.55764675]  yaw=2.307  armed=True  vtol=3  batt=15.30V/50%
[telemetry_node-1] [INFO] [1785162011.598501645] [telemetry_node]: pos_ned=[ 99.65802002 150.51274109  11.79662132]  yaw=2.309  armed=True  vtol=3  batt=15.30V/50%
[telemetry_node-1] [INFO] [1785162013.598337118] [telemetry_node]: pos_ned=[ 99.63076782 150.52900696   9.08002949]  yaw=2.309  armed=True  vtol=3  batt=15.30V/50%
[telemetry_node-1] [INFO] [1785162015.598855273] [telemetry_node]: pos_ned=[ 99.61438751 150.56867981   6.86290264]  yaw=2.310  armed=True  vtol=3  batt=15.30V/50%
[telemetry_node-1] [INFO] [1785162017.598151945] [telemetry_node]: pos_ned=[ 99.63543701 150.5716095    5.25654221]  yaw=2.310  armed=True  vtol=3  batt=15.30V/50%
[telemetry_node-1] [INFO] [1785162019.598050116] [telemetry_node]: pos_ned=[ 99.59901428 150.53260803   3.97382379]  yaw=2.310  armed=True  vtol=3  batt=15.30V/50%
[telemetry_node-1] [INFO] [1785162021.598281241] [telemetry_node]: pos_ned=[ 99.62752533 150.52104187   2.74966574]  yaw=2.310  armed=True  vtol=3  batt=15.30V/50%
[telemetry_node-1] [INFO] [1785162023.598193729] [telemetry_node]: pos_ned=[ 99.62239075 150.5730896    1.52339399]  yaw=2.310  armed=True  vtol=3  batt=15.30V/50%
[telemetry_node-1] [INFO] [1785162025.598119195] [telemetry_node]: pos_ned=[ 99.67745209 150.53791809   0.30644602]  yaw=2.309  armed=True  vtol=3  batt=15.30V/50%
[telemetry_node-1] [INFO] [1785162027.598138134] [telemetry_node]: pos_ned=[ 99.6897583  150.56748962  -0.56655848]  yaw=2.310  armed=True  vtol=3  batt=15.30V/50%
[telemetry_node-1] [INFO] [1785162029.598120501] [telemetry_node]: pos_ned=[ 99.68441772 150.55029297  -0.5115087 ]  yaw=2.311  armed=True  vtol=3  batt=15.30V/50%
[offboard_node-2] [INFO] [1785162030.707063694] [offboard_node]: 착륙 완료 (disarmed) -> DONE
[telemetry_node-1] [INFO] [1785162031.598376444] [telemetry_node]: pos_ned=[ 99.70508575 150.53982544  -0.39066997]  yaw=2.313  armed=False  vtol=3  batt=15.30V/50%
[telemetry_node-1] [INFO] [1785162033.598284372] [telemetry_node]: pos_ned=[ 99.7207489  150.54951477  -0.1937101 ]  yaw=2.314  armed=False  vtol=3  batt=16.20V/88%
[telemetry_node-1] [INFO] [1785162035.598149136] [telemetry_node]: pos_ned=[ 9.97147369e+01  1.50534119e+02 -1.22092195e-01]  yaw=2.316  armed=False  vtol=3  batt=16.20V/98%
[WARNING] [launch]: user interrupted with ctrl-c (SIGINT)
[INFO] [offboard_node-2]: sending signal 'SIGINT' to process[offboard_node-2]
[INFO] [telemetry_node-1]: sending signal 'SIGINT' to process[telemetry_node-1]
[offboard_node-2] Traceback (most recent call last):
[offboard_node-2]   File "/root/drone_ws/install/fc_ros/lib/python3.10/site-packages/fc_ros/nodes/offboard_node.py", line 1511, in main
[offboard_node-2]     rclpy.spin(node)
[offboard_node-2]   File "/opt/ros/humble/local/lib/python3.10/dist-packages/rclpy/__init__.py", line 229, in spin
[offboard_node-2]     executor.spin_once()
[offboard_node-2]   File "/opt/ros/humble/local/lib/python3.10/dist-packages/rclpy/executors.py", line 808, in spin_once
[offboard_node-2]     self._spin_once_impl(timeout_sec)
[offboard_node-2]   File "/opt/ros/humble/local/lib/python3.10/dist-packages/rclpy/executors.py", line 797, in _spin_once_impl
[offboard_node-2]     handler, entity, node = self.wait_for_ready_callbacks(timeout_sec=timeout_sec)
[offboard_node-2]   File "/opt/ros/humble/local/lib/python3.10/dist-packages/rclpy/executors.py", line 780, in wait_for_ready_callbacks
[offboard_node-2]     return next(self._cb_iter)
[offboard_node-2]   File "/opt/ros/humble/local/lib/python3.10/dist-packages/rclpy/executors.py", line 677, in _wait_for_ready_callbacks
[offboard_node-2]     wait_set.wait(timeout_nsec)
[offboard_node-2] KeyboardInterrupt
[offboard_node-2] 
[offboard_node-2] During handling of the above exception, another exception occurred:
[offboard_node-2] 
[offboard_node-2] Traceback (most recent call last):
[offboard_node-2]   File "/root/drone_ws/install/fc_ros/lib/fc_ros/offboard_node", line 33, in <module>
[offboard_node-2]     sys.exit(load_entry_point('fc-ros==0.1.0', 'console_scripts', 'offboard_node')())
[offboard_node-2]   File "/root/drone_ws/install/fc_ros/lib/python3.10/site-packages/fc_ros/nodes/offboard_node.py", line 1513, in main
[offboard_node-2]     node.destroy_node()
[offboard_node-2]   File "/opt/ros/humble/local/lib/python3.10/dist-packages/rclpy/node.py", line 1691, in destroy_node
[telemetry_node-1] Traceback (most recent call last):
[telemetry_node-1]   File "/root/drone_ws/install/fc_ros/lib/python3.10/site-packages/fc_ros/nodes/telemetry_node.py", line 109, in main
[telemetry_node-1]     rclpy.spin(node)
[telemetry_node-1]   File "/opt/ros/humble/local/lib/python3.10/dist-packages/rclpy/__init__.py", line 229, in spin
[telemetry_node-1]     executor.spin_once()
[telemetry_node-1]   File "/opt/ros/humble/local/lib/python3.10/dist-packages/rclpy/executors.py", line 808, in spin_once
[telemetry_node-1]     self._spin_once_impl(timeout_sec)
[telemetry_node-1]   File "/opt/ros/humble/local/lib/python3.10/dist-packages/rclpy/executors.py", line 797, in _spin_once_impl
[offboard_node-2]     self.destroy_service(self._services[0])
[offboard_node-2]   File "/opt/ros/humble/local/lib/python3.10/dist-packages/rclpy/node.py", line 1615, in destroy_service
[telemetry_node-1]     handler, entity, node = self.wait_for_ready_callbacks(timeout_sec=timeout_sec)
[telemetry_node-1]   File "/opt/ros/humble/local/lib/python3.10/dist-packages/rclpy/executors.py", line 780, in wait_for_ready_callbacks
[telemetry_node-1]     return next(self._cb_iter)
[telemetry_node-1]   File "/opt/ros/humble/local/lib/python3.10/dist-packages/rclpy/executors.py", line 677, in _wait_for_ready_callbacks
[telemetry_node-1]     wait_set.wait(timeout_nsec)
[telemetry_node-1] KeyboardInterrupt
[telemetry_node-1] 
[telemetry_node-1] During handling of the above exception, another exception occurred:
[telemetry_node-1] 
[telemetry_node-1] Traceback (most recent call last):
[telemetry_node-1]   File "/root/drone_ws/install/fc_ros/lib/fc_ros/telemetry_node", line 33, in <module>
[offboard_node-2]     service.destroy()
[offboard_node-2]   File "/opt/ros/humble/local/lib/python3.10/dist-packages/rclpy/service.py", line 93, in destroy
[telemetry_node-1]     sys.exit(load_entry_point('fc-ros==0.1.0', 'console_scripts', 'telemetry_node')())
[telemetry_node-1]   File "/root/drone_ws/install/fc_ros/lib/python3.10/site-packages/fc_ros/nodes/telemetry_node.py", line 111, in main
[telemetry_node-1]     node.destroy_node()
[telemetry_node-1]   File "/opt/ros/humble/local/lib/python3.10/dist-packages/rclpy/node.py", line 1696, in destroy_node
[telemetry_node-1]     self.__node.destroy_when_not_in_use()
[telemetry_node-1] KeyboardInterrupt
[offboard_node-2]     self.__service.destroy_when_not_in_use()
[offboard_node-2] KeyboardInterrupt
[ERROR] [telemetry_node-1]: process has died [pid 1123, exit code -2, cmd '/root/drone_ws/install/fc_ros/lib/fc_ros/telemetry_node --ros-args -r __node:=telemetry_node'].
[ERROR] [offboard_node-2]: process has died [pid 1125, exit code -2, cmd '/root/drone_ws/install/fc_ros/lib/fc_ros/offboard_node --ros-args -r __node:=offboard_node --params-file /root/drone_ws/install/fc_ros/share/fc_ros/params/fc_ros_params.yaml --params-file /tmp/launch_params_wjeg7352'].
