[INFO] [launch]: All log files can be found below /root/.ros/log/2026-07-21-11-26-04-544156-doksuri-755
[INFO] [launch]: Default logging verbosity is set to INFO
[INFO] [telemetry_node-1]: process started with pid [757]
[INFO] [offboard_node-2]: process started with pid [759]
[offboard_node-2] [INFO] [1784633165.339119479] [offboard_node]: ARM 요청
[offboard_node-2] [INFO] [1784633166.992120281] [offboard_node]: CommandTOL 이륙 요청 alt=55.1m AMSL (지면 51.1+4.0) -> CLIMBING
[telemetry_node-1] [INFO] [1784633167.181003025] [telemetry_node]: pos_ned=[ 0.92972004 -0.45983052  2.09055328]  yaw=-2.946  armed=True  vtol=0
[telemetry_node-1] [INFO] [1784633169.145249361] [telemetry_node]: pos_ned=[ 0.88622314 -0.42512959  2.13553238]  yaw=-2.947  armed=True  vtol=0
[telemetry_node-1] [INFO] [1784633171.145208683] [telemetry_node]: pos_ned=[ 0.94080925 -0.85393429  2.35407066]  yaw=-2.933  armed=True  vtol=0
[telemetry_node-1] [INFO] [1784633173.145291759] [telemetry_node]: pos_ned=[ 1.21780682 -0.86066306  2.23609924]  yaw=-2.351  armed=True  vtol=0
[telemetry_node-1] [INFO] [1784633175.145279769] [telemetry_node]: pos_ned=[ 1.17039239 -0.85442591  2.18682289]  yaw=-2.265  armed=True  vtol=0
[telemetry_node-1] [INFO] [1784633177.145164379] [telemetry_node]: pos_ned=[ 1.15666389 -0.63193995  2.65221786]  yaw=-1.462  armed=True  vtol=0
[telemetry_node-1] [INFO] [1784633179.145241780] [telemetry_node]: pos_ned=[ 1.0698812  -0.69263583  3.93810654]  yaw=-0.974  armed=True  vtol=0
[telemetry_node-1] [INFO] [1784633181.145298338] [telemetry_node]: pos_ned=[ 1.18342364 -0.9217844   4.85296249]  yaw=-0.877  armed=True  vtol=0
[telemetry_node-1] [INFO] [1784633183.145458444] [telemetry_node]: pos_ned=[ 0.94847345 -0.91873908  4.73943329]  yaw=-0.799  armed=True  vtol=0
[telemetry_node-1] [INFO] [1784633185.145296609] [telemetry_node]: pos_ned=[ 0.9153989  -0.5304929   4.62194252]  yaw=-0.851  armed=True  vtol=0
[telemetry_node-1] [INFO] [1784633187.145363990] [telemetry_node]: pos_ned=[ 1.10209334 -0.64785779  4.64649391]  yaw=-0.838  armed=True  vtol=0
[telemetry_node-1] [INFO] [1784633189.145311137] [telemetry_node]: pos_ned=[ 1.09428167 -0.704647    4.53233528]  yaw=-0.812  armed=True  vtol=0
[telemetry_node-1] [INFO] [1784633191.145380108] [telemetry_node]: pos_ned=[ 1.17426193 -0.60632002  4.53068161]  yaw=-0.836  armed=True  vtol=0
[telemetry_node-1] [INFO] [1784633193.145358382] [telemetry_node]: pos_ned=[ 1.34140098 -0.76758438  4.70769119]  yaw=-0.860  armed=True  vtol=0
[telemetry_node-1] [INFO] [1784633195.145289533] [telemetry_node]: pos_ned=[ 1.20617044 -0.8260622   5.11410713]  yaw=-0.883  armed=True  vtol=0
[telemetry_node-1] [INFO] [1784633197.145262266] [telemetry_node]: pos_ned=[ 1.10709131 -0.66650927  4.80859184]  yaw=-0.856  armed=True  vtol=0
[telemetry_node-1] [INFO] [1784633199.145300526] [telemetry_node]: pos_ned=[ 1.27010715 -0.75558919  4.00707436]  yaw=-0.853  armed=True  vtol=0
[telemetry_node-1] [INFO] [1784633201.145349089] [telemetry_node]: pos_ned=[ 1.06088984 -0.81955582  3.79808617]  yaw=-0.851  armed=True  vtol=0
[telemetry_node-1] [INFO] [1784633203.145393177] [telemetry_node]: pos_ned=[ 0.91540021 -0.76758438  3.11626816]  yaw=-0.754  armed=True  vtol=0
[telemetry_node-1] [INFO] [1784633205.145224268] [telemetry_node]: pos_ned=[ 0.81542611 -0.51934803  2.34191513]  yaw=-0.674  armed=True  vtol=0
[telemetry_node-1] [INFO] [1784633207.145458483] [telemetry_node]: pos_ned=[ 0.74957716 -0.85980642  0.54554367]  yaw=0.003  armed=True  vtol=0
[telemetry_node-1] [INFO] [1784633209.145381883] [telemetry_node]: pos_ned=[ 0.52069134 -0.75845432  0.32876778]  yaw=0.023  armed=True  vtol=0
[telemetry_node-1] [INFO] [1784633211.145220695] [telemetry_node]: pos_ned=[ 0.44223607 -0.75556183  0.34945869]  yaw=0.095  armed=True  vtol=0
[telemetry_node-1] [INFO] [1784633213.145280017] [telemetry_node]: pos_ned=[ 0.4063383  -0.78469914  0.36246872]  yaw=0.098  armed=True  vtol=0
[telemetry_node-1] [INFO] [1784633215.145402029] [telemetry_node]: pos_ned=[ 0.41142285 -0.85595     0.36559677]  yaw=0.100  armed=False  vtol=0
[telemetry_node-1] [INFO] [1784633217.145116021] [telemetry_node]: pos_ned=[ 0.40347531 -0.84227955  0.42295837]  yaw=0.108  armed=True  vtol=0
[telemetry_node-1] [INFO] [1784633219.145335915] [telemetry_node]: pos_ned=[ 0.43137515 -0.80333024  0.51481438]  yaw=0.114  armed=False  vtol=0
[telemetry_node-1] [INFO] [1784633221.145224975] [telemetry_node]: pos_ned=[ 0.39122263 -0.80389231  0.68174553]  yaw=0.142  armed=False  vtol=0
