[INFO] [launch]: All log files can be found below /root/.ros/log/2026-07-20-10-31-23-887837-doksuri-117
[INFO] [launch]: Default logging verbosity is set to INFO
[INFO] [telemetry_node-1]: process started with pid [119]
[INFO] [offboard_node-2]: process started with pid [121]
[offboard_node-2] [WARN] [1784543485.650320756] [offboard_node]: /mavros/cmd/arming 서비스 없음
[offboard_node-2] [WARN] [1784543485.706669685] [offboard_node]: /mavros/cmd/arming 서비스 없음
[offboard_node-2] [WARN] [1784543485.806625943] [offboard_node]: /mavros/cmd/arming 서비스 없음
[offboard_node-2] [WARN] [1784543485.906713643] [offboard_node]: /mavros/cmd/arming 서비스 없음
[offboard_node-2] [WARN] [1784543486.006718987] [offboard_node]: /mavros/cmd/arming 서비스 없음
[offboard_node-2] [WARN] [1784543486.106784550] [offboard_node]: /mavros/cmd/arming 서비스 없음
[offboard_node-2] [INFO] [1784543486.210934661] [offboard_node]: ARM 요청
[offboard_node-2] [WARN] [1784543486.806703901] [offboard_node]: home_position 미수신 — 이륙 목표 AMSL 계산 불가, 대기
[offboard_node-2] [INFO] [1784543488.207012876] [offboard_node]: CommandTOL 이륙 요청 alt=48.1m AMSL (지면 43.1+5.0) -> CLIMBING
[telemetry_node-1] [INFO] [1784543488.275691773] [telemetry_node]: pos_ned=[ -5.04451704  -2.84704304 -11.82409096]  yaw=0.177  armed=True  vtol=0
[telemetry_node-1] [INFO] [1784543489.433777725] [telemetry_node]: pos_ned=[ -5.02948618  -2.81498814 -11.83765793]  yaw=0.182  armed=True  vtol=0
[telemetry_node-1] [INFO] [1784543491.433935511] [telemetry_node]: pos_ned=[ -4.86430407  -2.6550436  -11.72629929]  yaw=0.368  armed=True  vtol=0
[telemetry_node-1] [INFO] [1784543493.433656046] [telemetry_node]: pos_ned=[ -4.9130621   -2.60507083 -11.50458717]  yaw=1.081  armed=True  vtol=0
[telemetry_node-1] [INFO] [1784543495.433713248] [telemetry_node]: pos_ned=[ -4.94764137  -2.48645902 -11.3103466 ]  yaw=1.074  armed=True  vtol=0
[telemetry_node-1] [INFO] [1784543497.433637220] [telemetry_node]: pos_ned=[ -4.96314955  -2.54991126 -11.26392555]  yaw=1.074  armed=True  vtol=0
[telemetry_node-1] [INFO] [1784543499.433628737] [telemetry_node]: pos_ned=[ -4.81972122  -2.79475141 -10.54083061]  yaw=1.505  armed=True  vtol=0
[telemetry_node-1] [INFO] [1784543501.433692045] [telemetry_node]: pos_ned=[-4.80201626 -2.45370126 -9.73668861]  yaw=1.744  armed=True  vtol=0
[telemetry_node-1] [INFO] [1784543503.435015568] [telemetry_node]: pos_ned=[-4.92414188 -2.53055096 -9.69586372]  yaw=2.242  armed=True  vtol=0
[telemetry_node-1] [INFO] [1784543505.433547365] [telemetry_node]: pos_ned=[ -4.53070545  -2.70085263 -10.90701866]  yaw=2.288  armed=True  vtol=0
[telemetry_node-1] [INFO] [1784543507.433900537] [telemetry_node]: pos_ned=[ -4.81638384  -2.68617821 -10.99187851]  yaw=1.217  armed=True  vtol=0
[telemetry_node-1] [INFO] [1784543509.433666469] [telemetry_node]: pos_ned=[ -4.65441799  -2.48194504 -11.26873779]  yaw=0.929  armed=True  vtol=0
[telemetry_node-1] [INFO] [1784543511.433954608] [telemetry_node]: pos_ned=[ -4.72776604  -2.38664556 -11.18375969]  yaw=0.943  armed=True  vtol=0
[telemetry_node-1] [INFO] [1784543513.433441192] [telemetry_node]: pos_ned=[ -4.77604342  -2.4019773  -11.06884384]  yaw=0.963  armed=False  vtol=0
[telemetry_node-1] [INFO] [1784543515.433451087] [telemetry_node]: pos_ned=[ -4.77190113  -2.37923431 -10.85028839]  yaw=0.971  armed=False  vtol=0
[telemetry_node-1] [INFO] [1784543517.433626695] [telemetry_node]: pos_ned=[ -4.68656635  -2.34592986 -10.45890617]  yaw=2.971  armed=False  vtol=0
[telemetry_node-1] [INFO] [1784543519.433547828] [telemetry_node]: pos_ned=[ -5.00312757  -2.36778593 -10.1681633 ]  yaw=2.993  armed=False  vtol=0
[telemetry_node-1] [INFO] [1784543521.433553172] [telemetry_node]: pos_ned=[ -5.08590078  -2.20250583 -10.02607155]  yaw=3.008  armed=False  vtol=0
[telemetry_node-1] [INFO] [1784543523.433630017] [telemetry_node]: pos_ned=[-5.16969538 -1.85050571 -9.99910355]  yaw=3.024  armed=False  vtol=0
