[INFO] [launch]: All log files can be found below /root/.ros/log/2026-07-27-22-42-19-099377-DESKTOP-Kilogram-1152
[INFO] [launch]: Default logging verbosity is set to INFO
[INFO] [telemetry_node-1]: process started with pid [1163]
[INFO] [offboard_node-2]: process started with pid [1165]
[offboard_node-2] [INFO] [1785159741.038907341] [offboard_node]: 경로 계획 시작 — planner=eta3 WP 5개 v_cruise=20.0 → 예상 약 225s 블로킹. 이 동안 노드는 응답하지 않는다 — 죽은 것이 아니니 재기동 금지 (재기동하면 중복 인스턴스가 된다).
[telemetry_node-1] [INFO] [1785159743.055642322] [telemetry_node]: pos_ned=[-0.00375793 -0.00960779 -0.01609777]  yaw=1.689  armed=False  vtol=3  batt=16.20V/100%
[telemetry_node-1] [INFO] [1785159744.974122365] [telemetry_node]: pos_ned=[ 0.00408425 -0.01090645 -0.05551963]  yaw=1.690  armed=False  vtol=3  batt=16.20V/100%
[telemetry_node-1] [INFO] [1785159746.973758859] [telemetry_node]: pos_ned=[-0.00815295  0.00483181 -0.02256325]  yaw=1.690  armed=False  vtol=3  batt=16.20V/100%
[telemetry_node-1] [INFO] [1785159748.974075323] [telemetry_node]: pos_ned=[-0.02178701 -0.00406356 -0.01350781]  yaw=1.690  armed=False  vtol=3  batt=16.20V/100%
[telemetry_node-1] [INFO] [1785159750.973704532] [telemetry_node]: pos_ned=[ 0.0137363   0.01965145 -0.02547278]  yaw=1.688  armed=False  vtol=3  batt=16.20V/100%
[telemetry_node-1] [INFO] [1785159752.973838145] [telemetry_node]: pos_ned=[ 0.00416933 -0.0046261  -0.11789453]  yaw=1.685  armed=False  vtol=3  batt=16.20V/100%
[telemetry_node-1] [INFO] [1785159757.853248646] [telemetry_node]: pos_ned=[-0.00690861 -0.00470272 -0.18770716]  yaw=1.685  armed=False  vtol=3  batt=16.20V/100%
[telemetry_node-1] [INFO] [1785159758.973804514] [telemetry_node]: pos_ned=[-0.00878031 -0.00065644 -0.21787843]  yaw=1.685  armed=False  vtol=3  batt=16.20V/100%
[telemetry_node-1] [INFO] [1785159760.973475017] [telemetry_node]: pos_ned=[-0.01122774 -0.01629865 -0.25562131]  yaw=1.685  armed=False  vtol=3  batt=16.20V/100%
[telemetry_node-1] [INFO] [1785159762.974096997] [telemetry_node]: pos_ned=[ 0.01254766 -0.00317092 -0.29505447]  yaw=1.687  armed=False  vtol=3  batt=16.20V/100%
[telemetry_node-1] [INFO] [1785159764.973319326] [telemetry_node]: pos_ned=[ 0.02888952 -0.00930043 -0.28788176]  yaw=1.687  armed=False  vtol=3  batt=16.20V/100%
[telemetry_node-1] [INFO] [1785159766.973232506] [telemetry_node]: pos_ned=[ 0.02305908  0.00999343 -0.30057052]  yaw=1.690  armed=False  vtol=3  batt=16.20V/100%
[telemetry_node-1] [INFO] [1785159768.973539250] [telemetry_node]: pos_ned=[ 0.01759829  0.00336371 -0.31112906]  yaw=1.691  armed=False  vtol=3  batt=16.20V/100%
[telemetry_node-1] [INFO] [1785159770.973222928] [telemetry_node]: pos_ned=[ 0.02923658  0.0091061  -0.32001579]  yaw=1.692  armed=False  vtol=3  batt=16.20V/100%
[telemetry_node-1] [INFO] [1785159772.973086779] [telemetry_node]: pos_ned=[ 0.00823178 -0.01344281 -0.23854223]  yaw=1.691  armed=False  vtol=3  batt=16.20V/100%
[telemetry_node-1] [INFO] [1785159774.973269617] [telemetry_node]: pos_ned=[ 0.00967414  0.00856609 -0.23364332]  yaw=1.693  armed=False  vtol=3  batt=16.20V/100%
[telemetry_node-1] [INFO] [1785159776.973690034] [telemetry_node]: pos_ned=[-0.01499604  0.00841796 -0.26937363]  yaw=1.691  armed=False  vtol=3  batt=16.20V/100%
[telemetry_node-1] [INFO] [1785159778.973665977] [telemetry_node]: pos_ned=[-0.01176377  0.01060382 -0.30169621]  yaw=1.690  armed=False  vtol=3  batt=16.20V/100%
[telemetry_node-1] [INFO] [1785159780.973970874] [telemetry_node]: pos_ned=[-0.00949899  0.00325525 -0.31556782]  yaw=1.689  armed=False  vtol=3  batt=16.20V/100%
[telemetry_node-1] [INFO] [1785159782.974288687] [telemetry_node]: pos_ned=[-0.01190319  0.01375119 -0.29164791]  yaw=1.690  armed=False  vtol=3  batt=16.20V/100%
[telemetry_node-1] [INFO] [1785159784.973868673] [telemetry_node]: pos_ned=[ 0.01545954  0.02588929 -0.3026081 ]  yaw=1.689  armed=False  vtol=3  batt=16.20V/100%
[telemetry_node-1] [INFO] [1785159786.973442737] [telemetry_node]: pos_ned=[ 0.02070073  0.02191892 -0.31360438]  yaw=1.689  armed=False  vtol=3  batt=16.20V/100%
[telemetry_node-1] [INFO] [1785159788.972985814] [telemetry_node]: pos_ned=[ 0.02026087  0.00588412 -0.30137563]  yaw=1.691  armed=False  vtol=3  batt=16.20V/100%
[telemetry_node-1] [INFO] [1785159793.660191307] [telemetry_node]: pos_ned=[ 0.03246634  0.00283742 -0.28094688]  yaw=1.691  armed=False  vtol=3  batt=16.20V/100%
[telemetry_node-1] [INFO] [1785159794.973563933] [telemetry_node]: pos_ned=[ 0.0093176   0.03199827 -0.25065222]  yaw=1.692  armed=False  vtol=3  batt=16.20V/100%
[telemetry_node-1] [INFO] [1785159796.974058077] [telemetry_node]: pos_ned=[-0.00353953  0.01067103 -0.21508753]  yaw=1.695  armed=False  vtol=3  batt=16.20V/100%
[telemetry_node-1] [INFO] [1785159798.973812909] [telemetry_node]: pos_ned=[-0.02253423 -0.02334177 -0.17604372]  yaw=1.696  armed=False  vtol=3  batt=16.20V/100%
[telemetry_node-1] [INFO] [1785159800.973698200] [telemetry_node]: pos_ned=[-0.02171209 -0.01593666 -0.17411754]  yaw=1.698  armed=False  vtol=3  batt=16.20V/100%
[telemetry_node-1] [INFO] [1785159802.973670351] [telemetry_node]: pos_ned=[-0.00839987  0.00985203 -0.17983463]  yaw=1.696  armed=False  vtol=3  batt=16.20V/100%
[telemetry_node-1] [INFO] [1785159804.973381690] [telemetry_node]: pos_ned=[-0.0105794   0.02734332 -0.18153375]  yaw=1.693  armed=False  vtol=3  batt=16.20V/100%
[telemetry_node-1] [INFO] [1785159806.973848730] [telemetry_node]: pos_ned=[ 0.02312304  0.02371486 -0.21943876]  yaw=1.687  armed=False  vtol=3  batt=16.20V/100%
[telemetry_node-1] [INFO] [1785159808.973587069] [telemetry_node]: pos_ned=[ 0.02535244  0.02378315 -0.24571747]  yaw=1.685  armed=False  vtol=3  batt=16.20V/100%
[telemetry_node-1] [INFO] [1785159810.974172566] [telemetry_node]: pos_ned=[-0.03482528  0.00025159 -0.12519339]  yaw=1.684  armed=False  vtol=3  batt=16.20V/100%
[telemetry_node-1] [INFO] [1785159812.973435249] [telemetry_node]: pos_ned=[-0.0128831   0.00416203 -0.11542759]  yaw=1.684  armed=False  vtol=3  batt=16.20V/100%
[telemetry_node-1] [INFO] [1785159814.979703924] [telemetry_node]: pos_ned=[ 0.00653872  0.02744786 -0.12742448]  yaw=1.683  armed=False  vtol=3  batt=16.20V/100%
[telemetry_node-1] [INFO] [1785159816.973122819] [telemetry_node]: pos_ned=[-0.01827753  0.00337752 -0.15860009]  yaw=1.680  armed=False  vtol=3  batt=16.20V/100%
[telemetry_node-1] [INFO] [1785159818.973655075] [telemetry_node]: pos_ned=[-0.01223975 -0.00857187 -0.17191491]  yaw=1.679  armed=False  vtol=3  batt=16.20V/100%
[telemetry_node-1] [INFO] [1785159820.973400827] [telemetry_node]: pos_ned=[-0.00648684 -0.01318124 -0.22176981]  yaw=1.679  armed=False  vtol=3  batt=16.20V/100%
[telemetry_node-1] [INFO] [1785159822.973551713] [telemetry_node]: pos_ned=[ 0.00758865 -0.00777715 -0.22323731]  yaw=1.681  armed=False  vtol=3  batt=16.20V/100%
[telemetry_node-1] [INFO] [1785159824.974371218] [telemetry_node]: pos_ned=[-1.82732329e-04  2.51795147e-02 -2.40507796e-01]  yaw=1.683  armed=False  vtol=3  batt=16.20V/100%
[telemetry_node-1] [INFO] [1785159829.505278073] [telemetry_node]: pos_ned=[-0.00397696  0.02388275 -0.24475387]  yaw=1.685  armed=False  vtol=3  batt=16.20V/100%
[telemetry_node-1] [INFO] [1785159830.973313079] [telemetry_node]: pos_ned=[-0.01479394  0.02339832 -0.24759373]  yaw=1.686  armed=False  vtol=3  batt=16.20V/100%
[telemetry_node-1] [INFO] [1785159832.973602488] [telemetry_node]: pos_ned=[-0.00859582  0.00628896 -0.25109616]  yaw=1.684  armed=False  vtol=3  batt=16.20V/100%
[telemetry_node-1] [INFO] [1785159834.973691982] [telemetry_node]: pos_ned=[ 0.01163323 -0.00172643 -0.25098079]  yaw=1.683  armed=False  vtol=3  batt=16.20V/100%
[telemetry_node-1] [INFO] [1785159836.973184884] [telemetry_node]: pos_ned=[ 0.0259981  -0.0089235  -0.24396604]  yaw=1.684  armed=False  vtol=3  batt=16.20V/100%
[telemetry_node-1] [INFO] [1785159838.973411396] [telemetry_node]: pos_ned=[ 0.01588392 -0.01899954 -0.26735243]  yaw=1.684  armed=False  vtol=3  batt=16.20V/100%
[telemetry_node-1] [INFO] [1785159840.973622469] [telemetry_node]: pos_ned=[ 0.02341888  0.00636303 -0.26436171]  yaw=1.685  armed=False  vtol=3  batt=16.20V/100%
[telemetry_node-1] [INFO] [1785159842.973506672] [telemetry_node]: pos_ned=[ 0.03173156  0.02326924 -0.24599755]  yaw=1.689  armed=False  vtol=3  batt=16.20V/100%
[telemetry_node-1] [INFO] [1785159844.973255304] [telemetry_node]: pos_ned=[ 0.02876944  0.04191078 -0.20714644]  yaw=1.693  armed=False  vtol=3  batt=16.20V/100%
[telemetry_node-1] [INFO] [1785159846.973485592] [telemetry_node]: pos_ned=[ 0.01798674  0.03518025 -0.18916494]  yaw=1.697  armed=False  vtol=3  batt=16.20V/100%
[telemetry_node-1] [INFO] [1785159848.973743852] [telemetry_node]: pos_ned=[ 0.01989407 -0.00169542 -0.19371371]  yaw=1.700  armed=False  vtol=3  batt=16.20V/100%
[telemetry_node-1] [INFO] [1785159850.973728369] [telemetry_node]: pos_ned=[-0.00731773  0.01185402 -0.20657369]  yaw=1.701  armed=False  vtol=3  batt=16.20V/100%
[telemetry_node-1] [INFO] [1785159852.974336088] [telemetry_node]: pos_ned=[-0.04272933  0.00350529 -0.19231796]  yaw=1.701  armed=False  vtol=3  batt=16.20V/100%
[telemetry_node-1] [INFO] [1785159854.973607711] [telemetry_node]: pos_ned=[-0.01180939  0.00353465 -0.18271518]  yaw=1.702  armed=False  vtol=3  batt=16.20V/100%
[telemetry_node-1] [INFO] [1785159856.973491812] [telemetry_node]: pos_ned=[-0.02264378  0.01216814 -0.15981081]  yaw=1.702  armed=False  vtol=3  batt=16.20V/100%
[telemetry_node-1] [INFO] [1785159858.973507403] [telemetry_node]: pos_ned=[ 0.00893072  0.00420205 -0.13800065]  yaw=1.703  armed=False  vtol=3  batt=16.20V/100%
[telemetry_node-1] [INFO] [1785159860.973508297] [telemetry_node]: pos_ned=[ 0.01159393  0.00668654 -0.11647408]  yaw=1.702  armed=False  vtol=3  batt=16.20V/100%
[telemetry_node-1] [INFO] [1785159865.443404604] [telemetry_node]: pos_ned=[ 0.0034086   0.00544085 -0.11226191]  yaw=1.702  armed=False  vtol=3  batt=16.20V/100%
[telemetry_node-1] [INFO] [1785159866.974486744] [telemetry_node]: pos_ned=[ 0.00783228  0.00513268 -0.1002791 ]  yaw=1.701  armed=False  vtol=3  batt=16.20V/100%
[telemetry_node-1] [INFO] [1785159868.973902173] [telemetry_node]: pos_ned=[ 0.00346476  0.00342846 -0.0992979 ]  yaw=1.699  armed=False  vtol=3  batt=16.20V/100%
[telemetry_node-1] [INFO] [1785159870.973919704] [telemetry_node]: pos_ned=[ 0.01437732  0.00192723 -0.10748442]  yaw=1.697  armed=False  vtol=3  batt=16.20V/100%
[telemetry_node-1] [INFO] [1785159872.973623332] [telemetry_node]: pos_ned=[-0.00645197 -0.00188911 -0.12738894]  yaw=1.695  armed=False  vtol=3  batt=16.20V/100%
[telemetry_node-1] [INFO] [1785159874.974188211] [telemetry_node]: pos_ned=[-0.01729291 -0.00366234 -0.15667103]  yaw=1.694  armed=False  vtol=3  batt=16.20V/100%
[telemetry_node-1] [INFO] [1785159876.974086853] [telemetry_node]: pos_ned=[-0.00079764 -0.009178   -0.15122494]  yaw=1.694  armed=False  vtol=3  batt=16.20V/100%
[telemetry_node-1] [INFO] [1785159878.973146206] [telemetry_node]: pos_ned=[ 0.01750522  0.02160567 -0.13806379]  yaw=1.694  armed=False  vtol=3  batt=16.20V/100%
[telemetry_node-1] [INFO] [1785159880.973373612] [telemetry_node]: pos_ned=[ 0.00212381  0.01476583 -0.12459617]  yaw=1.695  armed=False  vtol=3  batt=16.20V/100%
[telemetry_node-1] [INFO] [1785159882.973763071] [telemetry_node]: pos_ned=[ 0.0080457   0.03670723 -0.12311937]  yaw=1.691  armed=False  vtol=3  batt=16.20V/100%
[telemetry_node-1] [INFO] [1785159884.973340615] [telemetry_node]: pos_ned=[-0.0033187   0.01936853 -0.12475502]  yaw=1.690  armed=False  vtol=3  batt=16.20V/100%
[telemetry_node-1] [INFO] [1785159886.973975663] [telemetry_node]: pos_ned=[-0.00341779  0.02901334 -0.14604838]  yaw=1.689  armed=False  vtol=3  batt=16.20V/100%
[telemetry_node-1] [INFO] [1785159888.973731187] [telemetry_node]: pos_ned=[ 0.00660001  0.05380517 -0.1458886 ]  yaw=1.691  armed=False  vtol=3  batt=16.20V/100%
[telemetry_node-1] [INFO] [1785159890.973435403] [telemetry_node]: pos_ned=[-0.00133672  0.04005368 -0.17062986]  yaw=1.693  armed=False  vtol=3  batt=16.20V/100%
[telemetry_node-1] [INFO] [1785159892.973925994] [telemetry_node]: pos_ned=[-0.02581138  0.02234555 -0.22031516]  yaw=1.695  armed=False  vtol=3  batt=16.20V/100%
[telemetry_node-1] [INFO] [1785159894.973446647] [telemetry_node]: pos_ned=[-0.00155236  0.03319084 -0.22260535]  yaw=1.697  armed=False  vtol=3  batt=16.20V/100%
[telemetry_node-1] [INFO] [1785159896.975442549] [telemetry_node]: pos_ned=[ 0.0288958   0.05323751 -0.20780566]  yaw=1.698  armed=False  vtol=3  batt=16.20V/100%
[telemetry_node-1] [INFO] [1785159901.376874049] [telemetry_node]: pos_ned=[ 0.02425767  0.04405732 -0.2116724 ]  yaw=1.698  armed=False  vtol=3  batt=16.20V/100%
[telemetry_node-1] [INFO] [1785159902.975439455] [telemetry_node]: pos_ned=[ 1.39086245e-04  4.94916998e-02 -2.08137468e-01]  yaw=1.699  armed=False  vtol=3  batt=16.20V/100%
[telemetry_node-1] [INFO] [1785159904.976368994] [telemetry_node]: pos_ned=[-0.00765721  0.0207648  -0.24037558]  yaw=1.698  armed=False  vtol=3  batt=16.20V/100%
[telemetry_node-1] [INFO] [1785159906.973951614] [telemetry_node]: pos_ned=[ 0.01463337  0.01657414 -0.25681701]  yaw=1.698  armed=False  vtol=3  batt=16.20V/100%
[telemetry_node-1] [INFO] [1785159908.973995193] [telemetry_node]: pos_ned=[-0.01501491  0.0071199  -0.28763467]  yaw=1.698  armed=False  vtol=3  batt=16.20V/100%
[telemetry_node-1] [INFO] [1785159910.973166324] [telemetry_node]: pos_ned=[-0.03417304  0.02285919 -0.29755437]  yaw=1.698  armed=False  vtol=3  batt=16.20V/100%
[telemetry_node-1] [INFO] [1785159912.973636748] [telemetry_node]: pos_ned=[-0.02308512  0.01709645 -0.25720787]  yaw=1.699  armed=False  vtol=3  batt=16.20V/100%
[telemetry_node-1] [INFO] [1785159914.973615566] [telemetry_node]: pos_ned=[-0.00107431  0.03997974 -0.22343308]  yaw=1.698  armed=False  vtol=3  batt=16.20V/100%
[telemetry_node-1] [INFO] [1785159916.973704387] [telemetry_node]: pos_ned=[-0.0123454   0.05284098 -0.17268015]  yaw=1.697  armed=False  vtol=3  batt=16.20V/100%
[telemetry_node-1] [INFO] [1785159918.974282232] [telemetry_node]: pos_ned=[-0.01278059  0.04688112 -0.12629667]  yaw=1.697  armed=False  vtol=3  batt=16.20V/100%
[telemetry_node-1] [INFO] [1785159920.973793299] [telemetry_node]: pos_ned=[-0.03132509  0.03379052 -0.11242911]  yaw=1.696  armed=False  vtol=3  batt=16.20V/100%
[telemetry_node-1] [INFO] [1785159922.973870587] [telemetry_node]: pos_ned=[-0.03536507  0.01973789 -0.13342333]  yaw=1.696  armed=False  vtol=3  batt=16.20V/100%
[telemetry_node-1] [INFO] [1785159924.980507138] [telemetry_node]: pos_ned=[-0.0415583   0.00231395 -0.12692468]  yaw=1.694  armed=False  vtol=3  batt=16.20V/100%
[telemetry_node-1] [INFO] [1785159926.973505049] [telemetry_node]: pos_ned=[-0.00851612  0.01263007 -0.10171742]  yaw=1.695  armed=False  vtol=3  batt=16.20V/100%
[telemetry_node-1] [INFO] [1785159928.973245623] [telemetry_node]: pos_ned=[-0.0359941  -0.010646   -0.09040053]  yaw=1.696  armed=False  vtol=3  batt=16.20V/100%
[telemetry_node-1] [INFO] [1785159930.974184912] [telemetry_node]: pos_ned=[-0.01811275 -0.00124109 -0.08473819]  yaw=1.695  armed=False  vtol=3  batt=16.20V/100%
[telemetry_node-1] [INFO] [1785159932.973551759] [telemetry_node]: pos_ned=[ 0.00638829  0.04187109 -0.0478909 ]  yaw=1.693  armed=False  vtol=3  batt=16.20V/100%
[telemetry_node-1] [INFO] [1785159937.048800046] [telemetry_node]: pos_ned=[ 0.00513784  0.03846907 -0.03054442]  yaw=1.693  armed=False  vtol=3  batt=16.20V/100%
[telemetry_node-1] [INFO] [1785159938.974148329] [telemetry_node]: pos_ned=[-0.00486021  0.01531051 -0.01506162]  yaw=1.693  armed=False  vtol=3  batt=16.20V/100%
[telemetry_node-1] [INFO] [1785159940.973275239] [telemetry_node]: pos_ned=[ 0.02222542  0.00292239 -0.01377283]  yaw=1.697  armed=False  vtol=3  batt=16.20V/100%
[telemetry_node-1] [INFO] [1785159942.973216840] [telemetry_node]: pos_ned=[ 0.02583542  0.00904518 -0.02195211]  yaw=1.701  armed=False  vtol=3  batt=16.20V/100%
[telemetry_node-1] [INFO] [1785159944.973319412] [telemetry_node]: pos_ned=[ 0.00402925  0.02000313 -0.01036963]  yaw=1.705  armed=False  vtol=3  batt=16.20V/100%
[telemetry_node-1] [INFO] [1785159946.974751739] [telemetry_node]: pos_ned=[0.022191   0.01586491 0.00089501]  yaw=1.707  armed=False  vtol=3  batt=16.20V/100%
[telemetry_node-1] [INFO] [1785159948.973085101] [telemetry_node]: pos_ned=[-0.00129354  0.01419619 -0.01880101]  yaw=1.708  armed=False  vtol=3  batt=16.20V/100%
[telemetry_node-1] [INFO] [1785159950.973006598] [telemetry_node]: pos_ned=[-0.02282047  0.02982521 -0.00465803]  yaw=1.710  armed=False  vtol=3  batt=16.20V/100%
[telemetry_node-1] [INFO] [1785159952.973713573] [telemetry_node]: pos_ned=[-0.01741033  0.0325306   0.00527742]  yaw=1.712  armed=False  vtol=3  batt=16.20V/100%
[telemetry_node-1] [INFO] [1785159954.973387396] [telemetry_node]: pos_ned=[-0.0272885  -0.00066376  0.01072837]  yaw=1.712  armed=False  vtol=3  batt=16.20V/100%
[telemetry_node-1] [INFO] [1785159956.974985506] [telemetry_node]: pos_ned=[-0.0053606   0.01024872  0.02088296]  yaw=1.713  armed=False  vtol=3  batt=16.20V/100%
[telemetry_node-1] [INFO] [1785159958.974211695] [telemetry_node]: pos_ned=[-0.02162962  0.02857177  0.02820318]  yaw=1.712  armed=False  vtol=3  batt=16.20V/100%
[telemetry_node-1] [INFO] [1785159960.973893888] [telemetry_node]: pos_ned=[-0.00419011  0.01778563  0.0167479 ]  yaw=1.712  armed=False  vtol=3  batt=16.20V/100%
[telemetry_node-1] [INFO] [1785159962.973551738] [telemetry_node]: pos_ned=[0.00654572 0.00200521 0.0002323 ]  yaw=1.710  armed=False  vtol=3  batt=16.20V/100%
[offboard_node-2] [Eta3ClothoidPlannerV3] WARNING: NR pos residual 4.983m is large. affine correction guarantees WP passage but curve may be deformed.
[offboard_node-2] [INFO] [1785159963.435616700] [offboard_node]: 경로 계획 완료 — 소요 201.8s (예상 225s), 경로점 811개, 전장 780.1m
[offboard_node-2] [INFO] [1785159963.586565282] [offboard_node]: ARM 요청
[offboard_node-2] [INFO] [1785159964.086250322] [offboard_node]: 경로 원점 = 이륙지점 [N=-0.00, E=0.02, h_up=0.00] 적용 (frame=takeoff) → WP0=[-0.00,0.02] 순항고도 h_up=50.00
[offboard_node-2] [INFO] [1785159964.087473219] [offboard_node]: 거리 상한 감시 활성 1500m (이륙지점 기준 수평, 경로 최원점 283m)
[offboard_node-2] [INFO] [1785159964.089445004] [offboard_node]: CommandTOL 이륙 요청 alt=50.1m AMSL (지면 0.1+50.0) -> CLIMBING
[telemetry_node-1] [INFO] [1785159964.973088803] [telemetry_node]: pos_ned=[0.000705   0.01428309 0.01390659]  yaw=1.709  armed=True  vtol=3  batt=16.19V/100%
[telemetry_node-1] [INFO] [1785159966.973203360] [telemetry_node]: pos_ned=[0.00795604 0.01662405 0.00908818]  yaw=1.709  armed=True  vtol=3  batt=16.13V/97%
[telemetry_node-1] [INFO] [1785159968.973353479] [telemetry_node]: pos_ned=[0.1052473  0.08801693 0.9609158 ]  yaw=1.709  armed=True  vtol=3  batt=16.07V/94%
[telemetry_node-1] [INFO] [1785159972.864994765] [telemetry_node]: pos_ned=[0.06959979 0.04656609 1.5998944 ]  yaw=1.723  armed=True  vtol=3  batt=16.07V/94%
[telemetry_node-1] [INFO] [1785159972.972935109] [telemetry_node]: pos_ned=[0.04928003 0.02912335 1.775213  ]  yaw=1.726  armed=True  vtol=3  batt=16.07V/94%
[telemetry_node-1] [INFO] [1785159974.972893957] [telemetry_node]: pos_ned=[ 0.01682015 -0.01640651  4.51623917]  yaw=1.727  armed=True  vtol=3  batt=16.01V/91%
[telemetry_node-1] [INFO] [1785159976.972886688] [telemetry_node]: pos_ned=[ 0.02173053 -0.0380769   7.42895222]  yaw=1.733  armed=True  vtol=3  batt=15.95V/88%
[telemetry_node-1] [INFO] [1785159978.973460089] [telemetry_node]: pos_ned=[ 2.29751375e-02 -4.48289968e-04  1.03643885e+01]  yaw=1.730  armed=True  vtol=3  batt=15.89V/84%
[telemetry_node-1] [INFO] [1785159980.973252005] [telemetry_node]: pos_ned=[ 0.0331502   0.03798804 15.77281666]  yaw=1.731  armed=True  vtol=3  batt=15.83V/81%
[telemetry_node-1] [INFO] [1785159982.973116602] [telemetry_node]: pos_ned=[5.07317446e-02 3.14012379e-03 2.16989555e+01]  yaw=1.735  armed=True  vtol=3  batt=15.77V/78%
[telemetry_node-1] [INFO] [1785159984.973383597] [telemetry_node]: pos_ned=[ 2.38012895e-02 -2.83669382e-02  2.77122402e+01]  yaw=1.734  armed=True  vtol=3  batt=15.71V/74%
[telemetry_node-1] [INFO] [1785159986.973203386] [telemetry_node]: pos_ned=[2.73814611e-02 3.18836346e-02 3.37567024e+01]  yaw=1.735  armed=True  vtol=3  batt=15.65V/71%
[telemetry_node-1] [INFO] [1785159988.972813871] [telemetry_node]: pos_ned=[4.48971381e-03 2.17087306e-02 3.98348770e+01]  yaw=1.735  armed=True  vtol=3  batt=15.59V/68%
[telemetry_node-1] [INFO] [1785159990.972989861] [telemetry_node]: pos_ned=[1.80290006e-02 1.29570663e-02 4.53396797e+01]  yaw=1.736  armed=True  vtol=3  batt=15.53V/64%
[telemetry_node-1] [INFO] [1785159992.972805109] [telemetry_node]: pos_ned=[1.43757965e-02 9.12847184e-03 4.82897682e+01]  yaw=1.735  armed=True  vtol=3  batt=15.47V/61%
[telemetry_node-1] [INFO] [1785159994.972932951] [telemetry_node]: pos_ned=[-2.57354565e-02 -1.39932474e-02  4.94533195e+01]  yaw=1.735  armed=True  vtol=3  batt=15.41V/58%
[offboard_node-2] [INFO] [1785159995.185282608] [offboard_node]: 운용 고도 50.0m 도달 → transition_fw
[telemetry_node-1] [INFO] [1785159996.973506867] [telemetry_node]: pos_ned=[-2.45923339e-03  4.92660468e-03  4.98893547e+01]  yaw=1.733  armed=True  vtol=3  batt=15.35V/54%
[offboard_node-2] [INFO] [1785159997.186128575] [offboard_node]: 천이 전 MC OFFBOARD 요청 (헤딩 정렬 대기)
[offboard_node-2] [WARN] [1785159997.286405861] [offboard_node]: 정렬 구간 OFFBOARD 이탈 → 재요청 (mode=AUTO.LOITER)
[telemetry_node-1] [INFO] [1785159998.973074717] [telemetry_node]: pos_ned=[3.49590331e-02 1.92522700e-03 5.01101570e+01]  yaw=1.206  armed=True  vtol=3  batt=15.30V/51%
[telemetry_node-1] [INFO] [1785160000.973530651] [telemetry_node]: pos_ned=[-2.28892360e-02  9.62935686e-02  5.03270760e+01]  yaw=0.570  armed=True  vtol=3  batt=15.30V/50%
[telemetry_node-1] [INFO] [1785160002.973957978] [telemetry_node]: pos_ned=[-0.11804357  0.27788126 50.58554459]  yaw=0.306  armed=True  vtol=3  batt=15.30V/50%
[telemetry_node-1] [INFO] [1785160004.973184588] [telemetry_node]: pos_ned=[-0.19612269  0.41505551 50.8646698 ]  yaw=0.170  armed=True  vtol=3  batt=15.30V/50%
[telemetry_node-1] [INFO] [1785160008.587246188] [telemetry_node]: pos_ned=[-0.20798668  0.42835402 50.89464569]  yaw=0.160  armed=True  vtol=3  batt=15.30V/50%
[telemetry_node-1] [INFO] [1785160008.972784095] [telemetry_node]: pos_ned=[-0.22461215  0.45400113 50.9587326 ]  yaw=0.142  armed=True  vtol=3  batt=15.30V/50%
[telemetry_node-1] [INFO] [1785160010.973177744] [telemetry_node]: pos_ned=[-0.20534548  0.50854456 51.30314636]  yaw=0.079  armed=True  vtol=3  batt=15.30V/50%
[telemetry_node-1] [INFO] [1785160012.973159665] [telemetry_node]: pos_ned=[-0.19659445  0.5185473  51.69231415]  yaw=0.044  armed=True  vtol=3  batt=15.30V/50%
[offboard_node-2] [INFO] [1785160014.385561894] [offboard_node]: 헤딩 정렬 완료 target=0.0° current=2.2° err=-2.2° (20틱 안정) → 전진 + 천이 명령
[offboard_node-2] [INFO] [1785160014.386744127] [offboard_node]: MC→FW 천이 명령 요청 (위치 setpoint 직선 천이)
[telemetry_node-1] [INFO] [1785160014.972998865] [telemetry_node]: pos_ned=[-0.15516669  0.53538895 51.99922562]  yaw=0.040  armed=True  vtol=1  batt=15.30V/50%
[telemetry_node-1] [INFO] [1785160016.973245769] [telemetry_node]: pos_ned=[ 8.80123615 -0.14073516 52.17321777]  yaw=-0.045  armed=True  vtol=4  batt=15.30V/50%
[offboard_node-2] [INFO] [1785160016.985671758] [offboard_node]: FW 전환 완료 -> STREAMING
[offboard_node-2] [INFO] [1785160017.112119730] [offboard_node]: OFFBOARD 확인 → FOLLOWING
[offboard_node-2] [INFO] [1785160017.221251133] [offboard_node]: FOLLOWING 시작 pos=[11.8,-0.3] tgt=[81.8,0.0] cte=-0.3m mode=OFFBOARD seg=12/810
[telemetry_node-1] [INFO] [1785160018.973008042] [telemetry_node]: pos_ned=[40.91560364  0.07168311 51.35113144]  yaw=0.023  armed=True  vtol=4  batt=15.30V/50%
[offboard_node-2] [INFO] [1785160019.109957151] [offboard_node]: FOLLOWING tick=20 mode=OFFBOARD cte=0.1m pos=[40.9,0.1] tgt=[110.9,0.0] seg=42/810
[telemetry_node-1] [INFO] [1785160020.974719416] [telemetry_node]: pos_ned=[69.78231049 -0.25306648 50.21064377]  yaw=0.038  armed=True  vtol=4  batt=15.30V/50%
[offboard_node-2] [INFO] [1785160021.128785570] [offboard_node]: FOLLOWING tick=40 mode=OFFBOARD cte=-0.2m pos=[71.8,-0.2] tgt=[141.8,0.0] seg=74/810
[telemetry_node-1] [INFO] [1785160022.973305129] [telemetry_node]: pos_ned=[99.9706192  -0.15169343 49.31095505]  yaw=0.009  armed=True  vtol=4  batt=15.30V/50%
[offboard_node-2] [INFO] [1785160023.114394564] [offboard_node]: FOLLOWING tick=60 mode=OFFBOARD cte=-0.2m pos=[101.4,-0.2] tgt=[171.4,-0.1] seg=105/810
[telemetry_node-1] [INFO] [1785160024.972974741] [telemetry_node]: pos_ned=[1.28770477e+02 2.72398796e-02 4.92349014e+01]  yaw=-0.011  armed=True  vtol=4  batt=15.30V/50%
[offboard_node-2] [INFO] [1785160025.121847678] [offboard_node]: FOLLOWING tick=80 mode=OFFBOARD cte=-0.0m pos=[130.6,0.0] tgt=[200.0,0.6] seg=135/810
[telemetry_node-1] [INFO] [1785160026.972945685] [telemetry_node]: pos_ned=[157.64311218   1.03486633  49.13758087]  yaw=0.048  armed=True  vtol=4  batt=15.30V/50%
[offboard_node-2] [INFO] [1785160027.108644083] [offboard_node]: FOLLOWING tick=100 mode=OFFBOARD cte=1.4m pos=[159.5,1.4] tgt=[200.1,29.7] seg=165/810
[telemetry_node-1] [INFO] [1785160028.972880967] [telemetry_node]: pos_ned=[184.2339325   14.01900101  47.01092148]  yaw=0.465  armed=True  vtol=4  batt=15.30V/50%
[offboard_node-2] [WARN] [1785160029.125957400] [offboard_node]: 세그먼트 인덱스 급변 192→221 (Δ+29, 전체 810) pos=[185.7,15.5] — 경로상 전진이 아니라 다른 레그 선택일 수 있다
[offboard_node-2] [INFO] [1785160029.126624246] [offboard_node]: FOLLOWING tick=120 mode=OFFBOARD cte=14.4m pos=[185.7,15.5] tgt=[200.0,85.1] seg=221/810
[telemetry_node-1] [INFO] [1785160030.972948088] [telemetry_node]: pos_ned=[197.48417664  43.28211594  46.32740021]  yaw=1.313  armed=True  vtol=4  batt=15.30V/50%
[offboard_node-2] [INFO] [1785160031.120663529] [offboard_node]: FOLLOWING tick=140 mode=OFFBOARD cte=2.4m pos=[197.7,45.3] tgt=[200.0,115.3] seg=253/810
[telemetry_node-1] [INFO] [1785160032.973704644] [telemetry_node]: pos_ned=[199.72871399  70.97311401  50.29803848]  yaw=1.888  armed=True  vtol=4  batt=15.30V/50%
[offboard_node-2] [INFO] [1785160033.128261074] [offboard_node]: FOLLOWING tick=160 mode=OFFBOARD cte=0.2m pos=[199.8,72.8] tgt=[200.0,142.8] seg=281/810
[telemetry_node-1] [INFO] [1785160034.973194563] [telemetry_node]: pos_ned=[199.42552185  99.38922119  49.14437103]  yaw=1.937  armed=True  vtol=4  batt=15.30V/50%
[offboard_node-2] [INFO] [1785160035.113048286] [offboard_node]: FOLLOWING tick=180 mode=OFFBOARD cte=0.6m pos=[199.4,101.4] tgt=[200.1,171.4] seg=311/810
[telemetry_node-1] [INFO] [1785160036.973296374] [telemetry_node]: pos_ned=[199.59373474 127.52732849  50.59599304]  yaw=1.568  armed=True  vtol=4  batt=15.30V/50%
[offboard_node-2] [INFO] [1785160037.111351806] [offboard_node]: FOLLOWING tick=200 mode=OFFBOARD cte=0.4m pos=[199.6,129.4] tgt=[200.0,199.3] seg=340/810
[telemetry_node-1] [INFO] [1785160038.973177392] [telemetry_node]: pos_ned=[199.12832642 154.69540405  49.9708786 ]  yaw=1.359  armed=True  vtol=4  batt=15.30V/50%
[offboard_node-2] [INFO] [1785160039.113028043] [offboard_node]: FOLLOWING tick=220 mode=OFFBOARD cte=1.2m pos=[198.9,156.6] tgt=[173.4,200.1] seg=368/810
[telemetry_node-1] [INFO] [1785160044.258146841] [telemetry_node]: pos_ned=[189.93791199 181.73982239  45.50268936]  yaw=1.836  armed=True  vtol=4  batt=15.30V/50%
[offboard_node-2] [INFO] [1785160044.412277854] [offboard_node]: FOLLOWING tick=240 mode=OFFBOARD cte=11.6m pos=[188.5,183.7] tgt=[134.2,200.0] seg=397/810
[offboard_node-2] [WARN] [1785160044.614736480] [offboard_node]: 세그먼트 인덱스 급변 398→426 (Δ+28, 전체 810) pos=[186.1,186.4] — 경로상 전진이 아니라 다른 레그 선택일 수 있다
[telemetry_node-1] [INFO] [1785160044.973296063] [telemetry_node]: pos_ned=[180.35389709 190.99450684  43.71366119]  yaw=2.293  armed=True  vtol=4  batt=15.30V/50%
[offboard_node-2] [INFO] [1785160046.413217018] [offboard_node]: FOLLOWING tick=260 mode=OFFBOARD cte=4.0m pos=[156.7,196.2] tgt=[86.8,200.0] seg=456/810
[telemetry_node-1] [INFO] [1785160046.972933575] [telemetry_node]: pos_ned=[148.78916931 196.4488678   49.26398849]  yaw=-2.936  armed=True  vtol=4  batt=15.30V/50%
[offboard_node-2] [INFO] [1785160048.410041665] [offboard_node]: FOLLOWING tick=280 mode=OFFBOARD cte=2.2m pos=[130.0,197.7] tgt=[60.0,200.0] seg=484/810
[telemetry_node-1] [INFO] [1785160048.972994540] [telemetry_node]: pos_ned=[121.81463623 197.48062134  49.61965179]  yaw=-2.606  armed=True  vtol=4  batt=15.30V/50%
[offboard_node-2] [INFO] [1785160050.422578714] [offboard_node]: FOLLOWING tick=300 mode=OFFBOARD cte=2.7m pos=[99.8,197.3] tgt=[29.8,200.1] seg=516/810
[telemetry_node-1] [INFO] [1785160050.973228022] [telemetry_node]: pos_ned=[ 91.48143005 197.71322632  50.47546005]  yaw=-2.975  armed=True  vtol=4  batt=15.30V/50%
[offboard_node-2] [INFO] [1785160052.415274718] [offboard_node]: FOLLOWING tick=320 mode=OFFBOARD cte=1.7m pos=[72.7,198.3] tgt=[2.7,200.1] seg=544/810
[telemetry_node-1] [INFO] [1785160052.973331718] [telemetry_node]: pos_ned=[ 64.64640808 198.46888733  51.56124878]  yaw=2.887  armed=True  vtol=4  batt=15.30V/50%
[offboard_node-2] [INFO] [1785160054.411105123] [offboard_node]: FOLLOWING tick=340 mode=OFFBOARD cte=1.5m pos=[44.4,198.5] tgt=[-0.1,174.0] seg=573/810
[telemetry_node-1] [INFO] [1785160054.973056348] [telemetry_node]: pos_ned=[ 35.90993118 197.20690918  48.96872711]  yaw=3.007  armed=True  vtol=4  batt=15.30V/50%
[offboard_node-2] [INFO] [1785160056.414312585] [offboard_node]: FOLLOWING tick=360 mode=OFFBOARD cte=13.5m pos=[14.6,186.6] tgt=[0.0,131.1] seg=605/810
[offboard_node-2] [WARN] [1785160056.522571881] [offboard_node]: 세그먼트 인덱스 급변 605→633 (Δ+28, 전체 810) pos=[13.3,185.2] — 경로상 전진이 아니라 다른 레그 선택일 수 있다
[telemetry_node-1] [INFO] [1785160056.973087081] [telemetry_node]: pos_ned=[  8.54235268 178.32510376  44.86894989]  yaw=-2.250  armed=True  vtol=4  batt=15.30V/50%
[offboard_node-2] [INFO] [1785160058.422748703] [offboard_node]: FOLLOWING tick=380 mode=OFFBOARD cte=4.2m pos=[4.2,156.1] tgt=[0.0,86.0] seg=664/810
[telemetry_node-1] [INFO] [1785160058.973375784] [telemetry_node]: pos_ned=[  3.51231599 148.18292236  50.95905685]  yaw=-1.313  armed=True  vtol=4  batt=15.30V/50%
[offboard_node-2] [INFO] [1785160060.410357655] [offboard_node]: FOLLOWING tick=400 mode=OFFBOARD cte=2.3m pos=[2.3,129.7] tgt=[0.0,59.7] seg=693/810
[telemetry_node-1] [INFO] [1785160060.972837013] [telemetry_node]: pos_ned=[  2.55034828 120.88500214  50.05961609]  yaw=-1.072  armed=True  vtol=4  batt=15.30V/50%
[offboard_node-2] [INFO] [1785160062.411622285] [offboard_node]: FOLLOWING tick=420 mode=OFFBOARD cte=2.4m pos=[2.4,99.7] tgt=[-0.0,29.7] seg=724/810
[telemetry_node-1] [INFO] [1785160062.973848730] [telemetry_node]: pos_ned=[ 2.01938105 91.23522186 51.50260162]  yaw=-1.440  armed=True  vtol=4  batt=15.30V/50%
[offboard_node-2] [INFO] [1785160064.409893118] [offboard_node]: FOLLOWING tick=440 mode=OFFBOARD cte=1.6m pos=[1.6,72.6] tgt=[-0.0,20.0] seg=753/810
[telemetry_node-1] [INFO] [1785160064.972850239] [telemetry_node]: pos_ned=[ 1.3848772  64.48274994 51.85319519]  yaw=-1.801  armed=True  vtol=4  batt=15.30V/50%
[offboard_node-2] [INFO] [1785160066.412255939] [offboard_node]: FOLLOWING tick=460 mode=OFFBOARD cte=0.5m pos=[0.5,44.9] tgt=[-0.0,20.0] seg=783/810
[telemetry_node-1] [INFO] [1785160066.973048291] [telemetry_node]: pos_ned=[ 0.0926351  36.41888046 51.19038773]  yaw=-1.757  armed=True  vtol=4  batt=15.30V/50%
[offboard_node-2] [INFO] [1785160067.518222316] [offboard_node]: 경로 추종 완료 -> transition_mc
[offboard_node-2] [INFO] [1785160067.586461619] [offboard_node]: FW->MC 역천이 명령 요청
[telemetry_node-1] [INFO] [1785160068.972852445] [telemetry_node]: pos_ned=[-0.2521885  10.02240086 51.19771194]  yaw=-1.489  armed=True  vtol=2  batt=15.30V/50%
[telemetry_node-1] [INFO] [1785160070.974457587] [telemetry_node]: pos_ned=[-0.42897317 -9.47876167 52.24604034]  yaw=-1.515  armed=True  vtol=2  batt=15.30V/50%
[telemetry_node-1] [INFO] [1785160072.973253198] [telemetry_node]: pos_ned=[ -0.43332654 -21.94831467  52.40522003]  yaw=-1.596  armed=True  vtol=3  batt=15.30V/50%
[offboard_node-2] [INFO] [1785160072.986488280] [offboard_node]: MC 전환 완료 -> HOLD (WP1 복귀)
[telemetry_node-1] [INFO] [1785160074.973671639] [telemetry_node]: pos_ned=[  0.05741807 -21.04169464  50.15653992]  yaw=-1.596  armed=True  vtol=3  batt=15.30V/50%
[offboard_node-2] [INFO] [1785160074.987086169] [offboard_node]: WP1 홀드 dist=41.1m speed=8.5m/s stable=0/10
[telemetry_node-1] [INFO] [1785160080.053056101] [telemetry_node]: pos_ned=[ 0.05738326 -9.07180214 49.97665787]  yaw=-1.591  armed=True  vtol=3  batt=15.30V/50%
[offboard_node-2] [INFO] [1785160080.386542430] [offboard_node]: WP1 홀드 dist=26.6m speed=8.0m/s stable=0/10
[telemetry_node-1] [INFO] [1785160080.973261470] [telemetry_node]: pos_ned=[-0.14053255 -1.76848435 49.90765762]  yaw=-1.598  armed=True  vtol=3  batt=15.30V/50%
[offboard_node-2] [INFO] [1785160082.387117529] [offboard_node]: WP1 홀드 dist=10.6m speed=8.0m/s stable=0/10
[telemetry_node-1] [INFO] [1785160082.974052631] [telemetry_node]: pos_ned=[-0.36442372 13.78639126 49.99116516]  yaw=-1.619  armed=True  vtol=3  batt=15.30V/50%
[offboard_node-2] [INFO] [1785160084.386066033] [offboard_node]: WP1 홀드 dist=1.0m speed=1.2m/s stable=1/10
[telemetry_node-1] [INFO] [1785160084.973382407] [telemetry_node]: pos_ned=[-0.37760037 19.48274422 50.07346344]  yaw=-1.646  armed=True  vtol=3  batt=15.30V/50%
[offboard_node-2] [INFO] [1785160085.185651271] [offboard_node]: WP1 도달·안정 → LANDING (dist=0.6m speed=0.4m/s)
[offboard_node-2] [INFO] [1785160085.285784668] [offboard_node]: AUTO.LAND 요청
[telemetry_node-1] [INFO] [1785160086.973413570] [telemetry_node]: pos_ned=[-0.19014612 19.28059769 48.20393372]  yaw=-1.654  armed=True  vtol=3  batt=15.30V/50%
[telemetry_node-1] [INFO] [1785160088.973322421] [telemetry_node]: pos_ned=[-0.06969626 19.57289124 45.28623962]  yaw=-1.655  armed=True  vtol=3  batt=15.30V/50%
[telemetry_node-1] [INFO] [1785160090.973407841] [telemetry_node]: pos_ned=[-0.09752084 19.30470848 42.30085373]  yaw=-1.653  armed=True  vtol=3  batt=15.30V/50%
[telemetry_node-1] [INFO] [1785160092.973158612] [telemetry_node]: pos_ned=[-0.08366414 19.42164993 39.26537704]  yaw=-1.651  armed=True  vtol=3  batt=15.30V/50%
[telemetry_node-1] [INFO] [1785160094.974015229] [telemetry_node]: pos_ned=[-0.11457457 19.37415695 36.3849144 ]  yaw=-1.649  armed=True  vtol=3  batt=15.30V/50%
[telemetry_node-1] [INFO] [1785160096.973107698] [telemetry_node]: pos_ned=[-0.11677487 19.40612221 33.2481575 ]  yaw=-1.646  armed=True  vtol=3  batt=15.30V/50%
[telemetry_node-1] [INFO] [1785160098.972817978] [telemetry_node]: pos_ned=[-0.10973481 19.48874855 30.28609085]  yaw=-1.644  armed=True  vtol=3  batt=15.30V/50%
[telemetry_node-1] [INFO] [1785160100.972912210] [telemetry_node]: pos_ned=[-0.13415869 19.3068676  27.37021828]  yaw=-1.642  armed=True  vtol=3  batt=15.30V/50%
[telemetry_node-1] [INFO] [1785160102.972832812] [telemetry_node]: pos_ned=[-0.06195722 19.51845169 24.38244247]  yaw=-1.638  armed=True  vtol=3  batt=15.30V/50%
[telemetry_node-1] [INFO] [1785160104.972855719] [telemetry_node]: pos_ned=[-0.10702821 19.3564415  21.4078598 ]  yaw=-1.636  armed=True  vtol=3  batt=15.30V/50%
[telemetry_node-1] [INFO] [1785160106.973276322] [telemetry_node]: pos_ned=[-0.12231366 19.39835739 18.40454483]  yaw=-1.633  armed=True  vtol=3  batt=15.30V/50%
[telemetry_node-1] [INFO] [1785160108.973190667] [telemetry_node]: pos_ned=[-0.08492076 19.43655777 15.41478157]  yaw=-1.630  armed=True  vtol=3  batt=15.30V/50%
[telemetry_node-1] [INFO] [1785160110.972788235] [telemetry_node]: pos_ned=[-0.08639231 19.34451103 12.42048454]  yaw=-1.628  armed=True  vtol=3  batt=15.30V/50%
[telemetry_node-1] [INFO] [1785160115.936896727] [telemetry_node]: pos_ned=[-0.08792277 19.47321701 10.3102026 ]  yaw=-1.625  armed=True  vtol=3  batt=15.30V/50%
[telemetry_node-1] [INFO] [1785160116.973125569] [telemetry_node]: pos_ned=[-0.10522032 19.49929047  8.86175823]  yaw=-1.624  armed=True  vtol=3  batt=15.30V/50%
[telemetry_node-1] [INFO] [1785160118.972992462] [telemetry_node]: pos_ned=[-0.10635419 19.36236763  6.6249814 ]  yaw=-1.622  armed=True  vtol=3  batt=15.30V/50%
[telemetry_node-1] [INFO] [1785160120.973541311] [telemetry_node]: pos_ned=[-0.10655069 19.4337616   4.98861551]  yaw=-1.619  armed=True  vtol=3  batt=15.30V/50%
[telemetry_node-1] [INFO] [1785160122.973402009] [telemetry_node]: pos_ned=[-0.07863475 19.42990875  3.59064865]  yaw=-1.617  armed=True  vtol=3  batt=15.30V/50%
[telemetry_node-1] [INFO] [1785160124.973337851] [telemetry_node]: pos_ned=[-0.0697716  19.34391403  2.18374491]  yaw=-1.615  armed=True  vtol=3  batt=15.30V/50%
[telemetry_node-1] [INFO] [1785160126.973367055] [telemetry_node]: pos_ned=[-0.05413385 19.47045326  0.75451899]  yaw=-1.613  armed=True  vtol=3  batt=15.30V/50%
[telemetry_node-1] [INFO] [1785160128.973341055] [telemetry_node]: pos_ned=[-0.05784035 19.43683815  0.10195708]  yaw=-1.611  armed=True  vtol=3  batt=15.30V/50%
[telemetry_node-1] [INFO] [1785160130.972999394] [telemetry_node]: pos_ned=[-0.02518178 19.40482903  0.13850155]  yaw=-1.609  armed=True  vtol=3  batt=15.30V/50%
[offboard_node-2] [INFO] [1785160131.785646410] [offboard_node]: 착륙 완료 (disarmed) -> DONE
[telemetry_node-1] [INFO] [1785160132.973445876] [telemetry_node]: pos_ned=[-0.0198539  19.39132309  0.06136393]  yaw=-1.645  armed=False  vtol=3  batt=16.20V/74%
[telemetry_node-1] [INFO] [1785160134.973352418] [telemetry_node]: pos_ned=[-3.58335525e-02  1.94124660e+01 -9.64472443e-03]  yaw=-1.645  armed=False  vtol=3  batt=16.20V/96%
[telemetry_node-1] [INFO] [1785160136.973047485] [telemetry_node]: pos_ned=[ 7.14580808e-03  1.94221363e+01 -5.65192811e-02]  yaw=-1.645  armed=False  vtol=3  batt=16.20V/100%
[WARNING] [launch]: user interrupted with ctrl-c (SIGINT)
[INFO] [offboard_node-2]: sending signal 'SIGINT' to process[offboard_node-2]
[INFO] [telemetry_node-1]: sending signal 'SIGINT' to process[telemetry_node-1]
[offboard_node-2] Traceback (most recent call last):
[offboard_node-2]   File "/root/drone_ws/install/fc_ros/lib/python3.10/site-packages/fc_ros/nodes/offboard_node.py", line 1499, in main
[offboard_node-2]     rclpy.spin(node)
[offboard_node-2]   File "/opt/ros/humble/local/lib/python3.10/dist-packages/rclpy/__init__.py", line 229, in spin
[offboard_node-2]     executor.spin_once()
[offboard_node-2]   File "/opt/ros/humble/local/lib/python3.10/dist-packages/rclpy/executors.py", line 808, in spin_once
[offboard_node-2]     self._spin_once_impl(timeout_sec)
[offboard_node-2]   File "/opt/ros/humble/local/lib/python3.10/dist-packages/rclpy/executors.py", line 797, in _spin_once_impl
[offboard_node-2]     handler, entity, node = self.wait_for_ready_callbacks(timeout_sec=timeout_sec)
[offboard_node-2]   File "/opt/ros/humble/local/lib/python3.10/dist-packages/rclpy/executors.py", line 780, in wait_for_ready_callbacks
[offboard_node-2]     return next(self._cb_iter)
[offboard_node-2]   File "/opt/ros/humble/local/lib/python3.10/dist-packages/rclpy/executors.py", line 677, in _wait_for_ready_callbacks
[offboard_node-2]     wait_set.wait(timeout_nsec)
[offboard_node-2] KeyboardInterrupt
[offboard_node-2] 
[offboard_node-2] During handling of the above exception, another exception occurred:
[offboard_node-2] 
[offboard_node-2] Traceback (most recent call last):
[offboard_node-2]   File "/root/drone_ws/install/fc_ros/lib/fc_ros/offboard_node", line 33, in <module>
[offboard_node-2]     sys.exit(load_entry_point('fc-ros==0.1.0', 'console_scripts', 'offboard_node')())
[offboard_node-2]   File "/root/drone_ws/install/fc_ros/lib/python3.10/site-packages/fc_ros/nodes/offboard_node.py", line 1501, in main
[telemetry_node-1] Traceback (most recent call last):
[telemetry_node-1]   File "/root/drone_ws/install/fc_ros/lib/python3.10/site-packages/fc_ros/nodes/telemetry_node.py", line 109, in main
[telemetry_node-1]     rclpy.spin(node)
[telemetry_node-1]   File "/opt/ros/humble/local/lib/python3.10/dist-packages/rclpy/__init__.py", line 229, in spin
[telemetry_node-1]     executor.spin_once()
[telemetry_node-1]   File "/opt/ros/humble/local/lib/python3.10/dist-packages/rclpy/executors.py", line 808, in spin_once
[telemetry_node-1]     self._spin_once_impl(timeout_sec)
[telemetry_node-1]   File "/opt/ros/humble/local/lib/python3.10/dist-packages/rclpy/executors.py", line 797, in _spin_once_impl
[offboard_node-2]     node.destroy_node()
[offboard_node-2]   File "/opt/ros/humble/local/lib/python3.10/dist-packages/rclpy/node.py", line 1689, in destroy_node
[telemetry_node-1]     handler, entity, node = self.wait_for_ready_callbacks(timeout_sec=timeout_sec)
[telemetry_node-1]   File "/opt/ros/humble/local/lib/python3.10/dist-packages/rclpy/executors.py", line 780, in wait_for_ready_callbacks
[telemetry_node-1]     return next(self._cb_iter)
[telemetry_node-1]   File "/opt/ros/humble/local/lib/python3.10/dist-packages/rclpy/executors.py", line 677, in _wait_for_ready_callbacks
[telemetry_node-1]     wait_set.wait(timeout_nsec)
[telemetry_node-1] KeyboardInterrupt
[telemetry_node-1] 
[telemetry_node-1] During handling of the above exception, another exception occurred:
[telemetry_node-1] 
[telemetry_node-1] Traceback (most recent call last):
[telemetry_node-1]   File "/root/drone_ws/install/fc_ros/lib/fc_ros/telemetry_node", line 33, in <module>
[telemetry_node-1]     sys.exit(load_entry_point('fc-ros==0.1.0', 'console_scripts', 'telemetry_node')())
[telemetry_node-1]   File "/root/drone_ws/install/fc_ros/lib/python3.10/site-packages/fc_ros/nodes/telemetry_node.py", line 111, in main
[telemetry_node-1]     node.destroy_node()
[telemetry_node-1]   File "/opt/ros/humble/local/lib/python3.10/dist-packages/rclpy/node.py", line 1696, in destroy_node
[telemetry_node-1]     self.__node.destroy_when_not_in_use()
[telemetry_node-1] KeyboardInterrupt
[offboard_node-2]     self.destroy_client(self._clients[0])
[offboard_node-2]   File "/opt/ros/humble/local/lib/python3.10/dist-packages/rclpy/node.py", line 1599, in destroy_client
[offboard_node-2]     client.destroy()
[offboard_node-2]   File "/opt/ros/humble/local/lib/python3.10/dist-packages/rclpy/client.py", line 187, in destroy
[offboard_node-2]     self.__client.destroy_when_not_in_use()
[offboard_node-2] KeyboardInterrupt
[ERROR] [telemetry_node-1]: process has died [pid 1163, exit code -2, cmd '/root/drone_ws/install/fc_ros/lib/fc_ros/telemetry_node --ros-args -r __node:=telemetry_node'].
[ERROR] [offboard_node-2]: process has died [pid 1165, exit code -2, cmd '/root/drone_ws/install/fc_ros/lib/fc_ros/offboard_node --ros-args -r __node:=offboard_node --params-file /root/drone_ws/install/fc_ros/share/fc_ros/params/fc_ros_params.yaml --params-file /tmp/launch_params_wc465c5t'].
