### t=1785264699 i=1
Type: geometry_msgs/msg/PoseStamped

Publisher count: 1

Node name: fake_vision
Node namespace: /
Topic type: geometry_msgs/msg/PoseStamped
Endpoint type: PUBLISHER
GID: 01.0f.df.56.99.01.3d.04.00.00.00.00.00.00.11.03.00.00.00.00.00.00.00.00
QoS profile:
  Reliability: BEST_EFFORT
  History (Depth): UNKNOWN
  Durability: VOLATILE
  Lifespan: Infinite
  Deadline: Infinite
  Liveliness: AUTOMATIC
  Liveliness lease duration: Infinite

Subscription count: 0

Type: diagnostic_msgs/msg/DiagnosticArray

Publisher count: 1

Node name: fake_vision
Node namespace: /
Topic type: diagnostic_msgs/msg/DiagnosticArray
Endpoint type: PUBLISHER
GID: 01.0f.df.56.99.01.3d.04.00.00.00.00.00.00.12.03.00.00.00.00.00.00.00.00
QoS profile:
  Reliability: BEST_EFFORT
  History (Depth): UNKNOWN
  Durability: VOLATILE
  Lifespan: Infinite
  Deadline: Infinite
  Liveliness: AUTOMATIC
  Liveliness lease duration: Infinite

Subscription count: 0

### t=1785264708 i=2
Type: geometry_msgs/msg/PoseStamped

Publisher count: 1

Node name: fake_vision
Node namespace: /
Topic type: geometry_msgs/msg/PoseStamped
Endpoint type: PUBLISHER
GID: 01.0f.df.56.99.01.3d.04.00.00.00.00.00.00.11.03.00.00.00.00.00.00.00.00
QoS profile:
  Reliability: BEST_EFFORT
  History (Depth): UNKNOWN
  Durability: VOLATILE
  Lifespan: Infinite
  Deadline: Infinite
  Liveliness: AUTOMATIC
  Liveliness lease duration: Infinite

Subscription count: 0

Type: diagnostic_msgs/msg/DiagnosticArray

Publisher count: 1

Node name: fake_vision
Node namespace: /
Topic type: diagnostic_msgs/msg/DiagnosticArray
Endpoint type: PUBLISHER
GID: 01.0f.df.56.99.01.3d.04.00.00.00.00.00.00.12.03.00.00.00.00.00.00.00.00
QoS profile:
  Reliability: BEST_EFFORT
  History (Depth): UNKNOWN
  Durability: VOLATILE
  Lifespan: Infinite
  Deadline: Infinite
  Liveliness: AUTOMATIC
  Liveliness lease duration: Infinite

Subscription count: 0

### t=1785264714 i=3
Type: geometry_msgs/msg/PoseStamped

Publisher count: 1

Node name: fake_vision
Node namespace: /
Topic type: geometry_msgs/msg/PoseStamped
Endpoint type: PUBLISHER
GID: 01.0f.df.56.99.01.3d.04.00.00.00.00.00.00.11.03.00.00.00.00.00.00.00.00
QoS profile:
  Reliability: BEST_EFFORT
  History (Depth): UNKNOWN
  Durability: VOLATILE
  Lifespan: Infinite
  Deadline: Infinite
  Liveliness: AUTOMATIC
  Liveliness lease duration: Infinite

Subscription count: 0

Type: diagnostic_msgs/msg/DiagnosticArray

Publisher count: 1

Node name: fake_vision
Node namespace: /
Topic type: diagnostic_msgs/msg/DiagnosticArray
Endpoint type: PUBLISHER
GID: 01.0f.df.56.99.01.3d.04.00.00.00.00.00.00.12.03.00.00.00.00.00.00.00.00
QoS profile:
  Reliability: BEST_EFFORT
  History (Depth): UNKNOWN
  Durability: VOLATILE
  Lifespan: Infinite
  Deadline: Infinite
  Liveliness: AUTOMATIC
  Liveliness lease duration: Infinite

Subscription count: 0

### t=1785264724 i=4
Type: geometry_msgs/msg/PoseStamped

Publisher count: 1

Node name: fake_vision
Node namespace: /
Topic type: geometry_msgs/msg/PoseStamped
Endpoint type: PUBLISHER
GID: 01.0f.df.56.99.01.3d.04.00.00.00.00.00.00.11.03.00.00.00.00.00.00.00.00
QoS profile:
  Reliability: BEST_EFFORT
  History (Depth): UNKNOWN
  Durability: VOLATILE
  Lifespan: Infinite
  Deadline: Infinite
  Liveliness: AUTOMATIC
  Liveliness lease duration: Infinite

Subscription count: 0

Type: diagnostic_msgs/msg/DiagnosticArray

Publisher count: 1

Node name: fake_vision
Node namespace: /
Topic type: diagnostic_msgs/msg/DiagnosticArray
Endpoint type: PUBLISHER
GID: 01.0f.df.56.99.01.3d.04.00.00.00.00.00.00.12.03.00.00.00.00.00.00.00.00
QoS profile:
  Reliability: BEST_EFFORT
  History (Depth): UNKNOWN
  Durability: VOLATILE
  Lifespan: Infinite
  Deadline: Infinite
  Liveliness: AUTOMATIC
  Liveliness lease duration: Infinite

Subscription count: 0

### t=1785264731 i=5
Type: geometry_msgs/msg/PoseStamped

Publisher count: 1

Node name: fake_vision
Node namespace: /
Topic type: geometry_msgs/msg/PoseStamped
Endpoint type: PUBLISHER
GID: 01.0f.df.56.99.01.3d.04.00.00.00.00.00.00.11.03.00.00.00.00.00.00.00.00
QoS profile:
  Reliability: BEST_EFFORT
  History (Depth): UNKNOWN
  Durability: VOLATILE
  Lifespan: Infinite
  Deadline: Infinite
  Liveliness: AUTOMATIC
  Liveliness lease duration: Infinite

Subscription count: 0

Type: diagnostic_msgs/msg/DiagnosticArray

Publisher count: 1

Node name: fake_vision
Node namespace: /
Topic type: diagnostic_msgs/msg/DiagnosticArray
Endpoint type: PUBLISHER
GID: 01.0f.df.56.99.01.3d.04.00.00.00.00.00.00.12.03.00.00.00.00.00.00.00.00
QoS profile:
  Reliability: BEST_EFFORT
  History (Depth): UNKNOWN
  Durability: VOLATILE
  Lifespan: Infinite
  Deadline: Infinite
  Liveliness: AUTOMATIC
  Liveliness lease duration: Infinite

Subscription count: 0

### t=1785264738 i=6
Type: geometry_msgs/msg/PoseStamped

Publisher count: 1

Node name: fake_vision
Node namespace: /
Topic type: geometry_msgs/msg/PoseStamped
Endpoint type: PUBLISHER
GID: 01.0f.df.56.99.01.3d.04.00.00.00.00.00.00.11.03.00.00.00.00.00.00.00.00
QoS profile:
  Reliability: BEST_EFFORT
  History (Depth): UNKNOWN
  Durability: VOLATILE
  Lifespan: Infinite
  Deadline: Infinite
  Liveliness: AUTOMATIC
  Liveliness lease duration: Infinite

Subscription count: 0

Type: diagnostic_msgs/msg/DiagnosticArray

Publisher count: 1

Node name: fake_vision
Node namespace: /
Topic type: diagnostic_msgs/msg/DiagnosticArray
Endpoint type: PUBLISHER
GID: 01.0f.df.56.99.01.3d.04.00.00.00.00.00.00.12.03.00.00.00.00.00.00.00.00
QoS profile:
  Reliability: BEST_EFFORT
  History (Depth): UNKNOWN
  Durability: VOLATILE
  Lifespan: Infinite
  Deadline: Infinite
  Liveliness: AUTOMATIC
  Liveliness lease duration: Infinite

Subscription count: 0

### t=1785264746 i=7
Type: geometry_msgs/msg/PoseStamped

Publisher count: 1

Node name: fake_vision
Node namespace: /
Topic type: geometry_msgs/msg/PoseStamped
Endpoint type: PUBLISHER
GID: 01.0f.df.56.99.01.3d.04.00.00.00.00.00.00.11.03.00.00.00.00.00.00.00.00
QoS profile:
  Reliability: BEST_EFFORT
  History (Depth): UNKNOWN
  Durability: VOLATILE
  Lifespan: Infinite
  Deadline: Infinite
  Liveliness: AUTOMATIC
  Liveliness lease duration: Infinite

Subscription count: 1

Node name: offboard_node
Node namespace: /
Topic type: geometry_msgs/msg/PoseStamped
Endpoint type: SUBSCRIPTION
GID: 01.0f.df.56.32.06.f6.e1.00.00.00.00.00.00.11.04.00.00.00.00.00.00.00.00
QoS profile:
  Reliability: BEST_EFFORT
  History (Depth): UNKNOWN
  Durability: VOLATILE
  Lifespan: Infinite
  Deadline: Infinite
  Liveliness: AUTOMATIC
  Liveliness lease duration: Infinite

Type: diagnostic_msgs/msg/DiagnosticArray

Publisher count: 1

Node name: fake_vision
Node namespace: /
Topic type: diagnostic_msgs/msg/DiagnosticArray
Endpoint type: PUBLISHER
GID: 01.0f.df.56.99.01.3d.04.00.00.00.00.00.00.12.03.00.00.00.00.00.00.00.00
QoS profile:
  Reliability: BEST_EFFORT
  History (Depth): UNKNOWN
  Durability: VOLATILE
  Lifespan: Infinite
  Deadline: Infinite
  Liveliness: AUTOMATIC
  Liveliness lease duration: Infinite

Subscription count: 1

Node name: offboard_node
Node namespace: /
Topic type: diagnostic_msgs/msg/DiagnosticArray
Endpoint type: SUBSCRIPTION
GID: 01.0f.df.56.32.06.f6.e1.00.00.00.00.00.00.12.04.00.00.00.00.00.00.00.00
QoS profile:
  Reliability: BEST_EFFORT
  History (Depth): UNKNOWN
  Durability: VOLATILE
  Lifespan: Infinite
  Deadline: Infinite
  Liveliness: AUTOMATIC
  Liveliness lease duration: Infinite

### t=1785264757 i=8
Type: geometry_msgs/msg/PoseStamped

Publisher count: 1

Node name: fake_vision
Node namespace: /
Topic type: geometry_msgs/msg/PoseStamped
Endpoint type: PUBLISHER
GID: 01.0f.df.56.99.01.3d.04.00.00.00.00.00.00.11.03.00.00.00.00.00.00.00.00
QoS profile:
  Reliability: BEST_EFFORT
  History (Depth): UNKNOWN
  Durability: VOLATILE
  Lifespan: Infinite
  Deadline: Infinite
  Liveliness: AUTOMATIC
  Liveliness lease duration: Infinite

Subscription count: 1

Node name: offboard_node
Node namespace: /
Topic type: geometry_msgs/msg/PoseStamped
Endpoint type: SUBSCRIPTION
GID: 01.0f.df.56.32.06.f6.e1.00.00.00.00.00.00.11.04.00.00.00.00.00.00.00.00
QoS profile:
  Reliability: BEST_EFFORT
  History (Depth): UNKNOWN
  Durability: VOLATILE
  Lifespan: Infinite
  Deadline: Infinite
  Liveliness: AUTOMATIC
  Liveliness lease duration: Infinite

Type: diagnostic_msgs/msg/DiagnosticArray

Publisher count: 1

Node name: fake_vision
Node namespace: /
Topic type: diagnostic_msgs/msg/DiagnosticArray
Endpoint type: PUBLISHER
GID: 01.0f.df.56.99.01.3d.04.00.00.00.00.00.00.12.03.00.00.00.00.00.00.00.00
QoS profile:
  Reliability: BEST_EFFORT
  History (Depth): UNKNOWN
  Durability: VOLATILE
  Lifespan: Infinite
  Deadline: Infinite
  Liveliness: AUTOMATIC
  Liveliness lease duration: Infinite

Subscription count: 1

Node name: offboard_node
Node namespace: /
Topic type: diagnostic_msgs/msg/DiagnosticArray
Endpoint type: SUBSCRIPTION
GID: 01.0f.df.56.32.06.f6.e1.00.00.00.00.00.00.12.04.00.00.00.00.00.00.00.00
QoS profile:
  Reliability: BEST_EFFORT
  History (Depth): UNKNOWN
  Durability: VOLATILE
  Lifespan: Infinite
  Deadline: Infinite
  Liveliness: AUTOMATIC
  Liveliness lease duration: Infinite

### t=1785264765 i=9
Type: geometry_msgs/msg/PoseStamped

Publisher count: 1

Node name: fake_vision
Node namespace: /
Topic type: geometry_msgs/msg/PoseStamped
Endpoint type: PUBLISHER
GID: 01.0f.df.56.99.01.3d.04.00.00.00.00.00.00.11.03.00.00.00.00.00.00.00.00
QoS profile:
  Reliability: BEST_EFFORT
  History (Depth): UNKNOWN
  Durability: VOLATILE
  Lifespan: Infinite
  Deadline: Infinite
  Liveliness: AUTOMATIC
  Liveliness lease duration: Infinite

Subscription count: 1

Node name: offboard_node
Node namespace: /
Topic type: geometry_msgs/msg/PoseStamped
Endpoint type: SUBSCRIPTION
GID: 01.0f.df.56.32.06.f6.e1.00.00.00.00.00.00.11.04.00.00.00.00.00.00.00.00
QoS profile:
  Reliability: BEST_EFFORT
  History (Depth): UNKNOWN
  Durability: VOLATILE
  Lifespan: Infinite
  Deadline: Infinite
  Liveliness: AUTOMATIC
  Liveliness lease duration: Infinite

Type: diagnostic_msgs/msg/DiagnosticArray

Publisher count: 1

Node name: fake_vision
Node namespace: /
Topic type: diagnostic_msgs/msg/DiagnosticArray
Endpoint type: PUBLISHER
GID: 01.0f.df.56.99.01.3d.04.00.00.00.00.00.00.12.03.00.00.00.00.00.00.00.00
QoS profile:
  Reliability: BEST_EFFORT
  History (Depth): UNKNOWN
  Durability: VOLATILE
  Lifespan: Infinite
  Deadline: Infinite
  Liveliness: AUTOMATIC
  Liveliness lease duration: Infinite

Subscription count: 1

Node name: offboard_node
Node namespace: /
Topic type: diagnostic_msgs/msg/DiagnosticArray
Endpoint type: SUBSCRIPTION
GID: 01.0f.df.56.32.06.f6.e1.00.00.00.00.00.00.12.04.00.00.00.00.00.00.00.00
QoS profile:
  Reliability: BEST_EFFORT
  History (Depth): UNKNOWN
  Durability: VOLATILE
  Lifespan: Infinite
  Deadline: Infinite
  Liveliness: AUTOMATIC
  Liveliness lease duration: Infinite

### t=1785264771 i=10
Type: geometry_msgs/msg/PoseStamped

Publisher count: 1

Node name: fake_vision
Node namespace: /
Topic type: geometry_msgs/msg/PoseStamped
Endpoint type: PUBLISHER
GID: 01.0f.df.56.99.01.3d.04.00.00.00.00.00.00.11.03.00.00.00.00.00.00.00.00
QoS profile:
  Reliability: BEST_EFFORT
  History (Depth): UNKNOWN
  Durability: VOLATILE
  Lifespan: Infinite
  Deadline: Infinite
  Liveliness: AUTOMATIC
  Liveliness lease duration: Infinite

Subscription count: 1

Node name: offboard_node
Node namespace: /
Topic type: geometry_msgs/msg/PoseStamped
Endpoint type: SUBSCRIPTION
GID: 01.0f.df.56.32.06.f6.e1.00.00.00.00.00.00.11.04.00.00.00.00.00.00.00.00
QoS profile:
  Reliability: BEST_EFFORT
  History (Depth): UNKNOWN
  Durability: VOLATILE
  Lifespan: Infinite
  Deadline: Infinite
  Liveliness: AUTOMATIC
  Liveliness lease duration: Infinite

Type: diagnostic_msgs/msg/DiagnosticArray

Publisher count: 1

Node name: fake_vision
Node namespace: /
Topic type: diagnostic_msgs/msg/DiagnosticArray
Endpoint type: PUBLISHER
GID: 01.0f.df.56.99.01.3d.04.00.00.00.00.00.00.12.03.00.00.00.00.00.00.00.00
QoS profile:
  Reliability: BEST_EFFORT
  History (Depth): UNKNOWN
  Durability: VOLATILE
  Lifespan: Infinite
  Deadline: Infinite
  Liveliness: AUTOMATIC
  Liveliness lease duration: Infinite

Subscription count: 1

Node name: offboard_node
Node namespace: /
Topic type: diagnostic_msgs/msg/DiagnosticArray
Endpoint type: SUBSCRIPTION
GID: 01.0f.df.56.32.06.f6.e1.00.00.00.00.00.00.12.04.00.00.00.00.00.00.00.00
QoS profile:
  Reliability: BEST_EFFORT
  History (Depth): UNKNOWN
  Durability: VOLATILE
  Lifespan: Infinite
  Deadline: Infinite
  Liveliness: AUTOMATIC
  Liveliness lease duration: Infinite

### t=1785264778 i=11
Type: geometry_msgs/msg/PoseStamped

Publisher count: 1

Node name: fake_vision
Node namespace: /
Topic type: geometry_msgs/msg/PoseStamped
Endpoint type: PUBLISHER
GID: 01.0f.df.56.99.01.3d.04.00.00.00.00.00.00.11.03.00.00.00.00.00.00.00.00
QoS profile:
  Reliability: BEST_EFFORT
  History (Depth): UNKNOWN
  Durability: VOLATILE
  Lifespan: Infinite
  Deadline: Infinite
  Liveliness: AUTOMATIC
  Liveliness lease duration: Infinite

Subscription count: 1

Node name: offboard_node
Node namespace: /
Topic type: geometry_msgs/msg/PoseStamped
Endpoint type: SUBSCRIPTION
GID: 01.0f.df.56.32.06.f6.e1.00.00.00.00.00.00.11.04.00.00.00.00.00.00.00.00
QoS profile:
  Reliability: BEST_EFFORT
  History (Depth): UNKNOWN
  Durability: VOLATILE
  Lifespan: Infinite
  Deadline: Infinite
  Liveliness: AUTOMATIC
  Liveliness lease duration: Infinite

Type: diagnostic_msgs/msg/DiagnosticArray

Publisher count: 1

Node name: fake_vision
Node namespace: /
Topic type: diagnostic_msgs/msg/DiagnosticArray
Endpoint type: PUBLISHER
GID: 01.0f.df.56.99.01.3d.04.00.00.00.00.00.00.12.03.00.00.00.00.00.00.00.00
QoS profile:
  Reliability: BEST_EFFORT
  History (Depth): UNKNOWN
  Durability: VOLATILE
  Lifespan: Infinite
  Deadline: Infinite
  Liveliness: AUTOMATIC
  Liveliness lease duration: Infinite

Subscription count: 1

Node name: offboard_node
Node namespace: /
Topic type: diagnostic_msgs/msg/DiagnosticArray
Endpoint type: SUBSCRIPTION
GID: 01.0f.df.56.32.06.f6.e1.00.00.00.00.00.00.12.04.00.00.00.00.00.00.00.00
QoS profile:
  Reliability: BEST_EFFORT
  History (Depth): UNKNOWN
  Durability: VOLATILE
  Lifespan: Infinite
  Deadline: Infinite
  Liveliness: AUTOMATIC
  Liveliness lease duration: Infinite

### t=1785264785 i=12
Type: geometry_msgs/msg/PoseStamped

Publisher count: 1

Node name: fake_vision
Node namespace: /
Topic type: geometry_msgs/msg/PoseStamped
Endpoint type: PUBLISHER
GID: 01.0f.df.56.99.01.3d.04.00.00.00.00.00.00.11.03.00.00.00.00.00.00.00.00
QoS profile:
  Reliability: BEST_EFFORT
  History (Depth): UNKNOWN
  Durability: VOLATILE
  Lifespan: Infinite
  Deadline: Infinite
  Liveliness: AUTOMATIC
  Liveliness lease duration: Infinite

Subscription count: 1

Node name: offboard_node
Node namespace: /
Topic type: geometry_msgs/msg/PoseStamped
Endpoint type: SUBSCRIPTION
GID: 01.0f.df.56.32.06.f6.e1.00.00.00.00.00.00.11.04.00.00.00.00.00.00.00.00
QoS profile:
  Reliability: BEST_EFFORT
  History (Depth): UNKNOWN
  Durability: VOLATILE
  Lifespan: Infinite
  Deadline: Infinite
  Liveliness: AUTOMATIC
  Liveliness lease duration: Infinite

Type: diagnostic_msgs/msg/DiagnosticArray

Publisher count: 1

Node name: fake_vision
Node namespace: /
Topic type: diagnostic_msgs/msg/DiagnosticArray
Endpoint type: PUBLISHER
GID: 01.0f.df.56.99.01.3d.04.00.00.00.00.00.00.12.03.00.00.00.00.00.00.00.00
QoS profile:
  Reliability: BEST_EFFORT
  History (Depth): UNKNOWN
  Durability: VOLATILE
  Lifespan: Infinite
  Deadline: Infinite
  Liveliness: AUTOMATIC
  Liveliness lease duration: Infinite

Subscription count: 1

Node name: offboard_node
Node namespace: /
Topic type: diagnostic_msgs/msg/DiagnosticArray
Endpoint type: SUBSCRIPTION
GID: 01.0f.df.56.32.06.f6.e1.00.00.00.00.00.00.12.04.00.00.00.00.00.00.00.00
QoS profile:
  Reliability: BEST_EFFORT
  History (Depth): UNKNOWN
  Durability: VOLATILE
  Lifespan: Infinite
  Deadline: Infinite
  Liveliness: AUTOMATIC
  Liveliness lease duration: Infinite

### t=1785264793 i=13
Type: geometry_msgs/msg/PoseStamped

Publisher count: 1

Node name: fake_vision
Node namespace: /
Topic type: geometry_msgs/msg/PoseStamped
Endpoint type: PUBLISHER
GID: 01.0f.df.56.99.01.3d.04.00.00.00.00.00.00.11.03.00.00.00.00.00.00.00.00
QoS profile:
  Reliability: BEST_EFFORT
  History (Depth): UNKNOWN
  Durability: VOLATILE
  Lifespan: Infinite
  Deadline: Infinite
  Liveliness: AUTOMATIC
  Liveliness lease duration: Infinite

Subscription count: 1

Node name: offboard_node
Node namespace: /
Topic type: geometry_msgs/msg/PoseStamped
Endpoint type: SUBSCRIPTION
GID: 01.0f.df.56.32.06.f6.e1.00.00.00.00.00.00.11.04.00.00.00.00.00.00.00.00
QoS profile:
  Reliability: BEST_EFFORT
  History (Depth): UNKNOWN
  Durability: VOLATILE
  Lifespan: Infinite
  Deadline: Infinite
  Liveliness: AUTOMATIC
  Liveliness lease duration: Infinite

Type: diagnostic_msgs/msg/DiagnosticArray

Publisher count: 1

Node name: fake_vision
Node namespace: /
Topic type: diagnostic_msgs/msg/DiagnosticArray
Endpoint type: PUBLISHER
GID: 01.0f.df.56.99.01.3d.04.00.00.00.00.00.00.12.03.00.00.00.00.00.00.00.00
QoS profile:
  Reliability: BEST_EFFORT
  History (Depth): UNKNOWN
  Durability: VOLATILE
  Lifespan: Infinite
  Deadline: Infinite
  Liveliness: AUTOMATIC
  Liveliness lease duration: Infinite

Subscription count: 1

Node name: offboard_node
Node namespace: /
Topic type: diagnostic_msgs/msg/DiagnosticArray
Endpoint type: SUBSCRIPTION
GID: 01.0f.df.56.32.06.f6.e1.00.00.00.00.00.00.12.04.00.00.00.00.00.00.00.00
QoS profile:
  Reliability: BEST_EFFORT
  History (Depth): UNKNOWN
  Durability: VOLATILE
  Lifespan: Infinite
  Deadline: Infinite
  Liveliness: AUTOMATIC
  Liveliness lease duration: Infinite

### t=1785264801 i=14
Type: geometry_msgs/msg/PoseStamped

Publisher count: 1

Node name: fake_vision
Node namespace: /
Topic type: geometry_msgs/msg/PoseStamped
Endpoint type: PUBLISHER
GID: 01.0f.df.56.99.01.3d.04.00.00.00.00.00.00.11.03.00.00.00.00.00.00.00.00
QoS profile:
  Reliability: BEST_EFFORT
  History (Depth): UNKNOWN
  Durability: VOLATILE
  Lifespan: Infinite
  Deadline: Infinite
  Liveliness: AUTOMATIC
  Liveliness lease duration: Infinite

Subscription count: 1

Node name: offboard_node
Node namespace: /
Topic type: geometry_msgs/msg/PoseStamped
Endpoint type: SUBSCRIPTION
GID: 01.0f.df.56.32.06.f6.e1.00.00.00.00.00.00.11.04.00.00.00.00.00.00.00.00
QoS profile:
  Reliability: BEST_EFFORT
  History (Depth): UNKNOWN
  Durability: VOLATILE
  Lifespan: Infinite
  Deadline: Infinite
  Liveliness: AUTOMATIC
  Liveliness lease duration: Infinite

Type: diagnostic_msgs/msg/DiagnosticArray

Publisher count: 1

Node name: fake_vision
Node namespace: /
Topic type: diagnostic_msgs/msg/DiagnosticArray
Endpoint type: PUBLISHER
GID: 01.0f.df.56.99.01.3d.04.00.00.00.00.00.00.12.03.00.00.00.00.00.00.00.00
QoS profile:
  Reliability: BEST_EFFORT
  History (Depth): UNKNOWN
  Durability: VOLATILE
  Lifespan: Infinite
  Deadline: Infinite
  Liveliness: AUTOMATIC
  Liveliness lease duration: Infinite

Subscription count: 1

Node name: offboard_node
Node namespace: /
Topic type: diagnostic_msgs/msg/DiagnosticArray
Endpoint type: SUBSCRIPTION
GID: 01.0f.df.56.32.06.f6.e1.00.00.00.00.00.00.12.04.00.00.00.00.00.00.00.00
QoS profile:
  Reliability: BEST_EFFORT
  History (Depth): UNKNOWN
  Durability: VOLATILE
  Lifespan: Infinite
  Deadline: Infinite
  Liveliness: AUTOMATIC
  Liveliness lease duration: Infinite

### t=1785264808 i=15
Type: geometry_msgs/msg/PoseStamped

Publisher count: 1

Node name: fake_vision
Node namespace: /
Topic type: geometry_msgs/msg/PoseStamped
Endpoint type: PUBLISHER
GID: 01.0f.df.56.99.01.3d.04.00.00.00.00.00.00.11.03.00.00.00.00.00.00.00.00
QoS profile:
  Reliability: BEST_EFFORT
  History (Depth): UNKNOWN
  Durability: VOLATILE
  Lifespan: Infinite
  Deadline: Infinite
  Liveliness: AUTOMATIC
  Liveliness lease duration: Infinite

Subscription count: 1

Node name: offboard_node
Node namespace: /
Topic type: geometry_msgs/msg/PoseStamped
Endpoint type: SUBSCRIPTION
GID: 01.0f.df.56.32.06.f6.e1.00.00.00.00.00.00.11.04.00.00.00.00.00.00.00.00
QoS profile:
  Reliability: BEST_EFFORT
  History (Depth): UNKNOWN
  Durability: VOLATILE
  Lifespan: Infinite
  Deadline: Infinite
  Liveliness: AUTOMATIC
  Liveliness lease duration: Infinite

Type: diagnostic_msgs/msg/DiagnosticArray

Publisher count: 1

Node name: fake_vision
Node namespace: /
Topic type: diagnostic_msgs/msg/DiagnosticArray
Endpoint type: PUBLISHER
GID: 01.0f.df.56.99.01.3d.04.00.00.00.00.00.00.12.03.00.00.00.00.00.00.00.00
QoS profile:
  Reliability: BEST_EFFORT
  History (Depth): UNKNOWN
  Durability: VOLATILE
  Lifespan: Infinite
  Deadline: Infinite
  Liveliness: AUTOMATIC
  Liveliness lease duration: Infinite

Subscription count: 1

Node name: offboard_node
Node namespace: /
Topic type: diagnostic_msgs/msg/DiagnosticArray
Endpoint type: SUBSCRIPTION
GID: 01.0f.df.56.32.06.f6.e1.00.00.00.00.00.00.12.04.00.00.00.00.00.00.00.00
QoS profile:
  Reliability: BEST_EFFORT
  History (Depth): UNKNOWN
  Durability: VOLATILE
  Lifespan: Infinite
  Deadline: Infinite
  Liveliness: AUTOMATIC
  Liveliness lease duration: Infinite

### t=1785264816 i=16
Type: geometry_msgs/msg/PoseStamped

Publisher count: 1

Node name: fake_vision
Node namespace: /
Topic type: geometry_msgs/msg/PoseStamped
Endpoint type: PUBLISHER
GID: 01.0f.df.56.99.01.3d.04.00.00.00.00.00.00.11.03.00.00.00.00.00.00.00.00
QoS profile:
  Reliability: BEST_EFFORT
  History (Depth): UNKNOWN
  Durability: VOLATILE
  Lifespan: Infinite
  Deadline: Infinite
  Liveliness: AUTOMATIC
  Liveliness lease duration: Infinite

Subscription count: 1

Node name: offboard_node
Node namespace: /
Topic type: geometry_msgs/msg/PoseStamped
Endpoint type: SUBSCRIPTION
GID: 01.0f.df.56.32.06.f6.e1.00.00.00.00.00.00.11.04.00.00.00.00.00.00.00.00
QoS profile:
  Reliability: BEST_EFFORT
  History (Depth): UNKNOWN
  Durability: VOLATILE
  Lifespan: Infinite
  Deadline: Infinite
  Liveliness: AUTOMATIC
  Liveliness lease duration: Infinite

Type: diagnostic_msgs/msg/DiagnosticArray

Publisher count: 1

Node name: fake_vision
Node namespace: /
Topic type: diagnostic_msgs/msg/DiagnosticArray
Endpoint type: PUBLISHER
GID: 01.0f.df.56.99.01.3d.04.00.00.00.00.00.00.12.03.00.00.00.00.00.00.00.00
QoS profile:
  Reliability: BEST_EFFORT
  History (Depth): UNKNOWN
  Durability: VOLATILE
  Lifespan: Infinite
  Deadline: Infinite
  Liveliness: AUTOMATIC
  Liveliness lease duration: Infinite

Subscription count: 1

Node name: offboard_node
Node namespace: /
Topic type: diagnostic_msgs/msg/DiagnosticArray
Endpoint type: SUBSCRIPTION
GID: 01.0f.df.56.32.06.f6.e1.00.00.00.00.00.00.12.04.00.00.00.00.00.00.00.00
QoS profile:
  Reliability: BEST_EFFORT
  History (Depth): UNKNOWN
  Durability: VOLATILE
  Lifespan: Infinite
  Deadline: Infinite
  Liveliness: AUTOMATIC
  Liveliness lease duration: Infinite

### t=1785264824 i=17
Type: geometry_msgs/msg/PoseStamped

Publisher count: 1

Node name: fake_vision
Node namespace: /
Topic type: geometry_msgs/msg/PoseStamped
Endpoint type: PUBLISHER
GID: 01.0f.df.56.99.01.3d.04.00.00.00.00.00.00.11.03.00.00.00.00.00.00.00.00
QoS profile:
  Reliability: BEST_EFFORT
  History (Depth): UNKNOWN
  Durability: VOLATILE
  Lifespan: Infinite
  Deadline: Infinite
  Liveliness: AUTOMATIC
  Liveliness lease duration: Infinite

Subscription count: 1

Node name: offboard_node
Node namespace: /
Topic type: geometry_msgs/msg/PoseStamped
Endpoint type: SUBSCRIPTION
GID: 01.0f.df.56.32.06.f6.e1.00.00.00.00.00.00.11.04.00.00.00.00.00.00.00.00
QoS profile:
  Reliability: BEST_EFFORT
  History (Depth): UNKNOWN
  Durability: VOLATILE
  Lifespan: Infinite
  Deadline: Infinite
  Liveliness: AUTOMATIC
  Liveliness lease duration: Infinite

Type: diagnostic_msgs/msg/DiagnosticArray

Publisher count: 1

Node name: fake_vision
Node namespace: /
Topic type: diagnostic_msgs/msg/DiagnosticArray
Endpoint type: PUBLISHER
GID: 01.0f.df.56.99.01.3d.04.00.00.00.00.00.00.12.03.00.00.00.00.00.00.00.00
QoS profile:
  Reliability: BEST_EFFORT
  History (Depth): UNKNOWN
  Durability: VOLATILE
  Lifespan: Infinite
  Deadline: Infinite
  Liveliness: AUTOMATIC
  Liveliness lease duration: Infinite

Subscription count: 1

Node name: offboard_node
Node namespace: /
Topic type: diagnostic_msgs/msg/DiagnosticArray
Endpoint type: SUBSCRIPTION
GID: 01.0f.df.56.32.06.f6.e1.00.00.00.00.00.00.12.04.00.00.00.00.00.00.00.00
QoS profile:
  Reliability: BEST_EFFORT
  History (Depth): UNKNOWN
  Durability: VOLATILE
  Lifespan: Infinite
  Deadline: Infinite
  Liveliness: AUTOMATIC
  Liveliness lease duration: Infinite

### t=1785264832 i=18
Type: geometry_msgs/msg/PoseStamped

Publisher count: 1

Node name: fake_vision
Node namespace: /
Topic type: geometry_msgs/msg/PoseStamped
Endpoint type: PUBLISHER
GID: 01.0f.df.56.99.01.3d.04.00.00.00.00.00.00.11.03.00.00.00.00.00.00.00.00
QoS profile:
  Reliability: BEST_EFFORT
  History (Depth): UNKNOWN
  Durability: VOLATILE
  Lifespan: Infinite
  Deadline: Infinite
  Liveliness: AUTOMATIC
  Liveliness lease duration: Infinite

Subscription count: 1

Node name: offboard_node
Node namespace: /
Topic type: geometry_msgs/msg/PoseStamped
Endpoint type: SUBSCRIPTION
GID: 01.0f.df.56.32.06.f6.e1.00.00.00.00.00.00.11.04.00.00.00.00.00.00.00.00
QoS profile:
  Reliability: BEST_EFFORT
  History (Depth): UNKNOWN
  Durability: VOLATILE
  Lifespan: Infinite
  Deadline: Infinite
  Liveliness: AUTOMATIC
  Liveliness lease duration: Infinite

Type: diagnostic_msgs/msg/DiagnosticArray

Publisher count: 1

Node name: fake_vision
Node namespace: /
Topic type: diagnostic_msgs/msg/DiagnosticArray
Endpoint type: PUBLISHER
GID: 01.0f.df.56.99.01.3d.04.00.00.00.00.00.00.12.03.00.00.00.00.00.00.00.00
QoS profile:
  Reliability: BEST_EFFORT
  History (Depth): UNKNOWN
  Durability: VOLATILE
  Lifespan: Infinite
  Deadline: Infinite
  Liveliness: AUTOMATIC
  Liveliness lease duration: Infinite

Subscription count: 1

Node name: offboard_node
Node namespace: /
Topic type: diagnostic_msgs/msg/DiagnosticArray
Endpoint type: SUBSCRIPTION
GID: 01.0f.df.56.32.06.f6.e1.00.00.00.00.00.00.12.04.00.00.00.00.00.00.00.00
QoS profile:
  Reliability: BEST_EFFORT
  History (Depth): UNKNOWN
  Durability: VOLATILE
  Lifespan: Infinite
  Deadline: Infinite
  Liveliness: AUTOMATIC
  Liveliness lease duration: Infinite

### t=1785264839 i=19
Type: geometry_msgs/msg/PoseStamped

Publisher count: 1

Node name: fake_vision
Node namespace: /
Topic type: geometry_msgs/msg/PoseStamped
Endpoint type: PUBLISHER
GID: 01.0f.df.56.99.01.3d.04.00.00.00.00.00.00.11.03.00.00.00.00.00.00.00.00
QoS profile:
  Reliability: BEST_EFFORT
  History (Depth): UNKNOWN
  Durability: VOLATILE
  Lifespan: Infinite
  Deadline: Infinite
  Liveliness: AUTOMATIC
  Liveliness lease duration: Infinite

Subscription count: 1

Node name: offboard_node
Node namespace: /
Topic type: geometry_msgs/msg/PoseStamped
Endpoint type: SUBSCRIPTION
GID: 01.0f.df.56.32.06.f6.e1.00.00.00.00.00.00.11.04.00.00.00.00.00.00.00.00
QoS profile:
  Reliability: BEST_EFFORT
  History (Depth): UNKNOWN
  Durability: VOLATILE
  Lifespan: Infinite
  Deadline: Infinite
  Liveliness: AUTOMATIC
  Liveliness lease duration: Infinite

Type: diagnostic_msgs/msg/DiagnosticArray

Publisher count: 1

Node name: fake_vision
Node namespace: /
Topic type: diagnostic_msgs/msg/DiagnosticArray
Endpoint type: PUBLISHER
GID: 01.0f.df.56.99.01.3d.04.00.00.00.00.00.00.12.03.00.00.00.00.00.00.00.00
QoS profile:
  Reliability: BEST_EFFORT
  History (Depth): UNKNOWN
  Durability: VOLATILE
  Lifespan: Infinite
  Deadline: Infinite
  Liveliness: AUTOMATIC
  Liveliness lease duration: Infinite

Subscription count: 1

Node name: offboard_node
Node namespace: /
Topic type: diagnostic_msgs/msg/DiagnosticArray
Endpoint type: SUBSCRIPTION
GID: 01.0f.df.56.32.06.f6.e1.00.00.00.00.00.00.12.04.00.00.00.00.00.00.00.00
QoS profile:
  Reliability: BEST_EFFORT
  History (Depth): UNKNOWN
  Durability: VOLATILE
  Lifespan: Infinite
  Deadline: Infinite
  Liveliness: AUTOMATIC
  Liveliness lease duration: Infinite

### t=1785264846 i=20
Type: geometry_msgs/msg/PoseStamped

Publisher count: 1

Node name: fake_vision
Node namespace: /
Topic type: geometry_msgs/msg/PoseStamped
Endpoint type: PUBLISHER
GID: 01.0f.df.56.99.01.3d.04.00.00.00.00.00.00.11.03.00.00.00.00.00.00.00.00
QoS profile:
  Reliability: BEST_EFFORT
  History (Depth): UNKNOWN
  Durability: VOLATILE
  Lifespan: Infinite
  Deadline: Infinite
  Liveliness: AUTOMATIC
  Liveliness lease duration: Infinite

Subscription count: 1

Node name: offboard_node
Node namespace: /
Topic type: geometry_msgs/msg/PoseStamped
Endpoint type: SUBSCRIPTION
GID: 01.0f.df.56.32.06.f6.e1.00.00.00.00.00.00.11.04.00.00.00.00.00.00.00.00
QoS profile:
  Reliability: BEST_EFFORT
  History (Depth): UNKNOWN
  Durability: VOLATILE
  Lifespan: Infinite
  Deadline: Infinite
  Liveliness: AUTOMATIC
  Liveliness lease duration: Infinite

Type: diagnostic_msgs/msg/DiagnosticArray

Publisher count: 1

Node name: fake_vision
Node namespace: /
Topic type: diagnostic_msgs/msg/DiagnosticArray
Endpoint type: PUBLISHER
GID: 01.0f.df.56.99.01.3d.04.00.00.00.00.00.00.12.03.00.00.00.00.00.00.00.00
QoS profile:
  Reliability: BEST_EFFORT
  History (Depth): UNKNOWN
  Durability: VOLATILE
  Lifespan: Infinite
  Deadline: Infinite
  Liveliness: AUTOMATIC
  Liveliness lease duration: Infinite

Subscription count: 1

Node name: offboard_node
Node namespace: /
Topic type: diagnostic_msgs/msg/DiagnosticArray
Endpoint type: SUBSCRIPTION
GID: 01.0f.df.56.32.06.f6.e1.00.00.00.00.00.00.12.04.00.00.00.00.00.00.00.00
QoS profile:
  Reliability: BEST_EFFORT
  History (Depth): UNKNOWN
  Durability: VOLATILE
  Lifespan: Infinite
  Deadline: Infinite
  Liveliness: AUTOMATIC
  Liveliness lease duration: Infinite

### t=1785264854 i=21
Type: geometry_msgs/msg/PoseStamped

Publisher count: 1

Node name: fake_vision
Node namespace: /
Topic type: geometry_msgs/msg/PoseStamped
Endpoint type: PUBLISHER
GID: 01.0f.df.56.99.01.3d.04.00.00.00.00.00.00.11.03.00.00.00.00.00.00.00.00
QoS profile:
  Reliability: BEST_EFFORT
  History (Depth): UNKNOWN
  Durability: VOLATILE
  Lifespan: Infinite
  Deadline: Infinite
  Liveliness: AUTOMATIC
  Liveliness lease duration: Infinite

Subscription count: 1

Node name: offboard_node
Node namespace: /
Topic type: geometry_msgs/msg/PoseStamped
Endpoint type: SUBSCRIPTION
GID: 01.0f.df.56.32.06.f6.e1.00.00.00.00.00.00.11.04.00.00.00.00.00.00.00.00
QoS profile:
  Reliability: BEST_EFFORT
  History (Depth): UNKNOWN
  Durability: VOLATILE
  Lifespan: Infinite
  Deadline: Infinite
  Liveliness: AUTOMATIC
  Liveliness lease duration: Infinite

Type: diagnostic_msgs/msg/DiagnosticArray

Publisher count: 1

Node name: fake_vision
Node namespace: /
Topic type: diagnostic_msgs/msg/DiagnosticArray
Endpoint type: PUBLISHER
GID: 01.0f.df.56.99.01.3d.04.00.00.00.00.00.00.12.03.00.00.00.00.00.00.00.00
QoS profile:
  Reliability: BEST_EFFORT
  History (Depth): UNKNOWN
  Durability: VOLATILE
  Lifespan: Infinite
  Deadline: Infinite
  Liveliness: AUTOMATIC
  Liveliness lease duration: Infinite

Subscription count: 1

Node name: offboard_node
Node namespace: /
Topic type: diagnostic_msgs/msg/DiagnosticArray
Endpoint type: SUBSCRIPTION
GID: 01.0f.df.56.32.06.f6.e1.00.00.00.00.00.00.12.04.00.00.00.00.00.00.00.00
QoS profile:
  Reliability: BEST_EFFORT
  History (Depth): UNKNOWN
  Durability: VOLATILE
  Lifespan: Infinite
  Deadline: Infinite
  Liveliness: AUTOMATIC
  Liveliness lease duration: Infinite

### t=1785264863 i=22
Type: geometry_msgs/msg/PoseStamped

Publisher count: 1

Node name: fake_vision
Node namespace: /
Topic type: geometry_msgs/msg/PoseStamped
Endpoint type: PUBLISHER
GID: 01.0f.df.56.99.01.3d.04.00.00.00.00.00.00.11.03.00.00.00.00.00.00.00.00
QoS profile:
  Reliability: BEST_EFFORT
  History (Depth): UNKNOWN
  Durability: VOLATILE
  Lifespan: Infinite
  Deadline: Infinite
  Liveliness: AUTOMATIC
  Liveliness lease duration: Infinite

Subscription count: 1

Node name: offboard_node
Node namespace: /
Topic type: geometry_msgs/msg/PoseStamped
Endpoint type: SUBSCRIPTION
GID: 01.0f.df.56.32.06.f6.e1.00.00.00.00.00.00.11.04.00.00.00.00.00.00.00.00
QoS profile:
  Reliability: BEST_EFFORT
  History (Depth): UNKNOWN
  Durability: VOLATILE
  Lifespan: Infinite
  Deadline: Infinite
  Liveliness: AUTOMATIC
  Liveliness lease duration: Infinite

Type: diagnostic_msgs/msg/DiagnosticArray

Publisher count: 1

Node name: fake_vision
Node namespace: /
Topic type: diagnostic_msgs/msg/DiagnosticArray
Endpoint type: PUBLISHER
GID: 01.0f.df.56.99.01.3d.04.00.00.00.00.00.00.12.03.00.00.00.00.00.00.00.00
QoS profile:
  Reliability: BEST_EFFORT
  History (Depth): UNKNOWN
  Durability: VOLATILE
  Lifespan: Infinite
  Deadline: Infinite
  Liveliness: AUTOMATIC
  Liveliness lease duration: Infinite

Subscription count: 1

Node name: offboard_node
Node namespace: /
Topic type: diagnostic_msgs/msg/DiagnosticArray
Endpoint type: SUBSCRIPTION
GID: 01.0f.df.56.32.06.f6.e1.00.00.00.00.00.00.12.04.00.00.00.00.00.00.00.00
QoS profile:
  Reliability: BEST_EFFORT
  History (Depth): UNKNOWN
  Durability: VOLATILE
  Lifespan: Infinite
  Deadline: Infinite
  Liveliness: AUTOMATIC
  Liveliness lease duration: Infinite

### t=1785264871 i=23
Type: geometry_msgs/msg/PoseStamped

Publisher count: 1

Node name: fake_vision
Node namespace: /
Topic type: geometry_msgs/msg/PoseStamped
Endpoint type: PUBLISHER
GID: 01.0f.df.56.99.01.3d.04.00.00.00.00.00.00.11.03.00.00.00.00.00.00.00.00
QoS profile:
  Reliability: BEST_EFFORT
  History (Depth): UNKNOWN
  Durability: VOLATILE
  Lifespan: Infinite
  Deadline: Infinite
  Liveliness: AUTOMATIC
  Liveliness lease duration: Infinite

Subscription count: 1

Node name: offboard_node
Node namespace: /
Topic type: geometry_msgs/msg/PoseStamped
Endpoint type: SUBSCRIPTION
GID: 01.0f.df.56.32.06.f6.e1.00.00.00.00.00.00.11.04.00.00.00.00.00.00.00.00
QoS profile:
  Reliability: BEST_EFFORT
  History (Depth): UNKNOWN
  Durability: VOLATILE
  Lifespan: Infinite
  Deadline: Infinite
  Liveliness: AUTOMATIC
  Liveliness lease duration: Infinite

Type: diagnostic_msgs/msg/DiagnosticArray

Publisher count: 1

Node name: fake_vision
Node namespace: /
Topic type: diagnostic_msgs/msg/DiagnosticArray
Endpoint type: PUBLISHER
GID: 01.0f.df.56.99.01.3d.04.00.00.00.00.00.00.12.03.00.00.00.00.00.00.00.00
QoS profile:
  Reliability: BEST_EFFORT
  History (Depth): UNKNOWN
  Durability: VOLATILE
  Lifespan: Infinite
  Deadline: Infinite
  Liveliness: AUTOMATIC
  Liveliness lease duration: Infinite

Subscription count: 1

Node name: offboard_node
Node namespace: /
Topic type: diagnostic_msgs/msg/DiagnosticArray
Endpoint type: SUBSCRIPTION
GID: 01.0f.df.56.32.06.f6.e1.00.00.00.00.00.00.12.04.00.00.00.00.00.00.00.00
QoS profile:
  Reliability: BEST_EFFORT
  History (Depth): UNKNOWN
  Durability: VOLATILE
  Lifespan: Infinite
  Deadline: Infinite
  Liveliness: AUTOMATIC
  Liveliness lease duration: Infinite

### t=1785264878 i=24
Type: geometry_msgs/msg/PoseStamped

Publisher count: 1

Node name: fake_vision
Node namespace: /
Topic type: geometry_msgs/msg/PoseStamped
Endpoint type: PUBLISHER
GID: 01.0f.df.56.99.01.3d.04.00.00.00.00.00.00.11.03.00.00.00.00.00.00.00.00
QoS profile:
  Reliability: BEST_EFFORT
  History (Depth): UNKNOWN
  Durability: VOLATILE
  Lifespan: Infinite
  Deadline: Infinite
  Liveliness: AUTOMATIC
  Liveliness lease duration: Infinite

Subscription count: 1

Node name: offboard_node
Node namespace: /
Topic type: geometry_msgs/msg/PoseStamped
Endpoint type: SUBSCRIPTION
GID: 01.0f.df.56.32.06.f6.e1.00.00.00.00.00.00.11.04.00.00.00.00.00.00.00.00
QoS profile:
  Reliability: BEST_EFFORT
  History (Depth): UNKNOWN
  Durability: VOLATILE
  Lifespan: Infinite
  Deadline: Infinite
  Liveliness: AUTOMATIC
  Liveliness lease duration: Infinite

Type: diagnostic_msgs/msg/DiagnosticArray

Publisher count: 1

Node name: fake_vision
Node namespace: /
Topic type: diagnostic_msgs/msg/DiagnosticArray
Endpoint type: PUBLISHER
GID: 01.0f.df.56.99.01.3d.04.00.00.00.00.00.00.12.03.00.00.00.00.00.00.00.00
QoS profile:
  Reliability: BEST_EFFORT
  History (Depth): UNKNOWN
  Durability: VOLATILE
  Lifespan: Infinite
  Deadline: Infinite
  Liveliness: AUTOMATIC
  Liveliness lease duration: Infinite

Subscription count: 0

