[INFO] [launch]: All log files can be found below /root/.ros/log/2026-07-29-13-05-37-774536-DESKTOP-Kilogram-26268
[INFO] [launch]: Default logging verbosity is set to INFO
[INFO] [telemetry_node-1]: process started with pid [26288]
[INFO] [offboard_node-2]: process started with pid [26290]
[offboard_node-2] [INFO] [1785297938.477702707] [offboard_node]: 경로 계획 시작 — planner=eta3 WP 3개 v_cruise=18.0 → 예상 약 90s 블로킹. 이 동안 노드는 응답하지 않는다 — 죽은 것이 아니니 재기동 금지 (재기동하면 중복 인스턴스가 된다).
[offboard_node-2] [Eta3ClothoidPlannerV3] WARNING: NR pos residual 9.593m is large. affine correction guarantees WP passage but curve may be deformed.
[offboard_node-2] [INFO] [1785297939.062178815] [offboard_node]: 경로 계획 완료 — 소요 0.6s (예상 90s), 경로점 477개, 전장 462.2m
[offboard_node-2] [INFO] [1785297939.184761156] [offboard_node]: ARM 요청
[offboard_node-2] [INFO] [1785297940.284816184] [offboard_node]: 경로 원점 = 이륙지점 [N=-0.03, E=-0.02, h_up=-0.08] 적용 (frame=takeoff) → WP0=[-0.03,-0.02] 순항고도 h_up=49.92
[offboard_node-2] [INFO] [1785297940.285379041] [offboard_node]: 거리 상한 감시 활성 800m (이륙지점 기준 수평, 경로 최원점 250m)
[offboard_node-2] [INFO] [1785297940.285934947] [offboard_node]: CommandTOL 이륙 요청 alt=50.0m AMSL (지면 0.0+50.0) -> CLIMBING
[telemetry_node-1] [INFO] [1785297940.400302258] [telemetry_node]: pos_ned=[-0.03069643 -0.01649864 -0.07701722]  yaw=1.607  armed=True  vtol=3  batt=16.20V/100%
[telemetry_node-1] [INFO] [1785297942.371691902] [telemetry_node]: pos_ned=[-0.02574195 -0.03277462 -0.10193165]  yaw=1.606  armed=True  vtol=3  batt=16.15V/98%
[telemetry_node-1] [INFO] [1785297944.371322329] [telemetry_node]: pos_ned=[-0.09767719  0.00969239  0.57498217]  yaw=1.610  armed=True  vtol=3  batt=16.09V/95%
[telemetry_node-1] [INFO] [1785297946.371802264] [telemetry_node]: pos_ned=[-0.08680131 -0.00587362  3.19429183]  yaw=1.611  armed=True  vtol=3  batt=16.03V/92%
[telemetry_node-1] [INFO] [1785297948.371660774] [telemetry_node]: pos_ned=[-5.72441742e-02 -4.81313514e-03  6.07052612e+00]  yaw=1.605  armed=True  vtol=3  batt=15.97V/89%
[telemetry_node-1] [INFO] [1785297950.372016780] [telemetry_node]: pos_ned=[-5.07110916e-02  3.10078566e-03  9.00777912e+00]  yaw=1.604  armed=True  vtol=3  batt=15.91V/85%
[telemetry_node-1] [INFO] [1785297952.371136734] [telemetry_node]: pos_ned=[-5.80171198e-02  1.55425328e-03  1.33467112e+01]  yaw=1.604  armed=True  vtol=3  batt=15.85V/82%
[telemetry_node-1] [INFO] [1785297954.371382652] [telemetry_node]: pos_ned=[-5.98814152e-02 -7.94547051e-03  1.91250286e+01]  yaw=1.604  armed=True  vtol=3  batt=15.79V/79%
[telemetry_node-1] [INFO] [1785297956.371409896] [telemetry_node]: pos_ned=[-3.23791429e-02 -1.84214413e-02  2.50851498e+01]  yaw=1.603  armed=True  vtol=3  batt=15.73V/75%
[telemetry_node-1] [INFO] [1785297958.371486065] [telemetry_node]: pos_ned=[-3.38484049e-02  1.44196711e-02  3.10609512e+01]  yaw=1.603  armed=True  vtol=3  batt=15.67V/72%
[telemetry_node-1] [INFO] [1785297961.382500753] [telemetry_node]: pos_ned=[-5.74478321e-02  9.97075578e-04  3.54848404e+01]  yaw=1.605  armed=True  vtol=3  batt=15.61V/69%
[telemetry_node-1] [INFO] [1785297962.371106605] [telemetry_node]: pos_ned=[-5.45404255e-02  1.38096241e-02  3.84573212e+01]  yaw=1.607  armed=True  vtol=3  batt=15.61V/69%
[telemetry_node-1] [INFO] [1785297964.371127676] [telemetry_node]: pos_ned=[-6.13918714e-02  1.22962538e-02  4.43473778e+01]  yaw=1.611  armed=True  vtol=3  batt=15.55V/65%
[telemetry_node-1] [INFO] [1785297966.371348034] [telemetry_node]: pos_ned=[-3.98348458e-02  2.29730792e-02  4.77457733e+01]  yaw=1.614  armed=True  vtol=3  batt=15.49V/62%
[telemetry_node-1] [INFO] [1785297968.371271261] [telemetry_node]: pos_ned=[-4.37092334e-02  1.49061214e-02  4.91316528e+01]  yaw=1.617  armed=True  vtol=3  batt=15.43V/59%
[offboard_node-2] [INFO] [1785297969.283991819] [offboard_node]: 운용 고도 50.0m 도달 → transition_fw
[telemetry_node-1] [INFO] [1785297970.371110183] [telemetry_node]: pos_ned=[-7.11417049e-02 -1.95280127e-02  4.96502075e+01]  yaw=1.620  armed=True  vtol=3  batt=15.37V/55%
[offboard_node-2] [INFO] [1785297971.285056754] [offboard_node]: 천이 전 MC OFFBOARD 요청 (헤딩 정렬 대기)
[offboard_node-2] [WARN] [1785297971.385271428] [offboard_node]: 정렬 구간 OFFBOARD 이탈 → 재요청 (mode=AUTO.LOITER)
[telemetry_node-1] [INFO] [1785297972.371123179] [telemetry_node]: pos_ned=[-1.14107065e-01  2.11841837e-02  4.97510300e+01]  yaw=1.562  armed=True  vtol=3  batt=15.31V/52%
[telemetry_node-1] [INFO] [1785297974.371309875] [telemetry_node]: pos_ned=[-0.24315594  0.0593898  49.66623306]  yaw=0.745  armed=True  vtol=3  batt=15.30V/50%
[telemetry_node-1] [INFO] [1785297976.371404579] [telemetry_node]: pos_ned=[-3.28202903e-01  3.57779637e-02  4.95336113e+01]  yaw=0.381  armed=True  vtol=3  batt=15.30V/50%
[telemetry_node-1] [INFO] [1785297978.371085849] [telemetry_node]: pos_ned=[-3.62280428e-01  2.90471446e-02  4.93802490e+01]  yaw=0.225  armed=True  vtol=3  batt=15.30V/50%
[offboard_node-2] [INFO] [1785297979.584635128] [offboard_node]: 헤딩 정렬 완료 target=-0.0° current=12.3° err=-12.3° (20틱 안정) → 전진 + 천이 명령
[offboard_node-2] [INFO] [1785297979.585325718] [offboard_node]: FW 고도 램프 시작 49.3 → 49.9m (계단 +0.7m, 3.0m/s, 0.2s 소요)
[offboard_node-2] [INFO] [1785297979.586608189] [offboard_node]: MC→FW 천이 명령 요청 (위치 setpoint 직선 천이)
[telemetry_node-1] [INFO] [1785297980.371280887] [telemetry_node]: pos_ned=[-3.08305651e-01  4.74981889e-02  4.93546143e+01]  yaw=0.213  armed=True  vtol=1  batt=15.30V/50%
[telemetry_node-1] [INFO] [1785297982.371756877] [telemetry_node]: pos_ned=[10.96764278  2.0302372  49.28381348]  yaw=0.190  armed=True  vtol=4  batt=15.30V/50%
[offboard_node-2] [INFO] [1785297982.384315688] [offboard_node]: FW 전환 완료 -> STREAMING
[offboard_node-2] [INFO] [1785297982.486587430] [offboard_node]: OFFBOARD 확인 → FOLLOWING
[offboard_node-2] [INFO] [1785297982.593395228] [offboard_node]: FOLLOWING 시작 pos=[14.8,2.8] tgt=[84.8,-0.0] cte=2.8m mode=OFFBOARD seg=15/476
[telemetry_node-1] [INFO] [1785297984.371614345] [telemetry_node]: pos_ned=[42.3680954  13.23465824 50.76268005]  yaw=0.294  armed=True  vtol=4  batt=15.30V/50%
[offboard_node-2] [INFO] [1785297984.488720199] [offboard_node]: FOLLOWING tick=20 mode=OFFBOARD cte=13.5m pos=[44.3,13.5] tgt=[114.3,-0.0] seg=45/476
[telemetry_node-1] [INFO] [1785297986.371455142] [telemetry_node]: pos_ned=[72.76051331 11.17624187 48.51130676]  yaw=0.036  armed=True  vtol=4  batt=15.30V/50%
[offboard_node-2] [INFO] [1785297986.487053020] [offboard_node]: FOLLOWING tick=40 mode=OFFBOARD cte=11.1m pos=[74.9,11.1] tgt=[144.9,-0.0] seg=76/476
[telemetry_node-1] [INFO] [1785297988.371130190] [telemetry_node]: pos_ned=[103.25049591   8.91176033  48.98685074]  yaw=-0.230  armed=True  vtol=4  batt=15.30V/50%
[offboard_node-2] [INFO] [1785297988.486910090] [offboard_node]: FOLLOWING tick=60 mode=OFFBOARD cte=8.7m pos=[104.8,8.7] tgt=[174.8,-0.0] seg=107/476
[telemetry_node-1] [INFO] [1785297990.371542380] [telemetry_node]: pos_ned=[132.88241577   6.01593828  48.30966949]  yaw=-0.237  armed=True  vtol=4  batt=15.30V/50%
[offboard_node-2] [INFO] [1785297990.488960161] [offboard_node]: FOLLOWING tick=80 mode=OFFBOARD cte=5.9m pos=[134.4,5.9] tgt=[204.4,0.0] seg=137/476
[telemetry_node-1] [INFO] [1785297992.371335704] [telemetry_node]: pos_ned=[161.90202332   3.70676351  49.00315475]  yaw=-0.057  armed=True  vtol=4  batt=15.30V/50%
[offboard_node-2] [INFO] [1785297992.488537873] [offboard_node]: FOLLOWING tick=100 mode=OFFBOARD cte=3.7m pos=[163.4,3.6] tgt=[233.3,-0.1] seg=167/476
[telemetry_node-1] [INFO] [1785297995.127999001] [telemetry_node]: pos_ned=[179.20204163   2.7431736   49.05785751]  yaw=0.047  armed=True  vtol=4  batt=15.30V/50%
[offboard_node-2] [INFO] [1785297995.887206346] [offboard_node]: FOLLOWING tick=120 mode=OFFBOARD cte=2.2m pos=[190.0,2.3] tgt=[211.9,38.1] seg=194/476
[telemetry_node-1] [INFO] [1785297996.371617483] [telemetry_node]: pos_ned=[196.98547363   2.76608944  49.04491425]  yaw=0.164  armed=True  vtol=4  batt=15.30V/50%
[offboard_node-2] [WARN] [1785297997.888392130] [offboard_node]: 세그먼트 인덱스 급변 217→291 (Δ+74, 전체 476) pos=[213.6,16.6] — 경로상 전진이 아니라 다른 레그 선택일 수 있다
[offboard_node-2] [INFO] [1785297997.888866181] [offboard_node]: FOLLOWING tick=140 mode=OFFBOARD cte=14.0m pos=[213.6,16.6] tgt=[174.0,76.0] seg=291/476
[telemetry_node-1] [INFO] [1785297998.371415293] [telemetry_node]: pos_ned=[216.42849731  24.44971085  44.82310104]  yaw=1.015  armed=True  vtol=4  batt=15.30V/50%
[offboard_node-2] [INFO] [1785297999.887239138] [offboard_node]: FOLLOWING tick=160 mode=OFFBOARD cte=-6.8m pos=[209.9,49.7] tgt=[155.6,94.3] seg=318/476
[telemetry_node-1] [INFO] [1785298000.371245651] [telemetry_node]: pos_ned=[203.05207825  55.25294876  43.22658157]  yaw=2.435  armed=True  vtol=4  batt=15.30V/50%
[offboard_node-2] [INFO] [1785298001.887901015] [offboard_node]: FOLLOWING tick=180 mode=OFFBOARD cte=-3.4m pos=[186.8,68.0] tgt=[134.9,115.1] seg=349/476
[telemetry_node-1] [INFO] [1785298002.371576635] [telemetry_node]: pos_ned=[181.70339966  72.31131744  49.86795044]  yaw=3.065  armed=True  vtol=4  batt=15.30V/50%
[offboard_node-2] [INFO] [1785298003.886267785] [offboard_node]: FOLLOWING tick=200 mode=OFFBOARD cte=0.6m pos=[163.3,85.8] tgt=[114.2,135.7] seg=380/476
[telemetry_node-1] [INFO] [1785298004.371322858] [telemetry_node]: pos_ned=[157.10606384  91.3146286   47.12558365]  yaw=2.791  armed=True  vtol=4  batt=15.30V/50%
[offboard_node-2] [INFO] [1785298005.886069123] [offboard_node]: FOLLOWING tick=220 mode=OFFBOARD cte=0.9m pos=[141.8,106.9] tgt=[100.0,150.0] seg=412/476
[telemetry_node-1] [INFO] [1785298006.371815000] [telemetry_node]: pos_ned=[137.07269287 111.48490906  50.99159241]  yaw=2.206  armed=True  vtol=4  batt=15.30V/50%
[offboard_node-2] [INFO] [1785298007.886984162] [offboard_node]: FOLLOWING tick=240 mode=OFFBOARD cte=0.8m pos=[122.7,126.0] tgt=[100.0,150.0] seg=441/476
[telemetry_node-1] [INFO] [1785298008.372418499] [telemetry_node]: pos_ned=[117.7948761  131.44857788  49.40005875]  yaw=2.021  armed=True  vtol=4  batt=15.30V/50%
[offboard_node-2] [INFO] [1785298009.588518979] [offboard_node]: 경로 추종 완료 -> transition_mc
[offboard_node-2] [INFO] [1785298009.686615207] [offboard_node]: FW->MC 역천이 명령 요청
[telemetry_node-1] [INFO] [1785298010.372072916] [telemetry_node]: pos_ned=[ 99.54307556 150.50137329  50.30286026]  yaw=2.288  armed=True  vtol=2  batt=15.30V/50%
[telemetry_node-1] [INFO] [1785298012.371587765] [telemetry_node]: pos_ned=[ 83.18436432 166.61663818  50.61814117]  yaw=2.380  armed=True  vtol=2  batt=15.30V/50%
[telemetry_node-1] [INFO] [1785298014.371418778] [telemetry_node]: pos_ned=[ 71.9993515  177.45193481  51.43639755]  yaw=2.230  armed=True  vtol=2  batt=15.30V/50%
[offboard_node-2] [INFO] [1785298015.084297835] [offboard_node]: MC 전환 완료 -> HOLD (WP1 복귀)
[telemetry_node-1] [INFO] [1785298016.371622955] [telemetry_node]: pos_ned=[ 66.5759201  182.60115051  51.28543091]  yaw=2.166  armed=True  vtol=3  batt=15.30V/50%
[offboard_node-2] [INFO] [1785298017.084724904] [offboard_node]: WP1 홀드 dist=42.2m speed=8.0m/s stable=0/10
[telemetry_node-1] [INFO] [1785298018.371500351] [telemetry_node]: pos_ned=[ 75.17028046 174.08598328  50.93593979]  yaw=2.200  armed=True  vtol=3  batt=15.30V/50%
[offboard_node-2] [INFO] [1785298019.084309701] [offboard_node]: WP1 홀드 dist=31.5m speed=4.8m/s stable=0/10
[telemetry_node-1] [INFO] [1785298020.371700741] [telemetry_node]: pos_ned=[ 82.83670807 167.01643372  50.46934509]  yaw=2.189  armed=True  vtol=3  batt=15.30V/50%
[offboard_node-2] [INFO] [1785298021.084161457] [offboard_node]: WP1 홀드 dist=20.6m speed=4.6m/s stable=0/10
[telemetry_node-1] [INFO] [1785298022.371078411] [telemetry_node]: pos_ned=[ 89.92093658 160.18292236  50.15143204]  yaw=2.186  armed=True  vtol=3  batt=15.30V/50%
[offboard_node-2] [INFO] [1785298023.084754373] [offboard_node]: WP1 홀드 dist=10.6m speed=5.1m/s stable=0/10
[telemetry_node-1] [INFO] [1785298024.371534110] [telemetry_node]: pos_ned=[ 97.1342926  152.98400879  49.83961105]  yaw=2.189  armed=True  vtol=3  batt=15.30V/50%
[offboard_node-2] [INFO] [1785298025.084618516] [offboard_node]: WP1 홀드 dist=1.7m speed=2.4m/s stable=0/10
[offboard_node-2] [INFO] [1785298026.284898304] [offboard_node]: WP1 도달·안정 (dist=0.6m speed=0.0m/s) → LANDING
[telemetry_node-1] [INFO] [1785298026.371907843] [telemetry_node]: pos_ned=[ 99.64705658 150.47434998  49.80791092]  yaw=2.181  armed=True  vtol=3  batt=15.30V/50%
[offboard_node-2] [INFO] [1785298026.385791108] [offboard_node]: AUTO.LAND 요청
[telemetry_node-1] [INFO] [1785298028.890060270] [telemetry_node]: pos_ned=[ 99.51571655 150.70222473  49.09009552]  yaw=2.192  armed=True  vtol=3  batt=15.30V/50%
[telemetry_node-1] [INFO] [1785298030.371603070] [telemetry_node]: pos_ned=[ 99.64168549 150.5509491   46.94477081]  yaw=2.193  armed=True  vtol=3  batt=15.30V/50%
[telemetry_node-1] [INFO] [1785298032.371294249] [telemetry_node]: pos_ned=[ 99.6269989  150.50215149  44.05850983]  yaw=2.195  armed=True  vtol=3  batt=15.30V/50%
[telemetry_node-1] [INFO] [1785298034.371316374] [telemetry_node]: pos_ned=[ 99.51541901 150.64724731  41.03933716]  yaw=2.196  armed=True  vtol=3  batt=15.30V/50%
[telemetry_node-1] [INFO] [1785298036.371158233] [telemetry_node]: pos_ned=[ 99.61864471 150.51907349  38.04157639]  yaw=2.198  armed=True  vtol=3  batt=15.30V/50%
[telemetry_node-1] [INFO] [1785298038.371269157] [telemetry_node]: pos_ned=[ 99.55477905 150.66418457  35.04580307]  yaw=2.201  armed=True  vtol=3  batt=15.30V/50%
[telemetry_node-1] [INFO] [1785298040.371053987] [telemetry_node]: pos_ned=[ 99.64481354 150.51235962  32.04684067]  yaw=2.203  armed=True  vtol=3  batt=15.30V/50%
[telemetry_node-1] [INFO] [1785298042.371088686] [telemetry_node]: pos_ned=[ 99.6057663  150.58105469  29.07384491]  yaw=2.206  armed=True  vtol=3  batt=15.30V/50%
[telemetry_node-1] [INFO] [1785298044.371899830] [telemetry_node]: pos_ned=[ 99.57940674 150.6262207   26.07702255]  yaw=2.208  armed=True  vtol=3  batt=15.30V/50%
[telemetry_node-1] [INFO] [1785298046.371112055] [telemetry_node]: pos_ned=[ 99.64884949 150.48284912  23.07220078]  yaw=2.210  armed=True  vtol=3  batt=15.30V/50%
[telemetry_node-1] [INFO] [1785298048.371135445] [telemetry_node]: pos_ned=[ 99.56264496 150.63232422  20.05335426]  yaw=2.213  armed=True  vtol=3  batt=15.30V/50%
[telemetry_node-1] [INFO] [1785298050.371410276] [telemetry_node]: pos_ned=[ 99.61753082 150.55444336  17.04800415]  yaw=2.214  armed=True  vtol=3  batt=15.30V/50%
[telemetry_node-1] [INFO] [1785298052.371334111] [telemetry_node]: pos_ned=[ 99.60665131 150.55107117  14.08489704]  yaw=2.217  armed=True  vtol=3  batt=15.30V/50%
[telemetry_node-1] [INFO] [1785298054.371481531] [telemetry_node]: pos_ned=[ 99.54256439 150.64190674  11.06442642]  yaw=2.219  armed=True  vtol=3  batt=15.30V/50%
[telemetry_node-1] [INFO] [1785298056.371249110] [telemetry_node]: pos_ned=[ 99.6390686  150.51063538   8.2386322 ]  yaw=2.219  armed=True  vtol=3  batt=15.30V/50%
[telemetry_node-1] [INFO] [1785298058.371335195] [telemetry_node]: pos_ned=[ 99.65181732 150.54942322   6.12530994]  yaw=2.221  armed=True  vtol=3  batt=15.30V/50%
[telemetry_node-1] [INFO] [1785298060.371295882] [telemetry_node]: pos_ned=[ 99.5381012  150.65400696   4.56466532]  yaw=2.222  armed=True  vtol=3  batt=15.30V/50%
[telemetry_node-1] [INFO] [1785298062.642232462] [telemetry_node]: pos_ned=[ 99.59008789 150.5730896    4.00301218]  yaw=2.222  armed=True  vtol=3  batt=15.30V/50%
[telemetry_node-1] [INFO] [1785298064.371180276] [telemetry_node]: pos_ned=[ 99.63198853 150.5226593    2.808254  ]  yaw=2.222  armed=True  vtol=3  batt=15.30V/50%
[telemetry_node-1] [INFO] [1785298066.371335723] [telemetry_node]: pos_ned=[ 99.59443665 150.58653259   1.41717196]  yaw=2.224  armed=True  vtol=3  batt=15.30V/50%
[telemetry_node-1] [INFO] [1785298068.371216113] [telemetry_node]: pos_ned=[9.95818558e+01 1.50572144e+02 4.45750654e-02]  yaw=2.224  armed=True  vtol=3  batt=15.30V/50%
[telemetry_node-1] [INFO] [1785298070.371046462] [telemetry_node]: pos_ned=[9.95765610e+01 1.50558334e+02 7.60548860e-02]  yaw=2.226  armed=True  vtol=3  batt=15.30V/50%
[telemetry_node-1] [INFO] [1785298072.371414749] [telemetry_node]: pos_ned=[9.95726318e+01 1.50570435e+02 4.31537330e-02]  yaw=2.151  armed=True  vtol=3  batt=16.20V/50%
[offboard_node-2] [INFO] [1785298072.483905633] [offboard_node]: 착륙 완료 (disarmed) -> DONE
[telemetry_node-1] [INFO] [1785298074.371308404] [telemetry_node]: pos_ned=[ 9.95930862e+01  1.50541367e+02 -1.13099292e-02]  yaw=2.155  armed=False  vtol=3  batt=16.20V/93%
[telemetry_node-1] [INFO] [1785298076.371090828] [telemetry_node]: pos_ned=[ 9.95918198e+01  1.50551926e+02 -1.44695193e-02]  yaw=2.157  armed=False  vtol=3  batt=16.20V/99%
[telemetry_node-1] [INFO] [1785298078.371260791] [telemetry_node]: pos_ned=[ 9.96070099e+01  1.50537262e+02 -1.52822733e-02]  yaw=2.158  armed=False  vtol=3  batt=16.20V/100%
[WARNING] [launch]: user interrupted with ctrl-c (SIGINT)
[INFO] [offboard_node-2]: sending signal 'SIGINT' to process[offboard_node-2]
[INFO] [telemetry_node-1]: sending signal 'SIGINT' to process[telemetry_node-1]
[offboard_node-2] Traceback (most recent call last):
[offboard_node-2]   File "/root/ws_f5/install/fc_ros/lib/python3.10/site-packages/fc_ros/nodes/offboard_node.py", line 2320, in main
[telemetry_node-1] Traceback (most recent call last):
[telemetry_node-1]   File "/root/ws_f5/install/fc_ros/lib/python3.10/site-packages/fc_ros/nodes/telemetry_node.py", line 109, in main
[telemetry_node-1]     rclpy.spin(node)
[telemetry_node-1]   File "/opt/ros/humble/local/lib/python3.10/dist-packages/rclpy/__init__.py", line 229, in spin
[telemetry_node-1]     executor.spin_once()
[telemetry_node-1]   File "/opt/ros/humble/local/lib/python3.10/dist-packages/rclpy/executors.py", line 808, in spin_once
[telemetry_node-1]     self._spin_once_impl(timeout_sec)
[telemetry_node-1]   File "/opt/ros/humble/local/lib/python3.10/dist-packages/rclpy/executors.py", line 797, in _spin_once_impl
[offboard_node-2]     rclpy.spin(node)
[offboard_node-2]   File "/opt/ros/humble/local/lib/python3.10/dist-packages/rclpy/__init__.py", line 229, in spin
[offboard_node-2]     executor.spin_once()
[offboard_node-2]   File "/opt/ros/humble/local/lib/python3.10/dist-packages/rclpy/executors.py", line 808, in spin_once
[telemetry_node-1]     handler, entity, node = self.wait_for_ready_callbacks(timeout_sec=timeout_sec)
[telemetry_node-1]   File "/opt/ros/humble/local/lib/python3.10/dist-packages/rclpy/executors.py", line 780, in wait_for_ready_callbacks
[telemetry_node-1]     return next(self._cb_iter)
[telemetry_node-1]   File "/opt/ros/humble/local/lib/python3.10/dist-packages/rclpy/executors.py", line 677, in _wait_for_ready_callbacks
[telemetry_node-1]     wait_set.wait(timeout_nsec)
[telemetry_node-1] KeyboardInterrupt
[telemetry_node-1] 
[telemetry_node-1] During handling of the above exception, another exception occurred:
[telemetry_node-1] 
[telemetry_node-1] Traceback (most recent call last):
[telemetry_node-1]   File "/root/ws_f5/install/fc_ros/lib/fc_ros/telemetry_node", line 33, in <module>
[telemetry_node-1]     sys.exit(load_entry_point('fc-ros==0.1.0', 'console_scripts', 'telemetry_node')())
[telemetry_node-1]   File "/root/ws_f5/install/fc_ros/lib/python3.10/site-packages/fc_ros/nodes/telemetry_node.py", line 111, in main
[telemetry_node-1]     node.destroy_node()
[telemetry_node-1]   File "/opt/ros/humble/local/lib/python3.10/dist-packages/rclpy/node.py", line 1691, in destroy_node
[offboard_node-2]     self._spin_once_impl(timeout_sec)
[offboard_node-2]   File "/opt/ros/humble/local/lib/python3.10/dist-packages/rclpy/executors.py", line 797, in _spin_once_impl
[offboard_node-2]     handler, entity, node = self.wait_for_ready_callbacks(timeout_sec=timeout_sec)
[offboard_node-2]   File "/opt/ros/humble/local/lib/python3.10/dist-packages/rclpy/executors.py", line 780, in wait_for_ready_callbacks
[offboard_node-2]     return next(self._cb_iter)
[offboard_node-2]   File "/opt/ros/humble/local/lib/python3.10/dist-packages/rclpy/executors.py", line 677, in _wait_for_ready_callbacks
[telemetry_node-1]     self.destroy_service(self._services[0])
[telemetry_node-1]   File "/opt/ros/humble/local/lib/python3.10/dist-packages/rclpy/node.py", line 1615, in destroy_service
[offboard_node-2]     wait_set.wait(timeout_nsec)
[offboard_node-2] KeyboardInterrupt
[offboard_node-2] 
[offboard_node-2] During handling of the above exception, another exception occurred:
[offboard_node-2] 
[offboard_node-2] Traceback (most recent call last):
[offboard_node-2]   File "/root/ws_f5/install/fc_ros/lib/fc_ros/offboard_node", line 33, in <module>
[offboard_node-2]     sys.exit(load_entry_point('fc-ros==0.1.0', 'console_scripts', 'offboard_node')())
[offboard_node-2]   File "/root/ws_f5/install/fc_ros/lib/python3.10/site-packages/fc_ros/nodes/offboard_node.py", line 2322, in main
[telemetry_node-1]     service.destroy()
[telemetry_node-1]   File "/opt/ros/humble/local/lib/python3.10/dist-packages/rclpy/service.py", line 93, in destroy
[telemetry_node-1]     self.__service.destroy_when_not_in_use()
[telemetry_node-1] KeyboardInterrupt
[offboard_node-2]     node.destroy_node()
[offboard_node-2]   File "/opt/ros/humble/local/lib/python3.10/dist-packages/rclpy/node.py", line 1687, in destroy_node
[offboard_node-2]     self.destroy_subscription(self._subscriptions[0])
[offboard_node-2]   File "/opt/ros/humble/local/lib/python3.10/dist-packages/rclpy/node.py", line 1583, in destroy_subscription
[offboard_node-2]     subscription.destroy()
[offboard_node-2]   File "/opt/ros/humble/local/lib/python3.10/dist-packages/rclpy/subscription.py", line 80, in destroy
[offboard_node-2]     self.handle.destroy_when_not_in_use()
[offboard_node-2] KeyboardInterrupt
[ERROR] [telemetry_node-1]: process has died [pid 26288, exit code -2, cmd '/root/ws_f5/install/fc_ros/lib/fc_ros/telemetry_node --ros-args -r __node:=telemetry_node'].
[ERROR] [offboard_node-2]: process has died [pid 26290, exit code -2, cmd '/root/ws_f5/install/fc_ros/lib/fc_ros/offboard_node --ros-args -r __node:=offboard_node --params-file /root/ws_f5/install/fc_ros/share/fc_ros/params/fc_ros_params.yaml --params-file /tmp/launch_params_t4xey3hp'].
