[INFO] [launch]: All log files can be found below /root/.ros/log/2026-07-27-21-48-48-615422-DESKTOP-Kilogram-1098
[INFO] [launch]: Default logging verbosity is set to INFO
[INFO] [telemetry_node-1]: process started with pid [1126]
[INFO] [offboard_node-2]: process started with pid [1128]
[offboard_node-2] [WARN] [1785156529.756992908] [offboard_node]: /mavros/cmd/arming 서비스 없음
[offboard_node-2] [WARN] [1785156529.783661196] [offboard_node]: /mavros/cmd/arming 서비스 없음
[offboard_node-2] [WARN] [1785156529.882833354] [offboard_node]: /mavros/cmd/arming 서비스 없음
[offboard_node-2] [WARN] [1785156529.982664471] [offboard_node]: /mavros/cmd/arming 서비스 없음
[offboard_node-2] [WARN] [1785156530.082694907] [offboard_node]: /mavros/cmd/arming 서비스 없음
[offboard_node-2] [WARN] [1785156530.182631881] [offboard_node]: /mavros/cmd/arming 서비스 없음
[offboard_node-2] [WARN] [1785156530.283149120] [offboard_node]: /mavros/cmd/arming 서비스 없음
[offboard_node-2] [WARN] [1785156530.382424841] [offboard_node]: /mavros/cmd/arming 서비스 없음
[offboard_node-2] [WARN] [1785156530.482920283] [offboard_node]: /mavros/cmd/arming 서비스 없음
[offboard_node-2] [INFO] [1785156530.582813439] [offboard_node]: ARM 요청
[telemetry_node-1] [INFO] [1785156531.562299976] [telemetry_node]: pos_ned=[0.00292851 0.00858964 0.06524229]  yaw=1.681  armed=False  vtol=3  batt=0.00V/100%
[offboard_node-2] [INFO] [1785156532.482539499] [offboard_node]: 거리 상한 감시 활성 1500m (이륙지점 기준 수평, 경로 최원점 300m)
[offboard_node-2] [INFO] [1785156532.485678961] [offboard_node]: CommandTOL 이륙 요청 alt=50.2m AMSL (지면 0.2+50.0) -> CLIMBING
[telemetry_node-1] [INFO] [1785156536.378783699] [telemetry_node]: pos_ned=[0.01798463 0.00531575 0.07638866]  yaw=1.679  armed=True  vtol=3  batt=16.17V/99%
[telemetry_node-1] [INFO] [1785156537.528215453] [telemetry_node]: pos_ned=[0.00749981 0.00554989 0.07938933]  yaw=1.679  armed=True  vtol=3  batt=16.17V/99%
[telemetry_node-1] [INFO] [1785156539.528943154] [telemetry_node]: pos_ned=[0.01889487 0.00317607 0.2049351 ]  yaw=1.676  armed=True  vtol=3  batt=16.11V/97%
[telemetry_node-1] [INFO] [1785156541.528518907] [telemetry_node]: pos_ned=[0.01366033 0.01273873 2.26478004]  yaw=1.662  armed=True  vtol=3  batt=16.05V/93%
[telemetry_node-1] [INFO] [1785156543.528712017] [telemetry_node]: pos_ned=[ 1.57112386e-02 -2.31963000e-03  4.91844130e+00]  yaw=1.660  armed=True  vtol=3  batt=15.99V/90%
[telemetry_node-1] [INFO] [1785156545.528145929] [telemetry_node]: pos_ned=[0.04260442 0.01087481 7.73398495]  yaw=1.663  armed=True  vtol=3  batt=15.93V/87%
[telemetry_node-1] [INFO] [1785156547.528146040] [telemetry_node]: pos_ned=[3.16988416e-02 7.96650164e-03 1.06648865e+01]  yaw=1.661  armed=True  vtol=3  batt=15.87V/83%
[telemetry_node-1] [INFO] [1785156549.528313316] [telemetry_node]: pos_ned=[ 3.50269512e-03 -1.31149311e-02  1.60519218e+01]  yaw=1.662  armed=True  vtol=3  batt=15.81V/80%
[telemetry_node-1] [INFO] [1785156551.528777620] [telemetry_node]: pos_ned=[ 1.42972488e-02 -2.25069821e-02  2.18310070e+01]  yaw=1.662  armed=True  vtol=3  batt=15.75V/77%
[telemetry_node-1] [INFO] [1785156553.528292813] [telemetry_node]: pos_ned=[ 1.06965508e-02 -2.54158955e-02  2.75589161e+01]  yaw=1.665  armed=True  vtol=3  batt=15.69V/73%
[telemetry_node-1] [INFO] [1785156555.528298200] [telemetry_node]: pos_ned=[4.63585928e-02 2.53627048e-04 3.33112564e+01]  yaw=1.665  armed=True  vtol=3  batt=15.63V/70%
[telemetry_node-1] [INFO] [1785156557.528500271] [telemetry_node]: pos_ned=[4.02266048e-02 1.58685688e-02 3.89922371e+01]  yaw=1.666  armed=True  vtol=3  batt=15.57V/67%
[telemetry_node-1] [INFO] [1785156559.528706539] [telemetry_node]: pos_ned=[3.79126742e-02 9.50107630e-03 4.46469727e+01]  yaw=1.664  armed=True  vtol=3  batt=15.51V/63%
[telemetry_node-1] [INFO] [1785156561.529401489] [telemetry_node]: pos_ned=[3.31027508e-02 2.97111291e-02 4.78848381e+01]  yaw=1.666  armed=True  vtol=3  batt=15.45V/60%
[telemetry_node-1] [INFO] [1785156563.528323735] [telemetry_node]: pos_ned=[2.14817207e-02 1.86865330e-02 4.92480583e+01]  yaw=1.669  armed=True  vtol=3  batt=15.39V/57%
[offboard_node-2] [INFO] [1785156564.582103430] [offboard_node]: 운용 고도 50.0m 도달 → transition_fw
[telemetry_node-1] [INFO] [1785156565.528373246] [telemetry_node]: pos_ned=[1.50179770e-02 4.99151088e-02 4.97680702e+01]  yaw=1.674  armed=True  vtol=3  batt=15.33V/53%
[offboard_node-2] [INFO] [1785156566.582223042] [offboard_node]: 천이 전 MC OFFBOARD 요청 (헤딩 정렬 대기)
[offboard_node-2] [WARN] [1785156566.682560538] [offboard_node]: 정렬 구간 OFFBOARD 이탈 → 재요청 (mode=AUTO.LOITER)
[telemetry_node-1] [INFO] [1785156567.528304734] [telemetry_node]: pos_ned=[1.77095290e-02 5.27568310e-02 4.98945732e+01]  yaw=1.612  armed=True  vtol=3  batt=15.30V/51%
[telemetry_node-1] [INFO] [1785156572.024268319] [telemetry_node]: pos_ned=[3.37430462e-02 7.24184439e-02 4.98535080e+01]  yaw=1.092  armed=True  vtol=3  batt=15.30V/50%
[telemetry_node-1] [INFO] [1785156573.528094986] [telemetry_node]: pos_ned=[1.32095981e-02 7.78479874e-02 4.98057404e+01]  yaw=0.618  armed=True  vtol=3  batt=15.30V/50%
[offboard_node-2] [WARN] [1785156575.482714731] [offboard_node]: 정렬 구간 OFFBOARD 이탈 → 재요청 (mode=AUTO.LOITER)
[telemetry_node-1] [INFO] [1785156575.528132723] [telemetry_node]: pos_ned=[-0.11641754  0.12183804 49.71752548]  yaw=0.332  armed=True  vtol=3  batt=15.30V/50%
[telemetry_node-1] [INFO] [1785156577.528443474] [telemetry_node]: pos_ned=[-0.15212367  0.21243529 49.59306717]  yaw=0.287  armed=True  vtol=3  batt=15.30V/50%
[telemetry_node-1] [INFO] [1785156579.529462907] [telemetry_node]: pos_ned=[-0.17610191  0.24987386 49.52474976]  yaw=0.156  armed=True  vtol=3  batt=15.30V/50%
[telemetry_node-1] [INFO] [1785156581.529638066] [telemetry_node]: pos_ned=[-0.24711511  0.24818647 49.44593048]  yaw=0.078  armed=True  vtol=3  batt=15.30V/50%
[telemetry_node-1] [INFO] [1785156583.528453084] [telemetry_node]: pos_ned=[-0.27085769  0.22489171 49.37220764]  yaw=0.045  armed=True  vtol=3  batt=15.30V/50%
[offboard_node-2] [INFO] [1785156585.082087871] [offboard_node]: 헤딩 정렬 완료 target=0.0° current=2.5° err=-2.5° (20틱 안정) → 전진 + 천이 명령
[offboard_node-2] [INFO] [1785156585.083048803] [offboard_node]: MC→FW 천이 명령 요청 (위치 setpoint 직선 천이)
[telemetry_node-1] [INFO] [1785156585.528809995] [telemetry_node]: pos_ned=[-0.29485491  0.18869001 49.38970947]  yaw=0.043  armed=True  vtol=1  batt=15.30V/50%
[telemetry_node-1] [INFO] [1785156587.528195935] [telemetry_node]: pos_ned=[ 6.92601633 -0.20589265 49.65238571]  yaw=-0.042  armed=True  vtol=1  batt=15.30V/50%
[offboard_node-2] [INFO] [1785156587.781819428] [offboard_node]: FW 전환 완료 -> STREAMING
[offboard_node-2] [INFO] [1785156587.887376238] [offboard_node]: OFFBOARD 확인 → FOLLOWING
[offboard_node-2] [INFO] [1785156587.992748816] [offboard_node]: FOLLOWING 시작 pos=[13.2,-0.4] tgt=[83.2,0.0] cte=-0.4m mode=OFFBOARD
[telemetry_node-1] [INFO] [1785156589.528993242] [telemetry_node]: pos_ned=[40.37969971 -0.74284804 51.1358757 ]  yaw=0.017  armed=True  vtol=4  batt=15.30V/50%
[offboard_node-2] [INFO] [1785156589.904407698] [offboard_node]: FOLLOWING tick=20 mode=OFFBOARD cte=-0.7m pos=[45.4,-0.7] tgt=[115.4,0.0]
[telemetry_node-1] [INFO] [1785156591.528390332] [telemetry_node]: pos_ned=[66.33622742 -0.62909079 50.17741394]  yaw=0.026  armed=True  vtol=4  batt=15.30V/50%
[offboard_node-2] [INFO] [1785156591.902044157] [offboard_node]: FOLLOWING tick=40 mode=OFFBOARD cte=-0.5m pos=[75.7,-0.5] tgt=[145.7,0.0]
[telemetry_node-1] [INFO] [1785156593.528111913] [telemetry_node]: pos_ned=[102.03862     -0.26146606  48.50022507]  yaw=0.012  armed=True  vtol=4  batt=15.30V/50%
[offboard_node-2] [INFO] [1785156593.899646003] [offboard_node]: FOLLOWING tick=60 mode=OFFBOARD cte=-0.2m pos=[107.0,-0.2] tgt=[177.0,0.0]
[telemetry_node-1] [INFO] [1785156595.528139295] [telemetry_node]: pos_ned=[ 1.31980331e+02 -5.96496835e-02  4.86655579e+01]  yaw=0.001  armed=True  vtol=4  batt=15.30V/50%
[offboard_node-2] [INFO] [1785156595.896484171] [offboard_node]: FOLLOWING tick=80 mode=OFFBOARD cte=-0.0m pos=[137.0,-0.0] tgt=[207.0,0.0]
[telemetry_node-1] [INFO] [1785156597.528502610] [telemetry_node]: pos_ned=[ 1.61351227e+02 -2.92589013e-02  4.88035278e+01]  yaw=-0.003  armed=True  vtol=4  batt=15.30V/50%
[offboard_node-2] [INFO] [1785156597.896291878] [offboard_node]: FOLLOWING tick=100 mode=OFFBOARD cte=-0.0m pos=[166.2,-0.0] tgt=[236.2,0.0]
[telemetry_node-1] [INFO] [1785156599.528307997] [telemetry_node]: pos_ned=[ 1.89949844e+02 -5.97556494e-02  4.90058136e+01]  yaw=0.001  armed=True  vtol=4  batt=15.30V/50%
[offboard_node-2] [INFO] [1785156599.891992660] [offboard_node]: FOLLOWING tick=120 mode=OFFBOARD cte=-0.1m pos=[194.6,-0.1] tgt=[264.6,0.0]
[telemetry_node-1] [INFO] [1785156601.528222884] [telemetry_node]: pos_ned=[ 2.17353439e+02 -9.29252431e-02  4.91288376e+01]  yaw=0.006  armed=True  vtol=4  batt=15.30V/50%
[offboard_node-2] [INFO] [1785156601.895929858] [offboard_node]: FOLLOWING tick=140 mode=OFFBOARD cte=-0.1m pos=[222.5,-0.1] tgt=[292.5,0.0]
[telemetry_node-1] [INFO] [1785156603.528445494] [telemetry_node]: pos_ned=[ 2.44979507e+02 -1.16348475e-01  4.92233467e+01]  yaw=0.009  armed=True  vtol=4  batt=15.30V/50%
[offboard_node-2] [INFO] [1785156603.902836332] [offboard_node]: FOLLOWING tick=160 mode=OFFBOARD cte=-0.1m pos=[250.0,-0.1] tgt=[300.0,0.0]
[telemetry_node-1] [INFO] [1785156607.677900754] [telemetry_node]: pos_ned=[ 2.55083313e+02 -1.50551751e-01  4.92566795e+01]  yaw=0.010  armed=True  vtol=4  batt=15.30V/50%
[offboard_node-2] [INFO] [1785156609.201550468] [offboard_node]: FOLLOWING tick=180 mode=OFFBOARD cte=-0.2m pos=[276.0,-0.2] tgt=[300.0,0.0]
[telemetry_node-1] [INFO] [1785156609.528521046] [telemetry_node]: pos_ned=[ 2.80571991e+02 -2.18675405e-01  4.93152351e+01]  yaw=0.012  armed=True  vtol=4  batt=15.30V/50%
[offboard_node-2] [INFO] [1785156610.300035829] [offboard_node]: 경로 추종 완료 -> transition_mc
[offboard_node-2] [INFO] [1785156610.383843343] [offboard_node]: FW->MC 역천이 명령 요청
[telemetry_node-1] [INFO] [1785156611.529600968] [telemetry_node]: pos_ned=[ 3.07115356e+02 -5.74682802e-02  4.90780869e+01]  yaw=0.019  armed=True  vtol=2  batt=15.30V/50%
[telemetry_node-1] [INFO] [1785156613.528938049] [telemetry_node]: pos_ned=[ 3.27576263e+02 -3.26392183e-04  4.97937927e+01]  yaw=0.008  armed=True  vtol=2  batt=15.30V/50%
[telemetry_node-1] [INFO] [1785156615.528147382] [telemetry_node]: pos_ned=[3.40879395e+02 1.56922489e-01 4.99488144e+01]  yaw=0.013  armed=True  vtol=2  batt=15.30V/50%
[offboard_node-2] [INFO] [1785156615.882481253] [offboard_node]: MC 전환 완료 -> HOLD (WP1 복귀)
[telemetry_node-1] [INFO] [1785156617.528081614] [telemetry_node]: pos_ned=[3.44361176e+02 3.21898371e-01 4.97499847e+01]  yaw=-0.006  armed=True  vtol=3  batt=15.30V/50%
[offboard_node-2] [INFO] [1785156617.882360314] [offboard_node]: WP1 홀드 dist=41.8m speed=8.4m/s stable=0/10
[telemetry_node-1] [INFO] [1785156619.529365937] [telemetry_node]: pos_ned=[328.91958618   0.3608855   49.73674393]  yaw=0.008  armed=True  vtol=3  batt=15.30V/50%
[offboard_node-2] [INFO] [1785156619.883477856] [offboard_node]: WP1 홀드 dist=26.5m speed=7.9m/s stable=0/10
[telemetry_node-1] [INFO] [1785156621.529305138] [telemetry_node]: pos_ned=[3.13430603e+02 9.76716205e-02 4.97680092e+01]  yaw=0.009  armed=True  vtol=3  batt=15.30V/50%
[offboard_node-2] [INFO] [1785156621.882686632] [offboard_node]: WP1 홀드 dist=10.8m speed=8.0m/s stable=0/10
[telemetry_node-1] [INFO] [1785156623.528604390] [telemetry_node]: pos_ned=[ 3.01708832e+02 -3.15832570e-02  5.01495819e+01]  yaw=0.001  armed=True  vtol=3  batt=15.30V/50%
[offboard_node-2] [INFO] [1785156623.882536956] [offboard_node]: WP1 홀드 dist=1.2m speed=1.0m/s stable=1/10
[offboard_node-2] [INFO] [1785156624.682308587] [offboard_node]: WP1 도달·안정 → LANDING (dist=0.8m speed=0.1m/s)
[offboard_node-2] [INFO] [1785156624.784176093] [offboard_node]: AUTO.LAND 요청
[telemetry_node-1] [INFO] [1785156625.528367405] [telemetry_node]: pos_ned=[ 3.00880951e+02 -1.49882017e-02  4.94447289e+01]  yaw=-0.004  armed=True  vtol=3  batt=15.30V/50%
[telemetry_node-1] [INFO] [1785156627.528657730] [telemetry_node]: pos_ned=[ 3.00740784e+02 -3.10015911e-03  4.65952415e+01]  yaw=-0.002  armed=True  vtol=3  batt=15.30V/50%
[telemetry_node-1] [INFO] [1785156629.529132788] [telemetry_node]: pos_ned=[ 3.00789001e+02 -7.51428027e-03  4.36651192e+01]  yaw=-0.003  armed=True  vtol=3  batt=15.30V/50%
[telemetry_node-1] [INFO] [1785156631.528987840] [telemetry_node]: pos_ned=[ 3.00954224e+02 -1.57890469e-02  4.07833252e+01]  yaw=-0.002  armed=True  vtol=3  batt=15.30V/50%
[telemetry_node-1] [INFO] [1785156633.528377223] [telemetry_node]: pos_ned=[ 3.00817535e+02 -2.29669828e-02  3.78051910e+01]  yaw=-0.003  armed=True  vtol=3  batt=15.30V/50%
[telemetry_node-1] [INFO] [1785156635.528519578] [telemetry_node]: pos_ned=[ 3.00939545e+02 -8.37517157e-03  3.48266830e+01]  yaw=-0.005  armed=True  vtol=3  batt=15.30V/50%
[telemetry_node-1] [INFO] [1785156637.528221546] [telemetry_node]: pos_ned=[ 3.00789001e+02 -4.15742444e-03  3.18579178e+01]  yaw=-0.005  armed=True  vtol=3  batt=15.30V/50%
[telemetry_node-1] [INFO] [1785156639.528231316] [telemetry_node]: pos_ned=[ 3.00835022e+02 -1.00285830e-02  2.88809452e+01]  yaw=-0.007  armed=True  vtol=3  batt=15.30V/50%
[telemetry_node-1] [INFO] [1785156643.604669970] [telemetry_node]: pos_ned=[ 3.00918915e+02 -8.48323200e-03  2.79325294e+01]  yaw=-0.008  armed=True  vtol=3  batt=15.30V/50%
[telemetry_node-1] [INFO] [1785156645.528468294] [telemetry_node]: pos_ned=[ 3.00800629e+02 -2.06622686e-02  2.51173038e+01]  yaw=-0.008  armed=True  vtol=3  batt=15.30V/50%
[telemetry_node-1] [INFO] [1785156647.528770181] [telemetry_node]: pos_ned=[ 3.00888794e+02 -1.77318528e-02  2.21422176e+01]  yaw=-0.010  armed=True  vtol=3  batt=15.30V/50%
[telemetry_node-1] [INFO] [1785156649.528398478] [telemetry_node]: pos_ned=[ 3.00881805e+02 -1.92164816e-02  1.91088486e+01]  yaw=-0.010  armed=True  vtol=3  batt=15.30V/50%
[telemetry_node-1] [INFO] [1785156651.528125842] [telemetry_node]: pos_ned=[ 3.00851532e+02 -2.80756932e-02  1.61335144e+01]  yaw=-0.011  armed=True  vtol=3  batt=15.30V/50%
[telemetry_node-1] [INFO] [1785156653.528576152] [telemetry_node]: pos_ned=[3.00913422e+02 1.71953303e-04 1.31214876e+01]  yaw=-0.012  armed=True  vtol=3  batt=15.30V/50%
[telemetry_node-1] [INFO] [1785156655.528204629] [telemetry_node]: pos_ned=[ 3.00772766e+02 -5.27006853e-03  1.01230278e+01]  yaw=-0.012  armed=True  vtol=3  batt=15.30V/50%
[telemetry_node-1] [INFO] [1785156657.528501526] [telemetry_node]: pos_ned=[ 3.00893402e+02 -5.96340280e-03  7.57428980e+00]  yaw=-0.013  armed=True  vtol=3  batt=15.30V/50%
[telemetry_node-1] [INFO] [1785156659.528602010] [telemetry_node]: pos_ned=[ 3.00834442e+02 -1.38418907e-02  5.73154497e+00]  yaw=-0.011  armed=True  vtol=3  batt=15.30V/50%
[telemetry_node-1] [INFO] [1785156661.529143572] [telemetry_node]: pos_ned=[3.00837158e+02 1.55529147e-02 4.32336330e+00]  yaw=-0.012  armed=True  vtol=3  batt=15.30V/50%
[telemetry_node-1] [INFO] [1785156663.528576266] [telemetry_node]: pos_ned=[ 3.00877686e+02 -1.35945091e-02  2.93441153e+00]  yaw=-0.011  armed=True  vtol=3  batt=15.30V/50%
[telemetry_node-1] [INFO] [1785156665.528854771] [telemetry_node]: pos_ned=[ 3.00807404e+02 -2.31468379e-02  1.56328118e+00]  yaw=-0.010  armed=True  vtol=3  batt=15.30V/50%
[telemetry_node-1] [INFO] [1785156667.528441957] [telemetry_node]: pos_ned=[ 3.00863373e+02 -1.90399773e-02  1.74406350e-01]  yaw=-0.009  armed=True  vtol=3  batt=15.30V/50%
[telemetry_node-1] [INFO] [1785156669.528641879] [telemetry_node]: pos_ned=[ 3.00845673e+02 -1.40538970e-02 -7.01742545e-02]  yaw=-0.011  armed=True  vtol=3  batt=15.30V/50%
[telemetry_node-1] [INFO] [1785156671.528724132] [telemetry_node]: pos_ned=[ 3.00824554e+02 -2.63480470e-02 -3.66064832e-02]  yaw=-0.011  armed=True  vtol=3  batt=15.30V/50%
[offboard_node-2] [INFO] [1785156671.782001915] [offboard_node]: 착륙 완료 (disarmed) -> DONE
[telemetry_node-1] [INFO] [1785156673.528928135] [telemetry_node]: pos_ned=[ 3.00845551e+02 -2.65691467e-02 -2.05028132e-02]  yaw=-0.012  armed=False  vtol=3  batt=16.20V/91%
[telemetry_node-1] [INFO] [1785156675.528839552] [telemetry_node]: pos_ned=[ 3.00851868e+02 -1.59150511e-02 -1.26662105e-03]  yaw=-0.012  armed=False  vtol=3  batt=16.20V/99%
[telemetry_node-1] [INFO] [1785156679.557413739] [telemetry_node]: pos_ned=[ 3.00849274e+02 -1.73406862e-02  2.07332522e-03]  yaw=-0.013  armed=False  vtol=3  batt=16.20V/99%
[WARNING] [launch]: user interrupted with ctrl-c (SIGINT)
[INFO] [offboard_node-2]: sending signal 'SIGINT' to process[offboard_node-2]
[INFO] [telemetry_node-1]: sending signal 'SIGINT' to process[telemetry_node-1]
[offboard_node-2] Traceback (most recent call last):
[offboard_node-2]   File "/root/drone_ws/install/fc_ros/lib/python3.10/site-packages/fc_ros/nodes/offboard_node.py", line 1412, in main
[telemetry_node-1] Traceback (most recent call last):
[telemetry_node-1]   File "/root/drone_ws/install/fc_ros/lib/python3.10/site-packages/fc_ros/nodes/telemetry_node.py", line 109, in main
[telemetry_node-1]     rclpy.spin(node)
[telemetry_node-1]   File "/opt/ros/humble/local/lib/python3.10/dist-packages/rclpy/__init__.py", line 229, in spin
[offboard_node-2]     rclpy.spin(node)
[offboard_node-2]   File "/opt/ros/humble/local/lib/python3.10/dist-packages/rclpy/__init__.py", line 229, in spin
[offboard_node-2]     executor.spin_once()
[telemetry_node-1]     executor.spin_once()
[telemetry_node-1]   File "/opt/ros/humble/local/lib/python3.10/dist-packages/rclpy/executors.py", line 808, in spin_once
[offboard_node-2]   File "/opt/ros/humble/local/lib/python3.10/dist-packages/rclpy/executors.py", line 808, in spin_once
[offboard_node-2]     self._spin_once_impl(timeout_sec)
[offboard_node-2]   File "/opt/ros/humble/local/lib/python3.10/dist-packages/rclpy/executors.py", line 797, in _spin_once_impl
[offboard_node-2]     handler, entity, node = self.wait_for_ready_callbacks(timeout_sec=timeout_sec)
[offboard_node-2]   File "/opt/ros/humble/local/lib/python3.10/dist-packages/rclpy/executors.py", line 780, in wait_for_ready_callbacks
[offboard_node-2]     return next(self._cb_iter)
[offboard_node-2]   File "/opt/ros/humble/local/lib/python3.10/dist-packages/rclpy/executors.py", line 677, in _wait_for_ready_callbacks
[telemetry_node-1]     self._spin_once_impl(timeout_sec)
[telemetry_node-1]   File "/opt/ros/humble/local/lib/python3.10/dist-packages/rclpy/executors.py", line 797, in _spin_once_impl
[offboard_node-2]     wait_set.wait(timeout_nsec)
[offboard_node-2] KeyboardInterrupt
[offboard_node-2] 
[offboard_node-2] During handling of the above exception, another exception occurred:
[offboard_node-2] 
[offboard_node-2] Traceback (most recent call last):
[offboard_node-2]   File "/root/drone_ws/install/fc_ros/lib/fc_ros/offboard_node", line 33, in <module>
[telemetry_node-1]     handler, entity, node = self.wait_for_ready_callbacks(timeout_sec=timeout_sec)
[telemetry_node-1]   File "/opt/ros/humble/local/lib/python3.10/dist-packages/rclpy/executors.py", line 780, in wait_for_ready_callbacks
[offboard_node-2]     sys.exit(load_entry_point('fc-ros==0.1.0', 'console_scripts', 'offboard_node')())
[offboard_node-2]   File "/root/drone_ws/install/fc_ros/lib/python3.10/site-packages/fc_ros/nodes/offboard_node.py", line 1414, in main
[telemetry_node-1]     return next(self._cb_iter)
[telemetry_node-1]   File "/opt/ros/humble/local/lib/python3.10/dist-packages/rclpy/executors.py", line 677, in _wait_for_ready_callbacks
[telemetry_node-1]     wait_set.wait(timeout_nsec)
[telemetry_node-1] KeyboardInterrupt
[telemetry_node-1] 
[telemetry_node-1] During handling of the above exception, another exception occurred:
[telemetry_node-1] 
[telemetry_node-1] Traceback (most recent call last):
[telemetry_node-1]   File "/root/drone_ws/install/fc_ros/lib/fc_ros/telemetry_node", line 33, in <module>
[telemetry_node-1]     sys.exit(load_entry_point('fc-ros==0.1.0', 'console_scripts', 'telemetry_node')())
[telemetry_node-1]   File "/root/drone_ws/install/fc_ros/lib/python3.10/site-packages/fc_ros/nodes/telemetry_node.py", line 111, in main
[telemetry_node-1]     node.destroy_node()
[telemetry_node-1]   File "/opt/ros/humble/local/lib/python3.10/dist-packages/rclpy/node.py", line 1691, in destroy_node
[offboard_node-2]     node.destroy_node()
[offboard_node-2]   File "/opt/ros/humble/local/lib/python3.10/dist-packages/rclpy/node.py", line 1687, in destroy_node
[telemetry_node-1]     self.destroy_service(self._services[0])
[telemetry_node-1]   File "/opt/ros/humble/local/lib/python3.10/dist-packages/rclpy/node.py", line 1615, in destroy_service
[telemetry_node-1]     service.destroy()
[telemetry_node-1]   File "/opt/ros/humble/local/lib/python3.10/dist-packages/rclpy/service.py", line 93, in destroy
[telemetry_node-1]     self.__service.destroy_when_not_in_use()
[telemetry_node-1] KeyboardInterrupt
[offboard_node-2]     self.destroy_subscription(self._subscriptions[0])
[offboard_node-2]   File "/opt/ros/humble/local/lib/python3.10/dist-packages/rclpy/node.py", line 1583, in destroy_subscription
[offboard_node-2]     subscription.destroy()
[offboard_node-2]   File "/opt/ros/humble/local/lib/python3.10/dist-packages/rclpy/subscription.py", line 80, in destroy
[offboard_node-2]     self.handle.destroy_when_not_in_use()
[offboard_node-2] KeyboardInterrupt
[ERROR] [telemetry_node-1]: process has died [pid 1126, exit code -2, cmd '/root/drone_ws/install/fc_ros/lib/fc_ros/telemetry_node --ros-args -r __node:=telemetry_node'].
[ERROR] [offboard_node-2]: process has died [pid 1128, exit code -2, cmd '/root/drone_ws/install/fc_ros/lib/fc_ros/offboard_node --ros-args -r __node:=offboard_node --params-file /root/drone_ws/install/fc_ros/share/fc_ros/params/fc_ros_params.yaml --params-file /tmp/launch_params_qibem6sa'].
